Archive member included to satisfy reference by file (symbol)

c:/intelfpga_lite/18.1/nios2eds/bin/gnu/h-x86_64-mingw32/bin/../lib/gcc/nios2-elf/5.3.0\libgcc.a(_floatdisf.o)
                              obj/default/osc.o (__floatdisf)
c:/intelfpga_lite/18.1/nios2eds/bin/gnu/h-x86_64-mingw32/bin/../lib/gcc/nios2-elf/5.3.0\libgcc.a(addsf3.o)
                              obj/default/osc.o (__addsf3)
c:/intelfpga_lite/18.1/nios2eds/bin/gnu/h-x86_64-mingw32/bin/../lib/gcc/nios2-elf/5.3.0\libgcc.a(mulsf3.o)
                              obj/default/osc.o (__mulsf3)
c:/intelfpga_lite/18.1/nios2eds/bin/gnu/h-x86_64-mingw32/bin/../lib/gcc/nios2-elf/5.3.0\libgcc.a(fixsfsi.o)
                              obj/default/osc.o (__fixsfsi)
c:/intelfpga_lite/18.1/nios2eds/bin/gnu/h-x86_64-mingw32/bin/../lib/gcc/nios2-elf/5.3.0\libgcc.a(floatsisf.o)
                              obj/default/osc.o (__floatsisf)
c:/intelfpga_lite/18.1/nios2eds/bin/gnu/h-x86_64-mingw32/bin/../lib/gcc/nios2-elf/5.3.0\libgcc.a(adddf3.o)
                              obj/default/osc.o (__adddf3)
c:/intelfpga_lite/18.1/nios2eds/bin/gnu/h-x86_64-mingw32/bin/../lib/gcc/nios2-elf/5.3.0\libgcc.a(divdf3.o)
                              obj/default/osc.o (__divdf3)
c:/intelfpga_lite/18.1/nios2eds/bin/gnu/h-x86_64-mingw32/bin/../lib/gcc/nios2-elf/5.3.0\libgcc.a(muldf3.o)
                              obj/default/osc.o (__muldf3)
c:/intelfpga_lite/18.1/nios2eds/bin/gnu/h-x86_64-mingw32/bin/../lib/gcc/nios2-elf/5.3.0\libgcc.a(floatsidf.o)
                              c:/intelfpga_lite/18.1/nios2eds/bin/gnu/h-x86_64-mingw32/bin/../lib/gcc/nios2-elf/5.3.0\libgcc.a(_floatdisf.o) (__floatsidf)
c:/intelfpga_lite/18.1/nios2eds/bin/gnu/h-x86_64-mingw32/bin/../lib/gcc/nios2-elf/5.3.0\libgcc.a(floatunsidf.o)
                              c:/intelfpga_lite/18.1/nios2eds/bin/gnu/h-x86_64-mingw32/bin/../lib/gcc/nios2-elf/5.3.0\libgcc.a(_floatdisf.o) (__floatunsidf)
c:/intelfpga_lite/18.1/nios2eds/bin/gnu/h-x86_64-mingw32/bin/../lib/gcc/nios2-elf/5.3.0\libgcc.a(extendsfdf2.o)
                              obj/default/osc.o (__extendsfdf2)
c:/intelfpga_lite/18.1/nios2eds/bin/gnu/h-x86_64-mingw32/bin/../lib/gcc/nios2-elf/5.3.0\libgcc.a(truncdfsf2.o)
                              obj/default/osc.o (__truncdfsf2)
c:/intelfpga_lite/18.1/nios2eds/bin/gnu/h-x86_64-mingw32/bin/../lib/gcc/nios2-elf/5.3.0\libgcc.a(_clzsi2.o)
                              c:/intelfpga_lite/18.1/nios2eds/bin/gnu/h-x86_64-mingw32/bin/../lib/gcc/nios2-elf/5.3.0\libgcc.a(addsf3.o) (__clzsi2)
c:/intelfpga_lite/18.1/nios2eds/bin/gnu/h-x86_64-mingw32/bin/../lib/gcc/nios2-elf/5.3.0\libgcc.a(lib2-divmod.o)
                              c:/intelfpga_lite/18.1/nios2eds/bin/gnu/h-x86_64-mingw32/bin/../lib/gcc/nios2-elf/5.3.0\libgcc.a(divdf3.o) (__udivsi3)
c:/intelfpga_lite/18.1/nios2eds/bin/gnu/h-x86_64-mingw32/bin/../lib/gcc/nios2-elf/5.3.0\libgcc.a(_clz.o)
                              c:/intelfpga_lite/18.1/nios2eds/bin/gnu/h-x86_64-mingw32/bin/../lib/gcc/nios2-elf/5.3.0\libgcc.a(_clzsi2.o) (__clz_tab)
c:/intelfpga_lite/18.1/nios2eds/bin/gnu/h-x86_64-mingw32/bin/../lib/gcc/nios2-elf/5.3.0/../../../../../H-x86_64-mingw32/nios2-elf/lib\libc.a(lib_a-calloc.o)
                              obj/default/osc.o (calloc)
c:/intelfpga_lite/18.1/nios2eds/bin/gnu/h-x86_64-mingw32/bin/../lib/gcc/nios2-elf/5.3.0/../../../../../H-x86_64-mingw32/nios2-elf/lib\libc.a(lib_a-callocr.o)
                              c:/intelfpga_lite/18.1/nios2eds/bin/gnu/h-x86_64-mingw32/bin/../lib/gcc/nios2-elf/5.3.0/../../../../../H-x86_64-mingw32/nios2-elf/lib\libc.a(lib_a-calloc.o) (_calloc_r)
c:/intelfpga_lite/18.1/nios2eds/bin/gnu/h-x86_64-mingw32/bin/../lib/gcc/nios2-elf/5.3.0/../../../../../H-x86_64-mingw32/nios2-elf/lib\libc.a(lib_a-fprintf.o)
                              obj/default/alt_error_handler.o (fprintf)
c:/intelfpga_lite/18.1/nios2eds/bin/gnu/h-x86_64-mingw32/bin/../lib/gcc/nios2-elf/5.3.0/../../../../../H-x86_64-mingw32/nios2-elf/lib\libc.a(lib_a-fwrite.o)
                              obj/default/alt_error_handler.o (fwrite)
c:/intelfpga_lite/18.1/nios2eds/bin/gnu/h-x86_64-mingw32/bin/../lib/gcc/nios2-elf/5.3.0/../../../../../H-x86_64-mingw32/nios2-elf/lib\libc.a(lib_a-impure.o)
                              obj/default/alt_error_handler.o (_impure_ptr)
c:/intelfpga_lite/18.1/nios2eds/bin/gnu/h-x86_64-mingw32/bin/../lib/gcc/nios2-elf/5.3.0/../../../../../H-x86_64-mingw32/nios2-elf/lib\libc.a(lib_a-malloc.o)
                              obj/default/osc.o (free)
c:/intelfpga_lite/18.1/nios2eds/bin/gnu/h-x86_64-mingw32/bin/../lib/gcc/nios2-elf/5.3.0/../../../../../H-x86_64-mingw32/nios2-elf/lib\libc.a(lib_a-mallocr.o)
                              c:/intelfpga_lite/18.1/nios2eds/bin/gnu/h-x86_64-mingw32/bin/../lib/gcc/nios2-elf/5.3.0/../../../../../H-x86_64-mingw32/nios2-elf/lib\libc.a(lib_a-callocr.o) (_malloc_r)
[...]
Memory Configuration

Name             Origin             Length             Attributes
new_sdram_controller_0_BEFORE_EXCEPTION 0x0000000000800000 0x0000000000000020
new_sdram_controller_0 0x0000000000800020 0x00000000007fffe0
reset            0x0000000001100000 0x0000000000000020
onchip_flash_0_data 0x0000000001100020 0x000000000008bfe0
descriptor_memory 0x0000000001200000 0x0000000000002000
*default*        0x0000000000000000 0xffffffffffffffff

Linker script and memory map

LOAD ../candy_avb_sss_bsp//obj/HAL/src/crt0.o
LOAD obj/default/SigmaStudioFW.o
LOAD obj/default/alt_error_handler.o
LOAD obj/default/iniche_init.o
LOAD obj/default/network_utilities.o
LOAD obj/default/osc.o
LOAD obj/default/osc_server.o
LOAD obj/default/sigmadsp.o
LOAD obj/default/tse_my_system.o
LOAD c:/intelfpga_lite/18.1/nios2eds/bin/gnu/h-x86_64-mingw32/bin/../lib/gcc/nios2-elf/5.3.0/../../../../../H-x86_64-mingw32/nios2-elf/lib\libstdc++.a
LOAD c:/intelfpga_lite/18.1/nios2eds/bin/gnu/h-x86_64-mingw32/bin/../lib/gcc/nios2-elf/5.3.0/../../../../../H-x86_64-mingw32/nios2-elf/lib\libm.a
LOAD c:/intelfpga_lite/18.1/nios2eds/bin/gnu/h-x86_64-mingw32/bin/../lib/gcc/nios2-elf/5.3.0\libgcc.a
START GROUP
LOAD c:/intelfpga_lite/18.1/nios2eds/bin/gnu/h-x86_64-mingw32/bin/../lib/gcc/nios2-elf/5.3.0/../../../../../H-x86_64-mingw32/nios2-elf/lib\libc.a
LOAD c:/intelfpga_lite/18.1/nios2eds/bin/gnu/h-x86_64-mingw32/bin/../lib/gcc/nios2-elf/5.3.0\libgcc.a
LOAD ../candy_avb_sss_bsp/\libucosii_bsp.a
LOAD c:/intelfpga_lite/18.1/nios2eds/bin/gnu/h-x86_64-mingw32/bin/../lib/gcc/nios2-elf/5.3.0/../../../../../H-x86_64-mingw32/nios2-elf/lib\libm.a
END GROUP
LOAD c:/intelfpga_lite/18.1/nios2eds/bin/gnu/h-x86_64-mingw32/bin/../lib/gcc/nios2-elf/5.3.0\libgcc.a
                0x0000000000800000                __alt_mem_new_sdram_controller_0 = 0x800000
                0x0000000001100000                __alt_mem_onchip_flash_0_data = 0x1100000
                0x0000000001200000                __alt_mem_descriptor_memory = 0x1200000

.entry          0x0000000001100000        0x0
 *(.entry)
 .entry         0x0000000001100000        0x0 ../candy_avb_sss_bsp//obj/HAL/src/crt0.o
                0x0000000001100000                __reset

.exceptions     0x0000000000800020      0x224
                [!provide]                        PROVIDE (__ram_exceptions_start, ABSOLUTE (.))
                0x0000000000800020                . = ALIGN (0x20)
 *(.irq)
 *(.exceptions.entry.label)
 .exceptions.entry.label
                0x0000000000800020        0x0 ../candy_avb_sss_bsp/\libucosii_bsp.a(alt_irq_entry.o)
                0x0000000000800020                alt_irq_entry
 .exceptions.entry.label
                0x0000000000800020        0x0 ../candy_avb_sss_bsp/\libucosii_bsp.a(alt_exception_entry.o)
                0x0000000000800020                alt_exception
 *(.exceptions.entry.user)
 *(.exceptions.entry.ecc_fatal)
 *(.exceptions.entry)
 .exceptions.entry
                0x0000000000800020       0x54 ../candy_avb_sss_bsp/\libucosii_bsp.a(alt_exception_entry.o)
 *(.exceptions.irqtest.user)
 *(.exceptions.irqtest)
 .exceptions.irqtest
                0x0000000000800074       0x10 ../candy_avb_sss_bsp/\libucosii_bsp.a(alt_irq_entry.o)
 *(.exceptions.irqhandler.user)
 *(.exceptions.irqhandler)
 .exceptions.irqhandler
                0x0000000000800084        0x4 ../candy_avb_sss_bsp/\libucosii_bsp.a(alt_irq_entry.o)
 *(.exceptions.irqreturn.user)
 *(.exceptions.irqreturn)
 .exceptions.irqreturn
                0x0000000000800088        0x4 ../candy_avb_sss_bsp/\libucosii_bsp.a(alt_irq_entry.o)
 *(.exceptions.notirq.label)
 .exceptions.notirq.label
                0x000000000080008c        0x0 ../candy_avb_sss_bsp/\libucosii_bsp.a(alt_irq_entry.o)
 *(.exceptions.notirq.user)
 *(.exceptions.notirq)
 .exceptions.notirq
                0x000000000080008c        0x8 ../candy_avb_sss_bsp/\libucosii_bsp.a(alt_exception_entry.o)
 *(.exceptions.soft.user)
 *(.exceptions.soft)
 *(.exceptions.unknown.user)
 *(.exceptions.unknown)
 .exceptions.unknown
                0x0000000000800094       0x14 ../candy_avb_sss_bsp/\libucosii_bsp.a(alt_exception_entry.o)
 *(.exceptions.exit.label)
 .exceptions.exit.label
                0x00000000008000a8        0x0 ../candy_avb_sss_bsp/\libucosii_bsp.a(alt_irq_entry.o)
 .exceptions.exit.label
                0x00000000008000a8        0x0 ../candy_avb_sss_bsp/\libucosii_bsp.a(alt_exception_entry.o)
 *(.exceptions.exit.user)
 *(.exceptions.exit)
 .exceptions.exit
                0x00000000008000a8       0x54 ../candy_avb_sss_bsp/\libucosii_bsp.a(alt_exception_entry.o)
 *(.exceptions)
 .exceptions    0x00000000008000fc       0xd4 ../candy_avb_sss_bsp/\libucosii_bsp.a(alt_irq_handler.o)
                0x00000000008000fc                alt_irq_handler
 .exceptions    0x00000000008001d0       0x74 ../candy_avb_sss_bsp/\libucosii_bsp.a(alt_instruction_exception_entry.o)
                0x00000000008001d0                alt_instruction_exception_entry
                [!provide]                        PROVIDE (__ram_exceptions_end, ABSOLUTE (.))
                [!provide]                        PROVIDE (__flash_exceptions_start, LOADADDR (.exceptions))

.text           0x0000000000800244    0x513cc
                [!provide]                        PROVIDE (stext, ABSOLUTE (.))
 *(.interp)
 *(.hash)
 *(.dynsym)
 *(.dynstr)
 *(.gnu.version)
 *(.gnu.version_d)
 *(.gnu.version_r)
 *(.rel.init)
 *(.rela.init)
 *(.rel.text .rel.text.* .rel.gnu.linkonce.t.*)
 *(.rela.text .rela.text.* .rela.gnu.linkonce.t.*)
 *(.rel.fini)
 *(.rela.fini)
 *(.rel.rodata .rel.rodata.* .rel.gnu.linkonce.r.*)
 *(.rela.rodata .rela.rodata.* .rela.gnu.linkonce.r.*)
 *(.rel.data .rel.data.* .rel.gnu.linkonce.d.*)
 *(.rela.data .rela.data.* .rela.gnu.linkonce.d.*)
 *(.rel.tdata .rel.tdata.* .rel.gnu.linkonce.td.*)
 *(.rela.tdata .rela.tdata.* .rela.gnu.linkonce.td.*)
 *(.rel.tbss .rel.tbss.* .rel.gnu.linkonce.tb.*)
 *(.rela.tbss .rela.tbss.* .rela.gnu.linkonce.tb.*)
 *(.rel.ctors)
 *(.rela.ctors)
 *(.rel.dtors)
 *(.rela.dtors)
 *(.rel.got)
 *(.rela.got)
 *(.rel.sdata .rel.sdata.* .rel.gnu.linkonce.s.*)
 *(.rela.sdata .rela.sdata.* .rela.gnu.linkonce.s.*)
 *(.rel.sbss .rel.sbss.* .rel.gnu.linkonce.sb.*)
 *(.rela.sbss .rela.sbss.* .rela.gnu.linkonce.sb.*)
 *(.rel.sdata2 .rel.sdata2.* .rel.gnu.linkonce.s2.*)
 *(.rela.sdata2 .rela.sdata2.* .rela.gnu.linkonce.s2.*)
 *(.rel.sbss2 .rel.sbss2.* .rel.gnu.linkonce.sb2.*)
 *(.rela.sbss2 .rela.sbss2.* .rela.gnu.linkonce.sb2.*)
 *(.rel.bss .rel.bss.* .rel.gnu.linkonce.b.*)
 *(.rela.bss .rela.bss.* .rela.gnu.linkonce.b.*)
 *(.rel.plt)
 *(.rela.plt)
 *(.rel.dyn)
 *(.init)
 *(.plt)
 *(.text .stub .text.* .gnu.linkonce.t.*)
 .text          0x0000000000800244       0x48 ../candy_avb_sss_bsp//obj/HAL/src/crt0.o
                0x0000000000800244                _start
 .text          0x000000000080028c      0x6f4 obj/default/SigmaStudioFW.o
                0x000000000080028c                i2c_setup
                0x000000000080030c                i2c_start
                0x00000000008003b4                i2c_write_byte
                0x0000000000800464                i2c_write_byte_stop
                0x00000000008004f8                i2c_multiple_write
                0x0000000000800690                SIGMA_WRITE_REGISTER_BLOCK
                0x0000000000800714                SIGMA_WRITE_REGISTER_CONTROL
                0x0000000000800790                SIGMA_SAFELOAD_WRITE_ADDR
                0x000000000080081c                SIGMA_SAFELOAD_WRITE_DATA
                0x0000000000800900                SIGMA_SAFELOAD_WRITE_TRANSFER_BIT
 .text          0x0000000000800980      0xa60 obj/default/alt_error_handler.o
                0x0000000000800980                alt_uCOSIIErrorHandler
                0x0000000000800ee4                alt_NetworkErrorHandler
                0x0000000000801148                alt_SSSErrorHandler
 .text          0x00000000008013e0      0x798 obj/default/iniche_init.o
                0x00000000008013e0                default_download_IC_1
                0x0000000000801734                default_download_IC_2
                0x0000000000801a88                SSSInitialTask
                0x0000000000801af8                main
 .text          0x0000000000801b78       0xec obj/default/network_utilities.o
                0x0000000000801b78                get_mac_addr
                0x0000000000801bf8                get_ip_addr
 .text          0x0000000000801c64     0x2a94 obj/default/osc.o
                0x0000000000801c64                setInitReceiveFlag
                0x0000000000801c94                getInitReceiveFlag
                0x0000000000801cb4                setInitSendFlag
                0x0000000000801ce4                getInitSendFlag
                0x0000000000801d04                setInitDiscoverFlag
                0x0000000000801d34                getInitDiscoverFlag
                0x0000000000801d54                setChCompletedFlag
                0x0000000000801d84                getChCompletedFlag
                0x0000000000801da4                setRemoteIpAtIndex
                0x0000000000801de8                getRemoteIpAtIndex
                0x0000000000801e1c                getRemoteIp
                0x0000000000801e3c                setRemotePort
                0x0000000000801e6c                getRemotePort
                0x0000000000801e8c                setLocalPort
                0x0000000000801ebc                getLocalPort
                0x0000000000801edc                setOSCPrefix
                0x0000000000801f44                getOSCPrefix
                0x0000000000801f64                clearOSCPrefix
                0x0000000000801f9c                setOSCHostName
                0x0000000000802024                getOSCHostName
                0x0000000000802048                clearOSCHostName
                0x0000000000802084                getOSCPacket
                0x00000000008020f8                processOSCPacket
                0x000000000080297c                sendOSCMessage
                0x0000000000802da0                setOSCAddress
                0x0000000000802ec0                setOSCTypeTag
                0x0000000000802f90                addOSCIntArgument
                0x0000000000803050                addOSCFloatArgument
                0x0000000000803110                addOSCStringArgument
                0x00000000008031b8                clearOSCMessage
                0x00000000008031f8                flushOSCMessage
                0x0000000000803218                clearOSCBundle
                0x00000000008032cc                appendOSCMessageToBundle
                0x00000000008037dc                sendOSCBundle
                0x00000000008037fc                compareOSCPrefix
                0x00000000008038e0                compareOSCAddress
                0x00000000008039f8                compareTypeTagAtIndex
                0x0000000000803a74                getArgumentsLength
                0x0000000000803a98                getIntArgumentAtIndex
                0x0000000000804018                getFloatArgumentAtIndex
                0x00000000008045a0                getStringArgumentAtIndex
                0x0000000000804664                getBOOLEANeanArgumentAtIndex
 .text          0x00000000008046f8      0x3e8 obj/default/osc_server.o
                0x00000000008046f8                SSSCreateOSDataStructs
                0x000000000080479c                SSSCreateTasks
                0x000000000080486c                OSCServerTask
 .text          0x0000000000804ae0      0x33c obj/default/sigmadsp.o
                0x0000000000804ae0                adc_callback
                0x0000000000804b24                adc_init
                0x0000000000804b8c                led_bit_toggle
                0x0000000000804c70                SigmaDSPCommunicateTask
                0x0000000000804dd0                SigmaDSPManagementTask
 .text          0x0000000000804e1c        0x0 obj/default/tse_my_system.o
 .text          0x0000000000804e1c       0xc4 c:/intelfpga_lite/18.1/nios2eds/bin/gnu/h-x86_64-mingw32/bin/../lib/gcc/nios2-elf/5.3.0\libgcc.a(_floatdisf.o)
                0x0000000000804e1c                __floatdisf
 .text          0x0000000000804ee0      0x4c8 c:/intelfpga_lite/18.1/nios2eds/bin/gnu/h-x86_64-mingw32/bin/../lib/gcc/nios2-elf/5.3.0\libgcc.a(addsf3.o)
                0x0000000000804ee0                __addsf3
 .text          0x00000000008053a8      0x3fc c:/intelfpga_lite/18.1/nios2eds/bin/gnu/h-x86_64-mingw32/bin/../lib/gcc/nios2-elf/5.3.0\libgcc.a(mulsf3.o)
                0x00000000008053a8                __mulsf3
 .text          0x00000000008057a4       0x70 c:/intelfpga_lite/18.1/nios2eds/bin/gnu/h-x86_64-mingw32/bin/../lib/gcc/nios2-elf/5.3.0\libgcc.a(fixsfsi.o)
                0x00000000008057a4                __fixsfsi
 .text          0x0000000000805814      0x124 c:/intelfpga_lite/18.1/nios2eds/bin/gnu/h-x86_64-mingw32/bin/../lib/gcc/nios2-elf/5.3.0\libgcc.a(floatsisf.o)
                0x0000000000805814                __floatsisf
 .text          0x0000000000805938      0x8ac c:/intelfpga_lite/18.1/nios2eds/bin/gnu/h-x86_64-mingw32/bin/../lib/gcc/nios2-elf/5.3.0\libgcc.a(adddf3.o)
                0x0000000000805938                __adddf3
 .text          0x00000000008061e4      0x8e8 c:/intelfpga_lite/18.1/nios2eds/bin/gnu/h-x86_64-mingw32/bin/../lib/gcc/nios2-elf/5.3.0\libgcc.a(divdf3.o)
                0x00000000008061e4                __divdf3
 .text          0x0000000000806acc      0x718 c:/intelfpga_lite/18.1/nios2eds/bin/gnu/h-x86_64-mingw32/bin/../lib/gcc/nios2-elf/5.3.0\libgcc.a(muldf3.o)
                0x0000000000806acc                __muldf3
 .text          0x00000000008071e4       0xdc c:/intelfpga_lite/18.1/nios2eds/bin/gnu/h-x86_64-mingw32/bin/../lib/gcc/nios2-elf/5.3.0\libgcc.a(floatsidf.o)
                0x00000000008071e4                __floatsidf
 .text          0x00000000008072c0       0xa8 c:/intelfpga_lite/18.1/nios2eds/bin/gnu/h-x86_64-mingw32/bin/../lib/gcc/nios2-elf/5.3.0\libgcc.a(floatunsidf.o)
                0x00000000008072c0                __floatunsidf
 .text          0x0000000000807368      0x110 c:/intelfpga_lite/18.1/nios2eds/bin/gnu/h-x86_64-mingw32/bin/../lib/gcc/nios2-elf/5.3.0\libgcc.a(extendsfdf2.o)
                0x0000000000807368                __extendsfdf2
 .text          0x0000000000807478      0x1a8 c:/intelfpga_lite/18.1/nios2eds/bin/gnu/h-x86_64-mingw32/bin/../lib/gcc/nios2-elf/5.3.0\libgcc.a(truncdfsf2.o)
                0x0000000000807478                __truncdfsf2
 .text          0x0000000000807620       0x64 c:/intelfpga_lite/18.1/nios2eds/bin/gnu/h-x86_64-mingw32/bin/../lib/gcc/nios2-elf/5.3.0\libgcc.a(_clzsi2.o)
                0x0000000000807620                __clzsi2
 .text          0x0000000000807684      0x1b4 c:/intelfpga_lite/18.1/nios2eds/bin/gnu/h-x86_64-mingw32/bin/../lib/gcc/nios2-elf/5.3.0\libgcc.a(lib2-divmod.o)
                0x0000000000807684                __divsi3
                0x0000000000807708                __modsi3
                0x000000000080777c                __udivsi3
                0x00000000008077e0                __umodsi3
 .text          0x0000000000807838        0x0 c:/intelfpga_lite/18.1/nios2eds/bin/gnu/h-x86_64-mingw32/bin/../lib/gcc/nios2-elf/5.3.0\libgcc.a(_clz.o)
 .text          0x0000000000807838        0x0 c:/intelfpga_lite/18.1/nios2eds/bin/gnu/h-x86_64-mingw32/bin/../lib/gcc/nios2-elf/5.3.0/../../../../../H-x86_64-mingw32/nios2-elf/lib\libc.a(lib_a-calloc.o)
 .text.calloc   0x0000000000807838       0x18 c:/intelfpga_lite/18.1/nios2eds/bin/gnu/h-x86_64-mingw32/bin/../lib/gcc/nios2-elf/5.3.0/../../../../../H-x86_64-mingw32/nios2-elf/lib\libc.a(lib_a-calloc.o)
                0x0000000000807838                calloc
 .text          0x0000000000807850        0x0 c:/intelfpga_lite/18.1/nios2eds/bin/gnu/h-x86_64-mingw32/bin/../lib/gcc/nios2-elf/5.3.0/../../../../../H-x86_64-mingw32/nios2-elf/lib\libc.a(lib_a-callocr.o)
 .text._calloc_r
                0x0000000000807850       0xc4 c:/intelfpga_lite/18.1/nios2eds/bin/gnu/h-x86_64-mingw32/bin/../lib/gcc/nios2-elf/5.3.0/../../../../../H-x86_64-mingw32/nios2-elf/lib\libc.a(lib_a-callocr.o)
                0x0000000000807850                _calloc_r
 .text          0x0000000000807914        0x0 c:/intelfpga_lite/18.1/nios2eds/bin/gnu/h-x86_64-mingw32/bin/../lib/gcc/nios2-elf/5.3.0/../../../../../H-x86_64-mingw32/nios2-elf/lib\libc.a(lib_a-fprintf.o)
 .text._fprintf_r
                0x0000000000807914       0x28 c:/intelfpga_lite/18.1/nios2eds/bin/gnu/h-x86_64-mingw32/bin/../lib/gcc/nios2-elf/5.3.0/../../../../../H-x86_64-mingw32/nios2-elf/lib\libc.a(lib_a-fprintf.o)
                0x0000000000807914                _fprintf_r
 .text.fprintf  0x000000000080793c       0x24 c:/intelfpga_lite/18.1/nios2eds/bin/gnu/h-x86_64-mingw32/bin/../lib/gcc/nios2-elf/5.3.0/../../../../../H-x86_64-mingw32/nios2-elf/lib\libc.a(lib_a-fprintf.o)
                0x000000000080793c                fprintf
 .text          0x0000000000807960        0x0 c:/intelfpga_lite/18.1/nios2eds/bin/gnu/h-x86_64-mingw32/bin/../lib/gcc/nios2-elf/5.3.0/../../../../../H-x86_64-mingw32/nios2-elf/lib\libc.a(lib_a-fwrite.o)
 .text._fwrite_r
                0x0000000000807960       0xcc c:/intelfpga_lite/18.1/nios2eds/bin/gnu/h-x86_64-mingw32/bin/../lib/gcc/nios2-elf/5.3.0/../../../../../H-x86_64-mingw32/nios2-elf/lib\libc.a(lib_a-fwrite.o)
                0x0000000000807960                _fwrite_r
 .text.fwrite   0x0000000000807a2c       0x34 c:/intelfpga_lite/18.1/nios2eds/bin/gnu/h-x86_64-mingw32/bin/../lib/gcc/nios2-elf/5.3.0/../../../../../H-x86_64-mingw32/nios2-elf/lib\libc.a(lib_a-fwrite.o)
                0x0000000000807a2c                fwrite
 .text          0x0000000000807a60        0x0 c:/intelfpga_lite/18.1/nios2eds/bin/gnu/h-x86_64-mingw32/bin/../lib/gcc/nios2-elf/5.3.0/../../../../../H-x86_64-mingw32/nios2-elf/lib\libc.a(lib_a-impure.o)
 .text          0x0000000000807a60        0x0 c:/intelfpga_lite/18.1/nios2eds/bin/gnu/h-x86_64-mingw32/bin/../lib/gcc/nios2-elf/5.3.0/../../../../../H-x86_64-mingw32/nios2-elf/lib\libc.a(lib_a-malloc.o)
 .text.malloc   0x0000000000807a60       0x14 c:/intelfpga_lite/18.1/nios2eds/bin/gnu/h-x86_64-mingw32/bin/../lib/gcc/nios2-elf/5.3.0/../../../../../H-x86_64-mingw32/nios2-elf/lib\libc.a(lib_a-malloc.o)
                0x0000000000807a60                malloc
 .text.free     0x0000000000807a74       0x14 c:/intelfpga_lite/18.1/nios2eds/bin/gnu/h-x86_64-mingw32/bin/../lib/gcc/nios2-elf/5.3.0/../../../../../H-x86_64-mingw32/nios2-elf/lib\libc.a(lib_a-malloc.o)
                0x0000000000807a74                free
 .text          0x0000000000807a88        0x0 c:/intelfpga_lite/18.1/nios2eds/bin/gnu/h-x86_64-mingw32/bin/../lib/gcc/nios2-elf/5.3.0/../../../../../H-x86_64-mingw32/nios2-elf/lib\libc.a(lib_a-mallocr.o)
 .text._malloc_r
                0x0000000000807a88      0x80c c:/intelfpga_lite/18.1/nios2eds/bin/gnu/h-x86_64-mingw32/bin/../lib/gcc/nios2-elf/5.3.0/../../../../../H-x86_64-mingw32/nios2-elf/lib\libc.a(lib_a-mallocr.o)
                0x0000000000807a88                _malloc_r
 .text          0x0000000000808294        0x0 c:/intelfpga_lite/18.1/nios2eds/bin/gnu/h-x86_64-mingw32/bin/../lib/gcc/nios2-elf/5.3.0/../../../../../H-x86_64-mingw32/nios2-elf/lib\libc.a(lib_a-memcpy.o)
 .text.memcpy   0x0000000000808294      0x148 c:/intelfpga_lite/18.1/nios2eds/bin/gnu/h-x86_64-mingw32/bin/../lib/gcc/nios2-elf/5.3.0/../../../../../H-x86_64-mingw32/nios2-elf/lib\libc.a(lib_a-memcpy.o)
                0x0000000000808294                memcpy
 .text          0x00000000008083dc        0x0 c:/intelfpga_lite/18.1/nios2eds/bin/gnu/h-x86_64-mingw32/bin/../lib/gcc/nios2-elf/5.3.0/../../../../../H-x86_64-mingw32/nios2-elf/lib\libc.a(lib_a-memset.o)
 .text.memset   0x00000000008083dc      0x128 c:/intelfpga_lite/18.1/nios2eds/bin/gnu/h-x86_64-mingw32/bin/../lib/gcc/nios2-elf/5.3.0/../../../../../H-x86_64-mingw32/nios2-elf/lib\libc.a(lib_a-memset.o)
                0x00000000008083dc                memset
 .text          0x0000000000808504        0x0 c:/intelfpga_lite/18.1/nios2eds/bin/gnu/h-x86_64-mingw32/bin/../lib/gcc/nios2-elf/5.3.0/../../../../../H-x86_64-mingw32/nios2-elf/lib\libc.a(lib_a-perror.o)
 .text._perror_r
                0x0000000000808504       0x80 c:/intelfpga_lite/18.1/nios2eds/bin/gnu/h-x86_64-mingw32/bin/../lib/gcc/nios2-elf/5.3.0/../../../../../H-x86_64-mingw32/nios2-elf/lib\libc.a(lib_a-perror.o)
                0x0000000000808504                _perror_r
 .text.perror   0x0000000000808584       0x14 c:/intelfpga_lite/18.1/nios2eds/bin/gnu/h-x86_64-mingw32/bin/../lib/gcc/nios2-elf/5.3.0/../../../../../H-x86_64-mingw32/nios2-elf/lib\libc.a(lib_a-perror.o)
                0x0000000000808584                perror
 .text          0x0000000000808598        0x0 c:/intelfpga_lite/18.1/nios2eds/bin/gnu/h-x86_64-mingw32/bin/../lib/gcc/nios2-elf/5.3.0/../../../../../H-x86_64-mingw32/nios2-elf/lib\libc.a(lib_a-printf.o)
 .text._printf_r
                0x0000000000808598       0x30 c:/intelfpga_lite/18.1/nios2eds/bin/gnu/h-x86_64-mingw32/bin/../lib/gcc/nios2-elf/5.3.0/../../../../../H-x86_64-mingw32/nios2-elf/lib\libc.a(lib_a-printf.o)
                0x0000000000808598                _printf_r
 .text.printf   0x00000000008085c8       0x3c c:/intelfpga_lite/18.1/nios2eds/bin/gnu/h-x86_64-mingw32/bin/../lib/gcc/nios2-elf/5.3.0/../../../../../H-x86_64-mingw32/nios2-elf/lib\libc.a(lib_a-printf.o)
                0x00000000008085c8                printf
 .text          0x0000000000808604        0x0 c:/intelfpga_lite/18.1/nios2eds/bin/gnu/h-x86_64-mingw32/bin/../lib/gcc/nios2-elf/5.3.0/../../../../../H-x86_64-mingw32/nios2-elf/lib\libc.a(lib_a-puts.o)
 .text._puts_r  0x0000000000808604       0xc0 c:/intelfpga_lite/18.1/nios2eds/bin/gnu/h-x86_64-mingw32/bin/../lib/gcc/nios2-elf/5.3.0/../../../../../H-x86_64-mingw32/nios2-elf/lib\libc.a(lib_a-puts.o)
                0x0000000000808604                _puts_r
 .text.puts     0x00000000008086c4       0x14 c:/intelfpga_lite/18.1/nios2eds/bin/gnu/h-x86_64-mingw32/bin/../lib/gcc/nios2-elf/5.3.0/../../../../../H-x86_64-mingw32/nios2-elf/lib\libc.a(lib_a-puts.o)
                0x00000000008086c4                puts
 .text          0x00000000008086d8        0x0 c:/intelfpga_lite/18.1/nios2eds/bin/gnu/h-x86_64-mingw32/bin/../lib/gcc/nios2-elf/5.3.0/../../../../../H-x86_64-mingw32/nios2-elf/lib\libc.a(lib_a-sbrkr.o)
 .text._sbrk_r  0x00000000008086d8       0x54 c:/intelfpga_lite/18.1/nios2eds/bin/gnu/h-x86_64-mingw32/bin/../lib/gcc/nios2-elf/5.3.0/../../../../../H-x86_64-mingw32/nios2-elf/lib\libc.a(lib_a-sbrkr.o)
                0x00000000008086d8                _sbrk_r
 .text          0x000000000080872c        0x0 c:/intelfpga_lite/18.1/nios2eds/bin/gnu/h-x86_64-mingw32/bin/../lib/gcc/nios2-elf/5.3.0/../../../../../H-x86_64-mingw32/nios2-elf/lib\libc.a(lib_a-sprintf.o)
 .text._sprintf_r
                0x000000000080872c       0x58 c:/intelfpga_lite/18.1/nios2eds/bin/gnu/h-x86_64-mingw32/bin/../lib/gcc/nios2-elf/5.3.0/../../../../../H-x86_64-mingw32/nios2-elf/lib\libc.a(lib_a-sprintf.o)
                0x000000000080872c                _sprintf_r
 .text.sprintf  0x0000000000808784       0x6c c:/intelfpga_lite/18.1/nios2eds/bin/gnu/h-x86_64-mingw32/bin/../lib/gcc/nios2-elf/5.3.0/../../../../../H-x86_64-mingw32/nios2-elf/lib\libc.a(lib_a-sprintf.o)
                0x0000000000808784                sprintf
 .text          0x00000000008087f0        0x0 c:/intelfpga_lite/18.1/nios2eds/bin/gnu/h-x86_64-mingw32/bin/../lib/gcc/nios2-elf/5.3.0/../../../../../H-x86_64-mingw32/nios2-elf/lib\libc.a(lib_a-strchr.o)
 .text.strchr   0x00000000008087f0      0x164 c:/intelfpga_lite/18.1/nios2eds/bin/gnu/h-x86_64-mingw32/bin/../lib/gcc/nios2-elf/5.3.0/../../../../../H-x86_64-mingw32/nios2-elf/lib\libc.a(lib_a-strchr.o)
                0x00000000008087f0                strchr
 .text          0x0000000000808954        0x0 c:/intelfpga_lite/18.1/nios2eds/bin/gnu/h-x86_64-mingw32/bin/../lib/gcc/nios2-elf/5.3.0/../../../../../H-x86_64-mingw32/nios2-elf/lib\libc.a(lib_a-strcmp.o)
 .text.strcmp   0x0000000000808954       0xdc c:/intelfpga_lite/18.1/nios2eds/bin/gnu/h-x86_64-mingw32/bin/../lib/gcc/nios2-elf/5.3.0/../../../../../H-x86_64-mingw32/nios2-elf/lib\libc.a(lib_a-strcmp.o)
                0x0000000000808954                strcmp
 .text          0x0000000000808a30        0x0 c:/intelfpga_lite/18.1/nios2eds/bin/gnu/h-x86_64-mingw32/bin/../lib/gcc/nios2-elf/5.3.0/../../../../../H-x86_64-mingw32/nios2-elf/lib\libc.a(lib_a-strerror.o)
 .text._strerror_r
                0x0000000000808a30      0x65c c:/intelfpga_lite/18.1/nios2eds/bin/gnu/h-x86_64-mingw32/bin/../lib/gcc/nios2-elf/5.3.0/../../../../../H-x86_64-mingw32/nios2-elf/lib\libc.a(lib_a-strerror.o)
                0x0000000000808a30                _strerror_r
 .text.strerror
                0x000000000080908c       0x1c c:/intelfpga_lite/18.1/nios2eds/bin/gnu/h-x86_64-mingw32/bin/../lib/gcc/nios2-elf/5.3.0/../../../../../H-x86_64-mingw32/nios2-elf/lib\libc.a(lib_a-strerror.o)
                0x000000000080908c                strerror
 .text          0x00000000008090a8        0x0 c:/intelfpga_lite/18.1/nios2eds/bin/gnu/h-x86_64-mingw32/bin/../lib/gcc/nios2-elf/5.3.0/../../../../../H-x86_64-mingw32/nios2-elf/lib\libc.a(lib_a-strlen.o)
 .text.strlen   0x00000000008090a8       0x98 c:/intelfpga_lite/18.1/nios2eds/bin/gnu/h-x86_64-mingw32/bin/../lib/gcc/nios2-elf/5.3.0/../../../../../H-x86_64-mingw32/nios2-elf/lib\libc.a(lib_a-strlen.o)
                0x00000000008090a8                strlen
 .text          0x0000000000809140        0x0 c:/intelfpga_lite/18.1/nios2eds/bin/gnu/h-x86_64-mingw32/bin/../lib/gcc/nios2-elf/5.3.0/../../../../../H-x86_64-mingw32/nios2-elf/lib\libc.a(lib_a-svfprintf.o)
 .text.___svfprintf_internal_r
                0x0000000000809140     0x21d8 c:/intelfpga_lite/18.1/nios2eds/bin/gnu/h-x86_64-mingw32/bin/../lib/gcc/nios2-elf/5.3.0/../../../../../H-x86_64-mingw32/nios2-elf/lib\libc.a(lib_a-svfprintf.o)
                0x0000000000809140                ___svfprintf_internal_r
 .text          0x000000000080b318        0x0 c:/intelfpga_lite/18.1/nios2eds/bin/gnu/h-x86_64-mingw32/bin/../lib/gcc/nios2-elf/5.3.0/../../../../../H-x86_64-mingw32/nios2-elf/lib\libc.a(lib_a-u_strerr.o)
 .text._user_strerror
                0x000000000080b318        0x8 c:/intelfpga_lite/18.1/nios2eds/bin/gnu/h-x86_64-mingw32/bin/../lib/gcc/nios2-elf/5.3.0/../../../../../H-x86_64-mingw32/nios2-elf/lib\libc.a(lib_a-u_strerr.o)
                0x000000000080b318                _user_strerror
 .text          0x000000000080b320        0x0 c:/intelfpga_lite/18.1/nios2eds/bin/gnu/h-x86_64-mingw32/bin/../lib/gcc/nios2-elf/5.3.0/../../../../../H-x86_64-mingw32/nios2-elf/lib\libc.a(lib_a-vfprintf.o)
 .text.___vfprintf_internal_r
                0x000000000080b320     0x21f8 c:/intelfpga_lite/18.1/nios2eds/bin/gnu/h-x86_64-mingw32/bin/../lib/gcc/nios2-elf/5.3.0/../../../../../H-x86_64-mingw32/nios2-elf/lib\libc.a(lib_a-vfprintf.o)
                0x000000000080b320                ___vfprintf_internal_r
 .text.__vfprintf_internal
                0x000000000080d518       0x1c c:/intelfpga_lite/18.1/nios2eds/bin/gnu/h-x86_64-mingw32/bin/../lib/gcc/nios2-elf/5.3.0/../../../../../H-x86_64-mingw32/nios2-elf/lib\libc.a(lib_a-vfprintf.o)
                0x000000000080d518                __vfprintf_internal
 .text.__sbprintf
                0x000000000080d534       0xbc c:/intelfpga_lite/18.1/nios2eds/bin/gnu/h-x86_64-mingw32/bin/../lib/gcc/nios2-elf/5.3.0/../../../../../H-x86_64-mingw32/nios2-elf/lib\libc.a(lib_a-vfprintf.o)
 .text          0x000000000080d5f0        0x0 c:/intelfpga_lite/18.1/nios2eds/bin/gnu/h-x86_64-mingw32/bin/../lib/gcc/nios2-elf/5.3.0/../../../../../H-x86_64-mingw32/nios2-elf/lib\libc.a(lib_a-wsetup.o)
 .text.__swsetup_r
                0x000000000080d5f0      0x154 c:/intelfpga_lite/18.1/nios2eds/bin/gnu/h-x86_64-mingw32/bin/../lib/gcc/nios2-elf/5.3.0/../../../../../H-x86_64-mingw32/nios2-elf/lib\libc.a(lib_a-wsetup.o)
                0x000000000080d5f0                __swsetup_r
 .text          0x000000000080d744        0x0 c:/intelfpga_lite/18.1/nios2eds/bin/gnu/h-x86_64-mingw32/bin/../lib/gcc/nios2-elf/5.3.0/../../../../../H-x86_64-mingw32/nios2-elf/lib\libc.a(lib_a-dtoa.o)
 .text.quorem   0x000000000080d744      0x200 c:/intelfpga_lite/18.1/nios2eds/bin/gnu/h-x86_64-mingw32/bin/../lib/gcc/nios2-elf/5.3.0/../../../../../H-x86_64-mingw32/nios2-elf/lib\libc.a(lib_a-dtoa.o)
 .text._dtoa_r  0x000000000080d944     0x1688 c:/intelfpga_lite/18.1/nios2eds/bin/gnu/h-x86_64-mingw32/bin/../lib/gcc/nios2-elf/5.3.0/../../../../../H-x86_64-mingw32/nios2-elf/lib\libc.a(lib_a-dtoa.o)
                0x000000000080d944                _dtoa_r
 .text          0x000000000080efcc        0x0 c:/intelfpga_lite/18.1/nios2eds/bin/gnu/h-x86_64-mingw32/bin/../lib/gcc/nios2-elf/5.3.0/../../../../../H-x86_64-mingw32/nios2-elf/lib\libc.a(lib_a-fflush.o)
 .text.__sflush_r
                0x000000000080efcc      0x21c c:/intelfpga_lite/18.1/nios2eds/bin/gnu/h-x86_64-mingw32/bin/../lib/gcc/nios2-elf/5.3.0/../../../../../H-x86_64-mingw32/nios2-elf/lib\libc.a(lib_a-fflush.o)
                0x000000000080efcc                __sflush_r
 .text._fflush_r
                0x000000000080f1e8       0x5c c:/intelfpga_lite/18.1/nios2eds/bin/gnu/h-x86_64-mingw32/bin/../lib/gcc/nios2-elf/5.3.0/../../../../../H-x86_64-mingw32/nios2-elf/lib\libc.a(lib_a-fflush.o)
                0x000000000080f1e8                _fflush_r
 .text.fflush   0x000000000080f244       0x30 c:/intelfpga_lite/18.1/nios2eds/bin/gnu/h-x86_64-mingw32/bin/../lib/gcc/nios2-elf/5.3.0/../../../../../H-x86_64-mingw32/nios2-elf/lib\libc.a(lib_a-fflush.o)
                0x000000000080f244                fflush
 .text          0x000000000080f274        0x0 c:/intelfpga_lite/18.1/nios2eds/bin/gnu/h-x86_64-mingw32/bin/../lib/gcc/nios2-elf/5.3.0/../../../../../H-x86_64-mingw32/nios2-elf/lib\libc.a(lib_a-findfp.o)
 .text.__fp_unlock
                0x000000000080f274        0x8 c:/intelfpga_lite/18.1/nios2eds/bin/gnu/h-x86_64-mingw32/bin/../lib/gcc/nios2-elf/5.3.0/../../../../../H-x86_64-mingw32/nios2-elf/lib\libc.a(lib_a-findfp.o)
 .text._cleanup_r
                0x000000000080f27c        0xc c:/intelfpga_lite/18.1/nios2eds/bin/gnu/h-x86_64-mingw32/bin/../lib/gcc/nios2-elf/5.3.0/../../../../../H-x86_64-mingw32/nios2-elf/lib\libc.a(lib_a-findfp.o)
                0x000000000080f27c                _cleanup_r
 .text.__sinit.part.1
                0x000000000080f288      0x19c c:/intelfpga_lite/18.1/nios2eds/bin/gnu/h-x86_64-mingw32/bin/../lib/gcc/nios2-elf/5.3.0/../../../../../H-x86_64-mingw32/nios2-elf/lib\libc.a(lib_a-findfp.o)
 .text.__fp_lock
                0x000000000080f424        0x8 c:/intelfpga_lite/18.1/nios2eds/bin/gnu/h-x86_64-mingw32/bin/../lib/gcc/nios2-elf/5.3.0/../../../../../H-x86_64-mingw32/nios2-elf/lib\libc.a(lib_a-findfp.o)
 .text.__sfmoreglue
                0x000000000080f42c       0x68 c:/intelfpga_lite/18.1/nios2eds/bin/gnu/h-x86_64-mingw32/bin/../lib/gcc/nios2-elf/5.3.0/../../../../../H-x86_64-mingw32/nios2-elf/lib\libc.a(lib_a-findfp.o)
                0x000000000080f42c                __sfmoreglue
 .text.__sfp    0x000000000080f494      0x118 c:/intelfpga_lite/18.1/nios2eds/bin/gnu/h-x86_64-mingw32/bin/../lib/gcc/nios2-elf/5.3.0/../../../../../H-x86_64-mingw32/nios2-elf/lib\libc.a(lib_a-findfp.o)
                0x000000000080f494                __sfp
 .text._cleanup
                0x000000000080f5ac       0x18 c:/intelfpga_lite/18.1/nios2eds/bin/gnu/h-x86_64-mingw32/bin/../lib/gcc/nios2-elf/5.3.0/../../../../../H-x86_64-mingw32/nios2-elf/lib\libc.a(lib_a-findfp.o)
                0x000000000080f5ac                _cleanup
 .text.__sinit  0x000000000080f5c4       0x10 c:/intelfpga_lite/18.1/nios2eds/bin/gnu/h-x86_64-mingw32/bin/../lib/gcc/nios2-elf/5.3.0/../../../../../H-x86_64-mingw32/nios2-elf/lib\libc.a(lib_a-findfp.o)
                0x000000000080f5c4                __sinit
 .text.__sfp_lock_acquire
                0x000000000080f5d4        0x4 c:/intelfpga_lite/18.1/nios2eds/bin/gnu/h-x86_64-mingw32/bin/../lib/gcc/nios2-elf/5.3.0/../../../../../H-x86_64-mingw32/nios2-elf/lib\libc.a(lib_a-findfp.o)
                0x000000000080f5d4                __sfp_lock_acquire
 .text.__sfp_lock_release
                0x000000000080f5d8        0x4 c:/intelfpga_lite/18.1/nios2eds/bin/gnu/h-x86_64-mingw32/bin/../lib/gcc/nios2-elf/5.3.0/../../../../../H-x86_64-mingw32/nios2-elf/lib\libc.a(lib_a-findfp.o)
                0x000000000080f5d8                __sfp_lock_release
 .text.__sinit_lock_acquire
                0x000000000080f5dc        0x4 c:/intelfpga_lite/18.1/nios2eds/bin/gnu/h-x86_64-mingw32/bin/../lib/gcc/nios2-elf/5.3.0/../../../../../H-x86_64-mingw32/nios2-elf/lib\libc.a(lib_a-findfp.o)
                0x000000000080f5dc                __sinit_lock_acquire
 .text.__sinit_lock_release
                0x000000000080f5e0        0x4 c:/intelfpga_lite/18.1/nios2eds/bin/gnu/h-x86_64-mingw32/bin/../lib/gcc/nios2-elf/5.3.0/../../../../../H-x86_64-mingw32/nios2-elf/lib\libc.a(lib_a-findfp.o)
                0x000000000080f5e0                __sinit_lock_release
 .text.__fp_lock_all
                0x000000000080f5e4       0x18 c:/intelfpga_lite/18.1/nios2eds/bin/gnu/h-x86_64-mingw32/bin/../lib/gcc/nios2-elf/5.3.0/../../../../../H-x86_64-mingw32/nios2-elf/lib\libc.a(lib_a-findfp.o)
                0x000000000080f5e4                __fp_lock_all
 .text.__fp_unlock_all
                0x000000000080f5fc       0x18 c:/intelfpga_lite/18.1/nios2eds/bin/gnu/h-x86_64-mingw32/bin/../lib/gcc/nios2-elf/5.3.0/../../../../../H-x86_64-mingw32/nios2-elf/lib\libc.a(lib_a-findfp.o)
                0x000000000080f5fc                __fp_unlock_all
 .text          0x000000000080f614        0x0 c:/intelfpga_lite/18.1/nios2eds/bin/gnu/h-x86_64-mingw32/bin/../lib/gcc/nios2-elf/5.3.0/../../../../../H-x86_64-mingw32/nios2-elf/lib\libc.a(lib_a-fputc.o)
 .text._fputc_r
                0x000000000080f614       0x44 c:/intelfpga_lite/18.1/nios2eds/bin/gnu/h-x86_64-mingw32/bin/../lib/gcc/nios2-elf/5.3.0/../../../../../H-x86_64-mingw32/nios2-elf/lib\libc.a(lib_a-fputc.o)
                0x000000000080f614                _fputc_r
 .text.fputc    0x000000000080f658       0x5c c:/intelfpga_lite/18.1/nios2eds/bin/gnu/h-x86_64-mingw32/bin/../lib/gcc/nios2-elf/5.3.0/../../../../../H-x86_64-mingw32/nios2-elf/lib\libc.a(lib_a-fputc.o)
                0x000000000080f658                fputc
 .text          0x000000000080f6b4        0x0 c:/intelfpga_lite/18.1/nios2eds/bin/gnu/h-x86_64-mingw32/bin/../lib/gcc/nios2-elf/5.3.0/../../../../../H-x86_64-mingw32/nios2-elf/lib\libc.a(lib_a-fputs.o)
 .text._fputs_r
                0x000000000080f6b4       0x9c c:/intelfpga_lite/18.1/nios2eds/bin/gnu/h-x86_64-mingw32/bin/../lib/gcc/nios2-elf/5.3.0/../../../../../H-x86_64-mingw32/nios2-elf/lib\libc.a(lib_a-fputs.o)
                0x000000000080f6b4                _fputs_r
 .text.fputs    0x000000000080f750       0x18 c:/intelfpga_lite/18.1/nios2eds/bin/gnu/h-x86_64-mingw32/bin/../lib/gcc/nios2-elf/5.3.0/../../../../../H-x86_64-mingw32/nios2-elf/lib\libc.a(lib_a-fputs.o)
                0x000000000080f750                fputs
 .text          0x000000000080f768        0x0 c:/intelfpga_lite/18.1/nios2eds/bin/gnu/h-x86_64-mingw32/bin/../lib/gcc/nios2-elf/5.3.0/../../../../../H-x86_64-mingw32/nios2-elf/lib\libc.a(lib_a-freer.o)
 .text._malloc_trim_r
                0x000000000080f768      0x124 c:/intelfpga_lite/18.1/nios2eds/bin/gnu/h-x86_64-mingw32/bin/../lib/gcc/nios2-elf/5.3.0/../../../../../H-x86_64-mingw32/nios2-elf/lib\libc.a(lib_a-freer.o)
                0x000000000080f768                _malloc_trim_r
 .text._free_r  0x000000000080f88c      0x310 c:/intelfpga_lite/18.1/nios2eds/bin/gnu/h-x86_64-mingw32/bin/../lib/gcc/nios2-elf/5.3.0/../../../../../H-x86_64-mingw32/nios2-elf/lib\libc.a(lib_a-freer.o)
                0x000000000080f88c                _free_r
 .text          0x000000000080fb9c        0x0 c:/intelfpga_lite/18.1/nios2eds/bin/gnu/h-x86_64-mingw32/bin/../lib/gcc/nios2-elf/5.3.0/../../../../../H-x86_64-mingw32/nios2-elf/lib\libc.a(lib_a-fvwrite.o)
 .text.__sfvwrite_r
                0x000000000080fb9c      0x4bc c:/intelfpga_lite/18.1/nios2eds/bin/gnu/h-x86_64-mingw32/bin/../lib/gcc/nios2-elf/5.3.0/../../../../../H-x86_64-mingw32/nios2-elf/lib\libc.a(lib_a-fvwrite.o)
                0x000000000080fb9c                __sfvwrite_r
 .text          0x0000000000810058        0x0 c:/intelfpga_lite/18.1/nios2eds/bin/gnu/h-x86_64-mingw32/bin/../lib/gcc/nios2-elf/5.3.0/../../../../../H-x86_64-mingw32/nios2-elf/lib\libc.a(lib_a-fwalk.o)
 .text._fwalk   0x0000000000810058       0xc4 c:/intelfpga_lite/18.1/nios2eds/bin/gnu/h-x86_64-mingw32/bin/../lib/gcc/nios2-elf/5.3.0/../../../../../H-x86_64-mingw32/nios2-elf/lib\libc.a(lib_a-fwalk.o)
                0x0000000000810058                _fwalk
 .text._fwalk_reent
                0x000000000081011c       0xc4 c:/intelfpga_lite/18.1/nios2eds/bin/gnu/h-x86_64-mingw32/bin/../lib/gcc/nios2-elf/5.3.0/../../../../../H-x86_64-mingw32/nios2-elf/lib\libc.a(lib_a-fwalk.o)
                0x000000000081011c                _fwalk_reent
 .text          0x00000000008101e0        0x0 c:/intelfpga_lite/18.1/nios2eds/bin/gnu/h-x86_64-mingw32/bin/../lib/gcc/nios2-elf/5.3.0/../../../../../H-x86_64-mingw32/nios2-elf/lib\libc.a(lib_a-int_errno.o)
 .text          0x00000000008101e0        0x0 c:/intelfpga_lite/18.1/nios2eds/bin/gnu/h-x86_64-mingw32/bin/../lib/gcc/nios2-elf/5.3.0/../../../../../H-x86_64-mingw32/nios2-elf/lib\libc.a(lib_a-locale.o)
 .text._setlocale_r
                0x00000000008101e0       0x7c c:/intelfpga_lite/18.1/nios2eds/bin/gnu/h-x86_64-mingw32/bin/../lib/gcc/nios2-elf/5.3.0/../../../../../H-x86_64-mingw32/nios2-elf/lib\libc.a(lib_a-locale.o)
                0x00000000008101e0                _setlocale_r
 .text.__locale_charset
                0x000000000081025c        0xc c:/intelfpga_lite/18.1/nios2eds/bin/gnu/h-x86_64-mingw32/bin/../lib/gcc/nios2-elf/5.3.0/../../../../../H-x86_64-mingw32/nios2-elf/lib\libc.a(lib_a-locale.o)
                0x000000000081025c                __locale_charset
 .text.__locale_mb_cur_max
                0x0000000000810268       0x10 c:/intelfpga_lite/18.1/nios2eds/bin/gnu/h-x86_64-mingw32/bin/../lib/gcc/nios2-elf/5.3.0/../../../../../H-x86_64-mingw32/nios2-elf/lib\libc.a(lib_a-locale.o)
                0x0000000000810268                __locale_mb_cur_max
 .text.__locale_msgcharset
                0x0000000000810278        0xc c:/intelfpga_lite/18.1/nios2eds/bin/gnu/h-x86_64-mingw32/bin/../lib/gcc/nios2-elf/5.3.0/../../../../../H-x86_64-mingw32/nios2-elf/lib\libc.a(lib_a-locale.o)
                0x0000000000810278                __locale_msgcharset
 .text.__locale_cjk_lang
                0x0000000000810284        0x8 c:/intelfpga_lite/18.1/nios2eds/bin/gnu/h-x86_64-mingw32/bin/../lib/gcc/nios2-elf/5.3.0/../../../../../H-x86_64-mingw32/nios2-elf/lib\libc.a(lib_a-locale.o)
                0x0000000000810284                __locale_cjk_lang
 .text._localeconv_r
                0x000000000081028c        0xc c:/intelfpga_lite/18.1/nios2eds/bin/gnu/h-x86_64-mingw32/bin/../lib/gcc/nios2-elf/5.3.0/../../../../../H-x86_64-mingw32/nios2-elf/lib\libc.a(lib_a-locale.o)
                0x000000000081028c                _localeconv_r
 .text.setlocale
                0x0000000000810298       0x18 c:/intelfpga_lite/18.1/nios2eds/bin/gnu/h-x86_64-mingw32/bin/../lib/gcc/nios2-elf/5.3.0/../../../../../H-x86_64-mingw32/nios2-elf/lib\libc.a(lib_a-locale.o)
                0x0000000000810298                setlocale
 .text.localeconv
                0x00000000008102b0        0xc c:/intelfpga_lite/18.1/nios2eds/bin/gnu/h-x86_64-mingw32/bin/../lib/gcc/nios2-elf/5.3.0/../../../../../H-x86_64-mingw32/nios2-elf/lib\libc.a(lib_a-locale.o)
                0x00000000008102b0                localeconv
 .text          0x00000000008102bc        0x0 c:/intelfpga_lite/18.1/nios2eds/bin/gnu/h-x86_64-mingw32/bin/../lib/gcc/nios2-elf/5.3.0/../../../../../H-x86_64-mingw32/nios2-elf/lib\libc.a(lib_a-makebuf.o)
 .text.__smakebuf_r
                0x00000000008102bc      0x1bc c:/intelfpga_lite/18.1/nios2eds/bin/gnu/h-x86_64-mingw32/bin/../lib/gcc/nios2-elf/5.3.0/../../../../../H-x86_64-mingw32/nios2-elf/lib\libc.a(lib_a-makebuf.o)
                0x00000000008102bc                __smakebuf_r
 .text          0x0000000000810478        0x0 c:/intelfpga_lite/18.1/nios2eds/bin/gnu/h-x86_64-mingw32/bin/../lib/gcc/nios2-elf/5.3.0/../../../../../H-x86_64-mingw32/nios2-elf/lib\libc.a(lib_a-memchr.o)
 .text.memchr   0x0000000000810478       0xe4 c:/intelfpga_lite/18.1/nios2eds/bin/gnu/h-x86_64-mingw32/bin/../lib/gcc/nios2-elf/5.3.0/../../../../../H-x86_64-mingw32/nios2-elf/lib\libc.a(lib_a-memchr.o)
                0x0000000000810478                memchr
 .text          0x000000000081055c        0x0 c:/intelfpga_lite/18.1/nios2eds/bin/gnu/h-x86_64-mingw32/bin/../lib/gcc/nios2-elf/5.3.0/../../../../../H-x86_64-mingw32/nios2-elf/lib\libc.a(lib_a-memmove.o)
 .text.memmove  0x000000000081055c      0x15c c:/intelfpga_lite/18.1/nios2eds/bin/gnu/h-x86_64-mingw32/bin/../lib/gcc/nios2-elf/5.3.0/../../../../../H-x86_64-mingw32/nios2-elf/lib\libc.a(lib_a-memmove.o)
                0x000000000081055c                memmove
 .text          0x00000000008106b8        0x0 c:/intelfpga_lite/18.1/nios2eds/bin/gnu/h-x86_64-mingw32/bin/../lib/gcc/nios2-elf/5.3.0/../../../../../H-x86_64-mingw32/nios2-elf/lib\libc.a(lib_a-mprec.o)
 .text._Balloc  0x00000000008106b8       0xa8 c:/intelfpga_lite/18.1/nios2eds/bin/gnu/h-x86_64-mingw32/bin/../lib/gcc/nios2-elf/5.3.0/../../../../../H-x86_64-mingw32/nios2-elf/lib\libc.a(lib_a-mprec.o)
                0x00000000008106b8                _Balloc
 .text._Bfree   0x0000000000810760       0x28 c:/intelfpga_lite/18.1/nios2eds/bin/gnu/h-x86_64-mingw32/bin/../lib/gcc/nios2-elf/5.3.0/../../../../../H-x86_64-mingw32/nios2-elf/lib\libc.a(lib_a-mprec.o)
                0x0000000000810760                _Bfree
 .text.__multadd
                0x0000000000810788      0x120 c:/intelfpga_lite/18.1/nios2eds/bin/gnu/h-x86_64-mingw32/bin/../lib/gcc/nios2-elf/5.3.0/../../../../../H-x86_64-mingw32/nios2-elf/lib\libc.a(lib_a-mprec.o)
                0x0000000000810788                __multadd
 .text.__s2b    0x00000000008108a8      0x104 c:/intelfpga_lite/18.1/nios2eds/bin/gnu/h-x86_64-mingw32/bin/../lib/gcc/nios2-elf/5.3.0/../../../../../H-x86_64-mingw32/nios2-elf/lib\libc.a(lib_a-mprec.o)
                0x00000000008108a8                __s2b
 .text.__hi0bits
                0x00000000008109ac       0x68 c:/intelfpga_lite/18.1/nios2eds/bin/gnu/h-x86_64-mingw32/bin/../lib/gcc/nios2-elf/5.3.0/../../../../../H-x86_64-mingw32/nios2-elf/lib\libc.a(lib_a-mprec.o)
                0x00000000008109ac                __hi0bits
 .text.__lo0bits
                0x0000000000810a14       0xb0 c:/intelfpga_lite/18.1/nios2eds/bin/gnu/h-x86_64-mingw32/bin/../lib/gcc/nios2-elf/5.3.0/../../../../../H-x86_64-mingw32/nios2-elf/lib\libc.a(lib_a-mprec.o)
                0x0000000000810a14                __lo0bits
 .text.__i2b    0x0000000000810ac4       0x3c c:/intelfpga_lite/18.1/nios2eds/bin/gnu/h-x86_64-mingw32/bin/../lib/gcc/nios2-elf/5.3.0/../../../../../H-x86_64-mingw32/nios2-elf/lib\libc.a(lib_a-mprec.o)
                0x0000000000810ac4                __i2b
 .text.__multiply
                0x0000000000810b00      0x1f8 c:/intelfpga_lite/18.1/nios2eds/bin/gnu/h-x86_64-mingw32/bin/../lib/gcc/nios2-elf/5.3.0/../../../../../H-x86_64-mingw32/nios2-elf/lib\libc.a(lib_a-mprec.o)
                0x0000000000810b00                __multiply
 .text.__pow5mult
                0x0000000000810cf8      0x140 c:/intelfpga_lite/18.1/nios2eds/bin/gnu/h-x86_64-mingw32/bin/../lib/gcc/nios2-elf/5.3.0/../../../../../H-x86_64-mingw32/nios2-elf/lib\libc.a(lib_a-mprec.o)
                0x0000000000810cf8                __pow5mult
 .text.__lshift
                0x0000000000810e38      0x148 c:/intelfpga_lite/18.1/nios2eds/bin/gnu/h-x86_64-mingw32/bin/../lib/gcc/nios2-elf/5.3.0/../../../../../H-x86_64-mingw32/nios2-elf/lib\libc.a(lib_a-mprec.o)
                0x0000000000810e38                __lshift
 .text.__mcmp   0x0000000000810f80       0x60 c:/intelfpga_lite/18.1/nios2eds/bin/gnu/h-x86_64-mingw32/bin/../lib/gcc/nios2-elf/5.3.0/../../../../../H-x86_64-mingw32/nios2-elf/lib\libc.a(lib_a-mprec.o)
                0x0000000000810f80                __mcmp
 .text.__mdiff  0x0000000000810fe0      0x1fc c:/intelfpga_lite/18.1/nios2eds/bin/gnu/h-x86_64-mingw32/bin/../lib/gcc/nios2-elf/5.3.0/../../../../../H-x86_64-mingw32/nios2-elf/lib\libc.a(lib_a-mprec.o)
                0x0000000000810fe0                __mdiff
 .text.__ulp    0x00000000008111dc       0x64 c:/intelfpga_lite/18.1/nios2eds/bin/gnu/h-x86_64-mingw32/bin/../lib/gcc/nios2-elf/5.3.0/../../../../../H-x86_64-mingw32/nios2-elf/lib\libc.a(lib_a-mprec.o)
                0x00000000008111dc                __ulp
 .text.__b2d    0x0000000000811240      0x10c c:/intelfpga_lite/18.1/nios2eds/bin/gnu/h-x86_64-mingw32/bin/../lib/gcc/nios2-elf/5.3.0/../../../../../H-x86_64-mingw32/nios2-elf/lib\libc.a(lib_a-mprec.o)
                0x0000000000811240                __b2d
 .text.__d2b    0x000000000081134c      0x14c c:/intelfpga_lite/18.1/nios2eds/bin/gnu/h-x86_64-mingw32/bin/../lib/gcc/nios2-elf/5.3.0/../../../../../H-x86_64-mingw32/nios2-elf/lib\libc.a(lib_a-mprec.o)
                0x000000000081134c                __d2b
 .text.__ratio  0x0000000000811498       0xa4 c:/intelfpga_lite/18.1/nios2eds/bin/gnu/h-x86_64-mingw32/bin/../lib/gcc/nios2-elf/5.3.0/../../../../../H-x86_64-mingw32/nios2-elf/lib\libc.a(lib_a-mprec.o)
                0x0000000000811498                __ratio
 .text._mprec_log10
                0x000000000081153c       0x74 c:/intelfpga_lite/18.1/nios2eds/bin/gnu/h-x86_64-mingw32/bin/../lib/gcc/nios2-elf/5.3.0/../../../../../H-x86_64-mingw32/nios2-elf/lib\libc.a(lib_a-mprec.o)
                0x000000000081153c                _mprec_log10
 .text.__copybits
                0x00000000008115b0       0x78 c:/intelfpga_lite/18.1/nios2eds/bin/gnu/h-x86_64-mingw32/bin/../lib/gcc/nios2-elf/5.3.0/../../../../../H-x86_64-mingw32/nios2-elf/lib\libc.a(lib_a-mprec.o)
                0x00000000008115b0                __copybits
 .text.__any_on
                0x0000000000811628       0x8c c:/intelfpga_lite/18.1/nios2eds/bin/gnu/h-x86_64-mingw32/bin/../lib/gcc/nios2-elf/5.3.0/../../../../../H-x86_64-mingw32/nios2-elf/lib\libc.a(lib_a-mprec.o)
                0x0000000000811628                __any_on
 .text          0x00000000008116b4        0x0 c:/intelfpga_lite/18.1/nios2eds/bin/gnu/h-x86_64-mingw32/bin/../lib/gcc/nios2-elf/5.3.0/../../../../../H-x86_64-mingw32/nios2-elf/lib\libc.a(lib_a-putc.o)
 .text._putc_r  0x00000000008116b4       0xa0 c:/intelfpga_lite/18.1/nios2eds/bin/gnu/h-x86_64-mingw32/bin/../lib/gcc/nios2-elf/5.3.0/../../../../../H-x86_64-mingw32/nios2-elf/lib\libc.a(lib_a-putc.o)
                0x00000000008116b4                _putc_r
 .text.putc     0x0000000000811754       0xc8 c:/intelfpga_lite/18.1/nios2eds/bin/gnu/h-x86_64-mingw32/bin/../lib/gcc/nios2-elf/5.3.0/../../../../../H-x86_64-mingw32/nios2-elf/lib\libc.a(lib_a-putc.o)
                0x0000000000811754                putc
 .text          0x000000000081181c        0x0 c:/intelfpga_lite/18.1/nios2eds/bin/gnu/h-x86_64-mingw32/bin/../lib/gcc/nios2-elf/5.3.0/../../../../../H-x86_64-mingw32/nios2-elf/lib\libc.a(lib_a-reallocr.o)
 .text._realloc_r
                0x000000000081181c      0x564 c:/intelfpga_lite/18.1/nios2eds/bin/gnu/h-x86_64-mingw32/bin/../lib/gcc/nios2-elf/5.3.0/../../../../../H-x86_64-mingw32/nios2-elf/lib\libc.a(lib_a-reallocr.o)
                0x000000000081181c                _realloc_r
 .text          0x0000000000811d80        0x0 c:/intelfpga_lite/18.1/nios2eds/bin/gnu/h-x86_64-mingw32/bin/../lib/gcc/nios2-elf/5.3.0/../../../../../H-x86_64-mingw32/nios2-elf/lib\libc.a(lib_a-s_fpclassify.o)
 .text.__fpclassifyd
                0x0000000000811d80       0x74 c:/intelfpga_lite/18.1/nios2eds/bin/gnu/h-x86_64-mingw32/bin/../lib/gcc/nios2-elf/5.3.0/../../../../../H-x86_64-mingw32/nios2-elf/lib\libc.a(lib_a-s_fpclassify.o)
                0x0000000000811d80                __fpclassifyd
 .text          0x0000000000811df4        0x0 c:/intelfpga_lite/18.1/nios2eds/bin/gnu/h-x86_64-mingw32/bin/../lib/gcc/nios2-elf/5.3.0/../../../../../H-x86_64-mingw32/nios2-elf/lib\libc.a(lib_a-stdio.o)
 .text.__sread  0x0000000000811df4       0x54 c:/intelfpga_lite/18.1/nios2eds/bin/gnu/h-x86_64-mingw32/bin/../lib/gcc/nios2-elf/5.3.0/../../../../../H-x86_64-mingw32/nios2-elf/lib\libc.a(lib_a-stdio.o)
                0x0000000000811df4                __sread
 .text.__seofread
                0x0000000000811e48        0x8 c:/intelfpga_lite/18.1/nios2eds/bin/gnu/h-x86_64-mingw32/bin/../lib/gcc/nios2-elf/5.3.0/../../../../../H-x86_64-mingw32/nios2-elf/lib\libc.a(lib_a-stdio.o)
                0x0000000000811e48                __seofread
 .text.__swrite
                0x0000000000811e50       0x7c c:/intelfpga_lite/18.1/nios2eds/bin/gnu/h-x86_64-mingw32/bin/../lib/gcc/nios2-elf/5.3.0/../../../../../H-x86_64-mingw32/nios2-elf/lib\libc.a(lib_a-stdio.o)
                0x0000000000811e50                __swrite
 .text.__sseek  0x0000000000811ecc       0x5c c:/intelfpga_lite/18.1/nios2eds/bin/gnu/h-x86_64-mingw32/bin/../lib/gcc/nios2-elf/5.3.0/../../../../../H-x86_64-mingw32/nios2-elf/lib\libc.a(lib_a-stdio.o)
                0x0000000000811ecc                __sseek
 .text.__sclose
                0x0000000000811f28        0x8 c:/intelfpga_lite/18.1/nios2eds/bin/gnu/h-x86_64-mingw32/bin/../lib/gcc/nios2-elf/5.3.0/../../../../../H-x86_64-mingw32/nios2-elf/lib\libc.a(lib_a-stdio.o)
                0x0000000000811f28                __sclose
 .text          0x0000000000811f30        0x0 c:/intelfpga_lite/18.1/nios2eds/bin/gnu/h-x86_64-mingw32/bin/../lib/gcc/nios2-elf/5.3.0/../../../../../H-x86_64-mingw32/nios2-elf/lib\libc.a(lib_a-svfiprintf.o)
 .text.__ssprint_r
                0x0000000000811f30      0x1d0 c:/intelfpga_lite/18.1/nios2eds/bin/gnu/h-x86_64-mingw32/bin/../lib/gcc/nios2-elf/5.3.0/../../../../../H-x86_64-mingw32/nios2-elf/lib\libc.a(lib_a-svfiprintf.o)
                0x0000000000811f30                __ssprint_r
 .text.___svfiprintf_internal_r
                0x0000000000812100     0x123c c:/intelfpga_lite/18.1/nios2eds/bin/gnu/h-x86_64-mingw32/bin/../lib/gcc/nios2-elf/5.3.0/../../../../../H-x86_64-mingw32/nios2-elf/lib\libc.a(lib_a-svfiprintf.o)
                0x0000000000812100                ___svfiprintf_internal_r
 .text          0x000000000081333c        0x0 c:/intelfpga_lite/18.1/nios2eds/bin/gnu/h-x86_64-mingw32/bin/../lib/gcc/nios2-elf/5.3.0/../../../../../H-x86_64-mingw32/nios2-elf/lib\libc.a(lib_a-vfiprintf.o)
 .text.__sprint_r.part.0
                0x000000000081333c       0xfc c:/intelfpga_lite/18.1/nios2eds/bin/gnu/h-x86_64-mingw32/bin/../lib/gcc/nios2-elf/5.3.0/../../../../../H-x86_64-mingw32/nios2-elf/lib\libc.a(lib_a-vfiprintf.o)
 .text.__sprint_r
                0x0000000000813438       0x18 c:/intelfpga_lite/18.1/nios2eds/bin/gnu/h-x86_64-mingw32/bin/../lib/gcc/nios2-elf/5.3.0/../../../../../H-x86_64-mingw32/nios2-elf/lib\libc.a(lib_a-vfiprintf.o)
                0x0000000000813438                __sprint_r
 .text.___vfiprintf_internal_r
                0x0000000000813450     0x145c c:/intelfpga_lite/18.1/nios2eds/bin/gnu/h-x86_64-mingw32/bin/../lib/gcc/nios2-elf/5.3.0/../../../../../H-x86_64-mingw32/nios2-elf/lib\libc.a(lib_a-vfiprintf.o)
                0x0000000000813450                ___vfiprintf_internal_r
 .text.__vfiprintf_internal
                0x00000000008148ac       0x1c c:/intelfpga_lite/18.1/nios2eds/bin/gnu/h-x86_64-mingw32/bin/../lib/gcc/nios2-elf/5.3.0/../../../../../H-x86_64-mingw32/nios2-elf/lib\libc.a(lib_a-vfiprintf.o)
                0x00000000008148ac                __vfiprintf_internal
 .text.__sbprintf
                0x00000000008148c8       0xbc c:/intelfpga_lite/18.1/nios2eds/bin/gnu/h-x86_64-mingw32/bin/../lib/gcc/nios2-elf/5.3.0/../../../../../H-x86_64-mingw32/nios2-elf/lib\libc.a(lib_a-vfiprintf.o)
 .text          0x0000000000814984        0x0 c:/intelfpga_lite/18.1/nios2eds/bin/gnu/h-x86_64-mingw32/bin/../lib/gcc/nios2-elf/5.3.0/../../../../../H-x86_64-mingw32/nios2-elf/lib\libc.a(lib_a-wbuf.o)
 .text.__swbuf_r
                0x0000000000814984      0x140 c:/intelfpga_lite/18.1/nios2eds/bin/gnu/h-x86_64-mingw32/bin/../lib/gcc/nios2-elf/5.3.0/../../../../../H-x86_64-mingw32/nios2-elf/lib\libc.a(lib_a-wbuf.o)
                0x0000000000814984                __swbuf_r
 .text.__swbuf  0x0000000000814ac4       0x18 c:/intelfpga_lite/18.1/nios2eds/bin/gnu/h-x86_64-mingw32/bin/../lib/gcc/nios2-elf/5.3.0/../../../../../H-x86_64-mingw32/nios2-elf/lib\libc.a(lib_a-wbuf.o)
                0x0000000000814ac4                __swbuf
 .text          0x0000000000814adc        0x0 c:/intelfpga_lite/18.1/nios2eds/bin/gnu/h-x86_64-mingw32/bin/../lib/gcc/nios2-elf/5.3.0/../../../../../H-x86_64-mingw32/nios2-elf/lib\libc.a(lib_a-writer.o)
 .text._write_r
                0x0000000000814adc       0x60 c:/intelfpga_lite/18.1/nios2eds/bin/gnu/h-x86_64-mingw32/bin/../lib/gcc/nios2-elf/5.3.0/../../../../../H-x86_64-mingw32/nios2-elf/lib\libc.a(lib_a-writer.o)
                0x0000000000814adc                _write_r
 .text          0x0000000000814b3c        0x0 c:/intelfpga_lite/18.1/nios2eds/bin/gnu/h-x86_64-mingw32/bin/../lib/gcc/nios2-elf/5.3.0/../../../../../H-x86_64-mingw32/nios2-elf/lib\libc.a(closer.o)
 .text._close_r
                0x0000000000814b3c       0x54 c:/intelfpga_lite/18.1/nios2eds/bin/gnu/h-x86_64-mingw32/bin/../lib/gcc/nios2-elf/5.3.0/../../../../../H-x86_64-mingw32/nios2-elf/lib\libc.a(closer.o)
                0x0000000000814b3c                _close_r
 .text          0x0000000000814b90        0x0 c:/intelfpga_lite/18.1/nios2eds/bin/gnu/h-x86_64-mingw32/bin/../lib/gcc/nios2-elf/5.3.0/../../../../../H-x86_64-mingw32/nios2-elf/lib\libc.a(lib_a-fclose.o)
 .text._fclose_r
                0x0000000000814b90       0xf0 c:/intelfpga_lite/18.1/nios2eds/bin/gnu/h-x86_64-mingw32/bin/../lib/gcc/nios2-elf/5.3.0/../../../../../H-x86_64-mingw32/nios2-elf/lib\libc.a(lib_a-fclose.o)
                0x0000000000814b90                _fclose_r
 .text.fclose   0x0000000000814c80       0x14 c:/intelfpga_lite/18.1/nios2eds/bin/gnu/h-x86_64-mingw32/bin/../lib/gcc/nios2-elf/5.3.0/../../../../../H-x86_64-mingw32/nios2-elf/lib\libc.a(lib_a-fclose.o)
                0x0000000000814c80                fclose
 .text          0x0000000000814c94        0x0 c:/intelfpga_lite/18.1/nios2eds/bin/gnu/h-x86_64-mingw32/bin/../lib/gcc/nios2-elf/5.3.0/../../../../../H-x86_64-mingw32/nios2-elf/lib\libc.a(lib_a-fputwc.o)
 .text.__fputwc
                0x0000000000814c94      0x164 c:/intelfpga_lite/18.1/nios2eds/bin/gnu/h-x86_64-mingw32/bin/../lib/gcc/nios2-elf/5.3.0/../../../../../H-x86_64-mingw32/nios2-elf/lib\libc.a(lib_a-fputwc.o)
                0x0000000000814c94                __fputwc
 .text._fputwc_r
                0x0000000000814df8       0x24 c:/intelfpga_lite/18.1/nios2eds/bin/gnu/h-x86_64-mingw32/bin/../lib/gcc/nios2-elf/5.3.0/../../../../../H-x86_64-mingw32/nios2-elf/lib\libc.a(lib_a-fputwc.o)
                0x0000000000814df8                _fputwc_r
 .text.fputwc   0x0000000000814e1c       0x80 c:/intelfpga_lite/18.1/nios2eds/bin/gnu/h-x86_64-mingw32/bin/../lib/gcc/nios2-elf/5.3.0/../../../../../H-x86_64-mingw32/nios2-elf/lib\libc.a(lib_a-fputwc.o)
                0x0000000000814e1c                fputwc
 .text          0x0000000000814e9c        0x0 c:/intelfpga_lite/18.1/nios2eds/bin/gnu/h-x86_64-mingw32/bin/../lib/gcc/nios2-elf/5.3.0/../../../../../H-x86_64-mingw32/nios2-elf/lib\libc.a(lib_a-fstatr.o)
 .text._fstat_r
                0x0000000000814e9c       0x5c c:/intelfpga_lite/18.1/nios2eds/bin/gnu/h-x86_64-mingw32/bin/../lib/gcc/nios2-elf/5.3.0/../../../../../H-x86_64-mingw32/nios2-elf/lib\libc.a(lib_a-fstatr.o)
                0x0000000000814e9c                _fstat_r
 .text          0x0000000000814ef8        0x0 c:/intelfpga_lite/18.1/nios2eds/bin/gnu/h-x86_64-mingw32/bin/../lib/gcc/nios2-elf/5.3.0/../../../../../H-x86_64-mingw32/nios2-elf/lib\libc.a(lib_a-isattyr.o)
 .text._isatty_r
                0x0000000000814ef8       0x54 c:/intelfpga_lite/18.1/nios2eds/bin/gnu/h-x86_64-mingw32/bin/../lib/gcc/nios2-elf/5.3.0/../../../../../H-x86_64-mingw32/nios2-elf/lib\libc.a(lib_a-isattyr.o)
                0x0000000000814ef8                _isatty_r
 .text          0x0000000000814f4c        0x0 c:/intelfpga_lite/18.1/nios2eds/bin/gnu/h-x86_64-mingw32/bin/../lib/gcc/nios2-elf/5.3.0/../../../../../H-x86_64-mingw32/nios2-elf/lib\libc.a(lib_a-lseekr.o)
 .text._lseek_r
                0x0000000000814f4c       0x60 c:/intelfpga_lite/18.1/nios2eds/bin/gnu/h-x86_64-mingw32/bin/../lib/gcc/nios2-elf/5.3.0/../../../../../H-x86_64-mingw32/nios2-elf/lib\libc.a(lib_a-lseekr.o)
                0x0000000000814f4c                _lseek_r
 .text          0x0000000000814fac        0x0 c:/intelfpga_lite/18.1/nios2eds/bin/gnu/h-x86_64-mingw32/bin/../lib/gcc/nios2-elf/5.3.0/../../../../../H-x86_64-mingw32/nios2-elf/lib\libc.a(lib_a-readr.o)
 .text._read_r  0x0000000000814fac       0x60 c:/intelfpga_lite/18.1/nios2eds/bin/gnu/h-x86_64-mingw32/bin/../lib/gcc/nios2-elf/5.3.0/../../../../../H-x86_64-mingw32/nios2-elf/lib\libc.a(lib_a-readr.o)
                0x0000000000814fac                _read_r
 .text          0x000000000081500c        0x0 c:/intelfpga_lite/18.1/nios2eds/bin/gnu/h-x86_64-mingw32/bin/../lib/gcc/nios2-elf/5.3.0/../../../../../H-x86_64-mingw32/nios2-elf/lib\libc.a(lib_a-wcrtomb.o)
 .text._wcrtomb_r
                0x000000000081500c       0x9c c:/intelfpga_lite/18.1/nios2eds/bin/gnu/h-x86_64-mingw32/bin/../lib/gcc/nios2-elf/5.3.0/../../../../../H-x86_64-mingw32/nios2-elf/lib\libc.a(lib_a-wcrtomb.o)
                0x000000000081500c                _wcrtomb_r
 .text.wcrtomb  0x00000000008150a8       0xc0 c:/intelfpga_lite/18.1/nios2eds/bin/gnu/h-x86_64-mingw32/bin/../lib/gcc/nios2-elf/5.3.0/../../../../../H-x86_64-mingw32/nios2-elf/lib\libc.a(lib_a-wcrtomb.o)
                0x00000000008150a8                wcrtomb
 .text          0x0000000000815168        0x0 c:/intelfpga_lite/18.1/nios2eds/bin/gnu/h-x86_64-mingw32/bin/../lib/gcc/nios2-elf/5.3.0/../../../../../H-x86_64-mingw32/nios2-elf/lib\libc.a(lib_a-wctomb_r.o)
 .text.__ascii_wctomb
                0x0000000000815168       0x30 c:/intelfpga_lite/18.1/nios2eds/bin/gnu/h-x86_64-mingw32/bin/../lib/gcc/nios2-elf/5.3.0/../../../../../H-x86_64-mingw32/nios2-elf/lib\libc.a(lib_a-wctomb_r.o)
                0x0000000000815168                __ascii_wctomb
 .text._wctomb_r
                0x0000000000815198       0x5c c:/intelfpga_lite/18.1/nios2eds/bin/gnu/h-x86_64-mingw32/bin/../lib/gcc/nios2-elf/5.3.0/../../../../../H-x86_64-mingw32/nios2-elf/lib\libc.a(lib_a-wctomb_r.o)
                0x0000000000815198                _wctomb_r
 .text          0x00000000008151f4      0x578 c:/intelfpga_lite/18.1/nios2eds/bin/gnu/h-x86_64-mingw32/bin/../lib/gcc/nios2-elf/5.3.0\libgcc.a(_udivdi3.o)
                0x00000000008151f4                __udivdi3
 .text          0x000000000081576c      0x538 c:/intelfpga_lite/18.1/nios2eds/bin/gnu/h-x86_64-mingw32/bin/../lib/gcc/nios2-elf/5.3.0\libgcc.a(_umoddi3.o)
                0x000000000081576c                __umoddi3
 .text          0x0000000000815ca4       0x88 c:/intelfpga_lite/18.1/nios2eds/bin/gnu/h-x86_64-mingw32/bin/../lib/gcc/nios2-elf/5.3.0\libgcc.a(eqdf2.o)
                0x0000000000815ca4                __nedf2
                0x0000000000815ca4                __eqdf2
 .text          0x0000000000815d2c       0xdc c:/intelfpga_lite/18.1/nios2eds/bin/gnu/h-x86_64-mingw32/bin/../lib/gcc/nios2-elf/5.3.0\libgcc.a(gedf2.o)
                0x0000000000815d2c                __gedf2
                0x0000000000815d2c                __gtdf2
 .text          0x0000000000815e08       0xf4 c:/intelfpga_lite/18.1/nios2eds/bin/gnu/h-x86_64-mingw32/bin/../lib/gcc/nios2-elf/5.3.0\libgcc.a(ledf2.o)
                0x0000000000815e08                __ledf2
                0x0000000000815e08                __ltdf2
 .text          0x0000000000815efc      0x8fc c:/intelfpga_lite/18.1/nios2eds/bin/gnu/h-x86_64-mingw32/bin/../lib/gcc/nios2-elf/5.3.0\libgcc.a(subdf3.o)
                0x0000000000815efc                __subdf3
 .text          0x00000000008167f8       0x80 c:/intelfpga_lite/18.1/nios2eds/bin/gnu/h-x86_64-mingw32/bin/../lib/gcc/nios2-elf/5.3.0\libgcc.a(fixdfsi.o)
                0x00000000008167f8                __fixdfsi
 .text          0x0000000000816878       0xec ../candy_avb_sss_bsp/\libucosii_bsp.a(alt_fstat.o)
                0x00000000008168b4                fstat
 .text          0x0000000000816964       0xe0 ../candy_avb_sss_bsp/\libucosii_bsp.a(alt_isatty.o)
                0x00000000008169a0                isatty
 .text          0x0000000000816a44      0x110 ../candy_avb_sss_bsp/\libucosii_bsp.a(alt_lseek.o)
                0x0000000000816a80                lseek
 .text          0x0000000000816b54       0xbc ../candy_avb_sss_bsp/\libucosii_bsp.a(alt_main.o)
                0x0000000000816b54                alt_main
 .text          0x0000000000816c10       0xb0 ../candy_avb_sss_bsp/\libucosii_bsp.a(alt_sbrk.o)
                0x0000000000816c10                sbrk
 .text          0x0000000000816cc0      0x114 ../candy_avb_sss_bsp/\libucosii_bsp.a(alt_usleep.o)
                0x0000000000816cc0                usleep
 .text          0x0000000000816dd4      0x124 ../candy_avb_sss_bsp/\libucosii_bsp.a(alt_env_lock.o)
                0x0000000000816dd4                __env_lock
                0x0000000000816e98                __env_unlock
 .text          0x0000000000816ef8      0x1ec ../candy_avb_sss_bsp/\libucosii_bsp.a(alt_malloc_lock.o)
                0x0000000000816ef8                __malloc_lock
                0x0000000000817018                __malloc_unlock
 .text          0x00000000008170e4     0x2014 ../candy_avb_sss_bsp/\libucosii_bsp.a(os_core.o)
                0x00000000008170e4                OSEventNameGet
                0x0000000000817204                OSEventNameSet
                0x0000000000817344                OSEventPendMulti
                0x0000000000817954                OSInit
                0x00000000008179ac                OSIntEnter
                0x00000000008179f8                OSIntExit
                0x0000000000817af0                OSSchedLock
                0x0000000000817b7c                OSSchedUnlock
                0x0000000000817c58                OSStart
                0x0000000000817cc8                OSStatInit
                0x0000000000817d78                OSTimeTick
                0x0000000000817f98                OSVersion
                0x0000000000817fb8                OS_Dummy
                0x0000000000817fd8                OS_EventTaskRdy
                0x0000000000818170                OS_EventTaskWait
                0x0000000000818280                OS_EventTaskWaitMulti
                0x00000000008183d0                OS_EventTaskRemove
                0x0000000000818488                OS_EventTaskRemoveMulti
                0x0000000000818588                OS_EventWaitListInit
                0x0000000000818968                OS_MemClr
                0x00000000008189bc                OS_MemCopy
                0x0000000000818a24                OS_Sched
                0x0000000000818b68                OS_StrCopy
                0x0000000000818bdc                OS_StrLen
                0x0000000000818c30                OS_TaskIdle
                0x0000000000818c8c                OS_TaskStat
                0x0000000000818d58                OS_TaskStatStkChk
                0x0000000000818e24                OS_TCBInit
 .text          0x00000000008190f8      0x190 ../candy_avb_sss_bsp/\libucosii_bsp.a(os_dbg.o)
                0x00000000008190f8                OSDebugInit
 .text          0x0000000000819288     0x1714 ../candy_avb_sss_bsp/\libucosii_bsp.a(os_flag.o)
                0x0000000000819288                OSFlagAccept
                0x0000000000819590                OSFlagCreate
                0x0000000000819698                OSFlagDel
                0x00000000008198e0                OSFlagNameGet
                0x0000000000819a08                OSFlagNameSet
                0x0000000000819b54                OSFlagPend
                0x000000000081a10c                OSFlagPendGetFlagsRdy
                0x000000000081a16c                OSFlagPost
                0x000000000081a500                OSFlagQuery
                0x000000000081a724                OS_FlagInit
                0x000000000081a8f8                OS_FlagUnlink
 .text          0x000000000081a99c      0x754 ../candy_avb_sss_bsp/\libucosii_bsp.a(os_mem.o)
                0x000000000081a99c                OSMemCreate
                0x000000000081ab70                OSMemGet
                0x000000000081ac60                OSMemNameGet
                0x000000000081ad50                OSMemNameSet
                0x000000000081ae64                OSMemPut
                0x000000000081af3c                OSMemQuery
                0x000000000081b024                OS_MemInit
 .text          0x000000000081b0f0     0x1104 ../candy_avb_sss_bsp/\libucosii_bsp.a(os_q.o)
                0x000000000081b0f0                OSQAccept
                0x000000000081b230                OSQCreate
                0x000000000081b3dc                OSQDel
                0x000000000081b65c                OSQFlush
                0x000000000081b714                OSQPend
                0x000000000081b9a0                OSQPendAbort
                0x000000000081bb0c                OSQPost
                0x000000000081bc74                OSQPostFront
                0x000000000081bde4                OSQPostOpt
                0x000000000081bff0                OSQQuery
                0x000000000081c14c                OS_QInit
 .text          0x000000000081c1f4      0xa60 ../candy_avb_sss_bsp/\libucosii_bsp.a(os_sem.o)
                0x000000000081c1f4                OSSemAccept
                0x000000000081c2a4                OSSemCreate
                0x000000000081c37c                OSSemDel
                0x000000000081c5bc                OSSemPend
                0x000000000081c7c8                OSSemPendAbort
                0x000000000081c934                OSSemPost
                0x000000000081ca44                OSSemQuery
                0x000000000081cb54                OSSemSet
 .text          0x000000000081cc54     0x176c ../candy_avb_sss_bsp/\libucosii_bsp.a(os_task.o)
                0x000000000081cc54                OSTaskChangePrio
                0x000000000081d144                OSTaskCreate
                0x000000000081d2f0                OSTaskCreateExt
                0x000000000081d4d4                OSTaskDel
                0x000000000081d818                OSTaskDelReq
                0x000000000081d968                OSTaskNameGet
                0x000000000081db00                OSTaskNameSet
                0x000000000081dcb4                OSTaskResume
                0x000000000081de88                OSTaskStkChk
                0x000000000081e048                OSTaskSuspend
                0x000000000081e22c                OSTaskQuery
                0x000000000081e350                OS_TaskStkClr
 .text          0x000000000081e3c0      0x4e8 ../candy_avb_sss_bsp/\libucosii_bsp.a(os_time.o)
                0x000000000081e3c0                OSTimeDly
                0x000000000081e4c4                OSTimeDlyHMSM
                0x000000000081e618                OSTimeDlyResume
                0x000000000081e7ec                OSTimeGet
                0x000000000081e848                OSTimeSet
 .text          0x000000000081e8a8      0x300 ../candy_avb_sss_bsp/\libucosii_bsp.a(alt_sys_init.o)
                0x000000000081e8dc                alt_irq_init
                0x000000000081e914                alt_sys_init
 .text          0x000000000081eba8      0x164 ../candy_avb_sss_bsp/\libucosii_bsp.a(altera_avalon_jtag_uart_fd.o)
                0x000000000081eba8                altera_avalon_jtag_uart_read_fd
                0x000000000081ec08                altera_avalon_jtag_uart_write_fd
                0x000000000081ec68                altera_avalon_jtag_uart_close_fd
                0x000000000081ecb8                altera_avalon_jtag_uart_ioctl_fd
 .text          0x000000000081ed0c      0x558 ../candy_avb_sss_bsp/\libucosii_bsp.a(altera_avalon_jtag_uart_init.o)
                0x000000000081ed0c                altera_avalon_jtag_uart_init
                0x000000000081f1fc                altera_avalon_jtag_uart_close
 .text          0x000000000081f264       0xf0 ../candy_avb_sss_bsp/\libucosii_bsp.a(altera_avalon_jtag_uart_ioctl.o)
                0x000000000081f264                altera_avalon_jtag_uart_ioctl
 .text          0x000000000081f354      0x2bc ../candy_avb_sss_bsp/\libucosii_bsp.a(altera_avalon_jtag_uart_read.o)
                0x000000000081f354                altera_avalon_jtag_uart_read
 .text          0x000000000081f610      0x2c4 ../candy_avb_sss_bsp/\libucosii_bsp.a(altera_avalon_jtag_uart_write.o)
                0x000000000081f610                altera_avalon_jtag_uart_write
 .text          0x000000000081f8d4       0xf4 ../candy_avb_sss_bsp/\libucosii_bsp.a(altera_avalon_timer_sc.o)
                0x000000000081f94c                alt_avalon_timer_sc_init
 .text          0x000000000081f9c8      0x110 ../candy_avb_sss_bsp/\libucosii_bsp.a(altera_avalon_uart_fd.o)
                0x000000000081f9c8                altera_avalon_uart_read_fd
                0x000000000081fa28                altera_avalon_uart_write_fd
                0x000000000081fa88                altera_avalon_uart_close_fd
 .text          0x000000000081fad8      0x52c ../candy_avb_sss_bsp/\libucosii_bsp.a(altera_avalon_uart_init.o)
                0x000000000081fad8                altera_avalon_uart_init
                0x000000000081ffb0                altera_avalon_uart_close
 .text          0x0000000000820004      0x2a4 ../candy_avb_sss_bsp/\libucosii_bsp.a(altera_avalon_uart_read.o)
                0x0000000000820040                altera_avalon_uart_read
 .text          0x00000000008202a8      0x274 ../candy_avb_sss_bsp/\libucosii_bsp.a(altera_avalon_uart_write.o)
                0x00000000008202e4                altera_avalon_uart_write
 .text          0x000000000082051c      0x56c ../candy_avb_sss_bsp/\libucosii_bsp.a(altera_modular_adc.o)
                0x00000000008205c4                alt_adc_word_read
                0x0000000000820670                altera_modular_adc_init
                0x00000000008206e4                alt_adc_register_callback
                0x000000000082077c                altera_modular_adc_open
                0x00000000008207bc                adc_stop
                0x000000000082080c                adc_start
                0x0000000000820844                adc_set_mode_run_once
                0x0000000000820884                adc_set_mode_run_continuously
                0x00000000008208c0                adc_recalibrate
                0x000000000082093c                adc_interrupt_enable
                0x0000000000820980                adc_interrupt_disable
                0x00000000008209c8                adc_clear_interrupt_status
                0x0000000000820a0c                adc_interrupt_asserted
                0x0000000000820a4c                adc_wait_for_interrupt
 .text          0x0000000000820a88     0x2120 ../candy_avb_sss_bsp/\libucosii_bsp.a(altera_msgdma.o)
                0x0000000000821720                alt_msgdma_construct_standard_st_to_mm_descriptor
                0x0000000000821778                alt_msgdma_construct_standard_mm_to_st_descriptor
                0x00000000008217d0                alt_msgdma_construct_standard_mm_to_mm_descriptor
                0x0000000000821828                alt_msgdma_construct_extended_st_to_mm_descriptor
                0x00000000008218b8                alt_msgdma_construct_extended_mm_to_st_descriptor
                0x0000000000821948                alt_msgdma_construct_extended_mm_to_mm_descriptor
                0x0000000000821c28                alt_msgdma_construct_prefetcher_standard_mm_to_mm_descriptor
                0x0000000000821c80                alt_msgdma_construct_prefetcher_standard_st_to_mm_descriptor
                0x0000000000821cd8                alt_msgdma_construct_prefetcher_standard_mm_to_st_descriptor
                0x0000000000821d30                alt_msgdma_construct_prefetcher_extended_st_to_mm_descriptor
                0x0000000000821dd0                alt_msgdma_construct_prefetcher_extended_mm_to_st_descriptor
                0x0000000000821e68                alt_msgdma_construct_prefetcher_extended_mm_to_mm_descriptor
                0x0000000000821f20                alt_msgdma_prefetcher_add_standard_desc_to_list
                0x0000000000822010                alt_msgdma_prefetcher_add_extended_desc_to_list
                0x00000000008221a8                alt_msgdma_prefetcher_set_std_list_own_by_hw_bits
                0x00000000008222b4                alt_msgdma_prefetcher_set_extd_list_own_by_hw_bits
                0x00000000008223f8                alt_msgdma_start_prefetcher_with_list_addr
                0x0000000000822708                alt_msgdma_start_prefetcher_with_std_desc_list
                0x00000000008227b4                alt_msgdma_start_prefetcher_with_extd_desc_list
                0x0000000000822860                alt_msgdma_open
                0x00000000008228b8                alt_msgdma_init
                0x0000000000822a64                alt_msgdma_register_callback
                0x0000000000822ab8                alt_msgdma_standard_descriptor_async_transfer
                0x0000000000822af4                alt_msgdma_extended_descriptor_async_transfer
                0x0000000000822b30                alt_msgdma_standard_descriptor_sync_transfer
                0x0000000000822b6c                alt_msgdma_extended_descriptor_sync_transfer
 .text          0x0000000000822ba8      0xf40 ../candy_avb_sss_bsp/\libucosii_bsp.a(altera_onchip_flash.o)
                0x0000000000822bdc                alt_onchip_flash_read
                0x0000000000822ca8                alt_onchip_flash_get_info
                0x0000000000822d44                alt_onchip_flash_erase_block
                0x0000000000822eac                alt_onchip_flash_write_block
                0x0000000000823184                alt_onchip_flash_write
                0x000000000082345c                altera_onchip_flash_init
                0x0000000000823938                alt_onchip_flash_poll_for_status_to_go_idle
                0x00000000008239c8                alt_onchip_flash_poll_for_status_erase_passed
                0x0000000000823a58                alt_onchip_flash_poll_for_status_write_passed
 .text          0x0000000000823ae8     0x1bec ../candy_avb_sss_bsp/\libucosii_bsp.a(ins_tse_mac.o)
                0x0000000000823ae8                altera_eth_tse_init
                0x0000000000823c38                prep_tse_mac
                0x0000000000823e8c                msgdma_reset
                0x0000000000823f08                tse_mac_init
                0x0000000000824b20                tse_msgdma_write_init
                0x0000000000824c40                tse_mac_raw_send
                0x0000000000824e08                tse_msgdmaRx_isr
                0x0000000000824fbc                tse_msgdmaTx_isr
                0x000000000082501c                tse_msgdma_read_init
                0x00000000008252f8                allocate_rx_descriptor_chain
                0x000000000082543c                tse_mac_rcv
                0x0000000000825590                tse_mac_stats
                0x00000000008255d0                tse_mac_close
 .text          0x00000000008256d4       0x48 ../candy_avb_sss_bsp/\libucosii_bsp.a(alt_iniche_close.o)
                0x00000000008256d4                close
 .text          0x000000000082571c      0x148 ../candy_avb_sss_bsp/\libucosii_bsp.a(alt_iniche_dev.o)
                0x000000000082571c                iniche_devices_init
 .text          0x0000000000825864       0x70 ../candy_avb_sss_bsp/\libucosii_bsp.a(alt_iniche_read.o)
                0x0000000000825864                read
 .text          0x00000000008258d4       0x68 ../candy_avb_sss_bsp/\libucosii_bsp.a(alt_iniche_write.o)
                0x00000000008258d4                write
 .text          0x000000000082593c      0xde4 ../candy_avb_sss_bsp/\libucosii_bsp.a(ipnet.o)
                0x000000000082593c                Netinit
                0x0000000000825f24                fixup_subnet_mask
                0x000000000082607c                netclose
                0x0000000000826160                pktdemux
                0x0000000000826504                c_older
                0x0000000000826594                ip2mac
 .text          0x0000000000826720      0x468 ../candy_avb_sss_bsp/\libucosii_bsp.a(ipstart.o)
                0x0000000000826720                ip_startup
                0x00000000008269c4                exit_hook
                0x0000000000826a34                ip_exit
                0x0000000000826b04                if_netnumber
 .text          0x0000000000826b88      0xfa0 ../candy_avb_sss_bsp/\libucosii_bsp.a(igmp_cmn.o)
                0x0000000000826b88                igmp_init
                0x0000000000826c2c                igmp_input
                0x0000000000826d0c                igmp_fasttimo
                0x0000000000826e84                igmp_send
                0x0000000000827120                igmp_joingroup
                0x0000000000827374                igmp_leavegroup
                0x00000000008273f4                igmp_validate
                0x000000000082770c                igmp_print_stats
 .text          0x0000000000827b28      0xa88 ../candy_avb_sss_bsp/\libucosii_bsp.a(bsdsock.o)
                0x0000000000827b28                bsd_accept
                0x0000000000827c4c                bsd_getpeername
                0x0000000000827d70                bsd_getsockname
                0x0000000000827e94                bsd_i_sockoptlen
                0x0000000000827fd0                bsd_getsockopt
                0x00000000008280dc                bsd_ioctl
                0x00000000008281d0                bsd_inet_ntoa
                0x0000000000828204                bsd_recvfrom
                0x000000000082834c                bsd_select
                0x00000000008284d0                bsd_setsockopt
 .text          0x00000000008285b0       0xf8 ../candy_avb_sss_bsp/\libucosii_bsp.a(cksum.o)
                0x00000000008285b0                ccksum
                0x0000000000828654                cksum
 .text          0x00000000008286a8      0xa50 ../candy_avb_sss_bsp/\libucosii_bsp.a(in_utils.o)
                0x00000000008286a8                do_trap
                0x00000000008286d4                nextarg
                0x0000000000828750                hexdump
                0x0000000000828894                print_ipad
                0x0000000000828910                print_uptime
                0x0000000000828a50                panic
                0x0000000000828a98                print_eth
                0x0000000000828bec                uslash
                0x0000000000828c68                ns_printf
                0x0000000000828dd8                std_out
                0x0000000000828e1c                con_page
                0x0000000000828ef4                parse_args
 .text          0x00000000008290f8      0x1a0 ../candy_avb_sss_bsp/\libucosii_bsp.a(netmain.o)
                0x00000000008290f8                netmain
                0x00000000008291d8                tk_netmain
                0x0000000000829250                tk_nettick
 .text          0x0000000000829298      0x5b4 ../candy_avb_sss_bsp/\libucosii_bsp.a(tk_crnos.o)
                0x0000000000829298                TK_OSTimeDly
                0x00000000008292c8                TK_OSTaskResume
                0x000000000082933c                tcp_sleep
                0x00000000008294b0                tcp_wakeup
                0x00000000008295a8                TK_OSTaskQuery
                0x0000000000829614                tk_yield
                0x0000000000829644                tk_stats
 .text          0x000000000082984c     0x2c28 ../candy_avb_sss_bsp/\libucosii_bsp.a(dhcpclnt.o)
                0x000000000082984c                dhc_get_srv_ipaddr
                0x00000000008298d4                dhc_init
                0x0000000000829984                dhc_set_callback
                0x00000000008299cc                dhc_upcall
                0x000000000082a17c                dhc_buildheader
                0x000000000082a360                dhc_discover
                0x000000000082a808                dhc_rx_offer
                0x000000000082a8ec                dhc_request
                0x000000000082b370                dhc_setip
                0x000000000082b5ec                dhc_resetip
                0x000000000082b6d0                dhc_decline
                0x000000000082b884                dhc_extract_opts
                0x000000000082baf4                dhc_second
                0x000000000082c044                dhc_halt
                0x000000000082c0c4                dhc_reclaim
                0x000000000082c27c                dhc_state_init
                0x000000000082c2d4                dhc_alldone
                0x000000000082c35c                dhc_ifacedone
                0x000000000082c3c4                dhc_set_state
 .text          0x000000000082c474       0xc0 ../candy_avb_sss_bsp/\libucosii_bsp.a(dhcputil.o)
                0x000000000082c474                find_opt
 .text          0x000000000082c534      0x774 ../candy_avb_sss_bsp/\libucosii_bsp.a(pktalloc.o)
                0x000000000082c534                pk_init
                0x000000000082c7d0                pk_alloc
                0x000000000082c894                pk_validate
                0x000000000082cb20                pk_free
                0x000000000082cbcc                pk_get_max_intrsafe_buf_len
                0x000000000082cbec                dump_buf_estats
 .text          0x000000000082cca8      0x268 ../candy_avb_sss_bsp/\libucosii_bsp.a(q.o)
                0x000000000082cca8                getq
                0x000000000082cd60                putq
                0x000000000082ce10                qdel
 .text          0x000000000082cf10      0x2d4 ../candy_avb_sss_bsp/\libucosii_bsp.a(udp_open.o)
                0x000000000082cf10                udp_open
                0x000000000082d10c                udp_close
 .text          0x000000000082d1e4      0x194 ../candy_avb_sss_bsp/\libucosii_bsp.a(asm_cksum.o)
                0x000000000082d1e4                asm_cksum
 .text          0x000000000082d378      0x27c ../candy_avb_sss_bsp/\libucosii_bsp.a(brdutils.o)
                0x000000000082d378                dtrap
                0x000000000082d3ac                kbhit
                0x000000000082d440                getch
                0x000000000082d49c                clock_init
                0x000000000082d4d4                clock_c
                0x000000000082d4f4                cticks_hook
                0x000000000082d550                irq_Mask
                0x000000000082d5b0                irq_Unmask
 .text          0x000000000082d5f4      0x4d0 ../candy_avb_sss_bsp/\libucosii_bsp.a(osportco.o)
                0x000000000082d5f4                LOCK_NET_RESOURCE
                0x000000000082d6b8                UNLOCK_NET_RESOURCE
                0x000000000082d740                TK_NEWTASK
                0x000000000082d98c                wait_app_sem
                0x000000000082da48                post_app_sem
 .text          0x000000000082dac4      0x574 ../candy_avb_sss_bsp/\libucosii_bsp.a(targnios.o)
                0x000000000082dac4                alt_iniche_init
                0x000000000082dcc0                pre_task_setup
                0x000000000082dd0c                post_task_setup
                0x000000000082dd2c                prep_armintcp
                0x000000000082dd64                npalloc_base
                0x000000000082de70                npfree_base
                0x000000000082df50                npalloc
                0x000000000082df84                npfree
                0x000000000082dfc4                ncpalloc
                0x000000000082dff8                ncpfree
 .text          0x000000000082e038     0x181c ../candy_avb_sss_bsp/\libucosii_bsp.a(nptcp.o)
                0x000000000082e038                pffindtype
                0x000000000082e0c8                pffindproto
                0x000000000082e18c                m_getnbuf
                0x000000000082e314                m_free
                0x000000000082e41c                m_freem
                0x000000000082e460                m_copy
                0x000000000082e754                m_adj
                0x000000000082e914                mbuf_len
                0x000000000082e968                dtom
                0x000000000082ea04                remque
                0x000000000082ea74                insque
                0x000000000082eaf0                nptcp_init
                0x000000000082ebe8                tcp_rcv
                0x000000000082edb8                ip_output
                0x000000000082f368                in_broadcast
                0x000000000082f3a0                np_stripoptions
                0x000000000082f494                so_icmpdu
                0x000000000082f7dc                tcp_tick
 .text          0x000000000082f854      0x970 ../candy_avb_sss_bsp/\libucosii_bsp.a(rawsock.o)
                0x000000000082f854                rawip_lookup
                0x000000000082f8b0                rawip_soinput
                0x000000000082fa78                rawip_usrreq
 .text          0x00000000008301c4     0x1654 ../candy_avb_sss_bsp/\libucosii_bsp.a(sockcall.o)
                0x00000000008301c4                DOMAIN_CHECK
                0x0000000000830214                t_socket
                0x0000000000830294                t_bind
                0x00000000008303f8                t_listen
                0x00000000008304d0                t_accept
                0x0000000000830724                t_connect
                0x0000000000830990                t_getpeername
                0x00000000008309d4                t_getsockname
                0x0000000000830bf4                t_setsockopt
                0x0000000000830db4                t_getsockopt
                0x0000000000830f40                t_recv
                0x0000000000831020                t_recvfrom
                0x0000000000831160                t_sendto
                0x0000000000831354                t_send
                0x0000000000831558                t_shutdown
                0x0000000000831630                t_socketclose
                0x0000000000831780                t_errno
 .text          0x0000000000831818     0x2034 ../candy_avb_sss_bsp/\libucosii_bsp.a(socket.o)
                0x0000000000831818                socreate
                0x00000000008319c0                sobind
                0x0000000000831a1c                solisten
                0x0000000000831aec                sofree
                0x0000000000831bfc                soclose
                0x0000000000831eb8                soabort
                0x0000000000831f08                soaccept
                0x0000000000831fa0                soconnect
                0x0000000000832058                sodisconnect
                0x00000000008320f0                sosend
                0x0000000000832648                soreceive
                0x0000000000832d94                soshutdown
                0x0000000000832e2c                sorflush
                0x0000000000832f28                sosetopt
                0x0000000000833358                sogetopt
                0x0000000000833800                sohasoutofband
 .text          0x000000000083384c     0x128c ../candy_avb_sss_bsp/\libucosii_bsp.a(socket2.o)
                0x000000000083384c                soisconnecting
                0x00000000008338bc                soisconnected
                0x00000000008339c0                soisdisconnecting
                0x0000000000833a58                soisdisconnected
                0x0000000000833b1c                sonewconn
                0x0000000000833d1c                soqinsque
                0x0000000000833dc8                soqremque
                0x0000000000833ed0                socantsendmore
                0x0000000000833f28                socantrcvmore
                0x0000000000833f80                sbselqueue
                0x0000000000833fbc                sbwait
                0x0000000000834028                sbwakeup
                0x00000000008340b4                soreserve
                0x000000000083413c                sbreserve
                0x000000000083418c                sbrelease
                0x00000000008341d8                sbappend
                0x0000000000834278                sbappendrecord
                0x0000000000834350                sbappendaddr
                0x000000000083452c                sbcompress
                0x000000000083470c                sbflush
                0x0000000000834790                sbdrop
                0x0000000000834948                sbdropend
                0x0000000000834a48                sbdroprecord
 .text          0x0000000000834ad8      0x87c ../candy_avb_sss_bsp/\libucosii_bsp.a(soselect.o)
                0x0000000000834ad8                t_select
                0x0000000000834ca8                sock_selscan
                0x0000000000834de8                sock_select
                0x0000000000834fcc                in_pcbnotify
                0x0000000000835090                tcp_notify
                0x0000000000835110                ifd_clr
                0x0000000000835200                ifd_set
                0x0000000000835278                ifd_isset
                0x00000000008352f0                ifd_get
 .text          0x0000000000835354     0x2d80 ../candy_avb_sss_bsp/\libucosii_bsp.a(tcp_in.o)
                0x0000000000835354                tcp_reass
                0x0000000000835764                tcp_input
                0x0000000000837a94                tcp_dooptions
                0x0000000000837c1c                tcp_pulloutofband
                0x0000000000837d48                tcp_xmit_timer
                0x0000000000837f94                ip4_tcpmss
                0x0000000000837fdc                tcp_mss
 .text          0x00000000008380d4     0x11cc ../candy_avb_sss_bsp/\libucosii_bsp.a(tcp_out.o)
                0x00000000008380d4                tcp_output
                0x00000000008390d8                tcp_setpersist
 .text          0x00000000008392a0      0x93c ../candy_avb_sss_bsp/\libucosii_bsp.a(tcp_subr.o)
                0x00000000008392a0                tcp_init
                0x00000000008392f4                tcp_template
                0x00000000008393fc                tcp_respond
                0x00000000008397fc                tcp_newtcpcb
                0x0000000000839908                tcp_drop
                0x00000000008399b4                tcp_close
                0x0000000000839aa4                tcp_quench
                0x0000000000839af0                tcp_putseq
                0x0000000000839b68                tcp_getseq
 .text          0x0000000000839bdc      0x750 ../candy_avb_sss_bsp/\libucosii_bsp.a(tcp_timr.o)
                0x0000000000839bdc                tcp_slowtimo
                0x0000000000839e4c                tcp_canceltimers
                0x0000000000839eac                tcp_timers
 .text          0x000000000083a32c      0x988 ../candy_avb_sss_bsp/\libucosii_bsp.a(tcp_usr.o)
                0x000000000083a32c                tcp_usrreq
                0x000000000083aa00                tcp_attach
                0x000000000083ab18                tcp_disconnect
                0x000000000083abe4                tcp_usrclosed
 .text          0x000000000083acb4       0x40 ../candy_avb_sss_bsp/\libucosii_bsp.a(tcpport.o)
                0x000000000083acb4                tcpinit
 .text          0x000000000083acf4      0xbb4 ../candy_avb_sss_bsp/\libucosii_bsp.a(udpsock.o)
                0x000000000083acf4                udp_lookup
                0x000000000083ad50                udp_soinput
                0x000000000083aef0                udp_usrreq
                0x000000000083b12c                udp4_sockbind
                0x000000000083b400                udp4_socksend
                0x000000000083b780                udp4_sockaddr
 .text          0x000000000083b8a8      0x12c ../candy_avb_sss_bsp/\libucosii_bsp.a(alt_alarm_start.o)
                0x000000000083b8a8                alt_alarm_start
 .text          0x000000000083b9d4      0x158 ../candy_avb_sss_bsp/\libucosii_bsp.a(alt_busy_sleep.o)
                0x000000000083b9d4                alt_busy_sleep
 .text          0x000000000083bb2c      0x10c ../candy_avb_sss_bsp/\libucosii_bsp.a(alt_close.o)
                0x000000000083bb68                alt_close
 .text          0x000000000083bc38       0x78 ../candy_avb_sss_bsp/\libucosii_bsp.a(alt_dcache_flush.o)
                0x000000000083bc38                alt_dcache_flush
 .text          0x000000000083bcb0       0x2c ../candy_avb_sss_bsp/\libucosii_bsp.a(alt_dev.o)
 .text          0x000000000083bcdc       0xe0 ../candy_avb_sss_bsp/\libucosii_bsp.a(alt_dev_llist_insert.o)
                0x000000000083bd18                alt_dev_llist_insert