Archive member included to satisfy reference by file (symbol)

c:/intelfpga_lite/18.1/nios2eds/bin/gnu/h-x86_64-mingw32/bin/../lib/gcc/nios2-elf/5.3.0\libgcc.a(_floatdisf.o)
                              obj/default/osc.o (__floatdisf)
c:/intelfpga_lite/18.1/nios2eds/bin/gnu/h-x86_64-mingw32/bin/../lib/gcc/nios2-elf/5.3.0\libgcc.a(addsf3.o)
                              obj/default/osc.o (__addsf3)
c:/intelfpga_lite/18.1/nios2eds/bin/gnu/h-x86_64-mingw32/bin/../lib/gcc/nios2-elf/5.3.0\libgcc.a(mulsf3.o)
                              obj/default/osc.o (__mulsf3)
c:/intelfpga_lite/18.1/nios2eds/bin/gnu/h-x86_64-mingw32/bin/../lib/gcc/nios2-elf/5.3.0\libgcc.a(fixsfsi.o)
                              obj/default/osc.o (__fixsfsi)
c:/intelfpga_lite/18.1/nios2eds/bin/gnu/h-x86_64-mingw32/bin/../lib/gcc/nios2-elf/5.3.0\libgcc.a(floatsisf.o)
                              obj/default/osc.o (__floatsisf)
c:/intelfpga_lite/18.1/nios2eds/bin/gnu/h-x86_64-mingw32/bin/../lib/gcc/nios2-elf/5.3.0\libgcc.a(adddf3.o)
                              obj/default/osc.o (__adddf3)
c:/intelfpga_lite/18.1/nios2eds/bin/gnu/h-x86_64-mingw32/bin/../lib/gcc/nios2-elf/5.3.0\libgcc.a(divdf3.o)
                              obj/default/osc.o (__divdf3)
c:/intelfpga_lite/18.1/nios2eds/bin/gnu/h-x86_64-mingw32/bin/../lib/gcc/nios2-elf/5.3.0\libgcc.a(muldf3.o)
                              obj/default/osc.o (__muldf3)
c:/intelfpga_lite/18.1/nios2eds/bin/gnu/h-x86_64-mingw32/bin/../lib/gcc/nios2-elf/5.3.0\libgcc.a(floatsidf.o)
                              c:/intelfpga_lite/18.1/nios2eds/bin/gnu/h-x86_64-mingw32/bin/../lib/gcc/nios2-elf/5.3.0\libgcc.a(_floatdisf.o) (__floatsidf)
c:/intelfpga_lite/18.1/nios2eds/bin/gnu/h-x86_64-mingw32/bin/../lib/gcc/nios2-elf/5.3.0\libgcc.a(floatunsidf.o)
                              c:/intelfpga_lite/18.1/nios2eds/bin/gnu/h-x86_64-mingw32/bin/../lib/gcc/nios2-elf/5.3.0\libgcc.a(_floatdisf.o) (__floatunsidf)
c:/intelfpga_lite/18.1/nios2eds/bin/gnu/h-x86_64-mingw32/bin/../lib/gcc/nios2-elf/5.3.0\libgcc.a(extendsfdf2.o)
                              obj/default/osc.o (__extendsfdf2)
c:/intelfpga_lite/18.1/nios2eds/bin/gnu/h-x86_64-mingw32/bin/../lib/gcc/nios2-elf/5.3.0\libgcc.a(truncdfsf2.o)
                              obj/default/osc.o (__truncdfsf2)
c:/intelfpga_lite/18.1/nios2eds/bin/gnu/h-x86_64-mingw32/bin/../lib/gcc/nios2-elf/5.3.0\libgcc.a(_clzsi2.o)
                              c:/intelfpga_lite/18.1/nios2eds/bin/gnu/h-x86_64-mingw32/bin/../lib/gcc/nios2-elf/5.3.0\libgcc.a(addsf3.o) (__clzsi2)
c:/intelfpga_lite/18.1/nios2eds/bin/gnu/h-x86_64-mingw32/bin/../lib/gcc/nios2-elf/5.3.0\libgcc.a(lib2-divmod.o)
                              c:/intelfpga_lite/18.1/nios2eds/bin/gnu/h-x86_64-mingw32/bin/../lib/gcc/nios2-elf/5.3.0\libgcc.a(divdf3.o) (__udivsi3)
c:/intelfpga_lite/18.1/nios2eds/bin/gnu/h-x86_64-mingw32/bin/../lib/gcc/nios2-elf/5.3.0\libgcc.a(_clz.o)
                              c:/intelfpga_lite/18.1/nios2eds/bin/gnu/h-x86_64-mingw32/bin/../lib/gcc/nios2-elf/5.3.0\libgcc.a(_clzsi2.o) (__clz_tab)
c:/intelfpga_lite/18.1/nios2eds/bin/gnu/h-x86_64-mingw32/bin/../lib/gcc/nios2-elf/5.3.0/../../../../../H-x86_64-mingw32/nios2-elf/lib\libc.a(lib_a-calloc.o)
                              obj/default/osc.o (calloc)
c:/intelfpga_lite/18.1/nios2eds/bin/gnu/h-x86_64-mingw32/bin/../lib/gcc/nios2-elf/5.3.0/../../../../../H-x86_64-mingw32/nios2-elf/lib\libc.a(lib_a-callocr.o)
                              c:/intelfpga_lite/18.1/nios2eds/bin/gnu/h-x86_64-mingw32/bin/../lib/gcc/nios2-elf/5.3.0/../../../../../H-x86_64-mingw32/nios2-elf/lib\libc.a(lib_a-calloc.o) (_calloc_r)
c:/intelfpga_lite/18.1/nios2eds/bin/gnu/h-x86_64-mingw32/bin/../lib/gcc/nios2-elf/5.3.0/../../../../../H-x86_64-mingw32/nios2-elf/lib\libc.a(lib_a-fprintf.o)
                              obj/default/alt_error_handler.o (fprintf)
c:/intelfpga_lite/18.1/nios2eds/bin/gnu/h-x86_64-mingw32/bin/../lib/gcc/nios2-elf/5.3.0/../../../../../H-x86_64-mingw32/nios2-elf/lib\libc.a(lib_a-fwrite.o)
                              obj/default/alt_error_handler.o (fwrite)
c:/intelfpga_lite/18.1/nios2eds/bin/gnu/h-x86_64-mingw32/bin/../lib/gcc/nios2-elf/5.3.0/../../../../../H-x86_64-mingw32/nios2-elf/lib\libc.a(lib_a-impure.o)
                              obj/default/alt_error_handler.o (_impure_ptr)
c:/intelfpga_lite/18.1/nios2eds/bin/gnu/h-x86_64-mingw32/bin/../lib/gcc/nios2-elf/5.3.0/../../../../../H-x86_64-mingw32/nios2-elf/lib\libc.a(lib_a-malloc.o)
                              obj/default/osc.o (free)
c:/intelfpga_lite/18.1/nios2eds/bin/gnu/h-x86_64-mingw32/bin/../lib/gcc/nios2-elf/5.3.0/../../../../../H-x86_64-mingw32/nios2-elf/lib\libc.a(lib_a-mallocr.o)
                              c:/intelfpga_lite/18.1/nios2eds/bin/gnu/h-x86_64-mingw32/bin/../lib/gcc/nios2-elf/5.3.0/../../../../../H-x86_64-mingw32/nios2-elf/lib\libc.a(lib_a-callocr.o) (_malloc_r)
[...]
Memory Configuration

Name             Origin             Length             Attributes
new_sdram_controller_0_BEFORE_EXCEPTION 0x0000000000800000 0x0000000000000020
new_sdram_controller_0 0x0000000000800020 0x00000000007fffe0
reset            0x0000000001100000 0x0000000000000020
onchip_flash_0_data 0x0000000001100020 0x000000000008bfe0
descriptor_memory 0x0000000001200000 0x0000000000002000
*default*        0x0000000000000000 0xffffffffffffffff

Linker script and memory map

LOAD ../candy_avb_sss_bsp//obj/HAL/src/crt0.o
LOAD obj/default/SigmaStudioFW.o
LOAD obj/default/alt_error_handler.o
LOAD obj/default/iniche_init.o
LOAD obj/default/network_utilities.o
LOAD obj/default/osc.o
LOAD obj/default/osc_server.o
LOAD obj/default/sigmadsp.o
LOAD obj/default/tse_my_system.o
LOAD c:/intelfpga_lite/18.1/nios2eds/bin/gnu/h-x86_64-mingw32/bin/../lib/gcc/nios2-elf/5.3.0/../../../../../H-x86_64-mingw32/nios2-elf/lib\libstdc++.a
LOAD c:/intelfpga_lite/18.1/nios2eds/bin/gnu/h-x86_64-mingw32/bin/../lib/gcc/nios2-elf/5.3.0/../../../../../H-x86_64-mingw32/nios2-elf/lib\libm.a
LOAD c:/intelfpga_lite/18.1/nios2eds/bin/gnu/h-x86_64-mingw32/bin/../lib/gcc/nios2-elf/5.3.0\libgcc.a
START GROUP
LOAD c:/intelfpga_lite/18.1/nios2eds/bin/gnu/h-x86_64-mingw32/bin/../lib/gcc/nios2-elf/5.3.0/../../../../../H-x86_64-mingw32/nios2-elf/lib\libc.a
LOAD c:/intelfpga_lite/18.1/nios2eds/bin/gnu/h-x86_64-mingw32/bin/../lib/gcc/nios2-elf/5.3.0\libgcc.a
LOAD ../candy_avb_sss_bsp/\libucosii_bsp.a
LOAD c:/intelfpga_lite/18.1/nios2eds/bin/gnu/h-x86_64-mingw32/bin/../lib/gcc/nios2-elf/5.3.0/../../../../../H-x86_64-mingw32/nios2-elf/lib\libm.a
END GROUP
LOAD c:/intelfpga_lite/18.1/nios2eds/bin/gnu/h-x86_64-mingw32/bin/../lib/gcc/nios2-elf/5.3.0\libgcc.a
                0x0000000000800000                __alt_mem_new_sdram_controller_0 = 0x800000
                0x0000000001100000                __alt_mem_onchip_flash_0_data = 0x1100000
                0x0000000001200000                __alt_mem_descriptor_memory = 0x1200000

.entry          0x0000000001100000        0x0
 *(.entry)
 .entry         0x0000000001100000        0x0 ../candy_avb_sss_bsp//obj/HAL/src/crt0.o
                0x0000000001100000                __reset

.exceptions     0x0000000000800020      0x224
                [!provide]                        PROVIDE (__ram_exceptions_start, ABSOLUTE (.))
                0x0000000000800020                . = ALIGN (0x20)
 *(.irq)
 *(.exceptions.entry.label)
 .exceptions.entry.label
                0x0000000000800020        0x0 ../candy_avb_sss_bsp/\libucosii_bsp.a(alt_irq_entry.o)
                0x0000000000800020                alt_irq_entry
 .exceptions.entry.label
                0x0000000000800020        0x0 ../candy_avb_sss_bsp/\libucosii_bsp.a(alt_exception_entry.o)
                0x0000000000800020                alt_exception
 *(.exceptions.entry.user)
 *(.exceptions.entry.ecc_fatal)
 *(.exceptions.entry)
 .exceptions.entry
                0x0000000000800020       0x54 ../candy_avb_sss_bsp/\libucosii_bsp.a(alt_exception_entry.o)
 *(.exceptions.irqtest.user)
 *(.exceptions.irqtest)
 .exceptions.irqtest
                0x0000000000800074       0x10 ../candy_avb_sss_bsp/\libucosii_bsp.a(alt_irq_entry.o)
 *(.exceptions.irqhandler.user)
 *(.exceptions.irqhandler)
 .exceptions.irqhandler
                0x0000000000800084        0x4 ../candy_avb_sss_bsp/\libucosii_bsp.a(alt_irq_entry.o)
 *(.exceptions.irqreturn.user)
 *(.exceptions.irqreturn)
 .exceptions.irqreturn
                0x0000000000800088        0x4 ../candy_avb_sss_bsp/\libucosii_bsp.a(alt_irq_entry.o)
 *(.exceptions.notirq.label)
 .exceptions.notirq.label
                0x000000000080008c        0x0 ../candy_avb_sss_bsp/\libucosii_bsp.a(alt_irq_entry.o)
 *(.exceptions.notirq.user)
 *(.exceptions.notirq)
 .exceptions.notirq
                0x000000000080008c        0x8 ../candy_avb_sss_bsp/\libucosii_bsp.a(alt_exception_entry.o)
 *(.exceptions.soft.user)
 *(.exceptions.soft)
 *(.exceptions.unknown.user)
 *(.exceptions.unknown)
 .exceptions.unknown
                0x0000000000800094       0x14 ../candy_avb_sss_bsp/\libucosii_bsp.a(alt_exception_entry.o)
 *(.exceptions.exit.label)
 .exceptions.exit.label
                0x00000000008000a8        0x0 ../candy_avb_sss_bsp/\libucosii_bsp.a(alt_irq_entry.o)
 .exceptions.exit.label
                0x00000000008000a8        0x0 ../candy_avb_sss_bsp/\libucosii_bsp.a(alt_exception_entry.o)
 *(.exceptions.exit.user)
 *(.exceptions.exit)
 .exceptions.exit
                0x00000000008000a8       0x54 ../candy_avb_sss_bsp/\libucosii_bsp.a(alt_exception_entry.o)
 *(.exceptions)
 .exceptions    0x00000000008000fc       0xd4 ../candy_avb_sss_bsp/\libucosii_bsp.a(alt_irq_handler.o)
                0x00000000008000fc                alt_irq_handler
 .exceptions    0x00000000008001d0       0x74 ../candy_avb_sss_bsp/\libucosii_bsp.a(alt_instruction_exception_entry.o)
                0x00000000008001d0                alt_instruction_exception_entry
                [!provide]                        PROVIDE (__ram_exceptions_end, ABSOLUTE (.))
                [!provide]                        PROVIDE (__flash_exceptions_start, LOADADDR (.exceptions))

.text           0x0000000000800244    0x513a8
                [!provide]                        PROVIDE (stext, ABSOLUTE (.))
 *(.interp)
 *(.hash)
 *(.dynsym)
 *(.dynstr)
 *(.gnu.version)
 *(.gnu.version_d)
 *(.gnu.version_r)
 *(.rel.init)
 *(.rela.init)
 *(.rel.text .rel.text.* .rel.gnu.linkonce.t.*)
 *(.rela.text .rela.text.* .rela.gnu.linkonce.t.*)
 *(.rel.fini)
 *(.rela.fini)
 *(.rel.rodata .rel.rodata.* .rel.gnu.linkonce.r.*)
 *(.rela.rodata .rela.rodata.* .rela.gnu.linkonce.r.*)
 *(.rel.data .rel.data.* .rel.gnu.linkonce.d.*)
 *(.rela.data .rela.data.* .rela.gnu.linkonce.d.*)
 *(.rel.tdata .rel.tdata.* .rel.gnu.linkonce.td.*)
 *(.rela.tdata .rela.tdata.* .rela.gnu.linkonce.td.*)
 *(.rel.tbss .rel.tbss.* .rel.gnu.linkonce.tb.*)
 *(.rela.tbss .rela.tbss.* .rela.gnu.linkonce.tb.*)
 *(.rel.ctors)
 *(.rela.ctors)
 *(.rel.dtors)
 *(.rela.dtors)
 *(.rel.got)
 *(.rela.got)
 *(.rel.sdata .rel.sdata.* .rel.gnu.linkonce.s.*)
 *(.rela.sdata .rela.sdata.* .rela.gnu.linkonce.s.*)
 *(.rel.sbss .rel.sbss.* .rel.gnu.linkonce.sb.*)
 *(.rela.sbss .rela.sbss.* .rela.gnu.linkonce.sb.*)
 *(.rel.sdata2 .rel.sdata2.* .rel.gnu.linkonce.s2.*)
 *(.rela.sdata2 .rela.sdata2.* .rela.gnu.linkonce.s2.*)
 *(.rel.sbss2 .rel.sbss2.* .rel.gnu.linkonce.sb2.*)
 *(.rela.sbss2 .rela.sbss2.* .rela.gnu.linkonce.sb2.*)
 *(.rel.bss .rel.bss.* .rel.gnu.linkonce.b.*)
 *(.rela.bss .rela.bss.* .rela.gnu.linkonce.b.*)
 *(.rel.plt)
 *(.rela.plt)
 *(.rel.dyn)
 *(.init)
 *(.plt)
 *(.text .stub .text.* .gnu.linkonce.t.*)
 .text          0x0000000000800244       0x48 ../candy_avb_sss_bsp//obj/HAL/src/crt0.o
                0x0000000000800244                _start
 .text          0x000000000080028c      0x6f4 obj/default/SigmaStudioFW.o
                0x000000000080028c                i2c_setup
                0x000000000080030c                i2c_start
                0x00000000008003b4                i2c_write_byte
                0x0000000000800464                i2c_write_byte_stop
                0x00000000008004f8                i2c_multiple_write
                0x0000000000800690                SIGMA_WRITE_REGISTER_BLOCK
                0x0000000000800714                SIGMA_WRITE_REGISTER_CONTROL
                0x0000000000800790                SIGMA_SAFELOAD_WRITE_ADDR
                0x000000000080081c                SIGMA_SAFELOAD_WRITE_DATA
                0x0000000000800900                SIGMA_SAFELOAD_WRITE_TRANSFER_BIT
 .text          0x0000000000800980      0xa60 obj/default/alt_error_handler.o
                0x0000000000800980                alt_uCOSIIErrorHandler
                0x0000000000800ee4                alt_NetworkErrorHandler
                0x0000000000801148                alt_SSSErrorHandler
 .text          0x00000000008013e0      0x798 obj/default/iniche_init.o
                0x00000000008013e0                default_download_IC_1
                0x0000000000801734                default_download_IC_2
                0x0000000000801a88                SSSInitialTask
                0x0000000000801af8                main
 .text          0x0000000000801b78       0xec obj/default/network_utilities.o
                0x0000000000801b78                get_mac_addr
                0x0000000000801bf8                get_ip_addr
 .text          0x0000000000801c64     0x2a94 obj/default/osc.o
                0x0000000000801c64                setInitReceiveFlag
                0x0000000000801c94                getInitReceiveFlag
                0x0000000000801cb4                setInitSendFlag
                0x0000000000801ce4                getInitSendFlag
                0x0000000000801d04                setInitDiscoverFlag
                0x0000000000801d34                getInitDiscoverFlag
                0x0000000000801d54                setChCompletedFlag
                0x0000000000801d84                getChCompletedFlag
                0x0000000000801da4                setRemoteIpAtIndex
                0x0000000000801de8                getRemoteIpAtIndex
                0x0000000000801e1c                getRemoteIp
                0x0000000000801e3c                setRemotePort
                0x0000000000801e6c                getRemotePort
                0x0000000000801e8c                setLocalPort
                0x0000000000801ebc                getLocalPort
                0x0000000000801edc                setOSCPrefix
                0x0000000000801f44                getOSCPrefix
                0x0000000000801f64                clearOSCPrefix
                0x0000000000801f9c                setOSCHostName
                0x0000000000802024                getOSCHostName
                0x0000000000802048                clearOSCHostName
                0x0000000000802084                getOSCPacket
                0x00000000008020f8                processOSCPacket
                0x000000000080297c                sendOSCMessage
                0x0000000000802da0                setOSCAddress
                0x0000000000802ec0                setOSCTypeTag
                0x0000000000802f90                addOSCIntArgument
                0x0000000000803050                addOSCFloatArgument
                0x0000000000803110                addOSCStringArgument
                0x00000000008031b8                clearOSCMessage
                0x00000000008031f8                flushOSCMessage
                0x0000000000803218                clearOSCBundle
                0x00000000008032cc                appendOSCMessageToBundle
                0x00000000008037dc                sendOSCBundle
                0x00000000008037fc                compareOSCPrefix
                0x00000000008038e0                compareOSCAddress
                0x00000000008039f8                compareTypeTagAtIndex
                0x0000000000803a74                getArgumentsLength
                0x0000000000803a98                getIntArgumentAtIndex
                0x0000000000804018                getFloatArgumentAtIndex
                0x00000000008045a0                getStringArgumentAtIndex
                0x0000000000804664                getBOOLEANeanArgumentAtIndex
 .text          0x00000000008046f8      0x3e8 obj/default/osc_server.o
                0x00000000008046f8                SSSCreateOSDataStructs
                0x000000000080479c                SSSCreateTasks
                0x000000000080486c                OSCServerTask
 .text          0x0000000000804ae0      0x318 obj/default/sigmadsp.o
                0x0000000000804ae0                adc_callback
                0x0000000000804b24                adc_init
                0x0000000000804b8c                led_bit_toggle
                0x0000000000804c70                SigmaDSPCommunicateTask
                0x0000000000804dac                SigmaDSPManagementTask
 .text          0x0000000000804df8        0x0 obj/default/tse_my_system.o
 .text          0x0000000000804df8       0xc4 c:/intelfpga_lite/18.1/nios2eds/bin/gnu/h-x86_64-mingw32/bin/../lib/gcc/nios2-elf/5.3.0\libgcc.a(_floatdisf.o)
                0x0000000000804df8                __floatdisf
 .text          0x0000000000804ebc      0x4c8 c:/intelfpga_lite/18.1/nios2eds/bin/gnu/h-x86_64-mingw32/bin/../lib/gcc/nios2-elf/5.3.0\libgcc.a(addsf3.o)
                0x0000000000804ebc                __addsf3
 .text          0x0000000000805384      0x3fc c:/intelfpga_lite/18.1/nios2eds/bin/gnu/h-x86_64-mingw32/bin/../lib/gcc/nios2-elf/5.3.0\libgcc.a(mulsf3.o)
                0x0000000000805384                __mulsf3
 .text          0x0000000000805780       0x70 c:/intelfpga_lite/18.1/nios2eds/bin/gnu/h-x86_64-mingw32/bin/../lib/gcc/nios2-elf/5.3.0\libgcc.a(fixsfsi.o)
                0x0000000000805780                __fixsfsi
 .text          0x00000000008057f0      0x124 c:/intelfpga_lite/18.1/nios2eds/bin/gnu/h-x86_64-mingw32/bin/../lib/gcc/nios2-elf/5.3.0\libgcc.a(floatsisf.o)
                0x00000000008057f0                __floatsisf
 .text          0x0000000000805914      0x8ac c:/intelfpga_lite/18.1/nios2eds/bin/gnu/h-x86_64-mingw32/bin/../lib/gcc/nios2-elf/5.3.0\libgcc.a(adddf3.o)
                0x0000000000805914                __adddf3
 .text          0x00000000008061c0      0x8e8 c:/intelfpga_lite/18.1/nios2eds/bin/gnu/h-x86_64-mingw32/bin/../lib/gcc/nios2-elf/5.3.0\libgcc.a(divdf3.o)
                0x00000000008061c0                __divdf3
 .text          0x0000000000806aa8      0x718 c:/intelfpga_lite/18.1/nios2eds/bin/gnu/h-x86_64-mingw32/bin/../lib/gcc/nios2-elf/5.3.0\libgcc.a(muldf3.o)
                0x0000000000806aa8                __muldf3
 .text          0x00000000008071c0       0xdc c:/intelfpga_lite/18.1/nios2eds/bin/gnu/h-x86_64-mingw32/bin/../lib/gcc/nios2-elf/5.3.0\libgcc.a(floatsidf.o)
                0x00000000008071c0                __floatsidf
 .text          0x000000000080729c       0xa8 c:/intelfpga_lite/18.1/nios2eds/bin/gnu/h-x86_64-mingw32/bin/../lib/gcc/nios2-elf/5.3.0\libgcc.a(floatunsidf.o)
                0x000000000080729c                __floatunsidf
 .text          0x0000000000807344      0x110 c:/intelfpga_lite/18.1/nios2eds/bin/gnu/h-x86_64-mingw32/bin/../lib/gcc/nios2-elf/5.3.0\libgcc.a(extendsfdf2.o)
                0x0000000000807344                __extendsfdf2
 .text          0x0000000000807454      0x1a8 c:/intelfpga_lite/18.1/nios2eds/bin/gnu/h-x86_64-mingw32/bin/../lib/gcc/nios2-elf/5.3.0\libgcc.a(truncdfsf2.o)
                0x0000000000807454                __truncdfsf2
 .text          0x00000000008075fc       0x64 c:/intelfpga_lite/18.1/nios2eds/bin/gnu/h-x86_64-mingw32/bin/../lib/gcc/nios2-elf/5.3.0\libgcc.a(_clzsi2.o)
                0x00000000008075fc                __clzsi2
 .text          0x0000000000807660      0x1b4 c:/intelfpga_lite/18.1/nios2eds/bin/gnu/h-x86_64-mingw32/bin/../lib/gcc/nios2-elf/5.3.0\libgcc.a(lib2-divmod.o)
                0x0000000000807660                __divsi3
                0x00000000008076e4                __modsi3
                0x0000000000807758                __udivsi3
                0x00000000008077bc                __umodsi3
 .text          0x0000000000807814        0x0 c:/intelfpga_lite/18.1/nios2eds/bin/gnu/h-x86_64-mingw32/bin/../lib/gcc/nios2-elf/5.3.0\libgcc.a(_clz.o)
 .text          0x0000000000807814        0x0 c:/intelfpga_lite/18.1/nios2eds/bin/gnu/h-x86_64-mingw32/bin/../lib/gcc/nios2-elf/5.3.0/../../../../../H-x86_64-mingw32/nios2-elf/lib\libc.a(lib_a-calloc.o)
 .text.calloc   0x0000000000807814       0x18 c:/intelfpga_lite/18.1/nios2eds/bin/gnu/h-x86_64-mingw32/bin/../lib/gcc/nios2-elf/5.3.0/../../../../../H-x86_64-mingw32/nios2-elf/lib\libc.a(lib_a-calloc.o)
                0x0000000000807814                calloc
 .text          0x000000000080782c        0x0 c:/intelfpga_lite/18.1/nios2eds/bin/gnu/h-x86_64-mingw32/bin/../lib/gcc/nios2-elf/5.3.0/../../../../../H-x86_64-mingw32/nios2-elf/lib\libc.a(lib_a-callocr.o)
 .text._calloc_r
                0x000000000080782c       0xc4 c:/intelfpga_lite/18.1/nios2eds/bin/gnu/h-x86_64-mingw32/bin/../lib/gcc/nios2-elf/5.3.0/../../../../../H-x86_64-mingw32/nios2-elf/lib\libc.a(lib_a-callocr.o)
                0x000000000080782c                _calloc_r
 .text          0x00000000008078f0        0x0 c:/intelfpga_lite/18.1/nios2eds/bin/gnu/h-x86_64-mingw32/bin/../lib/gcc/nios2-elf/5.3.0/../../../../../H-x86_64-mingw32/nios2-elf/lib\libc.a(lib_a-fprintf.o)
 .text._fprintf_r
                0x00000000008078f0       0x28 c:/intelfpga_lite/18.1/nios2eds/bin/gnu/h-x86_64-mingw32/bin/../lib/gcc/nios2-elf/5.3.0/../../../../../H-x86_64-mingw32/nios2-elf/lib\libc.a(lib_a-fprintf.o)
                0x00000000008078f0                _fprintf_r
 .text.fprintf  0x0000000000807918       0x24 c:/intelfpga_lite/18.1/nios2eds/bin/gnu/h-x86_64-mingw32/bin/../lib/gcc/nios2-elf/5.3.0/../../../../../H-x86_64-mingw32/nios2-elf/lib\libc.a(lib_a-fprintf.o)
                0x0000000000807918                fprintf
 .text          0x000000000080793c        0x0 c:/intelfpga_lite/18.1/nios2eds/bin/gnu/h-x86_64-mingw32/bin/../lib/gcc/nios2-elf/5.3.0/../../../../../H-x86_64-mingw32/nios2-elf/lib\libc.a(lib_a-fwrite.o)
 .text._fwrite_r
                0x000000000080793c       0xcc c:/intelfpga_lite/18.1/nios2eds/bin/gnu/h-x86_64-mingw32/bin/../lib/gcc/nios2-elf/5.3.0/../../../../../H-x86_64-mingw32/nios2-elf/lib\libc.a(lib_a-fwrite.o)
                0x000000000080793c                _fwrite_r
 .text.fwrite   0x0000000000807a08       0x34 c:/intelfpga_lite/18.1/nios2eds/bin/gnu/h-x86_64-mingw32/bin/../lib/gcc/nios2-elf/5.3.0/../../../../../H-x86_64-mingw32/nios2-elf/lib\libc.a(lib_a-fwrite.o)
                0x0000000000807a08                fwrite
 .text          0x0000000000807a3c        0x0 c:/intelfpga_lite/18.1/nios2eds/bin/gnu/h-x86_64-mingw32/bin/../lib/gcc/nios2-elf/5.3.0/../../../../../H-x86_64-mingw32/nios2-elf/lib\libc.a(lib_a-impure.o)
 .text          0x0000000000807a3c        0x0 c:/intelfpga_lite/18.1/nios2eds/bin/gnu/h-x86_64-mingw32/bin/../lib/gcc/nios2-elf/5.3.0/../../../../../H-x86_64-mingw32/nios2-elf/lib\libc.a(lib_a-malloc.o)
 .text.malloc   0x0000000000807a3c       0x14 c:/intelfpga_lite/18.1/nios2eds/bin/gnu/h-x86_64-mingw32/bin/../lib/gcc/nios2-elf/5.3.0/../../../../../H-x86_64-mingw32/nios2-elf/lib\libc.a(lib_a-malloc.o)
                0x0000000000807a3c                malloc
 .text.free     0x0000000000807a50       0x14 c:/intelfpga_lite/18.1/nios2eds/bin/gnu/h-x86_64-mingw32/bin/../lib/gcc/nios2-elf/5.3.0/../../../../../H-x86_64-mingw32/nios2-elf/lib\libc.a(lib_a-malloc.o)
                0x0000000000807a50                free
 .text          0x0000000000807a64        0x0 c:/intelfpga_lite/18.1/nios2eds/bin/gnu/h-x86_64-mingw32/bin/../lib/gcc/nios2-elf/5.3.0/../../../../../H-x86_64-mingw32/nios2-elf/lib\libc.a(lib_a-mallocr.o)
 .text._malloc_r
                0x0000000000807a64      0x80c c:/intelfpga_lite/18.1/nios2eds/bin/gnu/h-x86_64-mingw32/bin/../lib/gcc/nios2-elf/5.3.0/../../../../../H-x86_64-mingw32/nios2-elf/lib\libc.a(lib_a-mallocr.o)
                0x0000000000807a64                _malloc_r
 .text          0x0000000000808270        0x0 c:/intelfpga_lite/18.1/nios2eds/bin/gnu/h-x86_64-mingw32/bin/../lib/gcc/nios2-elf/5.3.0/../../../../../H-x86_64-mingw32/nios2-elf/lib\libc.a(lib_a-memcpy.o)
 .text.memcpy   0x0000000000808270      0x148 c:/intelfpga_lite/18.1/nios2eds/bin/gnu/h-x86_64-mingw32/bin/../lib/gcc/nios2-elf/5.3.0/../../../../../H-x86_64-mingw32/nios2-elf/lib\libc.a(lib_a-memcpy.o)
                0x0000000000808270                memcpy
 .text          0x00000000008083b8        0x0 c:/intelfpga_lite/18.1/nios2eds/bin/gnu/h-x86_64-mingw32/bin/../lib/gcc/nios2-elf/5.3.0/../../../../../H-x86_64-mingw32/nios2-elf/lib\libc.a(lib_a-memset.o)
 .text.memset   0x00000000008083b8      0x128 c:/intelfpga_lite/18.1/nios2eds/bin/gnu/h-x86_64-mingw32/bin/../lib/gcc/nios2-elf/5.3.0/../../../../../H-x86_64-mingw32/nios2-elf/lib\libc.a(lib_a-memset.o)
                0x00000000008083b8                memset
 .text          0x00000000008084e0        0x0 c:/intelfpga_lite/18.1/nios2eds/bin/gnu/h-x86_64-mingw32/bin/../lib/gcc/nios2-elf/5.3.0/../../../../../H-x86_64-mingw32/nios2-elf/lib\libc.a(lib_a-perror.o)
 .text._perror_r
                0x00000000008084e0       0x80 c:/intelfpga_lite/18.1/nios2eds/bin/gnu/h-x86_64-mingw32/bin/../lib/gcc/nios2-elf/5.3.0/../../../../../H-x86_64-mingw32/nios2-elf/lib\libc.a(lib_a-perror.o)
                0x00000000008084e0                _perror_r
 .text.perror   0x0000000000808560       0x14 c:/intelfpga_lite/18.1/nios2eds/bin/gnu/h-x86_64-mingw32/bin/../lib/gcc/nios2-elf/5.3.0/../../../../../H-x86_64-mingw32/nios2-elf/lib\libc.a(lib_a-perror.o)
                0x0000000000808560                perror
 .text          0x0000000000808574        0x0 c:/intelfpga_lite/18.1/nios2eds/bin/gnu/h-x86_64-mingw32/bin/../lib/gcc/nios2-elf/5.3.0/../../../../../H-x86_64-mingw32/nios2-elf/lib\libc.a(lib_a-printf.o)
 .text._printf_r
                0x0000000000808574       0x30 c:/intelfpga_lite/18.1/nios2eds/bin/gnu/h-x86_64-mingw32/bin/../lib/gcc/nios2-elf/5.3.0/../../../../../H-x86_64-mingw32/nios2-elf/lib\libc.a(lib_a-printf.o)
                0x0000000000808574                _printf_r
 .text.printf   0x00000000008085a4       0x3c c:/intelfpga_lite/18.1/nios2eds/bin/gnu/h-x86_64-mingw32/bin/../lib/gcc/nios2-elf/5.3.0/../../../../../H-x86_64-mingw32/nios2-elf/lib\libc.a(lib_a-printf.o)
                0x00000000008085a4                printf
 .text          0x00000000008085e0        0x0 c:/intelfpga_lite/18.1/nios2eds/bin/gnu/h-x86_64-mingw32/bin/../lib/gcc/nios2-elf/5.3.0/../../../../../H-x86_64-mingw32/nios2-elf/lib\libc.a(lib_a-puts.o)
 .text._puts_r  0x00000000008085e0       0xc0 c:/intelfpga_lite/18.1/nios2eds/bin/gnu/h-x86_64-mingw32/bin/../lib/gcc/nios2-elf/5.3.0/../../../../../H-x86_64-mingw32/nios2-elf/lib\libc.a(lib_a-puts.o)
                0x00000000008085e0                _puts_r
 .text.puts     0x00000000008086a0       0x14 c:/intelfpga_lite/18.1/nios2eds/bin/gnu/h-x86_64-mingw32/bin/../lib/gcc/nios2-elf/5.3.0/../../../../../H-x86_64-mingw32/nios2-elf/lib\libc.a(lib_a-puts.o)
                0x00000000008086a0                puts
 .text          0x00000000008086b4        0x0 c:/intelfpga_lite/18.1/nios2eds/bin/gnu/h-x86_64-mingw32/bin/../lib/gcc/nios2-elf/5.3.0/../../../../../H-x86_64-mingw32/nios2-elf/lib\libc.a(lib_a-sbrkr.o)
 .text._sbrk_r  0x00000000008086b4       0x54 c:/intelfpga_lite/18.1/nios2eds/bin/gnu/h-x86_64-mingw32/bin/../lib/gcc/nios2-elf/5.3.0/../../../../../H-x86_64-mingw32/nios2-elf/lib\libc.a(lib_a-sbrkr.o)
                0x00000000008086b4                _sbrk_r
 .text          0x0000000000808708        0x0 c:/intelfpga_lite/18.1/nios2eds/bin/gnu/h-x86_64-mingw32/bin/../lib/gcc/nios2-elf/5.3.0/../../../../../H-x86_64-mingw32/nios2-elf/lib\libc.a(lib_a-sprintf.o)
 .text._sprintf_r
                0x0000000000808708       0x58 c:/intelfpga_lite/18.1/nios2eds/bin/gnu/h-x86_64-mingw32/bin/../lib/gcc/nios2-elf/5.3.0/../../../../../H-x86_64-mingw32/nios2-elf/lib\libc.a(lib_a-sprintf.o)
                0x0000000000808708                _sprintf_r
 .text.sprintf  0x0000000000808760       0x6c c:/intelfpga_lite/18.1/nios2eds/bin/gnu/h-x86_64-mingw32/bin/../lib/gcc/nios2-elf/5.3.0/../../../../../H-x86_64-mingw32/nios2-elf/lib\libc.a(lib_a-sprintf.o)
                0x0000000000808760                sprintf
 .text          0x00000000008087cc        0x0 c:/intelfpga_lite/18.1/nios2eds/bin/gnu/h-x86_64-mingw32/bin/../lib/gcc/nios2-elf/5.3.0/../../../../../H-x86_64-mingw32/nios2-elf/lib\libc.a(lib_a-strchr.o)
 .text.strchr   0x00000000008087cc      0x164 c:/intelfpga_lite/18.1/nios2eds/bin/gnu/h-x86_64-mingw32/bin/../lib/gcc/nios2-elf/5.3.0/../../../../../H-x86_64-mingw32/nios2-elf/lib\libc.a(lib_a-strchr.o)
                0x00000000008087cc                strchr
 .text          0x0000000000808930        0x0 c:/intelfpga_lite/18.1/nios2eds/bin/gnu/h-x86_64-mingw32/bin/../lib/gcc/nios2-elf/5.3.0/../../../../../H-x86_64-mingw32/nios2-elf/lib\libc.a(lib_a-strcmp.o)
 .text.strcmp   0x0000000000808930       0xdc c:/intelfpga_lite/18.1/nios2eds/bin/gnu/h-x86_64-mingw32/bin/../lib/gcc/nios2-elf/5.3.0/../../../../../H-x86_64-mingw32/nios2-elf/lib\libc.a(lib_a-strcmp.o)
                0x0000000000808930                strcmp
 .text          0x0000000000808a0c        0x0 c:/intelfpga_lite/18.1/nios2eds/bin/gnu/h-x86_64-mingw32/bin/../lib/gcc/nios2-elf/5.3.0/../../../../../H-x86_64-mingw32/nios2-elf/lib\libc.a(lib_a-strerror.o)
 .text._strerror_r
                0x0000000000808a0c      0x65c c:/intelfpga_lite/18.1/nios2eds/bin/gnu/h-x86_64-mingw32/bin/../lib/gcc/nios2-elf/5.3.0/../../../../../H-x86_64-mingw32/nios2-elf/lib\libc.a(lib_a-strerror.o)
                0x0000000000808a0c                _strerror_r
 .text.strerror
                0x0000000000809068       0x1c c:/intelfpga_lite/18.1/nios2eds/bin/gnu/h-x86_64-mingw32/bin/../lib/gcc/nios2-elf/5.3.0/../../../../../H-x86_64-mingw32/nios2-elf/lib\libc.a(lib_a-strerror.o)
                0x0000000000809068                strerror
 .text          0x0000000000809084        0x0 c:/intelfpga_lite/18.1/nios2eds/bin/gnu/h-x86_64-mingw32/bin/../lib/gcc/nios2-elf/5.3.0/../../../../../H-x86_64-mingw32/nios2-elf/lib\libc.a(lib_a-strlen.o)
 .text.strlen   0x0000000000809084       0x98 c:/intelfpga_lite/18.1/nios2eds/bin/gnu/h-x86_64-mingw32/bin/../lib/gcc/nios2-elf/5.3.0/../../../../../H-x86_64-mingw32/nios2-elf/lib\libc.a(lib_a-strlen.o)
                0x0000000000809084                strlen
 .text          0x000000000080911c        0x0 c:/intelfpga_lite/18.1/nios2eds/bin/gnu/h-x86_64-mingw32/bin/../lib/gcc/nios2-elf/5.3.0/../../../../../H-x86_64-mingw32/nios2-elf/lib\libc.a(lib_a-svfprintf.o)
 .text.___svfprintf_internal_r
                0x000000000080911c     0x21d8 c:/intelfpga_lite/18.1/nios2eds/bin/gnu/h-x86_64-mingw32/bin/../lib/gcc/nios2-elf/5.3.0/../../../../../H-x86_64-mingw32/nios2-elf/lib\libc.a(lib_a-svfprintf.o)
                0x000000000080911c                ___svfprintf_internal_r
 .text          0x000000000080b2f4        0x0 c:/intelfpga_lite/18.1/nios2eds/bin/gnu/h-x86_64-mingw32/bin/../lib/gcc/nios2-elf/5.3.0/../../../../../H-x86_64-mingw32/nios2-elf/lib\libc.a(lib_a-u_strerr.o)
 .text._user_strerror
                0x000000000080b2f4        0x8 c:/intelfpga_lite/18.1/nios2eds/bin/gnu/h-x86_64-mingw32/bin/../lib/gcc/nios2-elf/5.3.0/../../../../../H-x86_64-mingw32/nios2-elf/lib\libc.a(lib_a-u_strerr.o)
                0x000000000080b2f4                _user_strerror
 .text          0x000000000080b2fc        0x0 c:/intelfpga_lite/18.1/nios2eds/bin/gnu/h-x86_64-mingw32/bin/../lib/gcc/nios2-elf/5.3.0/../../../../../H-x86_64-mingw32/nios2-elf/lib\libc.a(lib_a-vfprintf.o)
 .text.___vfprintf_internal_r
                0x000000000080b2fc     0x21f8 c:/intelfpga_lite/18.1/nios2eds/bin/gnu/h-x86_64-mingw32/bin/../lib/gcc/nios2-elf/5.3.0/../../../../../H-x86_64-mingw32/nios2-elf/lib\libc.a(lib_a-vfprintf.o)
                0x000000000080b2fc                ___vfprintf_internal_r
 .text.__vfprintf_internal
                0x000000000080d4f4       0x1c c:/intelfpga_lite/18.1/nios2eds/bin/gnu/h-x86_64-mingw32/bin/../lib/gcc/nios2-elf/5.3.0/../../../../../H-x86_64-mingw32/nios2-elf/lib\libc.a(lib_a-vfprintf.o)
                0x000000000080d4f4                __vfprintf_internal
 .text.__sbprintf
                0x000000000080d510       0xbc c:/intelfpga_lite/18.1/nios2eds/bin/gnu/h-x86_64-mingw32/bin/../lib/gcc/nios2-elf/5.3.0/../../../../../H-x86_64-mingw32/nios2-elf/lib\libc.a(lib_a-vfprintf.o)
 .text          0x000000000080d5cc        0x0 c:/intelfpga_lite/18.1/nios2eds/bin/gnu/h-x86_64-mingw32/bin/../lib/gcc/nios2-elf/5.3.0/../../../../../H-x86_64-mingw32/nios2-elf/lib\libc.a(lib_a-wsetup.o)
 .text.__swsetup_r
                0x000000000080d5cc      0x154 c:/intelfpga_lite/18.1/nios2eds/bin/gnu/h-x86_64-mingw32/bin/../lib/gcc/nios2-elf/5.3.0/../../../../../H-x86_64-mingw32/nios2-elf/lib\libc.a(lib_a-wsetup.o)
                0x000000000080d5cc                __swsetup_r
 .text          0x000000000080d720        0x0 c:/intelfpga_lite/18.1/nios2eds/bin/gnu/h-x86_64-mingw32/bin/../lib/gcc/nios2-elf/5.3.0/../../../../../H-x86_64-mingw32/nios2-elf/lib\libc.a(lib_a-dtoa.o)
 .text.quorem   0x000000000080d720      0x200 c:/intelfpga_lite/18.1/nios2eds/bin/gnu/h-x86_64-mingw32/bin/../lib/gcc/nios2-elf/5.3.0/../../../../../H-x86_64-mingw32/nios2-elf/lib\libc.a(lib_a-dtoa.o)
 .text._dtoa_r  0x000000000080d920     0x1688 c:/intelfpga_lite/18.1/nios2eds/bin/gnu/h-x86_64-mingw32/bin/../lib/gcc/nios2-elf/5.3.0/../../../../../H-x86_64-mingw32/nios2-elf/lib\libc.a(lib_a-dtoa.o)
                0x000000000080d920                _dtoa_r
 .text          0x000000000080efa8        0x0 c:/intelfpga_lite/18.1/nios2eds/bin/gnu/h-x86_64-mingw32/bin/../lib/gcc/nios2-elf/5.3.0/../../../../../H-x86_64-mingw32/nios2-elf/lib\libc.a(lib_a-fflush.o)
 .text.__sflush_r
                0x000000000080efa8      0x21c c:/intelfpga_lite/18.1/nios2eds/bin/gnu/h-x86_64-mingw32/bin/../lib/gcc/nios2-elf/5.3.0/../../../../../H-x86_64-mingw32/nios2-elf/lib\libc.a(lib_a-fflush.o)
                0x000000000080efa8                __sflush_r
 .text._fflush_r
                0x000000000080f1c4       0x5c c:/intelfpga_lite/18.1/nios2eds/bin/gnu/h-x86_64-mingw32/bin/../lib/gcc/nios2-elf/5.3.0/../../../../../H-x86_64-mingw32/nios2-elf/lib\libc.a(lib_a-fflush.o)
                0x000000000080f1c4                _fflush_r
 .text.fflush   0x000000000080f220       0x30 c:/intelfpga_lite/18.1/nios2eds/bin/gnu/h-x86_64-mingw32/bin/../lib/gcc/nios2-elf/5.3.0/../../../../../H-x86_64-mingw32/nios2-elf/lib\libc.a(lib_a-fflush.o)
                0x000000000080f220                fflush
 .text          0x000000000080f250        0x0 c:/intelfpga_lite/18.1/nios2eds/bin/gnu/h-x86_64-mingw32/bin/../lib/gcc/nios2-elf/5.3.0/../../../../../H-x86_64-mingw32/nios2-elf/lib\libc.a(lib_a-findfp.o)
 .text.__fp_unlock
                0x000000000080f250        0x8 c:/intelfpga_lite/18.1/nios2eds/bin/gnu/h-x86_64-mingw32/bin/../lib/gcc/nios2-elf/5.3.0/../../../../../H-x86_64-mingw32/nios2-elf/lib\libc.a(lib_a-findfp.o)
 .text._cleanup_r
                0x000000000080f258        0xc c:/intelfpga_lite/18.1/nios2eds/bin/gnu/h-x86_64-mingw32/bin/../lib/gcc/nios2-elf/5.3.0/../../../../../H-x86_64-mingw32/nios2-elf/lib\libc.a(lib_a-findfp.o)
                0x000000000080f258                _cleanup_r
 .text.__sinit.part.1
                0x000000000080f264      0x19c c:/intelfpga_lite/18.1/nios2eds/bin/gnu/h-x86_64-mingw32/bin/../lib/gcc/nios2-elf/5.3.0/../../../../../H-x86_64-mingw32/nios2-elf/lib\libc.a(lib_a-findfp.o)
 .text.__fp_lock
                0x000000000080f400        0x8 c:/intelfpga_lite/18.1/nios2eds/bin/gnu/h-x86_64-mingw32/bin/../lib/gcc/nios2-elf/5.3.0/../../../../../H-x86_64-mingw32/nios2-elf/lib\libc.a(lib_a-findfp.o)
 .text.__sfmoreglue
                0x000000000080f408       0x68 c:/intelfpga_lite/18.1/nios2eds/bin/gnu/h-x86_64-mingw32/bin/../lib/gcc/nios2-elf/5.3.0/../../../../../H-x86_64-mingw32/nios2-elf/lib\libc.a(lib_a-findfp.o)
                0x000000000080f408                __sfmoreglue
 .text.__sfp    0x000000000080f470      0x118 c:/intelfpga_lite/18.1/nios2eds/bin/gnu/h-x86_64-mingw32/bin/../lib/gcc/nios2-elf/5.3.0/../../../../../H-x86_64-mingw32/nios2-elf/lib\libc.a(lib_a-findfp.o)
                0x000000000080f470                __sfp
 .text._cleanup
                0x000000000080f588       0x18 c:/intelfpga_lite/18.1/nios2eds/bin/gnu/h-x86_64-mingw32/bin/../lib/gcc/nios2-elf/5.3.0/../../../../../H-x86_64-mingw32/nios2-elf/lib\libc.a(lib_a-findfp.o)
                0x000000000080f588                _cleanup
 .text.__sinit  0x000000000080f5a0       0x10 c:/intelfpga_lite/18.1/nios2eds/bin/gnu/h-x86_64-mingw32/bin/../lib/gcc/nios2-elf/5.3.0/../../../../../H-x86_64-mingw32/nios2-elf/lib\libc.a(lib_a-findfp.o)
                0x000000000080f5a0                __sinit
 .text.__sfp_lock_acquire
                0x000000000080f5b0        0x4 c:/intelfpga_lite/18.1/nios2eds/bin/gnu/h-x86_64-mingw32/bin/../lib/gcc/nios2-elf/5.3.0/../../../../../H-x86_64-mingw32/nios2-elf/lib\libc.a(lib_a-findfp.o)
                0x000000000080f5b0                __sfp_lock_acquire
 .text.__sfp_lock_release
                0x000000000080f5b4        0x4 c:/intelfpga_lite/18.1/nios2eds/bin/gnu/h-x86_64-mingw32/bin/../lib/gcc/nios2-elf/5.3.0/../../../../../H-x86_64-mingw32/nios2-elf/lib\libc.a(lib_a-findfp.o)
                0x000000000080f5b4                __sfp_lock_release
 .text.__sinit_lock_acquire
                0x000000000080f5b8        0x4 c:/intelfpga_lite/18.1/nios2eds/bin/gnu/h-x86_64-mingw32/bin/../lib/gcc/nios2-elf/5.3.0/../../../../../H-x86_64-mingw32/nios2-elf/lib\libc.a(lib_a-findfp.o)
                0x000000000080f5b8                __sinit_lock_acquire
 .text.__sinit_lock_release
                0x000000000080f5bc        0x4 c:/intelfpga_lite/18.1/nios2eds/bin/gnu/h-x86_64-mingw32/bin/../lib/gcc/nios2-elf/5.3.0/../../../../../H-x86_64-mingw32/nios2-elf/lib\libc.a(lib_a-findfp.o)
                0x000000000080f5bc                __sinit_lock_release
 .text.__fp_lock_all
                0x000000000080f5c0       0x18 c:/intelfpga_lite/18.1/nios2eds/bin/gnu/h-x86_64-mingw32/bin/../lib/gcc/nios2-elf/5.3.0/../../../../../H-x86_64-mingw32/nios2-elf/lib\libc.a(lib_a-findfp.o)
                0x000000000080f5c0                __fp_lock_all
 .text.__fp_unlock_all
                0x000000000080f5d8       0x18 c:/intelfpga_lite/18.1/nios2eds/bin/gnu/h-x86_64-mingw32/bin/../lib/gcc/nios2-elf/5.3.0/../../../../../H-x86_64-mingw32/nios2-elf/lib\libc.a(lib_a-findfp.o)
                0x000000000080f5d8                __fp_unlock_all
 .text          0x000000000080f5f0        0x0 c:/intelfpga_lite/18.1/nios2eds/bin/gnu/h-x86_64-mingw32/bin/../lib/gcc/nios2-elf/5.3.0/../../../../../H-x86_64-mingw32/nios2-elf/lib\libc.a(lib_a-fputc.o)
 .text._fputc_r
                0x000000000080f5f0       0x44 c:/intelfpga_lite/18.1/nios2eds/bin/gnu/h-x86_64-mingw32/bin/../lib/gcc/nios2-elf/5.3.0/../../../../../H-x86_64-mingw32/nios2-elf/lib\libc.a(lib_a-fputc.o)
                0x000000000080f5f0                _fputc_r
 .text.fputc    0x000000000080f634       0x5c c:/intelfpga_lite/18.1/nios2eds/bin/gnu/h-x86_64-mingw32/bin/../lib/gcc/nios2-elf/5.3.0/../../../../../H-x86_64-mingw32/nios2-elf/lib\libc.a(lib_a-fputc.o)
                0x000000000080f634                fputc
 .text          0x000000000080f690        0x0 c:/intelfpga_lite/18.1/nios2eds/bin/gnu/h-x86_64-mingw32/bin/../lib/gcc/nios2-elf/5.3.0/../../../../../H-x86_64-mingw32/nios2-elf/lib\libc.a(lib_a-fputs.o)
 .text._fputs_r
                0x000000000080f690       0x9c c:/intelfpga_lite/18.1/nios2eds/bin/gnu/h-x86_64-mingw32/bin/../lib/gcc/nios2-elf/5.3.0/../../../../../H-x86_64-mingw32/nios2-elf/lib\libc.a(lib_a-fputs.o)
                0x000000000080f690                _fputs_r
 .text.fputs    0x000000000080f72c       0x18 c:/intelfpga_lite/18.1/nios2eds/bin/gnu/h-x86_64-mingw32/bin/../lib/gcc/nios2-elf/5.3.0/../../../../../H-x86_64-mingw32/nios2-elf/lib\libc.a(lib_a-fputs.o)
                0x000000000080f72c                fputs
 .text          0x000000000080f744        0x0 c:/intelfpga_lite/18.1/nios2eds/bin/gnu/h-x86_64-mingw32/bin/../lib/gcc/nios2-elf/5.3.0/../../../../../H-x86_64-mingw32/nios2-elf/lib\libc.a(lib_a-freer.o)
 .text._malloc_trim_r
                0x000000000080f744      0x124 c:/intelfpga_lite/18.1/nios2eds/bin/gnu/h-x86_64-mingw32/bin/../lib/gcc/nios2-elf/5.3.0/../../../../../H-x86_64-mingw32/nios2-elf/lib\libc.a(lib_a-freer.o)
                0x000000000080f744                _malloc_trim_r
 .text._free_r  0x000000000080f868      0x310 c:/intelfpga_lite/18.1/nios2eds/bin/gnu/h-x86_64-mingw32/bin/../lib/gcc/nios2-elf/5.3.0/../../../../../H-x86_64-mingw32/nios2-elf/lib\libc.a(lib_a-freer.o)
                0x000000000080f868                _free_r
 .text          0x000000000080fb78        0x0 c:/intelfpga_lite/18.1/nios2eds/bin/gnu/h-x86_64-mingw32/bin/../lib/gcc/nios2-elf/5.3.0/../../../../../H-x86_64-mingw32/nios2-elf/lib\libc.a(lib_a-fvwrite.o)
 .text.__sfvwrite_r
                0x000000000080fb78      0x4bc c:/intelfpga_lite/18.1/nios2eds/bin/gnu/h-x86_64-mingw32/bin/../lib/gcc/nios2-elf/5.3.0/../../../../../H-x86_64-mingw32/nios2-elf/lib\libc.a(lib_a-fvwrite.o)
                0x000000000080fb78                __sfvwrite_r
 .text          0x0000000000810034        0x0 c:/intelfpga_lite/18.1/nios2eds/bin/gnu/h-x86_64-mingw32/bin/../lib/gcc/nios2-elf/5.3.0/../../../../../H-x86_64-mingw32/nios2-elf/lib\libc.a(lib_a-fwalk.o)
 .text._fwalk   0x0000000000810034       0xc4 c:/intelfpga_lite/18.1/nios2eds/bin/gnu/h-x86_64-mingw32/bin/../lib/gcc/nios2-elf/5.3.0/../../../../../H-x86_64-mingw32/nios2-elf/lib\libc.a(lib_a-fwalk.o)
                0x0000000000810034                _fwalk
 .text._fwalk_reent
                0x00000000008100f8       0xc4 c:/intelfpga_lite/18.1/nios2eds/bin/gnu/h-x86_64-mingw32/bin/../lib/gcc/nios2-elf/5.3.0/../../../../../H-x86_64-mingw32/nios2-elf/lib\libc.a(lib_a-fwalk.o)
                0x00000000008100f8                _fwalk_reent
 .text          0x00000000008101bc        0x0 c:/intelfpga_lite/18.1/nios2eds/bin/gnu/h-x86_64-mingw32/bin/../lib/gcc/nios2-elf/5.3.0/../../../../../H-x86_64-mingw32/nios2-elf/lib\libc.a(lib_a-int_errno.o)
 .text          0x00000000008101bc        0x0 c:/intelfpga_lite/18.1/nios2eds/bin/gnu/h-x86_64-mingw32/bin/../lib/gcc/nios2-elf/5.3.0/../../../../../H-x86_64-mingw32/nios2-elf/lib\libc.a(lib_a-locale.o)
 .text._setlocale_r
                0x00000000008101bc       0x7c c:/intelfpga_lite/18.1/nios2eds/bin/gnu/h-x86_64-mingw32/bin/../lib/gcc/nios2-elf/5.3.0/../../../../../H-x86_64-mingw32/nios2-elf/lib\libc.a(lib_a-locale.o)
                0x00000000008101bc                _setlocale_r
 .text.__locale_charset
                0x0000000000810238        0xc c:/intelfpga_lite/18.1/nios2eds/bin/gnu/h-x86_64-mingw32/bin/../lib/gcc/nios2-elf/5.3.0/../../../../../H-x86_64-mingw32/nios2-elf/lib\libc.a(lib_a-locale.o)
                0x0000000000810238                __locale_charset
 .text.__locale_mb_cur_max
                0x0000000000810244       0x10 c:/intelfpga_lite/18.1/nios2eds/bin/gnu/h-x86_64-mingw32/bin/../lib/gcc/nios2-elf/5.3.0/../../../../../H-x86_64-mingw32/nios2-elf/lib\libc.a(lib_a-locale.o)
                0x0000000000810244                __locale_mb_cur_max
 .text.__locale_msgcharset
                0x0000000000810254        0xc c:/intelfpga_lite/18.1/nios2eds/bin/gnu/h-x86_64-mingw32/bin/../lib/gcc/nios2-elf/5.3.0/../../../../../H-x86_64-mingw32/nios2-elf/lib\libc.a(lib_a-locale.o)
                0x0000000000810254                __locale_msgcharset
 .text.__locale_cjk_lang
                0x0000000000810260        0x8 c:/intelfpga_lite/18.1/nios2eds/bin/gnu/h-x86_64-mingw32/bin/../lib/gcc/nios2-elf/5.3.0/../../../../../H-x86_64-mingw32/nios2-elf/lib\libc.a(lib_a-locale.o)
                0x0000000000810260                __locale_cjk_lang
 .text._localeconv_r
                0x0000000000810268        0xc c:/intelfpga_lite/18.1/nios2eds/bin/gnu/h-x86_64-mingw32/bin/../lib/gcc/nios2-elf/5.3.0/../../../../../H-x86_64-mingw32/nios2-elf/lib\libc.a(lib_a-locale.o)
                0x0000000000810268                _localeconv_r
 .text.setlocale
                0x0000000000810274       0x18 c:/intelfpga_lite/18.1/nios2eds/bin/gnu/h-x86_64-mingw32/bin/../lib/gcc/nios2-elf/5.3.0/../../../../../H-x86_64-mingw32/nios2-elf/lib\libc.a(lib_a-locale.o)
                0x0000000000810274                setlocale
 .text.localeconv
                0x000000000081028c        0xc c:/intelfpga_lite/18.1/nios2eds/bin/gnu/h-x86_64-mingw32/bin/../lib/gcc/nios2-elf/5.3.0/../../../../../H-x86_64-mingw32/nios2-elf/lib\libc.a(lib_a-locale.o)
                0x000000000081028c                localeconv
 .text          0x0000000000810298        0x0 c:/intelfpga_lite/18.1/nios2eds/bin/gnu/h-x86_64-mingw32/bin/../lib/gcc/nios2-elf/5.3.0/../../../../../H-x86_64-mingw32/nios2-elf/lib\libc.a(lib_a-makebuf.o)
 .text.__smakebuf_r
                0x0000000000810298      0x1bc c:/intelfpga_lite/18.1/nios2eds/bin/gnu/h-x86_64-mingw32/bin/../lib/gcc/nios2-elf/5.3.0/../../../../../H-x86_64-mingw32/nios2-elf/lib\libc.a(lib_a-makebuf.o)
                0x0000000000810298                __smakebuf_r
 .text          0x0000000000810454        0x0 c:/intelfpga_lite/18.1/nios2eds/bin/gnu/h-x86_64-mingw32/bin/../lib/gcc/nios2-elf/5.3.0/../../../../../H-x86_64-mingw32/nios2-elf/lib\libc.a(lib_a-memchr.o)
 .text.memchr   0x0000000000810454       0xe4 c:/intelfpga_lite/18.1/nios2eds/bin/gnu/h-x86_64-mingw32/bin/../lib/gcc/nios2-elf/5.3.0/../../../../../H-x86_64-mingw32/nios2-elf/lib\libc.a(lib_a-memchr.o)
                0x0000000000810454                memchr
 .text          0x0000000000810538        0x0 c:/intelfpga_lite/18.1/nios2eds/bin/gnu/h-x86_64-mingw32/bin/../lib/gcc/nios2-elf/5.3.0/../../../../../H-x86_64-mingw32/nios2-elf/lib\libc.a(lib_a-memmove.o)
 .text.memmove  0x0000000000810538      0x15c c:/intelfpga_lite/18.1/nios2eds/bin/gnu/h-x86_64-mingw32/bin/../lib/gcc/nios2-elf/5.3.0/../../../../../H-x86_64-mingw32/nios2-elf/lib\libc.a(lib_a-memmove.o)
                0x0000000000810538                memmove
 .text          0x0000000000810694        0x0 c:/intelfpga_lite/18.1/nios2eds/bin/gnu/h-x86_64-mingw32/bin/../lib/gcc/nios2-elf/5.3.0/../../../../../H-x86_64-mingw32/nios2-elf/lib\libc.a(lib_a-mprec.o)
 .text._Balloc  0x0000000000810694       0xa8 c:/intelfpga_lite/18.1/nios2eds/bin/gnu/h-x86_64-mingw32/bin/../lib/gcc/nios2-elf/5.3.0/../../../../../H-x86_64-mingw32/nios2-elf/lib\libc.a(lib_a-mprec.o)
                0x0000000000810694                _Balloc
 .text._Bfree   0x000000000081073c       0x28 c:/intelfpga_lite/18.1/nios2eds/bin/gnu/h-x86_64-mingw32/bin/../lib/gcc/nios2-elf/5.3.0/../../../../../H-x86_64-mingw32/nios2-elf/lib\libc.a(lib_a-mprec.o)
                0x000000000081073c                _Bfree
 .text.__multadd
                0x0000000000810764      0x120 c:/intelfpga_lite/18.1/nios2eds/bin/gnu/h-x86_64-mingw32/bin/../lib/gcc/nios2-elf/5.3.0/../../../../../H-x86_64-mingw32/nios2-elf/lib\libc.a(lib_a-mprec.o)
                0x0000000000810764                __multadd
 .text.__s2b    0x0000000000810884      0x104 c:/intelfpga_lite/18.1/nios2eds/bin/gnu/h-x86_64-mingw32/bin/../lib/gcc/nios2-elf/5.3.0/../../../../../H-x86_64-mingw32/nios2-elf/lib\libc.a(lib_a-mprec.o)
                0x0000000000810884                __s2b
 .text.__hi0bits
                0x0000000000810988       0x68 c:/intelfpga_lite/18.1/nios2eds/bin/gnu/h-x86_64-mingw32/bin/../lib/gcc/nios2-elf/5.3.0/../../../../../H-x86_64-mingw32/nios2-elf/lib\libc.a(lib_a-mprec.o)
                0x0000000000810988                __hi0bits
 .text.__lo0bits
                0x00000000008109f0       0xb0 c:/intelfpga_lite/18.1/nios2eds/bin/gnu/h-x86_64-mingw32/bin/../lib/gcc/nios2-elf/5.3.0/../../../../../H-x86_64-mingw32/nios2-elf/lib\libc.a(lib_a-mprec.o)
                0x00000000008109f0                __lo0bits
 .text.__i2b    0x0000000000810aa0       0x3c c:/intelfpga_lite/18.1/nios2eds/bin/gnu/h-x86_64-mingw32/bin/../lib/gcc/nios2-elf/5.3.0/../../../../../H-x86_64-mingw32/nios2-elf/lib\libc.a(lib_a-mprec.o)
                0x0000000000810aa0                __i2b
 .text.__multiply
                0x0000000000810adc      0x1f8 c:/intelfpga_lite/18.1/nios2eds/bin/gnu/h-x86_64-mingw32/bin/../lib/gcc/nios2-elf/5.3.0/../../../../../H-x86_64-mingw32/nios2-elf/lib\libc.a(lib_a-mprec.o)
                0x0000000000810adc                __multiply
 .text.__pow5mult
                0x0000000000810cd4      0x140 c:/intelfpga_lite/18.1/nios2eds/bin/gnu/h-x86_64-mingw32/bin/../lib/gcc/nios2-elf/5.3.0/../../../../../H-x86_64-mingw32/nios2-elf/lib\libc.a(lib_a-mprec.o)
                0x0000000000810cd4                __pow5mult
 .text.__lshift
                0x0000000000810e14      0x148 c:/intelfpga_lite/18.1/nios2eds/bin/gnu/h-x86_64-mingw32/bin/../lib/gcc/nios2-elf/5.3.0/../../../../../H-x86_64-mingw32/nios2-elf/lib\libc.a(lib_a-mprec.o)
                0x0000000000810e14                __lshift
 .text.__mcmp   0x0000000000810f5c       0x60 c:/intelfpga_lite/18.1/nios2eds/bin/gnu/h-x86_64-mingw32/bin/../lib/gcc/nios2-elf/5.3.0/../../../../../H-x86_64-mingw32/nios2-elf/lib\libc.a(lib_a-mprec.o)
                0x0000000000810f5c                __mcmp
 .text.__mdiff  0x0000000000810fbc      0x1fc c:/intelfpga_lite/18.1/nios2eds/bin/gnu/h-x86_64-mingw32/bin/../lib/gcc/nios2-elf/5.3.0/../../../../../H-x86_64-mingw32/nios2-elf/lib\libc.a(lib_a-mprec.o)
                0x0000000000810fbc                __mdiff
 .text.__ulp    0x00000000008111b8       0x64 c:/intelfpga_lite/18.1/nios2eds/bin/gnu/h-x86_64-mingw32/bin/../lib/gcc/nios2-elf/5.3.0/../../../../../H-x86_64-mingw32/nios2-elf/lib\libc.a(lib_a-mprec.o)
                0x00000000008111b8                __ulp
 .text.__b2d    0x000000000081121c      0x10c c:/intelfpga_lite/18.1/nios2eds/bin/gnu/h-x86_64-mingw32/bin/../lib/gcc/nios2-elf/5.3.0/../../../../../H-x86_64-mingw32/nios2-elf/lib\libc.a(lib_a-mprec.o)
                0x000000000081121c                __b2d
 .text.__d2b    0x0000000000811328      0x14c c:/intelfpga_lite/18.1/nios2eds/bin/gnu/h-x86_64-mingw32/bin/../lib/gcc/nios2-elf/5.3.0/../../../../../H-x86_64-mingw32/nios2-elf/lib\libc.a(lib_a-mprec.o)
                0x0000000000811328                __d2b
 .text.__ratio  0x0000000000811474       0xa4 c:/intelfpga_lite/18.1/nios2eds/bin/gnu/h-x86_64-mingw32/bin/../lib/gcc/nios2-elf/5.3.0/../../../../../H-x86_64-mingw32/nios2-elf/lib\libc.a(lib_a-mprec.o)
                0x0000000000811474                __ratio
 .text._mprec_log10
                0x0000000000811518       0x74 c:/intelfpga_lite/18.1/nios2eds/bin/gnu/h-x86_64-mingw32/bin/../lib/gcc/nios2-elf/5.3.0/../../../../../H-x86_64-mingw32/nios2-elf/lib\libc.a(lib_a-mprec.o)
                0x0000000000811518                _mprec_log10
 .text.__copybits
                0x000000000081158c       0x78 c:/intelfpga_lite/18.1/nios2eds/bin/gnu/h-x86_64-mingw32/bin/../lib/gcc/nios2-elf/5.3.0/../../../../../H-x86_64-mingw32/nios2-elf/lib\libc.a(lib_a-mprec.o)
                0x000000000081158c                __copybits
 .text.__any_on
                0x0000000000811604       0x8c c:/intelfpga_lite/18.1/nios2eds/bin/gnu/h-x86_64-mingw32/bin/../lib/gcc/nios2-elf/5.3.0/../../../../../H-x86_64-mingw32/nios2-elf/lib\libc.a(lib_a-mprec.o)
                0x0000000000811604                __any_on
 .text          0x0000000000811690        0x0 c:/intelfpga_lite/18.1/nios2eds/bin/gnu/h-x86_64-mingw32/bin/../lib/gcc/nios2-elf/5.3.0/../../../../../H-x86_64-mingw32/nios2-elf/lib\libc.a(lib_a-putc.o)
 .text._putc_r  0x0000000000811690       0xa0 c:/intelfpga_lite/18.1/nios2eds/bin/gnu/h-x86_64-mingw32/bin/../lib/gcc/nios2-elf/5.3.0/../../../../../H-x86_64-mingw32/nios2-elf/lib\libc.a(lib_a-putc.o)
                0x0000000000811690                _putc_r
 .text.putc     0x0000000000811730       0xc8 c:/intelfpga_lite/18.1/nios2eds/bin/gnu/h-x86_64-mingw32/bin/../lib/gcc/nios2-elf/5.3.0/../../../../../H-x86_64-mingw32/nios2-elf/lib\libc.a(lib_a-putc.o)
                0x0000000000811730                putc
 .text          0x00000000008117f8        0x0 c:/intelfpga_lite/18.1/nios2eds/bin/gnu/h-x86_64-mingw32/bin/../lib/gcc/nios2-elf/5.3.0/../../../../../H-x86_64-mingw32/nios2-elf/lib\libc.a(lib_a-reallocr.o)
 .text._realloc_r
                0x00000000008117f8      0x564 c:/intelfpga_lite/18.1/nios2eds/bin/gnu/h-x86_64-mingw32/bin/../lib/gcc/nios2-elf/5.3.0/../../../../../H-x86_64-mingw32/nios2-elf/lib\libc.a(lib_a-reallocr.o)
                0x00000000008117f8                _realloc_r
 .text          0x0000000000811d5c        0x0 c:/intelfpga_lite/18.1/nios2eds/bin/gnu/h-x86_64-mingw32/bin/../lib/gcc/nios2-elf/5.3.0/../../../../../H-x86_64-mingw32/nios2-elf/lib\libc.a(lib_a-s_fpclassify.o)
 .text.__fpclassifyd
                0x0000000000811d5c       0x74 c:/intelfpga_lite/18.1/nios2eds/bin/gnu/h-x86_64-mingw32/bin/../lib/gcc/nios2-elf/5.3.0/../../../../../H-x86_64-mingw32/nios2-elf/lib\libc.a(lib_a-s_fpclassify.o)
                0x0000000000811d5c                __fpclassifyd
 .text          0x0000000000811dd0        0x0 c:/intelfpga_lite/18.1/nios2eds/bin/gnu/h-x86_64-mingw32/bin/../lib/gcc/nios2-elf/5.3.0/../../../../../H-x86_64-mingw32/nios2-elf/lib\libc.a(lib_a-stdio.o)
 .text.__sread  0x0000000000811dd0       0x54 c:/intelfpga_lite/18.1/nios2eds/bin/gnu/h-x86_64-mingw32/bin/../lib/gcc/nios2-elf/5.3.0/../../../../../H-x86_64-mingw32/nios2-elf/lib\libc.a(lib_a-stdio.o)
                0x0000000000811dd0                __sread
 .text.__seofread
                0x0000000000811e24        0x8 c:/intelfpga_lite/18.1/nios2eds/bin/gnu/h-x86_64-mingw32/bin/../lib/gcc/nios2-elf/5.3.0/../../../../../H-x86_64-mingw32/nios2-elf/lib\libc.a(lib_a-stdio.o)
                0x0000000000811e24                __seofread
 .text.__swrite
                0x0000000000811e2c       0x7c c:/intelfpga_lite/18.1/nios2eds/bin/gnu/h-x86_64-mingw32/bin/../lib/gcc/nios2-elf/5.3.0/../../../../../H-x86_64-mingw32/nios2-elf/lib\libc.a(lib_a-stdio.o)
                0x0000000000811e2c                __swrite
 .text.__sseek  0x0000000000811ea8       0x5c c:/intelfpga_lite/18.1/nios2eds/bin/gnu/h-x86_64-mingw32/bin/../lib/gcc/nios2-elf/5.3.0/../../../../../H-x86_64-mingw32/nios2-elf/lib\libc.a(lib_a-stdio.o)
                0x0000000000811ea8                __sseek
 .text.__sclose
                0x0000000000811f04        0x8 c:/intelfpga_lite/18.1/nios2eds/bin/gnu/h-x86_64-mingw32/bin/../lib/gcc/nios2-elf/5.3.0/../../../../../H-x86_64-mingw32/nios2-elf/lib\libc.a(lib_a-stdio.o)
                0x0000000000811f04                __sclose
 .text          0x0000000000811f0c        0x0 c:/intelfpga_lite/18.1/nios2eds/bin/gnu/h-x86_64-mingw32/bin/../lib/gcc/nios2-elf/5.3.0/../../../../../H-x86_64-mingw32/nios2-elf/lib\libc.a(lib_a-svfiprintf.o)
 .text.__ssprint_r
                0x0000000000811f0c      0x1d0 c:/intelfpga_lite/18.1/nios2eds/bin/gnu/h-x86_64-mingw32/bin/../lib/gcc/nios2-elf/5.3.0/../../../../../H-x86_64-mingw32/nios2-elf/lib\libc.a(lib_a-svfiprintf.o)
                0x0000000000811f0c                __ssprint_r
 .text.___svfiprintf_internal_r
                0x00000000008120dc     0x123c c:/intelfpga_lite/18.1/nios2eds/bin/gnu/h-x86_64-mingw32/bin/../lib/gcc/nios2-elf/5.3.0/../../../../../H-x86_64-mingw32/nios2-elf/lib\libc.a(lib_a-svfiprintf.o)
                0x00000000008120dc                ___svfiprintf_internal_r
 .text          0x0000000000813318        0x0 c:/intelfpga_lite/18.1/nios2eds/bin/gnu/h-x86_64-mingw32/bin/../lib/gcc/nios2-elf/5.3.0/../../../../../H-x86_64-mingw32/nios2-elf/lib\libc.a(lib_a-vfiprintf.o)
 .text.__sprint_r.part.0
                0x0000000000813318       0xfc c:/intelfpga_lite/18.1/nios2eds/bin/gnu/h-x86_64-mingw32/bin/../lib/gcc/nios2-elf/5.3.0/../../../../../H-x86_64-mingw32/nios2-elf/lib\libc.a(lib_a-vfiprintf.o)
 .text.__sprint_r
                0x0000000000813414       0x18 c:/intelfpga_lite/18.1/nios2eds/bin/gnu/h-x86_64-mingw32/bin/../lib/gcc/nios2-elf/5.3.0/../../../../../H-x86_64-mingw32/nios2-elf/lib\libc.a(lib_a-vfiprintf.o)
                0x0000000000813414                __sprint_r
 .text.___vfiprintf_internal_r
                0x000000000081342c     0x145c c:/intelfpga_lite/18.1/nios2eds/bin/gnu/h-x86_64-mingw32/bin/../lib/gcc/nios2-elf/5.3.0/../../../../../H-x86_64-mingw32/nios2-elf/lib\libc.a(lib_a-vfiprintf.o)
                0x000000000081342c                ___vfiprintf_internal_r
 .text.__vfiprintf_internal
                0x0000000000814888       0x1c c:/intelfpga_lite/18.1/nios2eds/bin/gnu/h-x86_64-mingw32/bin/../lib/gcc/nios2-elf/5.3.0/../../../../../H-x86_64-mingw32/nios2-elf/lib\libc.a(lib_a-vfiprintf.o)
                0x0000000000814888                __vfiprintf_internal
 .text.__sbprintf
                0x00000000008148a4       0xbc c:/intelfpga_lite/18.1/nios2eds/bin/gnu/h-x86_64-mingw32/bin/../lib/gcc/nios2-elf/5.3.0/../../../../../H-x86_64-mingw32/nios2-elf/lib\libc.a(lib_a-vfiprintf.o)
 .text          0x0000000000814960        0x0 c:/intelfpga_lite/18.1/nios2eds/bin/gnu/h-x86_64-mingw32/bin/../lib/gcc/nios2-elf/5.3.0/../../../../../H-x86_64-mingw32/nios2-elf/lib\libc.a(lib_a-wbuf.o)
 .text.__swbuf_r
                0x0000000000814960      0x140 c:/intelfpga_lite/18.1/nios2eds/bin/gnu/h-x86_64-mingw32/bin/../lib/gcc/nios2-elf/5.3.0/../../../../../H-x86_64-mingw32/nios2-elf/lib\libc.a(lib_a-wbuf.o)
                0x0000000000814960                __swbuf_r
 .text.__swbuf  0x0000000000814aa0       0x18 c:/intelfpga_lite/18.1/nios2eds/bin/gnu/h-x86_64-mingw32/bin/../lib/gcc/nios2-elf/5.3.0/../../../../../H-x86_64-mingw32/nios2-elf/lib\libc.a(lib_a-wbuf.o)
                0x0000000000814aa0                __swbuf
 .text          0x0000000000814ab8        0x0 c:/intelfpga_lite/18.1/nios2eds/bin/gnu/h-x86_64-mingw32/bin/../lib/gcc/nios2-elf/5.3.0/../../../../../H-x86_64-mingw32/nios2-elf/lib\libc.a(lib_a-writer.o)
 .text._write_r
                0x0000000000814ab8       0x60 c:/intelfpga_lite/18.1/nios2eds/bin/gnu/h-x86_64-mingw32/bin/../lib/gcc/nios2-elf/5.3.0/../../../../../H-x86_64-mingw32/nios2-elf/lib\libc.a(lib_a-writer.o)
                0x0000000000814ab8                _write_r
 .text          0x0000000000814b18        0x0 c:/intelfpga_lite/18.1/nios2eds/bin/gnu/h-x86_64-mingw32/bin/../lib/gcc/nios2-elf/5.3.0/../../../../../H-x86_64-mingw32/nios2-elf/lib\libc.a(closer.o)
 .text._close_r
                0x0000000000814b18       0x54 c:/intelfpga_lite/18.1/nios2eds/bin/gnu/h-x86_64-mingw32/bin/../lib/gcc/nios2-elf/5.3.0/../../../../../H-x86_64-mingw32/nios2-elf/lib\libc.a(closer.o)
                0x0000000000814b18                _close_r
 .text          0x0000000000814b6c        0x0 c:/intelfpga_lite/18.1/nios2eds/bin/gnu/h-x86_64-mingw32/bin/../lib/gcc/nios2-elf/5.3.0/../../../../../H-x86_64-mingw32/nios2-elf/lib\libc.a(lib_a-fclose.o)
 .text._fclose_r
                0x0000000000814b6c       0xf0 c:/intelfpga_lite/18.1/nios2eds/bin/gnu/h-x86_64-mingw32/bin/../lib/gcc/nios2-elf/5.3.0/../../../../../H-x86_64-mingw32/nios2-elf/lib\libc.a(lib_a-fclose.o)
                0x0000000000814b6c                _fclose_r
 .text.fclose   0x0000000000814c5c       0x14 c:/intelfpga_lite/18.1/nios2eds/bin/gnu/h-x86_64-mingw32/bin/../lib/gcc/nios2-elf/5.3.0/../../../../../H-x86_64-mingw32/nios2-elf/lib\libc.a(lib_a-fclose.o)
                0x0000000000814c5c                fclose
 .text          0x0000000000814c70        0x0 c:/intelfpga_lite/18.1/nios2eds/bin/gnu/h-x86_64-mingw32/bin/../lib/gcc/nios2-elf/5.3.0/../../../../../H-x86_64-mingw32/nios2-elf/lib\libc.a(lib_a-fputwc.o)
 .text.__fputwc
                0x0000000000814c70      0x164 c:/intelfpga_lite/18.1/nios2eds/bin/gnu/h-x86_64-mingw32/bin/../lib/gcc/nios2-elf/5.3.0/../../../../../H-x86_64-mingw32/nios2-elf/lib\libc.a(lib_a-fputwc.o)
                0x0000000000814c70                __fputwc
 .text._fputwc_r
                0x0000000000814dd4       0x24 c:/intelfpga_lite/18.1/nios2eds/bin/gnu/h-x86_64-mingw32/bin/../lib/gcc/nios2-elf/5.3.0/../../../../../H-x86_64-mingw32/nios2-elf/lib\libc.a(lib_a-fputwc.o)
                0x0000000000814dd4                _fputwc_r
 .text.fputwc   0x0000000000814df8       0x80 c:/intelfpga_lite/18.1/nios2eds/bin/gnu/h-x86_64-mingw32/bin/../lib/gcc/nios2-elf/5.3.0/../../../../../H-x86_64-mingw32/nios2-elf/lib\libc.a(lib_a-fputwc.o)
                0x0000000000814df8                fputwc
 .text          0x0000000000814e78        0x0 c:/intelfpga_lite/18.1/nios2eds/bin/gnu/h-x86_64-mingw32/bin/../lib/gcc/nios2-elf/5.3.0/../../../../../H-x86_64-mingw32/nios2-elf/lib\libc.a(lib_a-fstatr.o)
 .text._fstat_r
                0x0000000000814e78       0x5c c:/intelfpga_lite/18.1/nios2eds/bin/gnu/h-x86_64-mingw32/bin/../lib/gcc/nios2-elf/5.3.0/../../../../../H-x86_64-mingw32/nios2-elf/lib\libc.a(lib_a-fstatr.o)
                0x0000000000814e78                _fstat_r
 .text          0x0000000000814ed4        0x0 c:/intelfpga_lite/18.1/nios2eds/bin/gnu/h-x86_64-mingw32/bin/../lib/gcc/nios2-elf/5.3.0/../../../../../H-x86_64-mingw32/nios2-elf/lib\libc.a(lib_a-isattyr.o)
 .text._isatty_r
                0x0000000000814ed4       0x54 c:/intelfpga_lite/18.1/nios2eds/bin/gnu/h-x86_64-mingw32/bin/../lib/gcc/nios2-elf/5.3.0/../../../../../H-x86_64-mingw32/nios2-elf/lib\libc.a(lib_a-isattyr.o)
                0x0000000000814ed4                _isatty_r
 .text          0x0000000000814f28        0x0 c:/intelfpga_lite/18.1/nios2eds/bin/gnu/h-x86_64-mingw32/bin/../lib/gcc/nios2-elf/5.3.0/../../../../../H-x86_64-mingw32/nios2-elf/lib\libc.a(lib_a-lseekr.o)
 .text._lseek_r
                0x0000000000814f28       0x60 c:/intelfpga_lite/18.1/nios2eds/bin/gnu/h-x86_64-mingw32/bin/../lib/gcc/nios2-elf/5.3.0/../../../../../H-x86_64-mingw32/nios2-elf/lib\libc.a(lib_a-lseekr.o)
                0x0000000000814f28                _lseek_r
 .text          0x0000000000814f88        0x0 c:/intelfpga_lite/18.1/nios2eds/bin/gnu/h-x86_64-mingw32/bin/../lib/gcc/nios2-elf/5.3.0/../../../../../H-x86_64-mingw32/nios2-elf/lib\libc.a(lib_a-readr.o)
 .text._read_r  0x0000000000814f88       0x60 c:/intelfpga_lite/18.1/nios2eds/bin/gnu/h-x86_64-mingw32/bin/../lib/gcc/nios2-elf/5.3.0/../../../../../H-x86_64-mingw32/nios2-elf/lib\libc.a(lib_a-readr.o)
                0x0000000000814f88                _read_r
 .text          0x0000000000814fe8        0x0 c:/intelfpga_lite/18.1/nios2eds/bin/gnu/h-x86_64-mingw32/bin/../lib/gcc/nios2-elf/5.3.0/../../../../../H-x86_64-mingw32/nios2-elf/lib\libc.a(lib_a-wcrtomb.o)
 .text._wcrtomb_r
                0x0000000000814fe8       0x9c c:/intelfpga_lite/18.1/nios2eds/bin/gnu/h-x86_64-mingw32/bin/../lib/gcc/nios2-elf/5.3.0/../../../../../H-x86_64-mingw32/nios2-elf/lib\libc.a(lib_a-wcrtomb.o)
                0x0000000000814fe8                _wcrtomb_r
 .text.wcrtomb  0x0000000000815084       0xc0 c:/intelfpga_lite/18.1/nios2eds/bin/gnu/h-x86_64-mingw32/bin/../lib/gcc/nios2-elf/5.3.0/../../../../../H-x86_64-mingw32/nios2-elf/lib\libc.a(lib_a-wcrtomb.o)
                0x0000000000815084                wcrtomb
 .text          0x0000000000815144        0x0 c:/intelfpga_lite/18.1/nios2eds/bin/gnu/h-x86_64-mingw32/bin/../lib/gcc/nios2-elf/5.3.0/../../../../../H-x86_64-mingw32/nios2-elf/lib\libc.a(lib_a-wctomb_r.o)
 .text.__ascii_wctomb
                0x0000000000815144       0x30 c:/intelfpga_lite/18.1/nios2eds/bin/gnu/h-x86_64-mingw32/bin/../lib/gcc/nios2-elf/5.3.0/../../../../../H-x86_64-mingw32/nios2-elf/lib\libc.a(lib_a-wctomb_r.o)
                0x0000000000815144                __ascii_wctomb
 .text._wctomb_r
                0x0000000000815174       0x5c c:/intelfpga_lite/18.1/nios2eds/bin/gnu/h-x86_64-mingw32/bin/../lib/gcc/nios2-elf/5.3.0/../../../../../H-x86_64-mingw32/nios2-elf/lib\libc.a(lib_a-wctomb_r.o)
                0x0000000000815174                _wctomb_r
 .text          0x00000000008151d0      0x578 c:/intelfpga_lite/18.1/nios2eds/bin/gnu/h-x86_64-mingw32/bin/../lib/gcc/nios2-elf/5.3.0\libgcc.a(_udivdi3.o)
                0x00000000008151d0                __udivdi3
 .text          0x0000000000815748      0x538 c:/intelfpga_lite/18.1/nios2eds/bin/gnu/h-x86_64-mingw32/bin/../lib/gcc/nios2-elf/5.3.0\libgcc.a(_umoddi3.o)
                0x0000000000815748                __umoddi3
 .text          0x0000000000815c80       0x88 c:/intelfpga_lite/18.1/nios2eds/bin/gnu/h-x86_64-mingw32/bin/../lib/gcc/nios2-elf/5.3.0\libgcc.a(eqdf2.o)
                0x0000000000815c80                __nedf2
                0x0000000000815c80                __eqdf2
 .text          0x0000000000815d08       0xdc c:/intelfpga_lite/18.1/nios2eds/bin/gnu/h-x86_64-mingw32/bin/../lib/gcc/nios2-elf/5.3.0\libgcc.a(gedf2.o)
                0x0000000000815d08                __gedf2
                0x0000000000815d08                __gtdf2
 .text          0x0000000000815de4       0xf4 c:/intelfpga_lite/18.1/nios2eds/bin/gnu/h-x86_64-mingw32/bin/../lib/gcc/nios2-elf/5.3.0\libgcc.a(ledf2.o)
                0x0000000000815de4                __ledf2
                0x0000000000815de4                __ltdf2
 .text          0x0000000000815ed8      0x8fc c:/intelfpga_lite/18.1/nios2eds/bin/gnu/h-x86_64-mingw32/bin/../lib/gcc/nios2-elf/5.3.0\libgcc.a(subdf3.o)
                0x0000000000815ed8                __subdf3
 .text          0x00000000008167d4       0x80 c:/intelfpga_lite/18.1/nios2eds/bin/gnu/h-x86_64-mingw32/bin/../lib/gcc/nios2-elf/5.3.0\libgcc.a(fixdfsi.o)
                0x00000000008167d4                __fixdfsi
 .text          0x0000000000816854       0xec ../candy_avb_sss_bsp/\libucosii_bsp.a(alt_fstat.o)
                0x0000000000816890                fstat
 .text          0x0000000000816940       0xe0 ../candy_avb_sss_bsp/\libucosii_bsp.a(alt_isatty.o)
                0x000000000081697c                isatty
 .text          0x0000000000816a20      0x110 ../candy_avb_sss_bsp/\libucosii_bsp.a(alt_lseek.o)
                0x0000000000816a5c                lseek
 .text          0x0000000000816b30       0xbc ../candy_avb_sss_bsp/\libucosii_bsp.a(alt_main.o)
                0x0000000000816b30                alt_main
 .text          0x0000000000816bec       0xb0 ../candy_avb_sss_bsp/\libucosii_bsp.a(alt_sbrk.o)
                0x0000000000816bec                sbrk
 .text          0x0000000000816c9c      0x114 ../candy_avb_sss_bsp/\libucosii_bsp.a(alt_usleep.o)
                0x0000000000816c9c                usleep
 .text          0x0000000000816db0      0x124 ../candy_avb_sss_bsp/\libucosii_bsp.a(alt_env_lock.o)
                0x0000000000816db0                __env_lock
                0x0000000000816e74                __env_unlock
 .text          0x0000000000816ed4      0x1ec ../candy_avb_sss_bsp/\libucosii_bsp.a(alt_malloc_lock.o)
                0x0000000000816ed4                __malloc_lock
                0x0000000000816ff4                __malloc_unlock
 .text          0x00000000008170c0     0x2014 ../candy_avb_sss_bsp/\libucosii_bsp.a(os_core.o)
                0x00000000008170c0                OSEventNameGet
                0x00000000008171e0                OSEventNameSet
                0x0000000000817320                OSEventPendMulti
                0x0000000000817930                OSInit
                0x0000000000817988                OSIntEnter
                0x00000000008179d4                OSIntExit
                0x0000000000817acc                OSSchedLock
                0x0000000000817b58                OSSchedUnlock
                0x0000000000817c34                OSStart
                0x0000000000817ca4                OSStatInit
                0x0000000000817d54                OSTimeTick
                0x0000000000817f74                OSVersion
                0x0000000000817f94                OS_Dummy
                0x0000000000817fb4                OS_EventTaskRdy
                0x000000000081814c                OS_EventTaskWait
                0x000000000081825c                OS_EventTaskWaitMulti
                0x00000000008183ac                OS_EventTaskRemove
                0x0000000000818464                OS_EventTaskRemoveMulti
                0x0000000000818564                OS_EventWaitListInit
                0x0000000000818944                OS_MemClr
                0x0000000000818998                OS_MemCopy
                0x0000000000818a00                OS_Sched
                0x0000000000818b44                OS_StrCopy
                0x0000000000818bb8                OS_StrLen
                0x0000000000818c0c                OS_TaskIdle
                0x0000000000818c68                OS_TaskStat
                0x0000000000818d34                OS_TaskStatStkChk
                0x0000000000818e00                OS_TCBInit
 .text          0x00000000008190d4      0x190 ../candy_avb_sss_bsp/\libucosii_bsp.a(os_dbg.o)
                0x00000000008190d4                OSDebugInit
 .text          0x0000000000819264     0x1714 ../candy_avb_sss_bsp/\libucosii_bsp.a(os_flag.o)
                0x0000000000819264                OSFlagAccept
                0x000000000081956c                OSFlagCreate
                0x0000000000819674                OSFlagDel
                0x00000000008198bc                OSFlagNameGet
                0x00000000008199e4                OSFlagNameSet
                0x0000000000819b30                OSFlagPend
                0x000000000081a0e8                OSFlagPendGetFlagsRdy
                0x000000000081a148                OSFlagPost
                0x000000000081a4dc                OSFlagQuery
                0x000000000081a700                OS_FlagInit
                0x000000000081a8d4                OS_FlagUnlink
 .text          0x000000000081a978      0x754 ../candy_avb_sss_bsp/\libucosii_bsp.a(os_mem.o)
                0x000000000081a978                OSMemCreate
                0x000000000081ab4c                OSMemGet
                0x000000000081ac3c                OSMemNameGet
                0x000000000081ad2c                OSMemNameSet
                0x000000000081ae40                OSMemPut
                0x000000000081af18                OSMemQuery
                0x000000000081b000                OS_MemInit
 .text          0x000000000081b0cc     0x1104 ../candy_avb_sss_bsp/\libucosii_bsp.a(os_q.o)
                0x000000000081b0cc                OSQAccept
                0x000000000081b20c                OSQCreate
                0x000000000081b3b8                OSQDel
                0x000000000081b638                OSQFlush
                0x000000000081b6f0                OSQPend
                0x000000000081b97c                OSQPendAbort
                0x000000000081bae8                OSQPost
                0x000000000081bc50                OSQPostFront
                0x000000000081bdc0                OSQPostOpt
                0x000000000081bfcc                OSQQuery
                0x000000000081c128                OS_QInit
 .text          0x000000000081c1d0      0xa60 ../candy_avb_sss_bsp/\libucosii_bsp.a(os_sem.o)
                0x000000000081c1d0                OSSemAccept
                0x000000000081c280                OSSemCreate
                0x000000000081c358                OSSemDel
                0x000000000081c598                OSSemPend
                0x000000000081c7a4                OSSemPendAbort
                0x000000000081c910                OSSemPost
                0x000000000081ca20                OSSemQuery
                0x000000000081cb30                OSSemSet
 .text          0x000000000081cc30     0x176c ../candy_avb_sss_bsp/\libucosii_bsp.a(os_task.o)
                0x000000000081cc30                OSTaskChangePrio
                0x000000000081d120                OSTaskCreate
                0x000000000081d2cc                OSTaskCreateExt
                0x000000000081d4b0                OSTaskDel
                0x000000000081d7f4                OSTaskDelReq
                0x000000000081d944                OSTaskNameGet
                0x000000000081dadc                OSTaskNameSet
                0x000000000081dc90                OSTaskResume
                0x000000000081de64                OSTaskStkChk
                0x000000000081e024                OSTaskSuspend
                0x000000000081e208                OSTaskQuery
                0x000000000081e32c                OS_TaskStkClr
 .text          0x000000000081e39c      0x4e8 ../candy_avb_sss_bsp/\libucosii_bsp.a(os_time.o)
                0x000000000081e39c                OSTimeDly
                0x000000000081e4a0                OSTimeDlyHMSM
                0x000000000081e5f4                OSTimeDlyResume
                0x000000000081e7c8                OSTimeGet
                0x000000000081e824                OSTimeSet
 .text          0x000000000081e884      0x300 ../candy_avb_sss_bsp/\libucosii_bsp.a(alt_sys_init.o)
                0x000000000081e8b8                alt_irq_init
                0x000000000081e8f0                alt_sys_init
 .text          0x000000000081eb84      0x164 ../candy_avb_sss_bsp/\libucosii_bsp.a(altera_avalon_jtag_uart_fd.o)
                0x000000000081eb84                altera_avalon_jtag_uart_read_fd
                0x000000000081ebe4                altera_avalon_jtag_uart_write_fd
                0x000000000081ec44                altera_avalon_jtag_uart_close_fd
                0x000000000081ec94                altera_avalon_jtag_uart_ioctl_fd
 .text          0x000000000081ece8      0x558 ../candy_avb_sss_bsp/\libucosii_bsp.a(altera_avalon_jtag_uart_init.o)
                0x000000000081ece8                altera_avalon_jtag_uart_init
                0x000000000081f1d8                altera_avalon_jtag_uart_close
 .text          0x000000000081f240       0xf0 ../candy_avb_sss_bsp/\libucosii_bsp.a(altera_avalon_jtag_uart_ioctl.o)
                0x000000000081f240                altera_avalon_jtag_uart_ioctl
 .text          0x000000000081f330      0x2bc ../candy_avb_sss_bsp/\libucosii_bsp.a(altera_avalon_jtag_uart_read.o)
                0x000000000081f330                altera_avalon_jtag_uart_read
 .text          0x000000000081f5ec      0x2c4 ../candy_avb_sss_bsp/\libucosii_bsp.a(altera_avalon_jtag_uart_write.o)
                0x000000000081f5ec                altera_avalon_jtag_uart_write
 .text          0x000000000081f8b0       0xf4 ../candy_avb_sss_bsp/\libucosii_bsp.a(altera_avalon_timer_sc.o)
                0x000000000081f928                alt_avalon_timer_sc_init
 .text          0x000000000081f9a4      0x110 ../candy_avb_sss_bsp/\libucosii_bsp.a(altera_avalon_uart_fd.o)
                0x000000000081f9a4                altera_avalon_uart_read_fd
                0x000000000081fa04                altera_avalon_uart_write_fd
                0x000000000081fa64                altera_avalon_uart_close_fd
 .text          0x000000000081fab4      0x52c ../candy_avb_sss_bsp/\libucosii_bsp.a(altera_avalon_uart_init.o)
                0x000000000081fab4                altera_avalon_uart_init
                0x000000000081ff8c                altera_avalon_uart_close
 .text          0x000000000081ffe0      0x2a4 ../candy_avb_sss_bsp/\libucosii_bsp.a(altera_avalon_uart_read.o)
                0x000000000082001c                altera_avalon_uart_read
 .text          0x0000000000820284      0x274 ../candy_avb_sss_bsp/\libucosii_bsp.a(altera_avalon_uart_write.o)
                0x00000000008202c0                altera_avalon_uart_write
 .text          0x00000000008204f8      0x56c ../candy_avb_sss_bsp/\libucosii_bsp.a(altera_modular_adc.o)
                0x00000000008205a0                alt_adc_word_read
                0x000000000082064c                altera_modular_adc_init
                0x00000000008206c0                alt_adc_register_callback
                0x0000000000820758                altera_modular_adc_open
                0x0000000000820798                adc_stop
                0x00000000008207e8                adc_start
                0x0000000000820820                adc_set_mode_run_once
                0x0000000000820860                adc_set_mode_run_continuously
                0x000000000082089c                adc_recalibrate
                0x0000000000820918                adc_interrupt_enable
                0x000000000082095c                adc_interrupt_disable
                0x00000000008209a4                adc_clear_interrupt_status
                0x00000000008209e8                adc_interrupt_asserted
                0x0000000000820a28                adc_wait_for_interrupt
 .text          0x0000000000820a64     0x2120 ../candy_avb_sss_bsp/\libucosii_bsp.a(altera_msgdma.o)
                0x00000000008216fc                alt_msgdma_construct_standard_st_to_mm_descriptor
                0x0000000000821754                alt_msgdma_construct_standard_mm_to_st_descriptor
                0x00000000008217ac                alt_msgdma_construct_standard_mm_to_mm_descriptor
                0x0000000000821804                alt_msgdma_construct_extended_st_to_mm_descriptor
                0x0000000000821894                alt_msgdma_construct_extended_mm_to_st_descriptor
                0x0000000000821924                alt_msgdma_construct_extended_mm_to_mm_descriptor
                0x0000000000821c04                alt_msgdma_construct_prefetcher_standard_mm_to_mm_descriptor
                0x0000000000821c5c                alt_msgdma_construct_prefetcher_standard_st_to_mm_descriptor
                0x0000000000821cb4                alt_msgdma_construct_prefetcher_standard_mm_to_st_descriptor
                0x0000000000821d0c                alt_msgdma_construct_prefetcher_extended_st_to_mm_descriptor
                0x0000000000821dac                alt_msgdma_construct_prefetcher_extended_mm_to_st_descriptor
                0x0000000000821e44                alt_msgdma_construct_prefetcher_extended_mm_to_mm_descriptor
                0x0000000000821efc                alt_msgdma_prefetcher_add_standard_desc_to_list
                0x0000000000821fec                alt_msgdma_prefetcher_add_extended_desc_to_list
                0x0000000000822184                alt_msgdma_prefetcher_set_std_list_own_by_hw_bits
                0x0000000000822290                alt_msgdma_prefetcher_set_extd_list_own_by_hw_bits
                0x00000000008223d4                alt_msgdma_start_prefetcher_with_list_addr
                0x00000000008226e4                alt_msgdma_start_prefetcher_with_std_desc_list
                0x0000000000822790                alt_msgdma_start_prefetcher_with_extd_desc_list
                0x000000000082283c                alt_msgdma_open
                0x0000000000822894                alt_msgdma_init
                0x0000000000822a40                alt_msgdma_register_callback
                0x0000000000822a94                alt_msgdma_standard_descriptor_async_transfer
                0x0000000000822ad0                alt_msgdma_extended_descriptor_async_transfer
                0x0000000000822b0c                alt_msgdma_standard_descriptor_sync_transfer
                0x0000000000822b48                alt_msgdma_extended_descriptor_sync_transfer
 .text          0x0000000000822b84      0xf40 ../candy_avb_sss_bsp/\libucosii_bsp.a(altera_onchip_flash.o)
                0x0000000000822bb8                alt_onchip_flash_read
                0x0000000000822c84                alt_onchip_flash_get_info
                0x0000000000822d20                alt_onchip_flash_erase_block
                0x0000000000822e88                alt_onchip_flash_write_block
                0x0000000000823160                alt_onchip_flash_write
                0x0000000000823438                altera_onchip_flash_init
                0x0000000000823914                alt_onchip_flash_poll_for_status_to_go_idle
                0x00000000008239a4                alt_onchip_flash_poll_for_status_erase_passed
                0x0000000000823a34                alt_onchip_flash_poll_for_status_write_passed
 .text          0x0000000000823ac4     0x1bec ../candy_avb_sss_bsp/\libucosii_bsp.a(ins_tse_mac.o)
                0x0000000000823ac4                altera_eth_tse_init
                0x0000000000823c14                prep_tse_mac
                0x0000000000823e68                msgdma_reset
                0x0000000000823ee4                tse_mac_init
                0x0000000000824afc                tse_msgdma_write_init
                0x0000000000824c1c                tse_mac_raw_send
                0x0000000000824de4                tse_msgdmaRx_isr
                0x0000000000824f98                tse_msgdmaTx_isr
                0x0000000000824ff8                tse_msgdma_read_init
                0x00000000008252d4                allocate_rx_descriptor_chain
                0x0000000000825418                tse_mac_rcv
                0x000000000082556c                tse_mac_stats
                0x00000000008255ac                tse_mac_close
 .text          0x00000000008256b0       0x48 ../candy_avb_sss_bsp/\libucosii_bsp.a(alt_iniche_close.o)
                0x00000000008256b0                close
 .text          0x00000000008256f8      0x148 ../candy_avb_sss_bsp/\libucosii_bsp.a(alt_iniche_dev.o)
                0x00000000008256f8                iniche_devices_init
 .text          0x0000000000825840       0x70 ../candy_avb_sss_bsp/\libucosii_bsp.a(alt_iniche_read.o)
                0x0000000000825840                read
 .text          0x00000000008258b0       0x68 ../candy_avb_sss_bsp/\libucosii_bsp.a(alt_iniche_write.o)
                0x00000000008258b0                write
 .text          0x0000000000825918      0xde4 ../candy_avb_sss_bsp/\libucosii_bsp.a(ipnet.o)
                0x0000000000825918                Netinit
                0x0000000000825f00                fixup_subnet_mask
                0x0000000000826058                netclose
                0x000000000082613c                pktdemux
                0x00000000008264e0                c_older
                0x0000000000826570                ip2mac
 .text          0x00000000008266fc      0x468 ../candy_avb_sss_bsp/\libucosii_bsp.a(ipstart.o)
                0x00000000008266fc                ip_startup
                0x00000000008269a0                exit_hook
                0x0000000000826a10                ip_exit
                0x0000000000826ae0                if_netnumber
 .text          0x0000000000826b64      0xfa0 ../candy_avb_sss_bsp/\libucosii_bsp.a(igmp_cmn.o)
                0x0000000000826b64                igmp_init
                0x0000000000826c08                igmp_input
                0x0000000000826ce8                igmp_fasttimo
                0x0000000000826e60                igmp_send
                0x00000000008270fc                igmp_joingroup
                0x0000000000827350                igmp_leavegroup
                0x00000000008273d0                igmp_validate
                0x00000000008276e8                igmp_print_stats
 .text          0x0000000000827b04      0xa88 ../candy_avb_sss_bsp/\libucosii_bsp.a(bsdsock.o)
                0x0000000000827b04                bsd_accept
                0x0000000000827c28                bsd_getpeername
                0x0000000000827d4c                bsd_getsockname
                0x0000000000827e70                bsd_i_sockoptlen
                0x0000000000827fac                bsd_getsockopt
                0x00000000008280b8                bsd_ioctl
                0x00000000008281ac                bsd_inet_ntoa
                0x00000000008281e0                bsd_recvfrom
                0x0000000000828328                bsd_select
                0x00000000008284ac                bsd_setsockopt
 .text          0x000000000082858c       0xf8 ../candy_avb_sss_bsp/\libucosii_bsp.a(cksum.o)
                0x000000000082858c                ccksum
                0x0000000000828630                cksum
 .text          0x0000000000828684      0xa50 ../candy_avb_sss_bsp/\libucosii_bsp.a(in_utils.o)
                0x0000000000828684                do_trap
                0x00000000008286b0                nextarg
                0x000000000082872c                hexdump
                0x0000000000828870                print_ipad
                0x00000000008288ec                print_uptime
                0x0000000000828a2c                panic
                0x0000000000828a74                print_eth
                0x0000000000828bc8                uslash
                0x0000000000828c44                ns_printf
                0x0000000000828db4                std_out
                0x0000000000828df8                con_page
                0x0000000000828ed0                parse_args
 .text          0x00000000008290d4      0x1a0 ../candy_avb_sss_bsp/\libucosii_bsp.a(netmain.o)
                0x00000000008290d4                netmain
                0x00000000008291b4                tk_netmain
                0x000000000082922c                tk_nettick
 .text          0x0000000000829274      0x5b4 ../candy_avb_sss_bsp/\libucosii_bsp.a(tk_crnos.o)
                0x0000000000829274                TK_OSTimeDly
                0x00000000008292a4                TK_OSTaskResume
                0x0000000000829318                tcp_sleep
                0x000000000082948c                tcp_wakeup
                0x0000000000829584                TK_OSTaskQuery
                0x00000000008295f0                tk_yield
                0x0000000000829620                tk_stats
 .text          0x0000000000829828     0x2c28 ../candy_avb_sss_bsp/\libucosii_bsp.a(dhcpclnt.o)
                0x0000000000829828                dhc_get_srv_ipaddr
                0x00000000008298b0                dhc_init
                0x0000000000829960                dhc_set_callback
                0x00000000008299a8                dhc_upcall
                0x000000000082a158                dhc_buildheader
                0x000000000082a33c                dhc_discover
                0x000000000082a7e4                dhc_rx_offer
                0x000000000082a8c8                dhc_request
                0x000000000082b34c                dhc_setip
                0x000000000082b5c8                dhc_resetip
                0x000000000082b6ac                dhc_decline
                0x000000000082b860                dhc_extract_opts
                0x000000000082bad0                dhc_second
                0x000000000082c020                dhc_halt
                0x000000000082c0a0                dhc_reclaim
                0x000000000082c258                dhc_state_init
                0x000000000082c2b0                dhc_alldone
                0x000000000082c338                dhc_ifacedone
                0x000000000082c3a0                dhc_set_state
 .text          0x000000000082c450       0xc0 ../candy_avb_sss_bsp/\libucosii_bsp.a(dhcputil.o)
                0x000000000082c450                find_opt
 .text          0x000000000082c510      0x774 ../candy_avb_sss_bsp/\libucosii_bsp.a(pktalloc.o)
                0x000000000082c510                pk_init
                0x000000000082c7ac                pk_alloc
                0x000000000082c870                pk_validate
                0x000000000082cafc                pk_free
                0x000000000082cba8                pk_get_max_intrsafe_buf_len
                0x000000000082cbc8                dump_buf_estats
 .text          0x000000000082cc84      0x268 ../candy_avb_sss_bsp/\libucosii_bsp.a(q.o)
                0x000000000082cc84                getq
                0x000000000082cd3c                putq
                0x000000000082cdec                qdel
 .text          0x000000000082ceec      0x2d4 ../candy_avb_sss_bsp/\libucosii_bsp.a(udp_open.o)
                0x000000000082ceec                udp_open
                0x000000000082d0e8                udp_close
 .text          0x000000000082d1c0      0x194 ../candy_avb_sss_bsp/\libucosii_bsp.a(asm_cksum.o)
                0x000000000082d1c0                asm_cksum
 .text          0x000000000082d354      0x27c ../candy_avb_sss_bsp/\libucosii_bsp.a(brdutils.o)
                0x000000000082d354                dtrap
                0x000000000082d388                kbhit
                0x000000000082d41c                getch
                0x000000000082d478                clock_init
                0x000000000082d4b0                clock_c
                0x000000000082d4d0                cticks_hook
                0x000000000082d52c                irq_Mask
                0x000000000082d58c                irq_Unmask
 .text          0x000000000082d5d0      0x4d0 ../candy_avb_sss_bsp/\libucosii_bsp.a(osportco.o)
                0x000000000082d5d0                LOCK_NET_RESOURCE
                0x000000000082d694                UNLOCK_NET_RESOURCE
                0x000000000082d71c                TK_NEWTASK
                0x000000000082d968                wait_app_sem
                0x000000000082da24                post_app_sem
 .text          0x000000000082daa0      0x574 ../candy_avb_sss_bsp/\libucosii_bsp.a(targnios.o)
                0x000000000082daa0                alt_iniche_init
                0x000000000082dc9c                pre_task_setup
                0x000000000082dce8                post_task_setup
                0x000000000082dd08                prep_armintcp
                0x000000000082dd40                npalloc_base
                0x000000000082de4c                npfree_base
                0x000000000082df2c                npalloc
                0x000000000082df60                npfree
                0x000000000082dfa0                ncpalloc
                0x000000000082dfd4                ncpfree
 .text          0x000000000082e014     0x181c ../candy_avb_sss_bsp/\libucosii_bsp.a(nptcp.o)
                0x000000000082e014                pffindtype
                0x000000000082e0a4                pffindproto
                0x000000000082e168                m_getnbuf
                0x000000000082e2f0                m_free
                0x000000000082e3f8                m_freem
                0x000000000082e43c                m_copy
                0x000000000082e730                m_adj
                0x000000000082e8f0                mbuf_len
                0x000000000082e944                dtom
                0x000000000082e9e0                remque
                0x000000000082ea50                insque
                0x000000000082eacc                nptcp_init
                0x000000000082ebc4                tcp_rcv
                0x000000000082ed94                ip_output
                0x000000000082f344                in_broadcast
                0x000000000082f37c                np_stripoptions
                0x000000000082f470                so_icmpdu
                0x000000000082f7b8                tcp_tick
 .text          0x000000000082f830      0x970 ../candy_avb_sss_bsp/\libucosii_bsp.a(rawsock.o)
                0x000000000082f830                rawip_lookup
                0x000000000082f88c                rawip_soinput
                0x000000000082fa54                rawip_usrreq
 .text          0x00000000008301a0     0x1654 ../candy_avb_sss_bsp/\libucosii_bsp.a(sockcall.o)
                0x00000000008301a0                DOMAIN_CHECK
                0x00000000008301f0                t_socket
                0x0000000000830270                t_bind
                0x00000000008303d4                t_listen
                0x00000000008304ac                t_accept
                0x0000000000830700                t_connect
                0x000000000083096c                t_getpeername
                0x00000000008309b0                t_getsockname
                0x0000000000830bd0                t_setsockopt
                0x0000000000830d90                t_getsockopt
                0x0000000000830f1c                t_recv
                0x0000000000830ffc                t_recvfrom
                0x000000000083113c                t_sendto
                0x0000000000831330                t_send
                0x0000000000831534                t_shutdown
                0x000000000083160c                t_socketclose
                0x000000000083175c                t_errno
 .text          0x00000000008317f4     0x2034 ../candy_avb_sss_bsp/\libucosii_bsp.a(socket.o)
                0x00000000008317f4                socreate
                0x000000000083199c                sobind
                0x00000000008319f8                solisten
                0x0000000000831ac8                sofree
                0x0000000000831bd8                soclose
                0x0000000000831e94                soabort
                0x0000000000831ee4                soaccept
                0x0000000000831f7c                soconnect
                0x0000000000832034                sodisconnect
                0x00000000008320cc                sosend
                0x0000000000832624                soreceive
                0x0000000000832d70                soshutdown
                0x0000000000832e08                sorflush
                0x0000000000832f04                sosetopt
                0x0000000000833334                sogetopt
                0x00000000008337dc                sohasoutofband
 .text          0x0000000000833828     0x128c ../candy_avb_sss_bsp/\libucosii_bsp.a(socket2.o)
                0x0000000000833828                soisconnecting
                0x0000000000833898                soisconnected
                0x000000000083399c                soisdisconnecting
                0x0000000000833a34                soisdisconnected
                0x0000000000833af8                sonewconn
                0x0000000000833cf8                soqinsque
                0x0000000000833da4                soqremque
                0x0000000000833eac                socantsendmore
                0x0000000000833f04                socantrcvmore
                0x0000000000833f5c                sbselqueue
                0x0000000000833f98                sbwait
                0x0000000000834004                sbwakeup
                0x0000000000834090                soreserve
                0x0000000000834118                sbreserve
                0x0000000000834168                sbrelease
                0x00000000008341b4                sbappend
                0x0000000000834254                sbappendrecord
                0x000000000083432c                sbappendaddr
                0x0000000000834508                sbcompress
                0x00000000008346e8                sbflush
                0x000000000083476c                sbdrop
                0x0000000000834924                sbdropend
                0x0000000000834a24                sbdroprecord
 .text          0x0000000000834ab4      0x87c ../candy_avb_sss_bsp/\libucosii_bsp.a(soselect.o)
                0x0000000000834ab4                t_select
                0x0000000000834c84                sock_selscan
                0x0000000000834dc4                sock_select
                0x0000000000834fa8                in_pcbnotify
                0x000000000083506c                tcp_notify
                0x00000000008350ec                ifd_clr
                0x00000000008351dc                ifd_set
                0x0000000000835254                ifd_isset
                0x00000000008352cc                ifd_get
 .text          0x0000000000835330     0x2d80 ../candy_avb_sss_bsp/\libucosii_bsp.a(tcp_in.o)
                0x0000000000835330                tcp_reass
                0x0000000000835740                tcp_input
                0x0000000000837a70                tcp_dooptions
                0x0000000000837bf8                tcp_pulloutofband
                0x0000000000837d24                tcp_xmit_timer
                0x0000000000837f70                ip4_tcpmss
                0x0000000000837fb8                tcp_mss
 .text          0x00000000008380b0     0x11cc ../candy_avb_sss_bsp/\libucosii_bsp.a(tcp_out.o)
                0x00000000008380b0                tcp_output
                0x00000000008390b4                tcp_setpersist
 .text          0x000000000083927c      0x93c ../candy_avb_sss_bsp/\libucosii_bsp.a(tcp_subr.o)
                0x000000000083927c                tcp_init
                0x00000000008392d0                tcp_template
                0x00000000008393d8                tcp_respond
                0x00000000008397d8                tcp_newtcpcb
                0x00000000008398e4                tcp_drop
                0x0000000000839990                tcp_close
                0x0000000000839a80                tcp_quench
                0x0000000000839acc                tcp_putseq
                0x0000000000839b44                tcp_getseq
 .text          0x0000000000839bb8      0x750 ../candy_avb_sss_bsp/\libucosii_bsp.a(tcp_timr.o)
                0x0000000000839bb8                tcp_slowtimo
                0x0000000000839e28                tcp_canceltimers
                0x0000000000839e88                tcp_timers
 .text          0x000000000083a308      0x988 ../candy_avb_sss_bsp/\libucosii_bsp.a(tcp_usr.o)
                0x000000000083a308                tcp_usrreq
                0x000000000083a9dc                tcp_attach
                0x000000000083aaf4                tcp_disconnect
                0x000000000083abc0                tcp_usrclosed
 .text          0x000000000083ac90       0x40 ../candy_avb_sss_bsp/\libucosii_bsp.a(tcpport.o)
                0x000000000083ac90                tcpinit
 .text          0x000000000083acd0      0xbb4 ../candy_avb_sss_bsp/\libucosii_bsp.a(udpsock.o)
                0x000000000083acd0                udp_lookup
                0x000000000083ad2c                udp_soinput
                0x000000000083aecc                udp_usrreq
                0x000000000083b108                udp4_sockbind
                0x000000000083b3dc                udp4_socksend
                0x000000000083b75c                udp4_sockaddr
 .text          0x000000000083b884      0x12c ../candy_avb_sss_bsp/\libucosii_bsp.a(alt_alarm_start.o)
                0x000000000083b884                alt_alarm_start
 .text          0x000000000083b9b0      0x158 ../candy_avb_sss_bsp/\libucosii_bsp.a(alt_busy_sleep.o)
                0x000000000083b9b0                alt_busy_sleep
 .text          0x000000000083bb08      0x10c ../candy_avb_sss_bsp/\libucosii_bsp.a(alt_close.o)
                0x000000000083bb44                alt_close
 .text          0x000000000083bc14       0x78 ../candy_avb_sss_bsp/\libucosii_bsp.a(alt_dcache_flush.o)
                0x000000000083bc14                alt_dcache_flush
 .text          0x000000000083bc8c       0x2c ../candy_avb_sss_bsp/\libucosii_bsp.a(alt_dev.o)
 .text          0x000000000083bcb8       0xe0 ../candy_avb_sss_bsp/\libucosii_bsp.a(alt_dev_llist_insert.o)
                0x000000000083bcf4                alt_dev_llist_insert