Archive member included to satisfy reference by file (symbol)

c:/intelfpga_lite/18.1/nios2eds/bin/gnu/h-x86_64-mingw32/bin/../lib/gcc/nios2-elf/5.3.0\libgcc.a(_floatdisf.o)
                              obj/default/osc.o (__floatdisf)
c:/intelfpga_lite/18.1/nios2eds/bin/gnu/h-x86_64-mingw32/bin/../lib/gcc/nios2-elf/5.3.0\libgcc.a(addsf3.o)
                              obj/default/osc.o (__addsf3)
c:/intelfpga_lite/18.1/nios2eds/bin/gnu/h-x86_64-mingw32/bin/../lib/gcc/nios2-elf/5.3.0\libgcc.a(mulsf3.o)
                              obj/default/osc.o (__mulsf3)
c:/intelfpga_lite/18.1/nios2eds/bin/gnu/h-x86_64-mingw32/bin/../lib/gcc/nios2-elf/5.3.0\libgcc.a(fixsfsi.o)
                              obj/default/osc.o (__fixsfsi)
c:/intelfpga_lite/18.1/nios2eds/bin/gnu/h-x86_64-mingw32/bin/../lib/gcc/nios2-elf/5.3.0\libgcc.a(floatsisf.o)
                              obj/default/osc.o (__floatsisf)
c:/intelfpga_lite/18.1/nios2eds/bin/gnu/h-x86_64-mingw32/bin/../lib/gcc/nios2-elf/5.3.0\libgcc.a(adddf3.o)
                              obj/default/osc.o (__adddf3)
c:/intelfpga_lite/18.1/nios2eds/bin/gnu/h-x86_64-mingw32/bin/../lib/gcc/nios2-elf/5.3.0\libgcc.a(divdf3.o)
                              obj/default/osc.o (__divdf3)
c:/intelfpga_lite/18.1/nios2eds/bin/gnu/h-x86_64-mingw32/bin/../lib/gcc/nios2-elf/5.3.0\libgcc.a(muldf3.o)
                              obj/default/osc.o (__muldf3)
c:/intelfpga_lite/18.1/nios2eds/bin/gnu/h-x86_64-mingw32/bin/../lib/gcc/nios2-elf/5.3.0\libgcc.a(floatsidf.o)
                              c:/intelfpga_lite/18.1/nios2eds/bin/gnu/h-x86_64-mingw32/bin/../lib/gcc/nios2-elf/5.3.0\libgcc.a(_floatdisf.o) (__floatsidf)
c:/intelfpga_lite/18.1/nios2eds/bin/gnu/h-x86_64-mingw32/bin/../lib/gcc/nios2-elf/5.3.0\libgcc.a(floatunsidf.o)
                              c:/intelfpga_lite/18.1/nios2eds/bin/gnu/h-x86_64-mingw32/bin/../lib/gcc/nios2-elf/5.3.0\libgcc.a(_floatdisf.o) (__floatunsidf)
c:/intelfpga_lite/18.1/nios2eds/bin/gnu/h-x86_64-mingw32/bin/../lib/gcc/nios2-elf/5.3.0\libgcc.a(extendsfdf2.o)
                              obj/default/osc.o (__extendsfdf2)
c:/intelfpga_lite/18.1/nios2eds/bin/gnu/h-x86_64-mingw32/bin/../lib/gcc/nios2-elf/5.3.0\libgcc.a(truncdfsf2.o)
                              obj/default/osc.o (__truncdfsf2)
c:/intelfpga_lite/18.1/nios2eds/bin/gnu/h-x86_64-mingw32/bin/../lib/gcc/nios2-elf/5.3.0\libgcc.a(_clzsi2.o)
                              c:/intelfpga_lite/18.1/nios2eds/bin/gnu/h-x86_64-mingw32/bin/../lib/gcc/nios2-elf/5.3.0\libgcc.a(addsf3.o) (__clzsi2)
c:/intelfpga_lite/18.1/nios2eds/bin/gnu/h-x86_64-mingw32/bin/../lib/gcc/nios2-elf/5.3.0\libgcc.a(lib2-divmod.o)
                              c:/intelfpga_lite/18.1/nios2eds/bin/gnu/h-x86_64-mingw32/bin/../lib/gcc/nios2-elf/5.3.0\libgcc.a(divdf3.o) (__udivsi3)
c:/intelfpga_lite/18.1/nios2eds/bin/gnu/h-x86_64-mingw32/bin/../lib/gcc/nios2-elf/5.3.0\libgcc.a(_clz.o)
                              c:/intelfpga_lite/18.1/nios2eds/bin/gnu/h-x86_64-mingw32/bin/../lib/gcc/nios2-elf/5.3.0\libgcc.a(_clzsi2.o) (__clz_tab)
c:/intelfpga_lite/18.1/nios2eds/bin/gnu/h-x86_64-mingw32/bin/../lib/gcc/nios2-elf/5.3.0/../../../../../H-x86_64-mingw32/nios2-elf/lib\libc.a(lib_a-calloc.o)
                              obj/default/osc.o (calloc)
c:/intelfpga_lite/18.1/nios2eds/bin/gnu/h-x86_64-mingw32/bin/../lib/gcc/nios2-elf/5.3.0/../../../../../H-x86_64-mingw32/nios2-elf/lib\libc.a(lib_a-callocr.o)
                              c:/intelfpga_lite/18.1/nios2eds/bin/gnu/h-x86_64-mingw32/bin/../lib/gcc/nios2-elf/5.3.0/../../../../../H-x86_64-mingw32/nios2-elf/lib\libc.a(lib_a-calloc.o) (_calloc_r)
c:/intelfpga_lite/18.1/nios2eds/bin/gnu/h-x86_64-mingw32/bin/../lib/gcc/nios2-elf/5.3.0/../../../../../H-x86_64-mingw32/nios2-elf/lib\libc.a(lib_a-fprintf.o)
                              obj/default/alt_error_handler.o (fprintf)
c:/intelfpga_lite/18.1/nios2eds/bin/gnu/h-x86_64-mingw32/bin/../lib/gcc/nios2-elf/5.3.0/../../../../../H-x86_64-mingw32/nios2-elf/lib\libc.a(lib_a-fwrite.o)
                              obj/default/alt_error_handler.o (fwrite)
c:/intelfpga_lite/18.1/nios2eds/bin/gnu/h-x86_64-mingw32/bin/../lib/gcc/nios2-elf/5.3.0/../../../../../H-x86_64-mingw32/nios2-elf/lib\libc.a(lib_a-impure.o)
                              obj/default/alt_error_handler.o (_impure_ptr)
c:/intelfpga_lite/18.1/nios2eds/bin/gnu/h-x86_64-mingw32/bin/../lib/gcc/nios2-elf/5.3.0/../../../../../H-x86_64-mingw32/nios2-elf/lib\libc.a(lib_a-malloc.o)
                              obj/default/osc.o (free)
c:/intelfpga_lite/18.1/nios2eds/bin/gnu/h-x86_64-mingw32/bin/../lib/gcc/nios2-elf/5.3.0/../../../../../H-x86_64-mingw32/nios2-elf/lib\libc.a(lib_a-mallocr.o)
                              c:/intelfpga_lite/18.1/nios2eds/bin/gnu/h-x86_64-mingw32/bin/../lib/gcc/nios2-elf/5.3.0/../../../../../H-x86_64-mingw32/nios2-elf/lib\libc.a(lib_a-callocr.o) (_malloc_r)
[...]
Memory Configuration

Name             Origin             Length             Attributes
new_sdram_controller_0_BEFORE_EXCEPTION 0x0000000000000000 0x0000000000000020
new_sdram_controller_0 0x0000000000000020 0x00000000007fffe0
reset            0x0000000000900000 0x0000000000000020
onchip_flash_0_data 0x0000000000900020 0x000000000008bfe0
descriptor_memory 0x0000000000a02000 0x0000000000002000
*default*        0x0000000000000000 0xffffffffffffffff

Linker script and memory map

LOAD ../candy_avb_sss_bsp//obj/HAL/src/crt0.o
LOAD obj/default/alt_error_handler.o
LOAD obj/default/iniche_init.o
LOAD obj/default/led.o
LOAD obj/default/network_utilities.o
LOAD obj/default/osc.o
LOAD obj/default/osc_server.o
LOAD obj/default/tse_my_system.o
LOAD c:/intelfpga_lite/18.1/nios2eds/bin/gnu/h-x86_64-mingw32/bin/../lib/gcc/nios2-elf/5.3.0/../../../../../H-x86_64-mingw32/nios2-elf/lib\libstdc++.a
LOAD c:/intelfpga_lite/18.1/nios2eds/bin/gnu/h-x86_64-mingw32/bin/../lib/gcc/nios2-elf/5.3.0/../../../../../H-x86_64-mingw32/nios2-elf/lib\libm.a
LOAD c:/intelfpga_lite/18.1/nios2eds/bin/gnu/h-x86_64-mingw32/bin/../lib/gcc/nios2-elf/5.3.0\libgcc.a
START GROUP
LOAD c:/intelfpga_lite/18.1/nios2eds/bin/gnu/h-x86_64-mingw32/bin/../lib/gcc/nios2-elf/5.3.0/../../../../../H-x86_64-mingw32/nios2-elf/lib\libc.a
LOAD c:/intelfpga_lite/18.1/nios2eds/bin/gnu/h-x86_64-mingw32/bin/../lib/gcc/nios2-elf/5.3.0\libgcc.a
LOAD ../candy_avb_sss_bsp/\libucosii_bsp.a
LOAD c:/intelfpga_lite/18.1/nios2eds/bin/gnu/h-x86_64-mingw32/bin/../lib/gcc/nios2-elf/5.3.0/../../../../../H-x86_64-mingw32/nios2-elf/lib\libm.a
END GROUP
LOAD c:/intelfpga_lite/18.1/nios2eds/bin/gnu/h-x86_64-mingw32/bin/../lib/gcc/nios2-elf/5.3.0\libgcc.a
                0x0000000000000000                __alt_mem_new_sdram_controller_0 = 0x0
                0x0000000000900000                __alt_mem_onchip_flash_0_data = 0x900000
                0x0000000000a02000                __alt_mem_descriptor_memory = 0xa02000

.entry          0x0000000000900000        0x0
 *(.entry)
 .entry         0x0000000000900000        0x0 ../candy_avb_sss_bsp//obj/HAL/src/crt0.o
                0x0000000000900000                __reset

.exceptions     0x0000000000000020      0x224
                [!provide]                        PROVIDE (__ram_exceptions_start, ABSOLUTE (.))
                0x0000000000000020                . = ALIGN (0x20)
 *(.irq)
 *(.exceptions.entry.label)
 .exceptions.entry.label
                0x0000000000000020        0x0 ../candy_avb_sss_bsp/\libucosii_bsp.a(alt_irq_entry.o)
                0x0000000000000020                alt_irq_entry
 .exceptions.entry.label
                0x0000000000000020        0x0 ../candy_avb_sss_bsp/\libucosii_bsp.a(alt_exception_entry.o)
                0x0000000000000020                alt_exception
 *(.exceptions.entry.user)
 *(.exceptions.entry.ecc_fatal)
 *(.exceptions.entry)
 .exceptions.entry
                0x0000000000000020       0x54 ../candy_avb_sss_bsp/\libucosii_bsp.a(alt_exception_entry.o)
 *(.exceptions.irqtest.user)
 *(.exceptions.irqtest)
 .exceptions.irqtest
                0x0000000000000074       0x10 ../candy_avb_sss_bsp/\libucosii_bsp.a(alt_irq_entry.o)
 *(.exceptions.irqhandler.user)
 *(.exceptions.irqhandler)
 .exceptions.irqhandler
                0x0000000000000084        0x4 ../candy_avb_sss_bsp/\libucosii_bsp.a(alt_irq_entry.o)
 *(.exceptions.irqreturn.user)
 *(.exceptions.irqreturn)
 .exceptions.irqreturn
                0x0000000000000088        0x4 ../candy_avb_sss_bsp/\libucosii_bsp.a(alt_irq_entry.o)
 *(.exceptions.notirq.label)
 .exceptions.notirq.label
                0x000000000000008c        0x0 ../candy_avb_sss_bsp/\libucosii_bsp.a(alt_irq_entry.o)
 *(.exceptions.notirq.user)
 *(.exceptions.notirq)
 .exceptions.notirq
                0x000000000000008c        0x8 ../candy_avb_sss_bsp/\libucosii_bsp.a(alt_exception_entry.o)
 *(.exceptions.soft.user)
 *(.exceptions.soft)
 *(.exceptions.unknown.user)
 *(.exceptions.unknown)
 .exceptions.unknown
                0x0000000000000094       0x14 ../candy_avb_sss_bsp/\libucosii_bsp.a(alt_exception_entry.o)
 *(.exceptions.exit.label)
 .exceptions.exit.label
                0x00000000000000a8        0x0 ../candy_avb_sss_bsp/\libucosii_bsp.a(alt_irq_entry.o)
 .exceptions.exit.label
                0x00000000000000a8        0x0 ../candy_avb_sss_bsp/\libucosii_bsp.a(alt_exception_entry.o)
 *(.exceptions.exit.user)
 *(.exceptions.exit)
 .exceptions.exit
                0x00000000000000a8       0x54 ../candy_avb_sss_bsp/\libucosii_bsp.a(alt_exception_entry.o)
 *(.exceptions)
 .exceptions    0x00000000000000fc       0xd4 ../candy_avb_sss_bsp/\libucosii_bsp.a(alt_irq_handler.o)
                0x00000000000000fc                alt_irq_handler
 .exceptions    0x00000000000001d0       0x74 ../candy_avb_sss_bsp/\libucosii_bsp.a(alt_instruction_exception_entry.o)
                0x00000000000001d0                alt_instruction_exception_entry
                [!provide]                        PROVIDE (__ram_exceptions_end, ABSOLUTE (.))
                [!provide]                        PROVIDE (__flash_exceptions_start, LOADADDR (.exceptions))

.text           0x0000000000000244    0x50498
                [!provide]                        PROVIDE (stext, ABSOLUTE (.))
 *(.interp)
 *(.hash)
 *(.dynsym)
 *(.dynstr)
 *(.gnu.version)
 *(.gnu.version_d)
 *(.gnu.version_r)
 *(.rel.init)
 *(.rela.init)
 *(.rel.text .rel.text.* .rel.gnu.linkonce.t.*)
 *(.rela.text .rela.text.* .rela.gnu.linkonce.t.*)
 *(.rel.fini)
 *(.rela.fini)
 *(.rel.rodata .rel.rodata.* .rel.gnu.linkonce.r.*)
 *(.rela.rodata .rela.rodata.* .rela.gnu.linkonce.r.*)
 *(.rel.data .rel.data.* .rel.gnu.linkonce.d.*)
 *(.rela.data .rela.data.* .rela.gnu.linkonce.d.*)
 *(.rel.tdata .rel.tdata.* .rel.gnu.linkonce.td.*)
 *(.rela.tdata .rela.tdata.* .rela.gnu.linkonce.td.*)
 *(.rel.tbss .rel.tbss.* .rel.gnu.linkonce.tb.*)
 *(.rela.tbss .rela.tbss.* .rela.gnu.linkonce.tb.*)
 *(.rel.ctors)
 *(.rela.ctors)
 *(.rel.dtors)
 *(.rela.dtors)
 *(.rel.got)
 *(.rela.got)
 *(.rel.sdata .rel.sdata.* .rel.gnu.linkonce.s.*)
 *(.rela.sdata .rela.sdata.* .rela.gnu.linkonce.s.*)
 *(.rel.sbss .rel.sbss.* .rel.gnu.linkonce.sb.*)
 *(.rela.sbss .rela.sbss.* .rela.gnu.linkonce.sb.*)
 *(.rel.sdata2 .rel.sdata2.* .rel.gnu.linkonce.s2.*)
 *(.rela.sdata2 .rela.sdata2.* .rela.gnu.linkonce.s2.*)
 *(.rel.sbss2 .rel.sbss2.* .rel.gnu.linkonce.sb2.*)
 *(.rela.sbss2 .rela.sbss2.* .rela.gnu.linkonce.sb2.*)
 *(.rel.bss .rel.bss.* .rel.gnu.linkonce.b.*)
 *(.rela.bss .rela.bss.* .rela.gnu.linkonce.b.*)
 *(.rel.plt)
 *(.rela.plt)
 *(.rel.dyn)
 *(.init)
 *(.plt)
 *(.text .stub .text.* .gnu.linkonce.t.*)
 .text          0x0000000000000244       0x48 ../candy_avb_sss_bsp//obj/HAL/src/crt0.o
                0x0000000000000244                _start
 .text          0x000000000000028c      0xa60 obj/default/alt_error_handler.o
                0x000000000000028c                alt_uCOSIIErrorHandler
                0x00000000000007f0                alt_NetworkErrorHandler
                0x0000000000000a54                alt_SSSErrorHandler
 .text          0x0000000000000cec       0xf0 obj/default/iniche_init.o
                0x0000000000000cec                SSSInitialTask
                0x0000000000000d5c                main
 .text          0x0000000000000ddc      0x1a4 obj/default/led.o
                0x0000000000000ddc                led_bit_toggle
                0x0000000000000ec0                LED7SegLightshowTask
                0x0000000000000f34                LEDManagementTask
 .text          0x0000000000000f80       0xec obj/default/network_utilities.o
                0x0000000000000f80                get_mac_addr
                0x0000000000001000                get_ip_addr
 .text          0x000000000000106c     0x2a94 obj/default/osc.o
                0x000000000000106c                setInitReceiveFlag
                0x000000000000109c                getInitReceiveFlag
                0x00000000000010bc                setInitSendFlag
                0x00000000000010ec                getInitSendFlag
                0x000000000000110c                setInitDiscoverFlag
                0x000000000000113c                getInitDiscoverFlag
                0x000000000000115c                setChCompletedFlag
                0x000000000000118c                getChCompletedFlag
                0x00000000000011ac                setRemoteIpAtIndex
                0x00000000000011f0                getRemoteIpAtIndex
                0x0000000000001224                getRemoteIp
                0x0000000000001244                setRemotePort
                0x0000000000001274                getRemotePort
                0x0000000000001294                setLocalPort
                0x00000000000012c4                getLocalPort
                0x00000000000012e4                setOSCPrefix
                0x000000000000134c                getOSCPrefix
                0x000000000000136c                clearOSCPrefix
                0x00000000000013a4                setOSCHostName
                0x000000000000142c                getOSCHostName
                0x0000000000001450                clearOSCHostName
                0x000000000000148c                getOSCPacket
                0x0000000000001500                processOSCPacket
                0x0000000000001d84                sendOSCMessage
                0x00000000000021a8                setOSCAddress
                0x00000000000022c8                setOSCTypeTag
                0x0000000000002398                addOSCIntArgument
                0x0000000000002458                addOSCFloatArgument
                0x0000000000002518                addOSCStringArgument
                0x00000000000025c0                clearOSCMessage
                0x0000000000002600                flushOSCMessage
                0x0000000000002620                clearOSCBundle
                0x00000000000026d4                appendOSCMessageToBundle
                0x0000000000002be4                sendOSCBundle
                0x0000000000002c04                compareOSCPrefix
                0x0000000000002ce8                compareOSCAddress
                0x0000000000002e00                compareTypeTagAtIndex
                0x0000000000002e7c                getArgumentsLength
                0x0000000000002ea0                getIntArgumentAtIndex
                0x0000000000003420                getFloatArgumentAtIndex
                0x00000000000039a8                getStringArgumentAtIndex
                0x0000000000003a6c                getBOOLEANeanArgumentAtIndex
 .text          0x0000000000003b00      0x3e8 obj/default/osc_server.o
                0x0000000000003b00                SSSCreateOSDataStructs
                0x0000000000003ba4                SSSCreateTasks
                0x0000000000003c74                SSSSimpleSocketServerTask
 .text          0x0000000000003ee8        0x0 obj/default/tse_my_system.o
 .text          0x0000000000003ee8       0xc4 c:/intelfpga_lite/18.1/nios2eds/bin/gnu/h-x86_64-mingw32/bin/../lib/gcc/nios2-elf/5.3.0\libgcc.a(_floatdisf.o)
                0x0000000000003ee8                __floatdisf
 .text          0x0000000000003fac      0x4c8 c:/intelfpga_lite/18.1/nios2eds/bin/gnu/h-x86_64-mingw32/bin/../lib/gcc/nios2-elf/5.3.0\libgcc.a(addsf3.o)
                0x0000000000003fac                __addsf3
 .text          0x0000000000004474      0x3fc c:/intelfpga_lite/18.1/nios2eds/bin/gnu/h-x86_64-mingw32/bin/../lib/gcc/nios2-elf/5.3.0\libgcc.a(mulsf3.o)
                0x0000000000004474                __mulsf3
 .text          0x0000000000004870       0x70 c:/intelfpga_lite/18.1/nios2eds/bin/gnu/h-x86_64-mingw32/bin/../lib/gcc/nios2-elf/5.3.0\libgcc.a(fixsfsi.o)
                0x0000000000004870                __fixsfsi
 .text          0x00000000000048e0      0x124 c:/intelfpga_lite/18.1/nios2eds/bin/gnu/h-x86_64-mingw32/bin/../lib/gcc/nios2-elf/5.3.0\libgcc.a(floatsisf.o)
                0x00000000000048e0                __floatsisf
 .text          0x0000000000004a04      0x8ac c:/intelfpga_lite/18.1/nios2eds/bin/gnu/h-x86_64-mingw32/bin/../lib/gcc/nios2-elf/5.3.0\libgcc.a(adddf3.o)
                0x0000000000004a04                __adddf3
 .text          0x00000000000052b0      0x8e8 c:/intelfpga_lite/18.1/nios2eds/bin/gnu/h-x86_64-mingw32/bin/../lib/gcc/nios2-elf/5.3.0\libgcc.a(divdf3.o)
                0x00000000000052b0                __divdf3
 .text          0x0000000000005b98      0x718 c:/intelfpga_lite/18.1/nios2eds/bin/gnu/h-x86_64-mingw32/bin/../lib/gcc/nios2-elf/5.3.0\libgcc.a(muldf3.o)
                0x0000000000005b98                __muldf3
 .text          0x00000000000062b0       0xdc c:/intelfpga_lite/18.1/nios2eds/bin/gnu/h-x86_64-mingw32/bin/../lib/gcc/nios2-elf/5.3.0\libgcc.a(floatsidf.o)
                0x00000000000062b0                __floatsidf
 .text          0x000000000000638c       0xa8 c:/intelfpga_lite/18.1/nios2eds/bin/gnu/h-x86_64-mingw32/bin/../lib/gcc/nios2-elf/5.3.0\libgcc.a(floatunsidf.o)
                0x000000000000638c                __floatunsidf
 .text          0x0000000000006434      0x110 c:/intelfpga_lite/18.1/nios2eds/bin/gnu/h-x86_64-mingw32/bin/../lib/gcc/nios2-elf/5.3.0\libgcc.a(extendsfdf2.o)
                0x0000000000006434                __extendsfdf2
 .text          0x0000000000006544      0x1a8 c:/intelfpga_lite/18.1/nios2eds/bin/gnu/h-x86_64-mingw32/bin/../lib/gcc/nios2-elf/5.3.0\libgcc.a(truncdfsf2.o)
                0x0000000000006544                __truncdfsf2
 .text          0x00000000000066ec       0x64 c:/intelfpga_lite/18.1/nios2eds/bin/gnu/h-x86_64-mingw32/bin/../lib/gcc/nios2-elf/5.3.0\libgcc.a(_clzsi2.o)
                0x00000000000066ec                __clzsi2
 .text          0x0000000000006750      0x1b4 c:/intelfpga_lite/18.1/nios2eds/bin/gnu/h-x86_64-mingw32/bin/../lib/gcc/nios2-elf/5.3.0\libgcc.a(lib2-divmod.o)
                0x0000000000006750                __divsi3
                0x00000000000067d4                __modsi3
                0x0000000000006848                __udivsi3
                0x00000000000068ac                __umodsi3
 .text          0x0000000000006904        0x0 c:/intelfpga_lite/18.1/nios2eds/bin/gnu/h-x86_64-mingw32/bin/../lib/gcc/nios2-elf/5.3.0\libgcc.a(_clz.o)
 .text          0x0000000000006904        0x0 c:/intelfpga_lite/18.1/nios2eds/bin/gnu/h-x86_64-mingw32/bin/../lib/gcc/nios2-elf/5.3.0/../../../../../H-x86_64-mingw32/nios2-elf/lib\libc.a(lib_a-calloc.o)
 .text.calloc   0x0000000000006904       0x18 c:/intelfpga_lite/18.1/nios2eds/bin/gnu/h-x86_64-mingw32/bin/../lib/gcc/nios2-elf/5.3.0/../../../../../H-x86_64-mingw32/nios2-elf/lib\libc.a(lib_a-calloc.o)
                0x0000000000006904                calloc
 .text          0x000000000000691c        0x0 c:/intelfpga_lite/18.1/nios2eds/bin/gnu/h-x86_64-mingw32/bin/../lib/gcc/nios2-elf/5.3.0/../../../../../H-x86_64-mingw32/nios2-elf/lib\libc.a(lib_a-callocr.o)
 .text._calloc_r
                0x000000000000691c       0xc4 c:/intelfpga_lite/18.1/nios2eds/bin/gnu/h-x86_64-mingw32/bin/../lib/gcc/nios2-elf/5.3.0/../../../../../H-x86_64-mingw32/nios2-elf/lib\libc.a(lib_a-callocr.o)
                0x000000000000691c                _calloc_r
 .text          0x00000000000069e0        0x0 c:/intelfpga_lite/18.1/nios2eds/bin/gnu/h-x86_64-mingw32/bin/../lib/gcc/nios2-elf/5.3.0/../../../../../H-x86_64-mingw32/nios2-elf/lib\libc.a(lib_a-fprintf.o)
 .text._fprintf_r
                0x00000000000069e0       0x28 c:/intelfpga_lite/18.1/nios2eds/bin/gnu/h-x86_64-mingw32/bin/../lib/gcc/nios2-elf/5.3.0/../../../../../H-x86_64-mingw32/nios2-elf/lib\libc.a(lib_a-fprintf.o)
                0x00000000000069e0                _fprintf_r
 .text.fprintf  0x0000000000006a08       0x24 c:/intelfpga_lite/18.1/nios2eds/bin/gnu/h-x86_64-mingw32/bin/../lib/gcc/nios2-elf/5.3.0/../../../../../H-x86_64-mingw32/nios2-elf/lib\libc.a(lib_a-fprintf.o)
                0x0000000000006a08                fprintf
 .text          0x0000000000006a2c        0x0 c:/intelfpga_lite/18.1/nios2eds/bin/gnu/h-x86_64-mingw32/bin/../lib/gcc/nios2-elf/5.3.0/../../../../../H-x86_64-mingw32/nios2-elf/lib\libc.a(lib_a-fwrite.o)
 .text._fwrite_r
                0x0000000000006a2c       0xcc c:/intelfpga_lite/18.1/nios2eds/bin/gnu/h-x86_64-mingw32/bin/../lib/gcc/nios2-elf/5.3.0/../../../../../H-x86_64-mingw32/nios2-elf/lib\libc.a(lib_a-fwrite.o)
                0x0000000000006a2c                _fwrite_r
 .text.fwrite   0x0000000000006af8       0x34 c:/intelfpga_lite/18.1/nios2eds/bin/gnu/h-x86_64-mingw32/bin/../lib/gcc/nios2-elf/5.3.0/../../../../../H-x86_64-mingw32/nios2-elf/lib\libc.a(lib_a-fwrite.o)
                0x0000000000006af8                fwrite
 .text          0x0000000000006b2c        0x0 c:/intelfpga_lite/18.1/nios2eds/bin/gnu/h-x86_64-mingw32/bin/../lib/gcc/nios2-elf/5.3.0/../../../../../H-x86_64-mingw32/nios2-elf/lib\libc.a(lib_a-impure.o)
 .text          0x0000000000006b2c        0x0 c:/intelfpga_lite/18.1/nios2eds/bin/gnu/h-x86_64-mingw32/bin/../lib/gcc/nios2-elf/5.3.0/../../../../../H-x86_64-mingw32/nios2-elf/lib\libc.a(lib_a-malloc.o)
 .text.malloc   0x0000000000006b2c       0x14 c:/intelfpga_lite/18.1/nios2eds/bin/gnu/h-x86_64-mingw32/bin/../lib/gcc/nios2-elf/5.3.0/../../../../../H-x86_64-mingw32/nios2-elf/lib\libc.a(lib_a-malloc.o)
                0x0000000000006b2c                malloc
 .text.free     0x0000000000006b40       0x14 c:/intelfpga_lite/18.1/nios2eds/bin/gnu/h-x86_64-mingw32/bin/../lib/gcc/nios2-elf/5.3.0/../../../../../H-x86_64-mingw32/nios2-elf/lib\libc.a(lib_a-malloc.o)
                0x0000000000006b40                free
 .text          0x0000000000006b54        0x0 c:/intelfpga_lite/18.1/nios2eds/bin/gnu/h-x86_64-mingw32/bin/../lib/gcc/nios2-elf/5.3.0/../../../../../H-x86_64-mingw32/nios2-elf/lib\libc.a(lib_a-mallocr.o)
 .text._malloc_r
                0x0000000000006b54      0x80c c:/intelfpga_lite/18.1/nios2eds/bin/gnu/h-x86_64-mingw32/bin/../lib/gcc/nios2-elf/5.3.0/../../../../../H-x86_64-mingw32/nios2-elf/lib\libc.a(lib_a-mallocr.o)
                0x0000000000006b54                _malloc_r
 .text          0x0000000000007360        0x0 c:/intelfpga_lite/18.1/nios2eds/bin/gnu/h-x86_64-mingw32/bin/../lib/gcc/nios2-elf/5.3.0/../../../../../H-x86_64-mingw32/nios2-elf/lib\libc.a(lib_a-memcpy.o)
 .text.memcpy   0x0000000000007360      0x148 c:/intelfpga_lite/18.1/nios2eds/bin/gnu/h-x86_64-mingw32/bin/../lib/gcc/nios2-elf/5.3.0/../../../../../H-x86_64-mingw32/nios2-elf/lib\libc.a(lib_a-memcpy.o)
                0x0000000000007360                memcpy
 .text          0x00000000000074a8        0x0 c:/intelfpga_lite/18.1/nios2eds/bin/gnu/h-x86_64-mingw32/bin/../lib/gcc/nios2-elf/5.3.0/../../../../../H-x86_64-mingw32/nios2-elf/lib\libc.a(lib_a-memset.o)
 .text.memset   0x00000000000074a8      0x128 c:/intelfpga_lite/18.1/nios2eds/bin/gnu/h-x86_64-mingw32/bin/../lib/gcc/nios2-elf/5.3.0/../../../../../H-x86_64-mingw32/nios2-elf/lib\libc.a(lib_a-memset.o)
                0x00000000000074a8                memset
 .text          0x00000000000075d0        0x0 c:/intelfpga_lite/18.1/nios2eds/bin/gnu/h-x86_64-mingw32/bin/../lib/gcc/nios2-elf/5.3.0/../../../../../H-x86_64-mingw32/nios2-elf/lib\libc.a(lib_a-perror.o)
 .text._perror_r
                0x00000000000075d0       0x80 c:/intelfpga_lite/18.1/nios2eds/bin/gnu/h-x86_64-mingw32/bin/../lib/gcc/nios2-elf/5.3.0/../../../../../H-x86_64-mingw32/nios2-elf/lib\libc.a(lib_a-perror.o)
                0x00000000000075d0                _perror_r
 .text.perror   0x0000000000007650       0x14 c:/intelfpga_lite/18.1/nios2eds/bin/gnu/h-x86_64-mingw32/bin/../lib/gcc/nios2-elf/5.3.0/../../../../../H-x86_64-mingw32/nios2-elf/lib\libc.a(lib_a-perror.o)
                0x0000000000007650                perror
 .text          0x0000000000007664        0x0 c:/intelfpga_lite/18.1/nios2eds/bin/gnu/h-x86_64-mingw32/bin/../lib/gcc/nios2-elf/5.3.0/../../../../../H-x86_64-mingw32/nios2-elf/lib\libc.a(lib_a-printf.o)
 .text._printf_r
                0x0000000000007664       0x30 c:/intelfpga_lite/18.1/nios2eds/bin/gnu/h-x86_64-mingw32/bin/../lib/gcc/nios2-elf/5.3.0/../../../../../H-x86_64-mingw32/nios2-elf/lib\libc.a(lib_a-printf.o)
                0x0000000000007664                _printf_r
 .text.printf   0x0000000000007694       0x3c c:/intelfpga_lite/18.1/nios2eds/bin/gnu/h-x86_64-mingw32/bin/../lib/gcc/nios2-elf/5.3.0/../../../../../H-x86_64-mingw32/nios2-elf/lib\libc.a(lib_a-printf.o)
                0x0000000000007694                printf
 .text          0x00000000000076d0        0x0 c:/intelfpga_lite/18.1/nios2eds/bin/gnu/h-x86_64-mingw32/bin/../lib/gcc/nios2-elf/5.3.0/../../../../../H-x86_64-mingw32/nios2-elf/lib\libc.a(lib_a-puts.o)
 .text._puts_r  0x00000000000076d0       0xc0 c:/intelfpga_lite/18.1/nios2eds/bin/gnu/h-x86_64-mingw32/bin/../lib/gcc/nios2-elf/5.3.0/../../../../../H-x86_64-mingw32/nios2-elf/lib\libc.a(lib_a-puts.o)
                0x00000000000076d0                _puts_r
 .text.puts     0x0000000000007790       0x14 c:/intelfpga_lite/18.1/nios2eds/bin/gnu/h-x86_64-mingw32/bin/../lib/gcc/nios2-elf/5.3.0/../../../../../H-x86_64-mingw32/nios2-elf/lib\libc.a(lib_a-puts.o)
                0x0000000000007790                puts
 .text          0x00000000000077a4        0x0 c:/intelfpga_lite/18.1/nios2eds/bin/gnu/h-x86_64-mingw32/bin/../lib/gcc/nios2-elf/5.3.0/../../../../../H-x86_64-mingw32/nios2-elf/lib\libc.a(lib_a-sbrkr.o)
 .text._sbrk_r  0x00000000000077a4       0x54 c:/intelfpga_lite/18.1/nios2eds/bin/gnu/h-x86_64-mingw32/bin/../lib/gcc/nios2-elf/5.3.0/../../../../../H-x86_64-mingw32/nios2-elf/lib\libc.a(lib_a-sbrkr.o)
                0x00000000000077a4                _sbrk_r
 .text          0x00000000000077f8        0x0 c:/intelfpga_lite/18.1/nios2eds/bin/gnu/h-x86_64-mingw32/bin/../lib/gcc/nios2-elf/5.3.0/../../../../../H-x86_64-mingw32/nios2-elf/lib\libc.a(lib_a-sprintf.o)
 .text._sprintf_r
                0x00000000000077f8       0x58 c:/intelfpga_lite/18.1/nios2eds/bin/gnu/h-x86_64-mingw32/bin/../lib/gcc/nios2-elf/5.3.0/../../../../../H-x86_64-mingw32/nios2-elf/lib\libc.a(lib_a-sprintf.o)
                0x00000000000077f8                _sprintf_r
 .text.sprintf  0x0000000000007850       0x6c c:/intelfpga_lite/18.1/nios2eds/bin/gnu/h-x86_64-mingw32/bin/../lib/gcc/nios2-elf/5.3.0/../../../../../H-x86_64-mingw32/nios2-elf/lib\libc.a(lib_a-sprintf.o)
                0x0000000000007850                sprintf
 .text          0x00000000000078bc        0x0 c:/intelfpga_lite/18.1/nios2eds/bin/gnu/h-x86_64-mingw32/bin/../lib/gcc/nios2-elf/5.3.0/../../../../../H-x86_64-mingw32/nios2-elf/lib\libc.a(lib_a-strchr.o)
 .text.strchr   0x00000000000078bc      0x164 c:/intelfpga_lite/18.1/nios2eds/bin/gnu/h-x86_64-mingw32/bin/../lib/gcc/nios2-elf/5.3.0/../../../../../H-x86_64-mingw32/nios2-elf/lib\libc.a(lib_a-strchr.o)
                0x00000000000078bc                strchr
 .text          0x0000000000007a20        0x0 c:/intelfpga_lite/18.1/nios2eds/bin/gnu/h-x86_64-mingw32/bin/../lib/gcc/nios2-elf/5.3.0/../../../../../H-x86_64-mingw32/nios2-elf/lib\libc.a(lib_a-strcmp.o)
 .text.strcmp   0x0000000000007a20       0xdc c:/intelfpga_lite/18.1/nios2eds/bin/gnu/h-x86_64-mingw32/bin/../lib/gcc/nios2-elf/5.3.0/../../../../../H-x86_64-mingw32/nios2-elf/lib\libc.a(lib_a-strcmp.o)
                0x0000000000007a20                strcmp
 .text          0x0000000000007afc        0x0 c:/intelfpga_lite/18.1/nios2eds/bin/gnu/h-x86_64-mingw32/bin/../lib/gcc/nios2-elf/5.3.0/../../../../../H-x86_64-mingw32/nios2-elf/lib\libc.a(lib_a-strerror.o)
 .text._strerror_r
                0x0000000000007afc      0x65c c:/intelfpga_lite/18.1/nios2eds/bin/gnu/h-x86_64-mingw32/bin/../lib/gcc/nios2-elf/5.3.0/../../../../../H-x86_64-mingw32/nios2-elf/lib\libc.a(lib_a-strerror.o)
                0x0000000000007afc                _strerror_r
 .text.strerror
                0x0000000000008158       0x1c c:/intelfpga_lite/18.1/nios2eds/bin/gnu/h-x86_64-mingw32/bin/../lib/gcc/nios2-elf/5.3.0/../../../../../H-x86_64-mingw32/nios2-elf/lib\libc.a(lib_a-strerror.o)
                0x0000000000008158                strerror
 .text          0x0000000000008174        0x0 c:/intelfpga_lite/18.1/nios2eds/bin/gnu/h-x86_64-mingw32/bin/../lib/gcc/nios2-elf/5.3.0/../../../../../H-x86_64-mingw32/nios2-elf/lib\libc.a(lib_a-strlen.o)
 .text.strlen   0x0000000000008174       0x98 c:/intelfpga_lite/18.1/nios2eds/bin/gnu/h-x86_64-mingw32/bin/../lib/gcc/nios2-elf/5.3.0/../../../../../H-x86_64-mingw32/nios2-elf/lib\libc.a(lib_a-strlen.o)
                0x0000000000008174                strlen
 .text          0x000000000000820c        0x0 c:/intelfpga_lite/18.1/nios2eds/bin/gnu/h-x86_64-mingw32/bin/../lib/gcc/nios2-elf/5.3.0/../../../../../H-x86_64-mingw32/nios2-elf/lib\libc.a(lib_a-svfprintf.o)
 .text.___svfprintf_internal_r
                0x000000000000820c     0x21d8 c:/intelfpga_lite/18.1/nios2eds/bin/gnu/h-x86_64-mingw32/bin/../lib/gcc/nios2-elf/5.3.0/../../../../../H-x86_64-mingw32/nios2-elf/lib\libc.a(lib_a-svfprintf.o)
                0x000000000000820c                ___svfprintf_internal_r
 .text          0x000000000000a3e4        0x0 c:/intelfpga_lite/18.1/nios2eds/bin/gnu/h-x86_64-mingw32/bin/../lib/gcc/nios2-elf/5.3.0/../../../../../H-x86_64-mingw32/nios2-elf/lib\libc.a(lib_a-u_strerr.o)
 .text._user_strerror
                0x000000000000a3e4        0x8 c:/intelfpga_lite/18.1/nios2eds/bin/gnu/h-x86_64-mingw32/bin/../lib/gcc/nios2-elf/5.3.0/../../../../../H-x86_64-mingw32/nios2-elf/lib\libc.a(lib_a-u_strerr.o)
                0x000000000000a3e4                _user_strerror
 .text          0x000000000000a3ec        0x0 c:/intelfpga_lite/18.1/nios2eds/bin/gnu/h-x86_64-mingw32/bin/../lib/gcc/nios2-elf/5.3.0/../../../../../H-x86_64-mingw32/nios2-elf/lib\libc.a(lib_a-vfprintf.o)
 .text.___vfprintf_internal_r
                0x000000000000a3ec     0x21f8 c:/intelfpga_lite/18.1/nios2eds/bin/gnu/h-x86_64-mingw32/bin/../lib/gcc/nios2-elf/5.3.0/../../../../../H-x86_64-mingw32/nios2-elf/lib\libc.a(lib_a-vfprintf.o)
                0x000000000000a3ec                ___vfprintf_internal_r
 .text.__vfprintf_internal
                0x000000000000c5e4       0x1c c:/intelfpga_lite/18.1/nios2eds/bin/gnu/h-x86_64-mingw32/bin/../lib/gcc/nios2-elf/5.3.0/../../../../../H-x86_64-mingw32/nios2-elf/lib\libc.a(lib_a-vfprintf.o)
                0x000000000000c5e4                __vfprintf_internal
 .text.__sbprintf
                0x000000000000c600       0xbc c:/intelfpga_lite/18.1/nios2eds/bin/gnu/h-x86_64-mingw32/bin/../lib/gcc/nios2-elf/5.3.0/../../../../../H-x86_64-mingw32/nios2-elf/lib\libc.a(lib_a-vfprintf.o)
 .text          0x000000000000c6bc        0x0 c:/intelfpga_lite/18.1/nios2eds/bin/gnu/h-x86_64-mingw32/bin/../lib/gcc/nios2-elf/5.3.0/../../../../../H-x86_64-mingw32/nios2-elf/lib\libc.a(lib_a-wsetup.o)
 .text.__swsetup_r
                0x000000000000c6bc      0x154 c:/intelfpga_lite/18.1/nios2eds/bin/gnu/h-x86_64-mingw32/bin/../lib/gcc/nios2-elf/5.3.0/../../../../../H-x86_64-mingw32/nios2-elf/lib\libc.a(lib_a-wsetup.o)
                0x000000000000c6bc                __swsetup_r
 .text          0x000000000000c810        0x0 c:/intelfpga_lite/18.1/nios2eds/bin/gnu/h-x86_64-mingw32/bin/../lib/gcc/nios2-elf/5.3.0/../../../../../H-x86_64-mingw32/nios2-elf/lib\libc.a(lib_a-dtoa.o)
 .text.quorem   0x000000000000c810      0x200 c:/intelfpga_lite/18.1/nios2eds/bin/gnu/h-x86_64-mingw32/bin/../lib/gcc/nios2-elf/5.3.0/../../../../../H-x86_64-mingw32/nios2-elf/lib\libc.a(lib_a-dtoa.o)
 .text._dtoa_r  0x000000000000ca10     0x1688 c:/intelfpga_lite/18.1/nios2eds/bin/gnu/h-x86_64-mingw32/bin/../lib/gcc/nios2-elf/5.3.0/../../../../../H-x86_64-mingw32/nios2-elf/lib\libc.a(lib_a-dtoa.o)
                0x000000000000ca10                _dtoa_r
 .text          0x000000000000e098        0x0 c:/intelfpga_lite/18.1/nios2eds/bin/gnu/h-x86_64-mingw32/bin/../lib/gcc/nios2-elf/5.3.0/../../../../../H-x86_64-mingw32/nios2-elf/lib\libc.a(lib_a-fflush.o)
 .text.__sflush_r
                0x000000000000e098      0x21c c:/intelfpga_lite/18.1/nios2eds/bin/gnu/h-x86_64-mingw32/bin/../lib/gcc/nios2-elf/5.3.0/../../../../../H-x86_64-mingw32/nios2-elf/lib\libc.a(lib_a-fflush.o)
                0x000000000000e098                __sflush_r
 .text._fflush_r
                0x000000000000e2b4       0x5c c:/intelfpga_lite/18.1/nios2eds/bin/gnu/h-x86_64-mingw32/bin/../lib/gcc/nios2-elf/5.3.0/../../../../../H-x86_64-mingw32/nios2-elf/lib\libc.a(lib_a-fflush.o)
                0x000000000000e2b4                _fflush_r
 .text.fflush   0x000000000000e310       0x30 c:/intelfpga_lite/18.1/nios2eds/bin/gnu/h-x86_64-mingw32/bin/../lib/gcc/nios2-elf/5.3.0/../../../../../H-x86_64-mingw32/nios2-elf/lib\libc.a(lib_a-fflush.o)
                0x000000000000e310                fflush
 .text          0x000000000000e340        0x0 c:/intelfpga_lite/18.1/nios2eds/bin/gnu/h-x86_64-mingw32/bin/../lib/gcc/nios2-elf/5.3.0/../../../../../H-x86_64-mingw32/nios2-elf/lib\libc.a(lib_a-findfp.o)
 .text.__fp_unlock
                0x000000000000e340        0x8 c:/intelfpga_lite/18.1/nios2eds/bin/gnu/h-x86_64-mingw32/bin/../lib/gcc/nios2-elf/5.3.0/../../../../../H-x86_64-mingw32/nios2-elf/lib\libc.a(lib_a-findfp.o)
 .text._cleanup_r
                0x000000000000e348        0xc c:/intelfpga_lite/18.1/nios2eds/bin/gnu/h-x86_64-mingw32/bin/../lib/gcc/nios2-elf/5.3.0/../../../../../H-x86_64-mingw32/nios2-elf/lib\libc.a(lib_a-findfp.o)
                0x000000000000e348                _cleanup_r
 .text.__sinit.part.1
                0x000000000000e354      0x19c c:/intelfpga_lite/18.1/nios2eds/bin/gnu/h-x86_64-mingw32/bin/../lib/gcc/nios2-elf/5.3.0/../../../../../H-x86_64-mingw32/nios2-elf/lib\libc.a(lib_a-findfp.o)
 .text.__fp_lock
                0x000000000000e4f0        0x8 c:/intelfpga_lite/18.1/nios2eds/bin/gnu/h-x86_64-mingw32/bin/../lib/gcc/nios2-elf/5.3.0/../../../../../H-x86_64-mingw32/nios2-elf/lib\libc.a(lib_a-findfp.o)
 .text.__sfmoreglue
                0x000000000000e4f8       0x68 c:/intelfpga_lite/18.1/nios2eds/bin/gnu/h-x86_64-mingw32/bin/../lib/gcc/nios2-elf/5.3.0/../../../../../H-x86_64-mingw32/nios2-elf/lib\libc.a(lib_a-findfp.o)
                0x000000000000e4f8                __sfmoreglue
 .text.__sfp    0x000000000000e560      0x118 c:/intelfpga_lite/18.1/nios2eds/bin/gnu/h-x86_64-mingw32/bin/../lib/gcc/nios2-elf/5.3.0/../../../../../H-x86_64-mingw32/nios2-elf/lib\libc.a(lib_a-findfp.o)
                0x000000000000e560                __sfp
 .text._cleanup
                0x000000000000e678       0x18 c:/intelfpga_lite/18.1/nios2eds/bin/gnu/h-x86_64-mingw32/bin/../lib/gcc/nios2-elf/5.3.0/../../../../../H-x86_64-mingw32/nios2-elf/lib\libc.a(lib_a-findfp.o)
                0x000000000000e678                _cleanup
 .text.__sinit  0x000000000000e690       0x10 c:/intelfpga_lite/18.1/nios2eds/bin/gnu/h-x86_64-mingw32/bin/../lib/gcc/nios2-elf/5.3.0/../../../../../H-x86_64-mingw32/nios2-elf/lib\libc.a(lib_a-findfp.o)
                0x000000000000e690                __sinit
 .text.__sfp_lock_acquire
                0x000000000000e6a0        0x4 c:/intelfpga_lite/18.1/nios2eds/bin/gnu/h-x86_64-mingw32/bin/../lib/gcc/nios2-elf/5.3.0/../../../../../H-x86_64-mingw32/nios2-elf/lib\libc.a(lib_a-findfp.o)
                0x000000000000e6a0                __sfp_lock_acquire
 .text.__sfp_lock_release
                0x000000000000e6a4        0x4 c:/intelfpga_lite/18.1/nios2eds/bin/gnu/h-x86_64-mingw32/bin/../lib/gcc/nios2-elf/5.3.0/../../../../../H-x86_64-mingw32/nios2-elf/lib\libc.a(lib_a-findfp.o)
                0x000000000000e6a4                __sfp_lock_release
 .text.__sinit_lock_acquire
                0x000000000000e6a8        0x4 c:/intelfpga_lite/18.1/nios2eds/bin/gnu/h-x86_64-mingw32/bin/../lib/gcc/nios2-elf/5.3.0/../../../../../H-x86_64-mingw32/nios2-elf/lib\libc.a(lib_a-findfp.o)
                0x000000000000e6a8                __sinit_lock_acquire
 .text.__sinit_lock_release
                0x000000000000e6ac        0x4 c:/intelfpga_lite/18.1/nios2eds/bin/gnu/h-x86_64-mingw32/bin/../lib/gcc/nios2-elf/5.3.0/../../../../../H-x86_64-mingw32/nios2-elf/lib\libc.a(lib_a-findfp.o)
                0x000000000000e6ac                __sinit_lock_release
 .text.__fp_lock_all
                0x000000000000e6b0       0x18 c:/intelfpga_lite/18.1/nios2eds/bin/gnu/h-x86_64-mingw32/bin/../lib/gcc/nios2-elf/5.3.0/../../../../../H-x86_64-mingw32/nios2-elf/lib\libc.a(lib_a-findfp.o)
                0x000000000000e6b0                __fp_lock_all
 .text.__fp_unlock_all
                0x000000000000e6c8       0x18 c:/intelfpga_lite/18.1/nios2eds/bin/gnu/h-x86_64-mingw32/bin/../lib/gcc/nios2-elf/5.3.0/../../../../../H-x86_64-mingw32/nios2-elf/lib\libc.a(lib_a-findfp.o)
                0x000000000000e6c8                __fp_unlock_all
 .text          0x000000000000e6e0        0x0 c:/intelfpga_lite/18.1/nios2eds/bin/gnu/h-x86_64-mingw32/bin/../lib/gcc/nios2-elf/5.3.0/../../../../../H-x86_64-mingw32/nios2-elf/lib\libc.a(lib_a-fputc.o)
 .text._fputc_r
                0x000000000000e6e0       0x44 c:/intelfpga_lite/18.1/nios2eds/bin/gnu/h-x86_64-mingw32/bin/../lib/gcc/nios2-elf/5.3.0/../../../../../H-x86_64-mingw32/nios2-elf/lib\libc.a(lib_a-fputc.o)
                0x000000000000e6e0                _fputc_r
 .text.fputc    0x000000000000e724       0x5c c:/intelfpga_lite/18.1/nios2eds/bin/gnu/h-x86_64-mingw32/bin/../lib/gcc/nios2-elf/5.3.0/../../../../../H-x86_64-mingw32/nios2-elf/lib\libc.a(lib_a-fputc.o)
                0x000000000000e724                fputc
 .text          0x000000000000e780        0x0 c:/intelfpga_lite/18.1/nios2eds/bin/gnu/h-x86_64-mingw32/bin/../lib/gcc/nios2-elf/5.3.0/../../../../../H-x86_64-mingw32/nios2-elf/lib\libc.a(lib_a-fputs.o)
 .text._fputs_r
                0x000000000000e780       0x9c c:/intelfpga_lite/18.1/nios2eds/bin/gnu/h-x86_64-mingw32/bin/../lib/gcc/nios2-elf/5.3.0/../../../../../H-x86_64-mingw32/nios2-elf/lib\libc.a(lib_a-fputs.o)
                0x000000000000e780                _fputs_r
 .text.fputs    0x000000000000e81c       0x18 c:/intelfpga_lite/18.1/nios2eds/bin/gnu/h-x86_64-mingw32/bin/../lib/gcc/nios2-elf/5.3.0/../../../../../H-x86_64-mingw32/nios2-elf/lib\libc.a(lib_a-fputs.o)
                0x000000000000e81c                fputs
 .text          0x000000000000e834        0x0 c:/intelfpga_lite/18.1/nios2eds/bin/gnu/h-x86_64-mingw32/bin/../lib/gcc/nios2-elf/5.3.0/../../../../../H-x86_64-mingw32/nios2-elf/lib\libc.a(lib_a-freer.o)
 .text._malloc_trim_r
                0x000000000000e834      0x124 c:/intelfpga_lite/18.1/nios2eds/bin/gnu/h-x86_64-mingw32/bin/../lib/gcc/nios2-elf/5.3.0/../../../../../H-x86_64-mingw32/nios2-elf/lib\libc.a(lib_a-freer.o)
                0x000000000000e834                _malloc_trim_r
 .text._free_r  0x000000000000e958      0x310 c:/intelfpga_lite/18.1/nios2eds/bin/gnu/h-x86_64-mingw32/bin/../lib/gcc/nios2-elf/5.3.0/../../../../../H-x86_64-mingw32/nios2-elf/lib\libc.a(lib_a-freer.o)
                0x000000000000e958                _free_r
 .text          0x000000000000ec68        0x0 c:/intelfpga_lite/18.1/nios2eds/bin/gnu/h-x86_64-mingw32/bin/../lib/gcc/nios2-elf/5.3.0/../../../../../H-x86_64-mingw32/nios2-elf/lib\libc.a(lib_a-fvwrite.o)
 .text.__sfvwrite_r
                0x000000000000ec68      0x4bc c:/intelfpga_lite/18.1/nios2eds/bin/gnu/h-x86_64-mingw32/bin/../lib/gcc/nios2-elf/5.3.0/../../../../../H-x86_64-mingw32/nios2-elf/lib\libc.a(lib_a-fvwrite.o)
                0x000000000000ec68                __sfvwrite_r
 .text          0x000000000000f124        0x0 c:/intelfpga_lite/18.1/nios2eds/bin/gnu/h-x86_64-mingw32/bin/../lib/gcc/nios2-elf/5.3.0/../../../../../H-x86_64-mingw32/nios2-elf/lib\libc.a(lib_a-fwalk.o)
 .text._fwalk   0x000000000000f124       0xc4 c:/intelfpga_lite/18.1/nios2eds/bin/gnu/h-x86_64-mingw32/bin/../lib/gcc/nios2-elf/5.3.0/../../../../../H-x86_64-mingw32/nios2-elf/lib\libc.a(lib_a-fwalk.o)
                0x000000000000f124                _fwalk
 .text._fwalk_reent
                0x000000000000f1e8       0xc4 c:/intelfpga_lite/18.1/nios2eds/bin/gnu/h-x86_64-mingw32/bin/../lib/gcc/nios2-elf/5.3.0/../../../../../H-x86_64-mingw32/nios2-elf/lib\libc.a(lib_a-fwalk.o)
                0x000000000000f1e8                _fwalk_reent
 .text          0x000000000000f2ac        0x0 c:/intelfpga_lite/18.1/nios2eds/bin/gnu/h-x86_64-mingw32/bin/../lib/gcc/nios2-elf/5.3.0/../../../../../H-x86_64-mingw32/nios2-elf/lib\libc.a(lib_a-int_errno.o)
 .text          0x000000000000f2ac        0x0 c:/intelfpga_lite/18.1/nios2eds/bin/gnu/h-x86_64-mingw32/bin/../lib/gcc/nios2-elf/5.3.0/../../../../../H-x86_64-mingw32/nios2-elf/lib\libc.a(lib_a-locale.o)
 .text._setlocale_r
                0x000000000000f2ac       0x7c c:/intelfpga_lite/18.1/nios2eds/bin/gnu/h-x86_64-mingw32/bin/../lib/gcc/nios2-elf/5.3.0/../../../../../H-x86_64-mingw32/nios2-elf/lib\libc.a(lib_a-locale.o)
                0x000000000000f2ac                _setlocale_r
 .text.__locale_charset
                0x000000000000f328        0xc c:/intelfpga_lite/18.1/nios2eds/bin/gnu/h-x86_64-mingw32/bin/../lib/gcc/nios2-elf/5.3.0/../../../../../H-x86_64-mingw32/nios2-elf/lib\libc.a(lib_a-locale.o)
                0x000000000000f328                __locale_charset
 .text.__locale_mb_cur_max
                0x000000000000f334       0x10 c:/intelfpga_lite/18.1/nios2eds/bin/gnu/h-x86_64-mingw32/bin/../lib/gcc/nios2-elf/5.3.0/../../../../../H-x86_64-mingw32/nios2-elf/lib\libc.a(lib_a-locale.o)
                0x000000000000f334                __locale_mb_cur_max
 .text.__locale_msgcharset
                0x000000000000f344        0xc c:/intelfpga_lite/18.1/nios2eds/bin/gnu/h-x86_64-mingw32/bin/../lib/gcc/nios2-elf/5.3.0/../../../../../H-x86_64-mingw32/nios2-elf/lib\libc.a(lib_a-locale.o)
                0x000000000000f344                __locale_msgcharset
 .text.__locale_cjk_lang
                0x000000000000f350        0x8 c:/intelfpga_lite/18.1/nios2eds/bin/gnu/h-x86_64-mingw32/bin/../lib/gcc/nios2-elf/5.3.0/../../../../../H-x86_64-mingw32/nios2-elf/lib\libc.a(lib_a-locale.o)
                0x000000000000f350                __locale_cjk_lang
 .text._localeconv_r
                0x000000000000f358        0xc c:/intelfpga_lite/18.1/nios2eds/bin/gnu/h-x86_64-mingw32/bin/../lib/gcc/nios2-elf/5.3.0/../../../../../H-x86_64-mingw32/nios2-elf/lib\libc.a(lib_a-locale.o)
                0x000000000000f358                _localeconv_r
 .text.setlocale
                0x000000000000f364       0x18 c:/intelfpga_lite/18.1/nios2eds/bin/gnu/h-x86_64-mingw32/bin/../lib/gcc/nios2-elf/5.3.0/../../../../../H-x86_64-mingw32/nios2-elf/lib\libc.a(lib_a-locale.o)
                0x000000000000f364                setlocale
 .text.localeconv
                0x000000000000f37c        0xc c:/intelfpga_lite/18.1/nios2eds/bin/gnu/h-x86_64-mingw32/bin/../lib/gcc/nios2-elf/5.3.0/../../../../../H-x86_64-mingw32/nios2-elf/lib\libc.a(lib_a-locale.o)
                0x000000000000f37c                localeconv
 .text          0x000000000000f388        0x0 c:/intelfpga_lite/18.1/nios2eds/bin/gnu/h-x86_64-mingw32/bin/../lib/gcc/nios2-elf/5.3.0/../../../../../H-x86_64-mingw32/nios2-elf/lib\libc.a(lib_a-makebuf.o)
 .text.__smakebuf_r
                0x000000000000f388      0x1bc c:/intelfpga_lite/18.1/nios2eds/bin/gnu/h-x86_64-mingw32/bin/../lib/gcc/nios2-elf/5.3.0/../../../../../H-x86_64-mingw32/nios2-elf/lib\libc.a(lib_a-makebuf.o)
                0x000000000000f388                __smakebuf_r
 .text          0x000000000000f544        0x0 c:/intelfpga_lite/18.1/nios2eds/bin/gnu/h-x86_64-mingw32/bin/../lib/gcc/nios2-elf/5.3.0/../../../../../H-x86_64-mingw32/nios2-elf/lib\libc.a(lib_a-memchr.o)
 .text.memchr   0x000000000000f544       0xe4 c:/intelfpga_lite/18.1/nios2eds/bin/gnu/h-x86_64-mingw32/bin/../lib/gcc/nios2-elf/5.3.0/../../../../../H-x86_64-mingw32/nios2-elf/lib\libc.a(lib_a-memchr.o)
                0x000000000000f544                memchr
 .text          0x000000000000f628        0x0 c:/intelfpga_lite/18.1/nios2eds/bin/gnu/h-x86_64-mingw32/bin/../lib/gcc/nios2-elf/5.3.0/../../../../../H-x86_64-mingw32/nios2-elf/lib\libc.a(lib_a-memmove.o)
 .text.memmove  0x000000000000f628      0x15c c:/intelfpga_lite/18.1/nios2eds/bin/gnu/h-x86_64-mingw32/bin/../lib/gcc/nios2-elf/5.3.0/../../../../../H-x86_64-mingw32/nios2-elf/lib\libc.a(lib_a-memmove.o)
                0x000000000000f628                memmove
 .text          0x000000000000f784        0x0 c:/intelfpga_lite/18.1/nios2eds/bin/gnu/h-x86_64-mingw32/bin/../lib/gcc/nios2-elf/5.3.0/../../../../../H-x86_64-mingw32/nios2-elf/lib\libc.a(lib_a-mprec.o)
 .text._Balloc  0x000000000000f784       0xa8 c:/intelfpga_lite/18.1/nios2eds/bin/gnu/h-x86_64-mingw32/bin/../lib/gcc/nios2-elf/5.3.0/../../../../../H-x86_64-mingw32/nios2-elf/lib\libc.a(lib_a-mprec.o)
                0x000000000000f784                _Balloc
 .text._Bfree   0x000000000000f82c       0x28 c:/intelfpga_lite/18.1/nios2eds/bin/gnu/h-x86_64-mingw32/bin/../lib/gcc/nios2-elf/5.3.0/../../../../../H-x86_64-mingw32/nios2-elf/lib\libc.a(lib_a-mprec.o)
                0x000000000000f82c                _Bfree
 .text.__multadd
                0x000000000000f854      0x120 c:/intelfpga_lite/18.1/nios2eds/bin/gnu/h-x86_64-mingw32/bin/../lib/gcc/nios2-elf/5.3.0/../../../../../H-x86_64-mingw32/nios2-elf/lib\libc.a(lib_a-mprec.o)
                0x000000000000f854                __multadd
 .text.__s2b    0x000000000000f974      0x104 c:/intelfpga_lite/18.1/nios2eds/bin/gnu/h-x86_64-mingw32/bin/../lib/gcc/nios2-elf/5.3.0/../../../../../H-x86_64-mingw32/nios2-elf/lib\libc.a(lib_a-mprec.o)
                0x000000000000f974                __s2b
 .text.__hi0bits
                0x000000000000fa78       0x68 c:/intelfpga_lite/18.1/nios2eds/bin/gnu/h-x86_64-mingw32/bin/../lib/gcc/nios2-elf/5.3.0/../../../../../H-x86_64-mingw32/nios2-elf/lib\libc.a(lib_a-mprec.o)
                0x000000000000fa78                __hi0bits
 .text.__lo0bits
                0x000000000000fae0       0xb0 c:/intelfpga_lite/18.1/nios2eds/bin/gnu/h-x86_64-mingw32/bin/../lib/gcc/nios2-elf/5.3.0/../../../../../H-x86_64-mingw32/nios2-elf/lib\libc.a(lib_a-mprec.o)
                0x000000000000fae0                __lo0bits
 .text.__i2b    0x000000000000fb90       0x3c c:/intelfpga_lite/18.1/nios2eds/bin/gnu/h-x86_64-mingw32/bin/../lib/gcc/nios2-elf/5.3.0/../../../../../H-x86_64-mingw32/nios2-elf/lib\libc.a(lib_a-mprec.o)
                0x000000000000fb90                __i2b
 .text.__multiply
                0x000000000000fbcc      0x1f8 c:/intelfpga_lite/18.1/nios2eds/bin/gnu/h-x86_64-mingw32/bin/../lib/gcc/nios2-elf/5.3.0/../../../../../H-x86_64-mingw32/nios2-elf/lib\libc.a(lib_a-mprec.o)
                0x000000000000fbcc                __multiply
 .text.__pow5mult
                0x000000000000fdc4      0x140 c:/intelfpga_lite/18.1/nios2eds/bin/gnu/h-x86_64-mingw32/bin/../lib/gcc/nios2-elf/5.3.0/../../../../../H-x86_64-mingw32/nios2-elf/lib\libc.a(lib_a-mprec.o)
                0x000000000000fdc4                __pow5mult
 .text.__lshift
                0x000000000000ff04      0x148 c:/intelfpga_lite/18.1/nios2eds/bin/gnu/h-x86_64-mingw32/bin/../lib/gcc/nios2-elf/5.3.0/../../../../../H-x86_64-mingw32/nios2-elf/lib\libc.a(lib_a-mprec.o)
                0x000000000000ff04                __lshift
 .text.__mcmp   0x000000000001004c       0x60 c:/intelfpga_lite/18.1/nios2eds/bin/gnu/h-x86_64-mingw32/bin/../lib/gcc/nios2-elf/5.3.0/../../../../../H-x86_64-mingw32/nios2-elf/lib\libc.a(lib_a-mprec.o)
                0x000000000001004c                __mcmp
 .text.__mdiff  0x00000000000100ac      0x1fc c:/intelfpga_lite/18.1/nios2eds/bin/gnu/h-x86_64-mingw32/bin/../lib/gcc/nios2-elf/5.3.0/../../../../../H-x86_64-mingw32/nios2-elf/lib\libc.a(lib_a-mprec.o)
                0x00000000000100ac                __mdiff
 .text.__ulp    0x00000000000102a8       0x64 c:/intelfpga_lite/18.1/nios2eds/bin/gnu/h-x86_64-mingw32/bin/../lib/gcc/nios2-elf/5.3.0/../../../../../H-x86_64-mingw32/nios2-elf/lib\libc.a(lib_a-mprec.o)
                0x00000000000102a8                __ulp
 .text.__b2d    0x000000000001030c      0x10c c:/intelfpga_lite/18.1/nios2eds/bin/gnu/h-x86_64-mingw32/bin/../lib/gcc/nios2-elf/5.3.0/../../../../../H-x86_64-mingw32/nios2-elf/lib\libc.a(lib_a-mprec.o)
                0x000000000001030c                __b2d
 .text.__d2b    0x0000000000010418      0x14c c:/intelfpga_lite/18.1/nios2eds/bin/gnu/h-x86_64-mingw32/bin/../lib/gcc/nios2-elf/5.3.0/../../../../../H-x86_64-mingw32/nios2-elf/lib\libc.a(lib_a-mprec.o)
                0x0000000000010418                __d2b
 .text.__ratio  0x0000000000010564       0xa4 c:/intelfpga_lite/18.1/nios2eds/bin/gnu/h-x86_64-mingw32/bin/../lib/gcc/nios2-elf/5.3.0/../../../../../H-x86_64-mingw32/nios2-elf/lib\libc.a(lib_a-mprec.o)
                0x0000000000010564                __ratio
 .text._mprec_log10
                0x0000000000010608       0x74 c:/intelfpga_lite/18.1/nios2eds/bin/gnu/h-x86_64-mingw32/bin/../lib/gcc/nios2-elf/5.3.0/../../../../../H-x86_64-mingw32/nios2-elf/lib\libc.a(lib_a-mprec.o)
                0x0000000000010608                _mprec_log10
 .text.__copybits
                0x000000000001067c       0x78 c:/intelfpga_lite/18.1/nios2eds/bin/gnu/h-x86_64-mingw32/bin/../lib/gcc/nios2-elf/5.3.0/../../../../../H-x86_64-mingw32/nios2-elf/lib\libc.a(lib_a-mprec.o)
                0x000000000001067c                __copybits
 .text.__any_on
                0x00000000000106f4       0x8c c:/intelfpga_lite/18.1/nios2eds/bin/gnu/h-x86_64-mingw32/bin/../lib/gcc/nios2-elf/5.3.0/../../../../../H-x86_64-mingw32/nios2-elf/lib\libc.a(lib_a-mprec.o)
                0x00000000000106f4                __any_on
 .text          0x0000000000010780        0x0 c:/intelfpga_lite/18.1/nios2eds/bin/gnu/h-x86_64-mingw32/bin/../lib/gcc/nios2-elf/5.3.0/../../../../../H-x86_64-mingw32/nios2-elf/lib\libc.a(lib_a-putc.o)
 .text._putc_r  0x0000000000010780       0xa0 c:/intelfpga_lite/18.1/nios2eds/bin/gnu/h-x86_64-mingw32/bin/../lib/gcc/nios2-elf/5.3.0/../../../../../H-x86_64-mingw32/nios2-elf/lib\libc.a(lib_a-putc.o)
                0x0000000000010780                _putc_r
 .text.putc     0x0000000000010820       0xc8 c:/intelfpga_lite/18.1/nios2eds/bin/gnu/h-x86_64-mingw32/bin/../lib/gcc/nios2-elf/5.3.0/../../../../../H-x86_64-mingw32/nios2-elf/lib\libc.a(lib_a-putc.o)
                0x0000000000010820                putc
 .text          0x00000000000108e8        0x0 c:/intelfpga_lite/18.1/nios2eds/bin/gnu/h-x86_64-mingw32/bin/../lib/gcc/nios2-elf/5.3.0/../../../../../H-x86_64-mingw32/nios2-elf/lib\libc.a(lib_a-reallocr.o)
 .text._realloc_r
                0x00000000000108e8      0x564 c:/intelfpga_lite/18.1/nios2eds/bin/gnu/h-x86_64-mingw32/bin/../lib/gcc/nios2-elf/5.3.0/../../../../../H-x86_64-mingw32/nios2-elf/lib\libc.a(lib_a-reallocr.o)
                0x00000000000108e8                _realloc_r
 .text          0x0000000000010e4c        0x0 c:/intelfpga_lite/18.1/nios2eds/bin/gnu/h-x86_64-mingw32/bin/../lib/gcc/nios2-elf/5.3.0/../../../../../H-x86_64-mingw32/nios2-elf/lib\libc.a(lib_a-s_fpclassify.o)
 .text.__fpclassifyd
                0x0000000000010e4c       0x74 c:/intelfpga_lite/18.1/nios2eds/bin/gnu/h-x86_64-mingw32/bin/../lib/gcc/nios2-elf/5.3.0/../../../../../H-x86_64-mingw32/nios2-elf/lib\libc.a(lib_a-s_fpclassify.o)
                0x0000000000010e4c                __fpclassifyd
 .text          0x0000000000010ec0        0x0 c:/intelfpga_lite/18.1/nios2eds/bin/gnu/h-x86_64-mingw32/bin/../lib/gcc/nios2-elf/5.3.0/../../../../../H-x86_64-mingw32/nios2-elf/lib\libc.a(lib_a-stdio.o)
 .text.__sread  0x0000000000010ec0       0x54 c:/intelfpga_lite/18.1/nios2eds/bin/gnu/h-x86_64-mingw32/bin/../lib/gcc/nios2-elf/5.3.0/../../../../../H-x86_64-mingw32/nios2-elf/lib\libc.a(lib_a-stdio.o)
                0x0000000000010ec0                __sread
 .text.__seofread
                0x0000000000010f14        0x8 c:/intelfpga_lite/18.1/nios2eds/bin/gnu/h-x86_64-mingw32/bin/../lib/gcc/nios2-elf/5.3.0/../../../../../H-x86_64-mingw32/nios2-elf/lib\libc.a(lib_a-stdio.o)
                0x0000000000010f14                __seofread
 .text.__swrite
                0x0000000000010f1c       0x7c c:/intelfpga_lite/18.1/nios2eds/bin/gnu/h-x86_64-mingw32/bin/../lib/gcc/nios2-elf/5.3.0/../../../../../H-x86_64-mingw32/nios2-elf/lib\libc.a(lib_a-stdio.o)
                0x0000000000010f1c                __swrite
 .text.__sseek  0x0000000000010f98       0x5c c:/intelfpga_lite/18.1/nios2eds/bin/gnu/h-x86_64-mingw32/bin/../lib/gcc/nios2-elf/5.3.0/../../../../../H-x86_64-mingw32/nios2-elf/lib\libc.a(lib_a-stdio.o)
                0x0000000000010f98                __sseek
 .text.__sclose
                0x0000000000010ff4        0x8 c:/intelfpga_lite/18.1/nios2eds/bin/gnu/h-x86_64-mingw32/bin/../lib/gcc/nios2-elf/5.3.0/../../../../../H-x86_64-mingw32/nios2-elf/lib\libc.a(lib_a-stdio.o)
                0x0000000000010ff4                __sclose
 .text          0x0000000000010ffc        0x0 c:/intelfpga_lite/18.1/nios2eds/bin/gnu/h-x86_64-mingw32/bin/../lib/gcc/nios2-elf/5.3.0/../../../../../H-x86_64-mingw32/nios2-elf/lib\libc.a(lib_a-svfiprintf.o)
 .text.__ssprint_r
                0x0000000000010ffc      0x1d0 c:/intelfpga_lite/18.1/nios2eds/bin/gnu/h-x86_64-mingw32/bin/../lib/gcc/nios2-elf/5.3.0/../../../../../H-x86_64-mingw32/nios2-elf/lib\libc.a(lib_a-svfiprintf.o)
                0x0000000000010ffc                __ssprint_r
 .text.___svfiprintf_internal_r
                0x00000000000111cc     0x123c c:/intelfpga_lite/18.1/nios2eds/bin/gnu/h-x86_64-mingw32/bin/../lib/gcc/nios2-elf/5.3.0/../../../../../H-x86_64-mingw32/nios2-elf/lib\libc.a(lib_a-svfiprintf.o)
                0x00000000000111cc                ___svfiprintf_internal_r
 .text          0x0000000000012408        0x0 c:/intelfpga_lite/18.1/nios2eds/bin/gnu/h-x86_64-mingw32/bin/../lib/gcc/nios2-elf/5.3.0/../../../../../H-x86_64-mingw32/nios2-elf/lib\libc.a(lib_a-vfiprintf.o)
 .text.__sprint_r.part.0
                0x0000000000012408       0xfc c:/intelfpga_lite/18.1/nios2eds/bin/gnu/h-x86_64-mingw32/bin/../lib/gcc/nios2-elf/5.3.0/../../../../../H-x86_64-mingw32/nios2-elf/lib\libc.a(lib_a-vfiprintf.o)
 .text.__sprint_r
                0x0000000000012504       0x18 c:/intelfpga_lite/18.1/nios2eds/bin/gnu/h-x86_64-mingw32/bin/../lib/gcc/nios2-elf/5.3.0/../../../../../H-x86_64-mingw32/nios2-elf/lib\libc.a(lib_a-vfiprintf.o)
                0x0000000000012504                __sprint_r
 .text.___vfiprintf_internal_r
                0x000000000001251c     0x145c c:/intelfpga_lite/18.1/nios2eds/bin/gnu/h-x86_64-mingw32/bin/../lib/gcc/nios2-elf/5.3.0/../../../../../H-x86_64-mingw32/nios2-elf/lib\libc.a(lib_a-vfiprintf.o)
                0x000000000001251c                ___vfiprintf_internal_r
 .text.__vfiprintf_internal
                0x0000000000013978       0x1c c:/intelfpga_lite/18.1/nios2eds/bin/gnu/h-x86_64-mingw32/bin/../lib/gcc/nios2-elf/5.3.0/../../../../../H-x86_64-mingw32/nios2-elf/lib\libc.a(lib_a-vfiprintf.o)
                0x0000000000013978                __vfiprintf_internal
 .text.__sbprintf
                0x0000000000013994       0xbc c:/intelfpga_lite/18.1/nios2eds/bin/gnu/h-x86_64-mingw32/bin/../lib/gcc/nios2-elf/5.3.0/../../../../../H-x86_64-mingw32/nios2-elf/lib\libc.a(lib_a-vfiprintf.o)
 .text          0x0000000000013a50        0x0 c:/intelfpga_lite/18.1/nios2eds/bin/gnu/h-x86_64-mingw32/bin/../lib/gcc/nios2-elf/5.3.0/../../../../../H-x86_64-mingw32/nios2-elf/lib\libc.a(lib_a-wbuf.o)
 .text.__swbuf_r
                0x0000000000013a50      0x140 c:/intelfpga_lite/18.1/nios2eds/bin/gnu/h-x86_64-mingw32/bin/../lib/gcc/nios2-elf/5.3.0/../../../../../H-x86_64-mingw32/nios2-elf/lib\libc.a(lib_a-wbuf.o)
                0x0000000000013a50                __swbuf_r
 .text.__swbuf  0x0000000000013b90       0x18 c:/intelfpga_lite/18.1/nios2eds/bin/gnu/h-x86_64-mingw32/bin/../lib/gcc/nios2-elf/5.3.0/../../../../../H-x86_64-mingw32/nios2-elf/lib\libc.a(lib_a-wbuf.o)
                0x0000000000013b90                __swbuf
 .text          0x0000000000013ba8        0x0 c:/intelfpga_lite/18.1/nios2eds/bin/gnu/h-x86_64-mingw32/bin/../lib/gcc/nios2-elf/5.3.0/../../../../../H-x86_64-mingw32/nios2-elf/lib\libc.a(lib_a-writer.o)
 .text._write_r
                0x0000000000013ba8       0x60 c:/intelfpga_lite/18.1/nios2eds/bin/gnu/h-x86_64-mingw32/bin/../lib/gcc/nios2-elf/5.3.0/../../../../../H-x86_64-mingw32/nios2-elf/lib\libc.a(lib_a-writer.o)
                0x0000000000013ba8                _write_r
 .text          0x0000000000013c08        0x0 c:/intelfpga_lite/18.1/nios2eds/bin/gnu/h-x86_64-mingw32/bin/../lib/gcc/nios2-elf/5.3.0/../../../../../H-x86_64-mingw32/nios2-elf/lib\libc.a(closer.o)
 .text._close_r
                0x0000000000013c08       0x54 c:/intelfpga_lite/18.1/nios2eds/bin/gnu/h-x86_64-mingw32/bin/../lib/gcc/nios2-elf/5.3.0/../../../../../H-x86_64-mingw32/nios2-elf/lib\libc.a(closer.o)
                0x0000000000013c08                _close_r
 .text          0x0000000000013c5c        0x0 c:/intelfpga_lite/18.1/nios2eds/bin/gnu/h-x86_64-mingw32/bin/../lib/gcc/nios2-elf/5.3.0/../../../../../H-x86_64-mingw32/nios2-elf/lib\libc.a(lib_a-fclose.o)
 .text._fclose_r
                0x0000000000013c5c       0xf0 c:/intelfpga_lite/18.1/nios2eds/bin/gnu/h-x86_64-mingw32/bin/../lib/gcc/nios2-elf/5.3.0/../../../../../H-x86_64-mingw32/nios2-elf/lib\libc.a(lib_a-fclose.o)
                0x0000000000013c5c                _fclose_r
 .text.fclose   0x0000000000013d4c       0x14 c:/intelfpga_lite/18.1/nios2eds/bin/gnu/h-x86_64-mingw32/bin/../lib/gcc/nios2-elf/5.3.0/../../../../../H-x86_64-mingw32/nios2-elf/lib\libc.a(lib_a-fclose.o)
                0x0000000000013d4c                fclose
 .text          0x0000000000013d60        0x0 c:/intelfpga_lite/18.1/nios2eds/bin/gnu/h-x86_64-mingw32/bin/../lib/gcc/nios2-elf/5.3.0/../../../../../H-x86_64-mingw32/nios2-elf/lib\libc.a(lib_a-fputwc.o)
 .text.__fputwc
                0x0000000000013d60      0x164 c:/intelfpga_lite/18.1/nios2eds/bin/gnu/h-x86_64-mingw32/bin/../lib/gcc/nios2-elf/5.3.0/../../../../../H-x86_64-mingw32/nios2-elf/lib\libc.a(lib_a-fputwc.o)
                0x0000000000013d60                __fputwc
 .text._fputwc_r
                0x0000000000013ec4       0x24 c:/intelfpga_lite/18.1/nios2eds/bin/gnu/h-x86_64-mingw32/bin/../lib/gcc/nios2-elf/5.3.0/../../../../../H-x86_64-mingw32/nios2-elf/lib\libc.a(lib_a-fputwc.o)
                0x0000000000013ec4                _fputwc_r
 .text.fputwc   0x0000000000013ee8       0x80 c:/intelfpga_lite/18.1/nios2eds/bin/gnu/h-x86_64-mingw32/bin/../lib/gcc/nios2-elf/5.3.0/../../../../../H-x86_64-mingw32/nios2-elf/lib\libc.a(lib_a-fputwc.o)
                0x0000000000013ee8                fputwc
 .text          0x0000000000013f68        0x0 c:/intelfpga_lite/18.1/nios2eds/bin/gnu/h-x86_64-mingw32/bin/../lib/gcc/nios2-elf/5.3.0/../../../../../H-x86_64-mingw32/nios2-elf/lib\libc.a(lib_a-fstatr.o)
 .text._fstat_r
                0x0000000000013f68       0x5c c:/intelfpga_lite/18.1/nios2eds/bin/gnu/h-x86_64-mingw32/bin/../lib/gcc/nios2-elf/5.3.0/../../../../../H-x86_64-mingw32/nios2-elf/lib\libc.a(lib_a-fstatr.o)
                0x0000000000013f68                _fstat_r
 .text          0x0000000000013fc4        0x0 c:/intelfpga_lite/18.1/nios2eds/bin/gnu/h-x86_64-mingw32/bin/../lib/gcc/nios2-elf/5.3.0/../../../../../H-x86_64-mingw32/nios2-elf/lib\libc.a(lib_a-isattyr.o)
 .text._isatty_r
                0x0000000000013fc4       0x54 c:/intelfpga_lite/18.1/nios2eds/bin/gnu/h-x86_64-mingw32/bin/../lib/gcc/nios2-elf/5.3.0/../../../../../H-x86_64-mingw32/nios2-elf/lib\libc.a(lib_a-isattyr.o)
                0x0000000000013fc4                _isatty_r
 .text          0x0000000000014018        0x0 c:/intelfpga_lite/18.1/nios2eds/bin/gnu/h-x86_64-mingw32/bin/../lib/gcc/nios2-elf/5.3.0/../../../../../H-x86_64-mingw32/nios2-elf/lib\libc.a(lib_a-lseekr.o)
 .text._lseek_r
                0x0000000000014018       0x60 c:/intelfpga_lite/18.1/nios2eds/bin/gnu/h-x86_64-mingw32/bin/../lib/gcc/nios2-elf/5.3.0/../../../../../H-x86_64-mingw32/nios2-elf/lib\libc.a(lib_a-lseekr.o)
                0x0000000000014018                _lseek_r
 .text          0x0000000000014078        0x0 c:/intelfpga_lite/18.1/nios2eds/bin/gnu/h-x86_64-mingw32/bin/../lib/gcc/nios2-elf/5.3.0/../../../../../H-x86_64-mingw32/nios2-elf/lib\libc.a(lib_a-readr.o)
 .text._read_r  0x0000000000014078       0x60 c:/intelfpga_lite/18.1/nios2eds/bin/gnu/h-x86_64-mingw32/bin/../lib/gcc/nios2-elf/5.3.0/../../../../../H-x86_64-mingw32/nios2-elf/lib\libc.a(lib_a-readr.o)
                0x0000000000014078                _read_r
 .text          0x00000000000140d8        0x0 c:/intelfpga_lite/18.1/nios2eds/bin/gnu/h-x86_64-mingw32/bin/../lib/gcc/nios2-elf/5.3.0/../../../../../H-x86_64-mingw32/nios2-elf/lib\libc.a(lib_a-wcrtomb.o)
 .text._wcrtomb_r
                0x00000000000140d8       0x9c c:/intelfpga_lite/18.1/nios2eds/bin/gnu/h-x86_64-mingw32/bin/../lib/gcc/nios2-elf/5.3.0/../../../../../H-x86_64-mingw32/nios2-elf/lib\libc.a(lib_a-wcrtomb.o)
                0x00000000000140d8                _wcrtomb_r
 .text.wcrtomb  0x0000000000014174       0xc0 c:/intelfpga_lite/18.1/nios2eds/bin/gnu/h-x86_64-mingw32/bin/../lib/gcc/nios2-elf/5.3.0/../../../../../H-x86_64-mingw32/nios2-elf/lib\libc.a(lib_a-wcrtomb.o)
                0x0000000000014174                wcrtomb
 .text          0x0000000000014234        0x0 c:/intelfpga_lite/18.1/nios2eds/bin/gnu/h-x86_64-mingw32/bin/../lib/gcc/nios2-elf/5.3.0/../../../../../H-x86_64-mingw32/nios2-elf/lib\libc.a(lib_a-wctomb_r.o)
 .text.__ascii_wctomb
                0x0000000000014234       0x30 c:/intelfpga_lite/18.1/nios2eds/bin/gnu/h-x86_64-mingw32/bin/../lib/gcc/nios2-elf/5.3.0/../../../../../H-x86_64-mingw32/nios2-elf/lib\libc.a(lib_a-wctomb_r.o)
                0x0000000000014234                __ascii_wctomb
 .text._wctomb_r
                0x0000000000014264       0x5c c:/intelfpga_lite/18.1/nios2eds/bin/gnu/h-x86_64-mingw32/bin/../lib/gcc/nios2-elf/5.3.0/../../../../../H-x86_64-mingw32/nios2-elf/lib\libc.a(lib_a-wctomb_r.o)
                0x0000000000014264                _wctomb_r
 .text          0x00000000000142c0      0x578 c:/intelfpga_lite/18.1/nios2eds/bin/gnu/h-x86_64-mingw32/bin/../lib/gcc/nios2-elf/5.3.0\libgcc.a(_udivdi3.o)
                0x00000000000142c0                __udivdi3
 .text          0x0000000000014838      0x538 c:/intelfpga_lite/18.1/nios2eds/bin/gnu/h-x86_64-mingw32/bin/../lib/gcc/nios2-elf/5.3.0\libgcc.a(_umoddi3.o)
                0x0000000000014838                __umoddi3
 .text          0x0000000000014d70       0x88 c:/intelfpga_lite/18.1/nios2eds/bin/gnu/h-x86_64-mingw32/bin/../lib/gcc/nios2-elf/5.3.0\libgcc.a(eqdf2.o)
                0x0000000000014d70                __nedf2
                0x0000000000014d70                __eqdf2
 .text          0x0000000000014df8       0xdc c:/intelfpga_lite/18.1/nios2eds/bin/gnu/h-x86_64-mingw32/bin/../lib/gcc/nios2-elf/5.3.0\libgcc.a(gedf2.o)
                0x0000000000014df8                __gedf2
                0x0000000000014df8                __gtdf2
 .text          0x0000000000014ed4       0xf4 c:/intelfpga_lite/18.1/nios2eds/bin/gnu/h-x86_64-mingw32/bin/../lib/gcc/nios2-elf/5.3.0\libgcc.a(ledf2.o)
                0x0000000000014ed4                __ledf2
                0x0000000000014ed4                __ltdf2
 .text          0x0000000000014fc8      0x8fc c:/intelfpga_lite/18.1/nios2eds/bin/gnu/h-x86_64-mingw32/bin/../lib/gcc/nios2-elf/5.3.0\libgcc.a(subdf3.o)
                0x0000000000014fc8                __subdf3
 .text          0x00000000000158c4       0x80 c:/intelfpga_lite/18.1/nios2eds/bin/gnu/h-x86_64-mingw32/bin/../lib/gcc/nios2-elf/5.3.0\libgcc.a(fixdfsi.o)
                0x00000000000158c4                __fixdfsi
 .text          0x0000000000015944       0xec ../candy_avb_sss_bsp/\libucosii_bsp.a(alt_fstat.o)
                0x0000000000015980                fstat
 .text          0x0000000000015a30       0xe0 ../candy_avb_sss_bsp/\libucosii_bsp.a(alt_isatty.o)
                0x0000000000015a6c                isatty
 .text          0x0000000000015b10      0x110 ../candy_avb_sss_bsp/\libucosii_bsp.a(alt_lseek.o)
                0x0000000000015b4c                lseek
 .text          0x0000000000015c20       0xbc ../candy_avb_sss_bsp/\libucosii_bsp.a(alt_main.o)
                0x0000000000015c20                alt_main
 .text          0x0000000000015cdc       0xb0 ../candy_avb_sss_bsp/\libucosii_bsp.a(alt_sbrk.o)
                0x0000000000015cdc                sbrk
 .text          0x0000000000015d8c      0x124 ../candy_avb_sss_bsp/\libucosii_bsp.a(alt_env_lock.o)
                0x0000000000015d8c                __env_lock
                0x0000000000015e50                __env_unlock
 .text          0x0000000000015eb0      0x1ec ../candy_avb_sss_bsp/\libucosii_bsp.a(alt_malloc_lock.o)
                0x0000000000015eb0                __malloc_lock
                0x0000000000015fd0                __malloc_unlock
 .text          0x000000000001609c     0x2014 ../candy_avb_sss_bsp/\libucosii_bsp.a(os_core.o)
                0x000000000001609c                OSEventNameGet
                0x00000000000161bc                OSEventNameSet
                0x00000000000162fc                OSEventPendMulti
                0x000000000001690c                OSInit
                0x0000000000016964                OSIntEnter
                0x00000000000169b0                OSIntExit
                0x0000000000016aa8                OSSchedLock
                0x0000000000016b34                OSSchedUnlock
                0x0000000000016c10                OSStart
                0x0000000000016c80                OSStatInit
                0x0000000000016d30                OSTimeTick
                0x0000000000016f50                OSVersion
                0x0000000000016f70                OS_Dummy
                0x0000000000016f90                OS_EventTaskRdy
                0x0000000000017128                OS_EventTaskWait
                0x0000000000017238                OS_EventTaskWaitMulti
                0x0000000000017388                OS_EventTaskRemove
                0x0000000000017440                OS_EventTaskRemoveMulti
                0x0000000000017540                OS_EventWaitListInit
                0x0000000000017920                OS_MemClr
                0x0000000000017974                OS_MemCopy
                0x00000000000179dc                OS_Sched
                0x0000000000017b20                OS_StrCopy
                0x0000000000017b94                OS_StrLen
                0x0000000000017be8                OS_TaskIdle
                0x0000000000017c44                OS_TaskStat
                0x0000000000017d10                OS_TaskStatStkChk
                0x0000000000017ddc                OS_TCBInit
 .text          0x00000000000180b0      0x190 ../candy_avb_sss_bsp/\libucosii_bsp.a(os_dbg.o)
                0x00000000000180b0                OSDebugInit
 .text          0x0000000000018240     0x1714 ../candy_avb_sss_bsp/\libucosii_bsp.a(os_flag.o)
                0x0000000000018240                OSFlagAccept
                0x0000000000018548                OSFlagCreate
                0x0000000000018650                OSFlagDel
                0x0000000000018898                OSFlagNameGet
                0x00000000000189c0                OSFlagNameSet
                0x0000000000018b0c                OSFlagPend
                0x00000000000190c4                OSFlagPendGetFlagsRdy
                0x0000000000019124                OSFlagPost
                0x00000000000194b8                OSFlagQuery
                0x00000000000196dc                OS_FlagInit
                0x00000000000198b0                OS_FlagUnlink
 .text          0x0000000000019954      0x754 ../candy_avb_sss_bsp/\libucosii_bsp.a(os_mem.o)
                0x0000000000019954                OSMemCreate
                0x0000000000019b28                OSMemGet
                0x0000000000019c18                OSMemNameGet
                0x0000000000019d08                OSMemNameSet
                0x0000000000019e1c                OSMemPut
                0x0000000000019ef4                OSMemQuery
                0x0000000000019fdc                OS_MemInit
 .text          0x000000000001a0a8     0x1104 ../candy_avb_sss_bsp/\libucosii_bsp.a(os_q.o)
                0x000000000001a0a8                OSQAccept
                0x000000000001a1e8                OSQCreate
                0x000000000001a394                OSQDel
                0x000000000001a614                OSQFlush
                0x000000000001a6cc                OSQPend
                0x000000000001a958                OSQPendAbort
                0x000000000001aac4                OSQPost
                0x000000000001ac2c                OSQPostFront
                0x000000000001ad9c                OSQPostOpt
                0x000000000001afa8                OSQQuery
                0x000000000001b104                OS_QInit
 .text          0x000000000001b1ac      0xa60 ../candy_avb_sss_bsp/\libucosii_bsp.a(os_sem.o)
                0x000000000001b1ac                OSSemAccept
                0x000000000001b25c                OSSemCreate
                0x000000000001b334                OSSemDel
                0x000000000001b574                OSSemPend
                0x000000000001b780                OSSemPendAbort
                0x000000000001b8ec                OSSemPost
                0x000000000001b9fc                OSSemQuery
                0x000000000001bb0c                OSSemSet
 .text          0x000000000001bc0c     0x176c ../candy_avb_sss_bsp/\libucosii_bsp.a(os_task.o)
                0x000000000001bc0c                OSTaskChangePrio
                0x000000000001c0fc                OSTaskCreate
                0x000000000001c2a8                OSTaskCreateExt
                0x000000000001c48c                OSTaskDel
                0x000000000001c7d0                OSTaskDelReq
                0x000000000001c920                OSTaskNameGet
                0x000000000001cab8                OSTaskNameSet
                0x000000000001cc6c                OSTaskResume
                0x000000000001ce40                OSTaskStkChk
                0x000000000001d000                OSTaskSuspend
                0x000000000001d1e4                OSTaskQuery
                0x000000000001d308                OS_TaskStkClr
 .text          0x000000000001d378      0x4e8 ../candy_avb_sss_bsp/\libucosii_bsp.a(os_time.o)
                0x000000000001d378                OSTimeDly
                0x000000000001d47c                OSTimeDlyHMSM
                0x000000000001d5d0                OSTimeDlyResume
                0x000000000001d7a4                OSTimeGet
                0x000000000001d800                OSTimeSet
 .text          0x000000000001d860      0x300 ../candy_avb_sss_bsp/\libucosii_bsp.a(alt_sys_init.o)
                0x000000000001d894                alt_irq_init
                0x000000000001d8cc                alt_sys_init
 .text          0x000000000001db60      0x164 ../candy_avb_sss_bsp/\libucosii_bsp.a(altera_avalon_jtag_uart_fd.o)
                0x000000000001db60                altera_avalon_jtag_uart_read_fd
                0x000000000001dbc0                altera_avalon_jtag_uart_write_fd
                0x000000000001dc20                altera_avalon_jtag_uart_close_fd
                0x000000000001dc70                altera_avalon_jtag_uart_ioctl_fd
 .text          0x000000000001dcc4      0x558 ../candy_avb_sss_bsp/\libucosii_bsp.a(altera_avalon_jtag_uart_init.o)
                0x000000000001dcc4                altera_avalon_jtag_uart_init
                0x000000000001e1b4                altera_avalon_jtag_uart_close
 .text          0x000000000001e21c       0xf0 ../candy_avb_sss_bsp/\libucosii_bsp.a(altera_avalon_jtag_uart_ioctl.o)
                0x000000000001e21c                altera_avalon_jtag_uart_ioctl
 .text          0x000000000001e30c      0x2bc ../candy_avb_sss_bsp/\libucosii_bsp.a(altera_avalon_jtag_uart_read.o)
                0x000000000001e30c                altera_avalon_jtag_uart_read
 .text          0x000000000001e5c8      0x2c4 ../candy_avb_sss_bsp/\libucosii_bsp.a(altera_avalon_jtag_uart_write.o)
                0x000000000001e5c8                altera_avalon_jtag_uart_write
 .text          0x000000000001e88c       0xf4 ../candy_avb_sss_bsp/\libucosii_bsp.a(altera_avalon_timer_sc.o)
                0x000000000001e904                alt_avalon_timer_sc_init
 .text          0x000000000001e980      0x110 ../candy_avb_sss_bsp/\libucosii_bsp.a(altera_avalon_uart_fd.o)
                0x000000000001e980                altera_avalon_uart_read_fd
                0x000000000001e9e0                altera_avalon_uart_write_fd
                0x000000000001ea40                altera_avalon_uart_close_fd
 .text          0x000000000001ea90      0x52c ../candy_avb_sss_bsp/\libucosii_bsp.a(altera_avalon_uart_init.o)
                0x000000000001ea90                altera_avalon_uart_init
                0x000000000001ef68                altera_avalon_uart_close
 .text          0x000000000001efbc      0x2a4 ../candy_avb_sss_bsp/\libucosii_bsp.a(altera_avalon_uart_read.o)
                0x000000000001eff8                altera_avalon_uart_read
 .text          0x000000000001f260      0x274 ../candy_avb_sss_bsp/\libucosii_bsp.a(altera_avalon_uart_write.o)
                0x000000000001f29c                altera_avalon_uart_write
 .text          0x000000000001f4d4      0x56c ../candy_avb_sss_bsp/\libucosii_bsp.a(altera_modular_adc.o)
                0x000000000001f57c                alt_adc_word_read
                0x000000000001f628                altera_modular_adc_init
                0x000000000001f69c                alt_adc_register_callback
                0x000000000001f734                altera_modular_adc_open
                0x000000000001f774                adc_stop
                0x000000000001f7c4                adc_start
                0x000000000001f7fc                adc_set_mode_run_once
                0x000000000001f83c                adc_set_mode_run_continuously
                0x000000000001f878                adc_recalibrate
                0x000000000001f8f4                adc_interrupt_enable
                0x000000000001f938                adc_interrupt_disable
                0x000000000001f980                adc_clear_interrupt_status
                0x000000000001f9c4                adc_interrupt_asserted
                0x000000000001fa04                adc_wait_for_interrupt
 .text          0x000000000001fa40     0x2120 ../candy_avb_sss_bsp/\libucosii_bsp.a(altera_msgdma.o)
                0x00000000000206d8                alt_msgdma_construct_standard_st_to_mm_descriptor
                0x0000000000020730                alt_msgdma_construct_standard_mm_to_st_descriptor
                0x0000000000020788                alt_msgdma_construct_standard_mm_to_mm_descriptor
                0x00000000000207e0                alt_msgdma_construct_extended_st_to_mm_descriptor
                0x0000000000020870                alt_msgdma_construct_extended_mm_to_st_descriptor
                0x0000000000020900                alt_msgdma_construct_extended_mm_to_mm_descriptor
                0x0000000000020be0                alt_msgdma_construct_prefetcher_standard_mm_to_mm_descriptor
                0x0000000000020c38                alt_msgdma_construct_prefetcher_standard_st_to_mm_descriptor
                0x0000000000020c90                alt_msgdma_construct_prefetcher_standard_mm_to_st_descriptor
                0x0000000000020ce8                alt_msgdma_construct_prefetcher_extended_st_to_mm_descriptor
                0x0000000000020d88                alt_msgdma_construct_prefetcher_extended_mm_to_st_descriptor
                0x0000000000020e20                alt_msgdma_construct_prefetcher_extended_mm_to_mm_descriptor
                0x0000000000020ed8                alt_msgdma_prefetcher_add_standard_desc_to_list
                0x0000000000020fc8                alt_msgdma_prefetcher_add_extended_desc_to_list
                0x0000000000021160                alt_msgdma_prefetcher_set_std_list_own_by_hw_bits
                0x000000000002126c                alt_msgdma_prefetcher_set_extd_list_own_by_hw_bits
                0x00000000000213b0                alt_msgdma_start_prefetcher_with_list_addr
                0x00000000000216c0                alt_msgdma_start_prefetcher_with_std_desc_list
                0x000000000002176c                alt_msgdma_start_prefetcher_with_extd_desc_list
                0x0000000000021818                alt_msgdma_open
                0x0000000000021870                alt_msgdma_init
                0x0000000000021a1c                alt_msgdma_register_callback
                0x0000000000021a70                alt_msgdma_standard_descriptor_async_transfer
                0x0000000000021aac                alt_msgdma_extended_descriptor_async_transfer
                0x0000000000021ae8                alt_msgdma_standard_descriptor_sync_transfer
                0x0000000000021b24                alt_msgdma_extended_descriptor_sync_transfer
 .text          0x0000000000021b60      0xf40 ../candy_avb_sss_bsp/\libucosii_bsp.a(altera_onchip_flash.o)
                0x0000000000021b94                alt_onchip_flash_read
                0x0000000000021c60                alt_onchip_flash_get_info
                0x0000000000021cfc                alt_onchip_flash_erase_block
                0x0000000000021e64                alt_onchip_flash_write_block
                0x000000000002213c                alt_onchip_flash_write
                0x0000000000022414                altera_onchip_flash_init
                0x00000000000228f0                alt_onchip_flash_poll_for_status_to_go_idle
                0x0000000000022980                alt_onchip_flash_poll_for_status_erase_passed
                0x0000000000022a10                alt_onchip_flash_poll_for_status_write_passed
 .text          0x0000000000022aa0     0x1bec ../candy_avb_sss_bsp/\libucosii_bsp.a(ins_tse_mac.o)
                0x0000000000022aa0                altera_eth_tse_init
                0x0000000000022bf0                prep_tse_mac
                0x0000000000022e44                msgdma_reset
                0x0000000000022ec0                tse_mac_init
                0x0000000000023ad8                tse_msgdma_write_init
                0x0000000000023bf8                tse_mac_raw_send
                0x0000000000023dc0                tse_msgdmaRx_isr
                0x0000000000023f74                tse_msgdmaTx_isr
                0x0000000000023fd4                tse_msgdma_read_init
                0x00000000000242b0                allocate_rx_descriptor_chain
                0x00000000000243f4                tse_mac_rcv
                0x0000000000024548                tse_mac_stats
                0x0000000000024588                tse_mac_close
 .text          0x000000000002468c       0x48 ../candy_avb_sss_bsp/\libucosii_bsp.a(alt_iniche_close.o)
                0x000000000002468c                close
 .text          0x00000000000246d4      0x148 ../candy_avb_sss_bsp/\libucosii_bsp.a(alt_iniche_dev.o)
                0x00000000000246d4                iniche_devices_init
 .text          0x000000000002481c       0x70 ../candy_avb_sss_bsp/\libucosii_bsp.a(alt_iniche_read.o)
                0x000000000002481c                read
 .text          0x000000000002488c       0x68 ../candy_avb_sss_bsp/\libucosii_bsp.a(alt_iniche_write.o)
                0x000000000002488c                write
 .text          0x00000000000248f4      0xde4 ../candy_avb_sss_bsp/\libucosii_bsp.a(ipnet.o)
                0x00000000000248f4                Netinit
                0x0000000000024edc                fixup_subnet_mask
                0x0000000000025034                netclose
                0x0000000000025118                pktdemux
                0x00000000000254bc                c_older
                0x000000000002554c                ip2mac
 .text          0x00000000000256d8      0x468 ../candy_avb_sss_bsp/\libucosii_bsp.a(ipstart.o)
                0x00000000000256d8                ip_startup
                0x000000000002597c                exit_hook
                0x00000000000259ec                ip_exit
                0x0000000000025abc                if_netnumber
 .text          0x0000000000025b40      0xfa0 ../candy_avb_sss_bsp/\libucosii_bsp.a(igmp_cmn.o)
                0x0000000000025b40                igmp_init
                0x0000000000025be4                igmp_input
                0x0000000000025cc4                igmp_fasttimo
                0x0000000000025e3c                igmp_send
                0x00000000000260d8                igmp_joingroup
                0x000000000002632c                igmp_leavegroup
                0x00000000000263ac                igmp_validate
                0x00000000000266c4                igmp_print_stats
 .text          0x0000000000026ae0      0xa88 ../candy_avb_sss_bsp/\libucosii_bsp.a(bsdsock.o)
                0x0000000000026ae0                bsd_accept
                0x0000000000026c04                bsd_getpeername
                0x0000000000026d28                bsd_getsockname
                0x0000000000026e4c                bsd_i_sockoptlen
                0x0000000000026f88                bsd_getsockopt
                0x0000000000027094                bsd_ioctl
                0x0000000000027188                bsd_inet_ntoa
                0x00000000000271bc                bsd_recvfrom
                0x0000000000027304                bsd_select
                0x0000000000027488                bsd_setsockopt
 .text          0x0000000000027568       0xf8 ../candy_avb_sss_bsp/\libucosii_bsp.a(cksum.o)
                0x0000000000027568                ccksum
                0x000000000002760c                cksum
 .text          0x0000000000027660      0xa50 ../candy_avb_sss_bsp/\libucosii_bsp.a(in_utils.o)
                0x0000000000027660                do_trap
                0x000000000002768c                nextarg
                0x0000000000027708                hexdump
                0x000000000002784c                print_ipad
                0x00000000000278c8                print_uptime
                0x0000000000027a08                panic
                0x0000000000027a50                print_eth
                0x0000000000027ba4                uslash
                0x0000000000027c20                ns_printf
                0x0000000000027d90                std_out
                0x0000000000027dd4                con_page
                0x0000000000027eac                parse_args
 .text          0x00000000000280b0      0x1a0 ../candy_avb_sss_bsp/\libucosii_bsp.a(netmain.o)
                0x00000000000280b0                netmain
                0x0000000000028190                tk_netmain
                0x0000000000028208                tk_nettick
 .text          0x0000000000028250      0x5b4 ../candy_avb_sss_bsp/\libucosii_bsp.a(tk_crnos.o)
                0x0000000000028250                TK_OSTimeDly
                0x0000000000028280                TK_OSTaskResume
                0x00000000000282f4                tcp_sleep
                0x0000000000028468                tcp_wakeup
                0x0000000000028560                TK_OSTaskQuery
                0x00000000000285cc                tk_yield
                0x00000000000285fc                tk_stats
 .text          0x0000000000028804     0x2c28 ../candy_avb_sss_bsp/\libucosii_bsp.a(dhcpclnt.o)
                0x0000000000028804                dhc_get_srv_ipaddr
                0x000000000002888c                dhc_init
                0x000000000002893c                dhc_set_callback
                0x0000000000028984                dhc_upcall
                0x0000000000029134                dhc_buildheader
                0x0000000000029318                dhc_discover
                0x00000000000297c0                dhc_rx_offer
                0x00000000000298a4                dhc_request
                0x000000000002a328                dhc_setip
                0x000000000002a5a4                dhc_resetip
                0x000000000002a688                dhc_decline
                0x000000000002a83c                dhc_extract_opts
                0x000000000002aaac                dhc_second
                0x000000000002affc                dhc_halt
                0x000000000002b07c                dhc_reclaim
                0x000000000002b234                dhc_state_init
                0x000000000002b28c                dhc_alldone
                0x000000000002b314                dhc_ifacedone
                0x000000000002b37c                dhc_set_state
 .text          0x000000000002b42c       0xc0 ../candy_avb_sss_bsp/\libucosii_bsp.a(dhcputil.o)
                0x000000000002b42c                find_opt
 .text          0x000000000002b4ec      0x774 ../candy_avb_sss_bsp/\libucosii_bsp.a(pktalloc.o)
                0x000000000002b4ec                pk_init
                0x000000000002b788                pk_alloc
                0x000000000002b84c                pk_validate
                0x000000000002bad8                pk_free
                0x000000000002bb84                pk_get_max_intrsafe_buf_len
                0x000000000002bba4                dump_buf_estats
 .text          0x000000000002bc60      0x268 ../candy_avb_sss_bsp/\libucosii_bsp.a(q.o)
                0x000000000002bc60                getq
                0x000000000002bd18                putq
                0x000000000002bdc8                qdel
 .text          0x000000000002bec8      0x2d4 ../candy_avb_sss_bsp/\libucosii_bsp.a(udp_open.o)
                0x000000000002bec8                udp_open
                0x000000000002c0c4                udp_close
 .text          0x000000000002c19c      0x194 ../candy_avb_sss_bsp/\libucosii_bsp.a(asm_cksum.o)
                0x000000000002c19c                asm_cksum
 .text          0x000000000002c330      0x27c ../candy_avb_sss_bsp/\libucosii_bsp.a(brdutils.o)
                0x000000000002c330                dtrap
                0x000000000002c364                kbhit
                0x000000000002c3f8                getch
                0x000000000002c454                clock_init
                0x000000000002c48c                clock_c
                0x000000000002c4ac                cticks_hook
                0x000000000002c508                irq_Mask
                0x000000000002c568                irq_Unmask
 .text          0x000000000002c5ac      0x4d0 ../candy_avb_sss_bsp/\libucosii_bsp.a(osportco.o)
                0x000000000002c5ac                LOCK_NET_RESOURCE
                0x000000000002c670                UNLOCK_NET_RESOURCE
                0x000000000002c6f8                TK_NEWTASK
                0x000000000002c944                wait_app_sem
                0x000000000002ca00                post_app_sem
 .text          0x000000000002ca7c      0x574 ../candy_avb_sss_bsp/\libucosii_bsp.a(targnios.o)
                0x000000000002ca7c                alt_iniche_init
                0x000000000002cc78                pre_task_setup
                0x000000000002ccc4                post_task_setup
                0x000000000002cce4                prep_armintcp
                0x000000000002cd1c                npalloc_base
                0x000000000002ce28                npfree_base
                0x000000000002cf08                npalloc
                0x000000000002cf3c                npfree
                0x000000000002cf7c                ncpalloc
                0x000000000002cfb0                ncpfree
 .text          0x000000000002cff0     0x181c ../candy_avb_sss_bsp/\libucosii_bsp.a(nptcp.o)
                0x000000000002cff0                pffindtype
                0x000000000002d080                pffindproto
                0x000000000002d144                m_getnbuf
                0x000000000002d2cc                m_free
                0x000000000002d3d4                m_freem
                0x000000000002d418                m_copy
                0x000000000002d70c                m_adj
                0x000000000002d8cc                mbuf_len
                0x000000000002d920                dtom
                0x000000000002d9bc                remque
                0x000000000002da2c                insque
                0x000000000002daa8                nptcp_init
                0x000000000002dba0                tcp_rcv
                0x000000000002dd70                ip_output
                0x000000000002e320                in_broadcast
                0x000000000002e358                np_stripoptions
                0x000000000002e44c                so_icmpdu
                0x000000000002e794                tcp_tick
 .text          0x000000000002e80c      0x970 ../candy_avb_sss_bsp/\libucosii_bsp.a(rawsock.o)
                0x000000000002e80c                rawip_lookup
                0x000000000002e868                rawip_soinput
                0x000000000002ea30                rawip_usrreq
 .text          0x000000000002f17c     0x1654 ../candy_avb_sss_bsp/\libucosii_bsp.a(sockcall.o)
                0x000000000002f17c                DOMAIN_CHECK
                0x000000000002f1cc                t_socket
                0x000000000002f24c                t_bind
                0x000000000002f3b0                t_listen
                0x000000000002f488                t_accept
                0x000000000002f6dc                t_connect
                0x000000000002f948                t_getpeername
                0x000000000002f98c                t_getsockname
                0x000000000002fbac                t_setsockopt
                0x000000000002fd6c                t_getsockopt
                0x000000000002fef8                t_recv
                0x000000000002ffd8                t_recvfrom
                0x0000000000030118                t_sendto
                0x000000000003030c                t_send
                0x0000000000030510                t_shutdown
                0x00000000000305e8                t_socketclose
                0x0000000000030738                t_errno
 .text          0x00000000000307d0     0x2034 ../candy_avb_sss_bsp/\libucosii_bsp.a(socket.o)
                0x00000000000307d0                socreate
                0x0000000000030978                sobind
                0x00000000000309d4                solisten
                0x0000000000030aa4                sofree
                0x0000000000030bb4                soclose
                0x0000000000030e70                soabort
                0x0000000000030ec0                soaccept
                0x0000000000030f58                soconnect
                0x0000000000031010                sodisconnect
                0x00000000000310a8                sosend
                0x0000000000031600                soreceive
                0x0000000000031d4c                soshutdown
                0x0000000000031de4                sorflush
                0x0000000000031ee0                sosetopt
                0x0000000000032310                sogetopt
                0x00000000000327b8                sohasoutofband
 .text          0x0000000000032804     0x128c ../candy_avb_sss_bsp/\libucosii_bsp.a(socket2.o)
                0x0000000000032804                soisconnecting
                0x0000000000032874                soisconnected
                0x0000000000032978                soisdisconnecting
                0x0000000000032a10                soisdisconnected
                0x0000000000032ad4                sonewconn
                0x0000000000032cd4                soqinsque
                0x0000000000032d80                soqremque
                0x0000000000032e88                socantsendmore
                0x0000000000032ee0                socantrcvmore
                0x0000000000032f38                sbselqueue
                0x0000000000032f74                sbwait
                0x0000000000032fe0                sbwakeup
                0x000000000003306c                soreserve
                0x00000000000330f4                sbreserve
                0x0000000000033144                sbrelease
                0x0000000000033190                sbappend
                0x0000000000033230                sbappendrecord
                0x0000000000033308                sbappendaddr
                0x00000000000334e4                sbcompress
                0x00000000000336c4                sbflush
                0x0000000000033748                sbdrop
                0x0000000000033900                sbdropend
                0x0000000000033a00                sbdroprecord
 .text          0x0000000000033a90      0x87c ../candy_avb_sss_bsp/\libucosii_bsp.a(soselect.o)
                0x0000000000033a90                t_select
                0x0000000000033c60                sock_selscan
                0x0000000000033da0                sock_select
                0x0000000000033f84                in_pcbnotify
                0x0000000000034048                tcp_notify
                0x00000000000340c8                ifd_clr
                0x00000000000341b8                ifd_set
                0x0000000000034230                ifd_isset
                0x00000000000342a8                ifd_get
 .text          0x000000000003430c     0x2d80 ../candy_avb_sss_bsp/\libucosii_bsp.a(tcp_in.o)
                0x000000000003430c                tcp_reass
                0x000000000003471c                tcp_input
                0x0000000000036a4c                tcp_dooptions
                0x0000000000036bd4                tcp_pulloutofband
                0x0000000000036d00                tcp_xmit_timer
                0x0000000000036f4c                ip4_tcpmss
                0x0000000000036f94                tcp_mss
 .text          0x000000000003708c     0x11cc ../candy_avb_sss_bsp/\libucosii_bsp.a(tcp_out.o)
                0x000000000003708c                tcp_output
                0x0000000000038090                tcp_setpersist
 .text          0x0000000000038258      0x93c ../candy_avb_sss_bsp/\libucosii_bsp.a(tcp_subr.o)
                0x0000000000038258                tcp_init
                0x00000000000382ac                tcp_template
                0x00000000000383b4                tcp_respond
                0x00000000000387b4                tcp_newtcpcb
                0x00000000000388c0                tcp_drop
                0x000000000003896c                tcp_close
                0x0000000000038a5c                tcp_quench
                0x0000000000038aa8                tcp_putseq
                0x0000000000038b20                tcp_getseq
 .text          0x0000000000038b94      0x750 ../candy_avb_sss_bsp/\libucosii_bsp.a(tcp_timr.o)
                0x0000000000038b94                tcp_slowtimo
                0x0000000000038e04                tcp_canceltimers
                0x0000000000038e64                tcp_timers
 .text          0x00000000000392e4      0x988 ../candy_avb_sss_bsp/\libucosii_bsp.a(tcp_usr.o)
                0x00000000000392e4                tcp_usrreq
                0x00000000000399b8                tcp_attach
                0x0000000000039ad0                tcp_disconnect
                0x0000000000039b9c                tcp_usrclosed
 .text          0x0000000000039c6c       0x40 ../candy_avb_sss_bsp/\libucosii_bsp.a(tcpport.o)
                0x0000000000039c6c                tcpinit
 .text          0x0000000000039cac      0xbb4 ../candy_avb_sss_bsp/\libucosii_bsp.a(udpsock.o)
                0x0000000000039cac                udp_lookup
                0x0000000000039d08                udp_soinput
                0x0000000000039ea8                udp_usrreq
                0x000000000003a0e4                udp4_sockbind
                0x000000000003a3b8                udp4_socksend
                0x000000000003a738                udp4_sockaddr
 .text          0x000000000003a860      0x12c ../candy_avb_sss_bsp/\libucosii_bsp.a(alt_alarm_start.o)
                0x000000000003a860                alt_alarm_start
 .text          0x000000000003a98c      0x158 ../candy_avb_sss_bsp/\libucosii_bsp.a(alt_busy_sleep.o)
                0x000000000003a98c                alt_busy_sleep
 .text          0x000000000003aae4      0x10c ../candy_avb_sss_bsp/\libucosii_bsp.a(alt_close.o)
                0x000000000003ab20                alt_close
 .text          0x000000000003abf0       0x78 ../candy_avb_sss_bsp/\libucosii_bsp.a(alt_dcache_flush.o)
                0x000000000003abf0                alt_dcache_flush
 .text          0x000000000003ac68       0x2c ../candy_avb_sss_bsp/\libucosii_bsp.a(alt_dev.o)
 .text          0x000000000003ac94       0xe0 ../candy_avb_sss_bsp/\libucosii_bsp.a(alt_dev_llist_insert.o)
                0x000000000003acd0                alt_dev_llist_insert
 .text          0x000000000003ad74       0x60 ../candy_avb_sss_bsp/\libucosii_bsp.a(alt_do_ctors.o)
                0x000000000003ad74                _do_ctors
 .text          0x000000000003add4       0x60 ../candy_avb_sss_bsp/\libucosii_bsp.a(alt_do_dtors.o)
                0x000000000003add4                _do_dtors
 .text          0x000000000003ae34        0x0 ../candy_avb_sss_bsp/\libucosii_bsp.a(alt_errno.o)
 .text          0x000000000003ae34       0x90 ../candy_avb_sss_bsp/\libucosii_bsp.a(alt_find_dev.o)
                0x000000000003ae34                alt_find_dev
 .text          0x000000000003aec4       0xbc ../candy_avb_sss_bsp/\libucosii_bsp.a(alt_flash_dev.o)
                0x000000000003aec4                alt_flash_open_dev
                0x000000000003af2c                alt_flash_close_dev
 .text          0x000000000003af80      0x1b0 ../candy_avb_sss_bsp/\libucosii_bsp.a(alt_iic.o)
                0x000000000003af80                alt_ic_isr_register
                0x000000000003afd0                alt_ic_irq_enable
                0x000000000003b058                alt_ic_irq_disable
                0x000000000003b0e4                alt_ic_irq_enabled
 .text          0x000000000003b130       0xf0 ../candy_avb_sss_bsp/\libucosii_bsp.a(alt_iic_isr_register.o)