Archive member included to satisfy reference by file (symbol)

c:/intelfpga_lite/18.1/nios2eds/bin/gnu/h-x86_64-mingw32/bin/../lib/gcc/nios2-elf/5.3.0\libgcc.a(_floatdisf.o)
                              obj/default/osc.o (__floatdisf)
c:/intelfpga_lite/18.1/nios2eds/bin/gnu/h-x86_64-mingw32/bin/../lib/gcc/nios2-elf/5.3.0\libgcc.a(addsf3.o)
                              obj/default/osc.o (__addsf3)
c:/intelfpga_lite/18.1/nios2eds/bin/gnu/h-x86_64-mingw32/bin/../lib/gcc/nios2-elf/5.3.0\libgcc.a(mulsf3.o)
                              obj/default/osc.o (__mulsf3)
c:/intelfpga_lite/18.1/nios2eds/bin/gnu/h-x86_64-mingw32/bin/../lib/gcc/nios2-elf/5.3.0\libgcc.a(fixsfsi.o)
                              obj/default/osc.o (__fixsfsi)
c:/intelfpga_lite/18.1/nios2eds/bin/gnu/h-x86_64-mingw32/bin/../lib/gcc/nios2-elf/5.3.0\libgcc.a(floatsisf.o)
                              obj/default/osc.o (__floatsisf)
c:/intelfpga_lite/18.1/nios2eds/bin/gnu/h-x86_64-mingw32/bin/../lib/gcc/nios2-elf/5.3.0\libgcc.a(adddf3.o)
                              obj/default/osc.o (__adddf3)
c:/intelfpga_lite/18.1/nios2eds/bin/gnu/h-x86_64-mingw32/bin/../lib/gcc/nios2-elf/5.3.0\libgcc.a(divdf3.o)
                              obj/default/osc.o (__divdf3)
c:/intelfpga_lite/18.1/nios2eds/bin/gnu/h-x86_64-mingw32/bin/../lib/gcc/nios2-elf/5.3.0\libgcc.a(muldf3.o)
                              obj/default/osc.o (__muldf3)
c:/intelfpga_lite/18.1/nios2eds/bin/gnu/h-x86_64-mingw32/bin/../lib/gcc/nios2-elf/5.3.0\libgcc.a(floatsidf.o)
                              c:/intelfpga_lite/18.1/nios2eds/bin/gnu/h-x86_64-mingw32/bin/../lib/gcc/nios2-elf/5.3.0\libgcc.a(_floatdisf.o) (__floatsidf)
c:/intelfpga_lite/18.1/nios2eds/bin/gnu/h-x86_64-mingw32/bin/../lib/gcc/nios2-elf/5.3.0\libgcc.a(floatunsidf.o)
                              c:/intelfpga_lite/18.1/nios2eds/bin/gnu/h-x86_64-mingw32/bin/../lib/gcc/nios2-elf/5.3.0\libgcc.a(_floatdisf.o) (__floatunsidf)
c:/intelfpga_lite/18.1/nios2eds/bin/gnu/h-x86_64-mingw32/bin/../lib/gcc/nios2-elf/5.3.0\libgcc.a(extendsfdf2.o)
                              obj/default/osc.o (__extendsfdf2)
c:/intelfpga_lite/18.1/nios2eds/bin/gnu/h-x86_64-mingw32/bin/../lib/gcc/nios2-elf/5.3.0\libgcc.a(truncdfsf2.o)
                              obj/default/osc.o (__truncdfsf2)
c:/intelfpga_lite/18.1/nios2eds/bin/gnu/h-x86_64-mingw32/bin/../lib/gcc/nios2-elf/5.3.0\libgcc.a(_clzsi2.o)
                              c:/intelfpga_lite/18.1/nios2eds/bin/gnu/h-x86_64-mingw32/bin/../lib/gcc/nios2-elf/5.3.0\libgcc.a(addsf3.o) (__clzsi2)
c:/intelfpga_lite/18.1/nios2eds/bin/gnu/h-x86_64-mingw32/bin/../lib/gcc/nios2-elf/5.3.0\libgcc.a(lib2-divmod.o)
                              c:/intelfpga_lite/18.1/nios2eds/bin/gnu/h-x86_64-mingw32/bin/../lib/gcc/nios2-elf/5.3.0\libgcc.a(divdf3.o) (__udivsi3)
c:/intelfpga_lite/18.1/nios2eds/bin/gnu/h-x86_64-mingw32/bin/../lib/gcc/nios2-elf/5.3.0\libgcc.a(_clz.o)
                              c:/intelfpga_lite/18.1/nios2eds/bin/gnu/h-x86_64-mingw32/bin/../lib/gcc/nios2-elf/5.3.0\libgcc.a(_clzsi2.o) (__clz_tab)
c:/intelfpga_lite/18.1/nios2eds/bin/gnu/h-x86_64-mingw32/bin/../lib/gcc/nios2-elf/5.3.0/../../../../../H-x86_64-mingw32/nios2-elf/lib\libc.a(lib_a-calloc.o)
                              obj/default/osc.o (calloc)
c:/intelfpga_lite/18.1/nios2eds/bin/gnu/h-x86_64-mingw32/bin/../lib/gcc/nios2-elf/5.3.0/../../../../../H-x86_64-mingw32/nios2-elf/lib\libc.a(lib_a-callocr.o)
                              c:/intelfpga_lite/18.1/nios2eds/bin/gnu/h-x86_64-mingw32/bin/../lib/gcc/nios2-elf/5.3.0/../../../../../H-x86_64-mingw32/nios2-elf/lib\libc.a(lib_a-calloc.o) (_calloc_r)
c:/intelfpga_lite/18.1/nios2eds/bin/gnu/h-x86_64-mingw32/bin/../lib/gcc/nios2-elf/5.3.0/../../../../../H-x86_64-mingw32/nios2-elf/lib\libc.a(lib_a-fprintf.o)
                              obj/default/alt_error_handler.o (fprintf)
c:/intelfpga_lite/18.1/nios2eds/bin/gnu/h-x86_64-mingw32/bin/../lib/gcc/nios2-elf/5.3.0/../../../../../H-x86_64-mingw32/nios2-elf/lib\libc.a(lib_a-fwrite.o)
                              obj/default/alt_error_handler.o (fwrite)
c:/intelfpga_lite/18.1/nios2eds/bin/gnu/h-x86_64-mingw32/bin/../lib/gcc/nios2-elf/5.3.0/../../../../../H-x86_64-mingw32/nios2-elf/lib\libc.a(lib_a-impure.o)
                              obj/default/alt_error_handler.o (_impure_ptr)
c:/intelfpga_lite/18.1/nios2eds/bin/gnu/h-x86_64-mingw32/bin/../lib/gcc/nios2-elf/5.3.0/../../../../../H-x86_64-mingw32/nios2-elf/lib\libc.a(lib_a-malloc.o)
                              obj/default/osc.o (free)
c:/intelfpga_lite/18.1/nios2eds/bin/gnu/h-x86_64-mingw32/bin/../lib/gcc/nios2-elf/5.3.0/../../../../../H-x86_64-mingw32/nios2-elf/lib\libc.a(lib_a-mallocr.o)
                              c:/intelfpga_lite/18.1/nios2eds/bin/gnu/h-x86_64-mingw32/bin/../lib/gcc/nios2-elf/5.3.0/../../../../../H-x86_64-mingw32/nios2-elf/lib\libc.a(lib_a-callocr.o) (_malloc_r)
[...]
Memory Configuration

Name             Origin             Length             Attributes
new_sdram_controller_0_BEFORE_EXCEPTION 0x0000000000000000 0x0000000000000020
new_sdram_controller_0 0x0000000000000020 0x00000000007fffe0
reset            0x0000000000900000 0x0000000000000020
onchip_flash_0_data 0x0000000000900020 0x000000000008bfe0
descriptor_memory 0x0000000000a02000 0x0000000000002000
*default*        0x0000000000000000 0xffffffffffffffff

Linker script and memory map

LOAD ../candy_avb_sss_bsp//obj/HAL/src/crt0.o
LOAD obj/default/SigmaStudioFW.o
LOAD obj/default/alt_error_handler.o
LOAD obj/default/iniche_init.o
LOAD obj/default/network_utilities.o
LOAD obj/default/osc.o
LOAD obj/default/osc_server.o
LOAD obj/default/sigmadsp.o
LOAD obj/default/tse_my_system.o
LOAD c:/intelfpga_lite/18.1/nios2eds/bin/gnu/h-x86_64-mingw32/bin/../lib/gcc/nios2-elf/5.3.0/../../../../../H-x86_64-mingw32/nios2-elf/lib\libstdc++.a
LOAD c:/intelfpga_lite/18.1/nios2eds/bin/gnu/h-x86_64-mingw32/bin/../lib/gcc/nios2-elf/5.3.0/../../../../../H-x86_64-mingw32/nios2-elf/lib\libm.a
LOAD c:/intelfpga_lite/18.1/nios2eds/bin/gnu/h-x86_64-mingw32/bin/../lib/gcc/nios2-elf/5.3.0\libgcc.a
START GROUP
LOAD c:/intelfpga_lite/18.1/nios2eds/bin/gnu/h-x86_64-mingw32/bin/../lib/gcc/nios2-elf/5.3.0/../../../../../H-x86_64-mingw32/nios2-elf/lib\libc.a
LOAD c:/intelfpga_lite/18.1/nios2eds/bin/gnu/h-x86_64-mingw32/bin/../lib/gcc/nios2-elf/5.3.0\libgcc.a
LOAD ../candy_avb_sss_bsp/\libucosii_bsp.a
LOAD c:/intelfpga_lite/18.1/nios2eds/bin/gnu/h-x86_64-mingw32/bin/../lib/gcc/nios2-elf/5.3.0/../../../../../H-x86_64-mingw32/nios2-elf/lib\libm.a
END GROUP
LOAD c:/intelfpga_lite/18.1/nios2eds/bin/gnu/h-x86_64-mingw32/bin/../lib/gcc/nios2-elf/5.3.0\libgcc.a
                0x0000000000000000                __alt_mem_new_sdram_controller_0 = 0x0
                0x0000000000900000                __alt_mem_onchip_flash_0_data = 0x900000
                0x0000000000a02000                __alt_mem_descriptor_memory = 0xa02000

.entry          0x0000000000900000        0x0
 *(.entry)
 .entry         0x0000000000900000        0x0 ../candy_avb_sss_bsp//obj/HAL/src/crt0.o
                0x0000000000900000                __reset

.exceptions     0x0000000000000020      0x224
                [!provide]                        PROVIDE (__ram_exceptions_start, ABSOLUTE (.))
                0x0000000000000020                . = ALIGN (0x20)
 *(.irq)
 *(.exceptions.entry.label)
 .exceptions.entry.label
                0x0000000000000020        0x0 ../candy_avb_sss_bsp/\libucosii_bsp.a(alt_irq_entry.o)
                0x0000000000000020                alt_irq_entry
 .exceptions.entry.label
                0x0000000000000020        0x0 ../candy_avb_sss_bsp/\libucosii_bsp.a(alt_exception_entry.o)
                0x0000000000000020                alt_exception
 *(.exceptions.entry.user)
 *(.exceptions.entry.ecc_fatal)
 *(.exceptions.entry)
 .exceptions.entry
                0x0000000000000020       0x54 ../candy_avb_sss_bsp/\libucosii_bsp.a(alt_exception_entry.o)
 *(.exceptions.irqtest.user)
 *(.exceptions.irqtest)
 .exceptions.irqtest
                0x0000000000000074       0x10 ../candy_avb_sss_bsp/\libucosii_bsp.a(alt_irq_entry.o)
 *(.exceptions.irqhandler.user)
 *(.exceptions.irqhandler)
 .exceptions.irqhandler
                0x0000000000000084        0x4 ../candy_avb_sss_bsp/\libucosii_bsp.a(alt_irq_entry.o)
 *(.exceptions.irqreturn.user)
 *(.exceptions.irqreturn)
 .exceptions.irqreturn
                0x0000000000000088        0x4 ../candy_avb_sss_bsp/\libucosii_bsp.a(alt_irq_entry.o)
 *(.exceptions.notirq.label)
 .exceptions.notirq.label
                0x000000000000008c        0x0 ../candy_avb_sss_bsp/\libucosii_bsp.a(alt_irq_entry.o)
 *(.exceptions.notirq.user)
 *(.exceptions.notirq)
 .exceptions.notirq
                0x000000000000008c        0x8 ../candy_avb_sss_bsp/\libucosii_bsp.a(alt_exception_entry.o)
 *(.exceptions.soft.user)
 *(.exceptions.soft)
 *(.exceptions.unknown.user)
 *(.exceptions.unknown)
 .exceptions.unknown
                0x0000000000000094       0x14 ../candy_avb_sss_bsp/\libucosii_bsp.a(alt_exception_entry.o)
 *(.exceptions.exit.label)
 .exceptions.exit.label
                0x00000000000000a8        0x0 ../candy_avb_sss_bsp/\libucosii_bsp.a(alt_irq_entry.o)
 .exceptions.exit.label
                0x00000000000000a8        0x0 ../candy_avb_sss_bsp/\libucosii_bsp.a(alt_exception_entry.o)
 *(.exceptions.exit.user)
 *(.exceptions.exit)
 .exceptions.exit
                0x00000000000000a8       0x54 ../candy_avb_sss_bsp/\libucosii_bsp.a(alt_exception_entry.o)
 *(.exceptions)
 .exceptions    0x00000000000000fc       0xd4 ../candy_avb_sss_bsp/\libucosii_bsp.a(alt_irq_handler.o)
                0x00000000000000fc                alt_irq_handler
 .exceptions    0x00000000000001d0       0x74 ../candy_avb_sss_bsp/\libucosii_bsp.a(alt_instruction_exception_entry.o)
                0x00000000000001d0                alt_instruction_exception_entry
                [!provide]                        PROVIDE (__ram_exceptions_end, ABSOLUTE (.))
                [!provide]                        PROVIDE (__flash_exceptions_start, LOADADDR (.exceptions))

.text           0x0000000000000244    0x5132c
                [!provide]                        PROVIDE (stext, ABSOLUTE (.))
 *(.interp)
 *(.hash)
 *(.dynsym)
 *(.dynstr)
 *(.gnu.version)
 *(.gnu.version_d)
 *(.gnu.version_r)
 *(.rel.init)
 *(.rela.init)
 *(.rel.text .rel.text.* .rel.gnu.linkonce.t.*)
 *(.rela.text .rela.text.* .rela.gnu.linkonce.t.*)
 *(.rel.fini)
 *(.rela.fini)
 *(.rel.rodata .rel.rodata.* .rel.gnu.linkonce.r.*)
 *(.rela.rodata .rela.rodata.* .rela.gnu.linkonce.r.*)
 *(.rel.data .rel.data.* .rel.gnu.linkonce.d.*)
 *(.rela.data .rela.data.* .rela.gnu.linkonce.d.*)
 *(.rel.tdata .rel.tdata.* .rel.gnu.linkonce.td.*)
 *(.rela.tdata .rela.tdata.* .rela.gnu.linkonce.td.*)
 *(.rel.tbss .rel.tbss.* .rel.gnu.linkonce.tb.*)
 *(.rela.tbss .rela.tbss.* .rela.gnu.linkonce.tb.*)
 *(.rel.ctors)
 *(.rela.ctors)
 *(.rel.dtors)
 *(.rela.dtors)
 *(.rel.got)
 *(.rela.got)
 *(.rel.sdata .rel.sdata.* .rel.gnu.linkonce.s.*)
 *(.rela.sdata .rela.sdata.* .rela.gnu.linkonce.s.*)
 *(.rel.sbss .rel.sbss.* .rel.gnu.linkonce.sb.*)
 *(.rela.sbss .rela.sbss.* .rela.gnu.linkonce.sb.*)
 *(.rel.sdata2 .rel.sdata2.* .rel.gnu.linkonce.s2.*)
 *(.rela.sdata2 .rela.sdata2.* .rela.gnu.linkonce.s2.*)
 *(.rel.sbss2 .rel.sbss2.* .rel.gnu.linkonce.sb2.*)
 *(.rela.sbss2 .rela.sbss2.* .rela.gnu.linkonce.sb2.*)
 *(.rel.bss .rel.bss.* .rel.gnu.linkonce.b.*)
 *(.rela.bss .rela.bss.* .rela.gnu.linkonce.b.*)
 *(.rel.plt)
 *(.rela.plt)
 *(.rel.dyn)
 *(.init)
 *(.plt)
 *(.text .stub .text.* .gnu.linkonce.t.*)
 .text          0x0000000000000244       0x48 ../candy_avb_sss_bsp//obj/HAL/src/crt0.o
                0x0000000000000244                _start
 .text          0x000000000000028c      0x6f4 obj/default/SigmaStudioFW.o
                0x000000000000028c                i2c_setup
                0x000000000000030c                i2c_start
                0x00000000000003b4                i2c_write_byte
                0x0000000000000464                i2c_write_byte_stop
                0x00000000000004f8                i2c_multiple_write
                0x0000000000000690                SIGMA_WRITE_REGISTER_BLOCK
                0x0000000000000714                SIGMA_WRITE_REGISTER_CONTROL
                0x0000000000000790                SIGMA_SAFELOAD_WRITE_ADDR
                0x000000000000081c                SIGMA_SAFELOAD_WRITE_DATA
                0x0000000000000900                SIGMA_SAFELOAD_WRITE_TRANSFER_BIT
 .text          0x0000000000000980      0xa60 obj/default/alt_error_handler.o
                0x0000000000000980                alt_uCOSIIErrorHandler
                0x0000000000000ee4                alt_NetworkErrorHandler
                0x0000000000001148                alt_SSSErrorHandler
 .text          0x00000000000013e0      0x844 obj/default/iniche_init.o
                0x00000000000013e0                default_download_IC_1
                0x0000000000001734                default_download_IC_2
                0x0000000000001a88                adc_callback
                0x0000000000001acc                adc_init
                0x0000000000001b34                SSSInitialTask
                0x0000000000001ba4                main
 .text          0x0000000000001c24       0xec obj/default/network_utilities.o
                0x0000000000001c24                get_mac_addr
                0x0000000000001ca4                get_ip_addr
 .text          0x0000000000001d10     0x2a94 obj/default/osc.o
                0x0000000000001d10                setInitReceiveFlag
                0x0000000000001d40                getInitReceiveFlag
                0x0000000000001d60                setInitSendFlag
                0x0000000000001d90                getInitSendFlag
                0x0000000000001db0                setInitDiscoverFlag
                0x0000000000001de0                getInitDiscoverFlag
                0x0000000000001e00                setChCompletedFlag
                0x0000000000001e30                getChCompletedFlag
                0x0000000000001e50                setRemoteIpAtIndex
                0x0000000000001e94                getRemoteIpAtIndex
                0x0000000000001ec8                getRemoteIp
                0x0000000000001ee8                setRemotePort
                0x0000000000001f18                getRemotePort
                0x0000000000001f38                setLocalPort
                0x0000000000001f68                getLocalPort
                0x0000000000001f88                setOSCPrefix
                0x0000000000001ff0                getOSCPrefix
                0x0000000000002010                clearOSCPrefix
                0x0000000000002048                setOSCHostName
                0x00000000000020d0                getOSCHostName
                0x00000000000020f4                clearOSCHostName
                0x0000000000002130                getOSCPacket
                0x00000000000021a4                processOSCPacket
                0x0000000000002a28                sendOSCMessage
                0x0000000000002e4c                setOSCAddress
                0x0000000000002f6c                setOSCTypeTag
                0x000000000000303c                addOSCIntArgument
                0x00000000000030fc                addOSCFloatArgument
                0x00000000000031bc                addOSCStringArgument
                0x0000000000003264                clearOSCMessage
                0x00000000000032a4                flushOSCMessage
                0x00000000000032c4                clearOSCBundle
                0x0000000000003378                appendOSCMessageToBundle
                0x0000000000003888                sendOSCBundle
                0x00000000000038a8                compareOSCPrefix
                0x000000000000398c                compareOSCAddress
                0x0000000000003aa4                compareTypeTagAtIndex
                0x0000000000003b20                getArgumentsLength
                0x0000000000003b44                getIntArgumentAtIndex
                0x00000000000040c4                getFloatArgumentAtIndex
                0x000000000000464c                getStringArgumentAtIndex
                0x0000000000004710                getBOOLEANeanArgumentAtIndex
 .text          0x00000000000047a4      0x3e8 obj/default/osc_server.o
                0x00000000000047a4                SSSCreateOSDataStructs
                0x0000000000004848                SSSCreateTasks
                0x0000000000004918                OSCServerTask
 .text          0x0000000000004b8c      0x1f0 obj/default/sigmadsp.o
                0x0000000000004b8c                led_bit_toggle
                0x0000000000004c70                SigmaDSPCommunicateTask
                0x0000000000004d30                SigmaDSPManagementTask
 .text          0x0000000000004d7c        0x0 obj/default/tse_my_system.o
 .text          0x0000000000004d7c       0xc4 c:/intelfpga_lite/18.1/nios2eds/bin/gnu/h-x86_64-mingw32/bin/../lib/gcc/nios2-elf/5.3.0\libgcc.a(_floatdisf.o)
                0x0000000000004d7c                __floatdisf
 .text          0x0000000000004e40      0x4c8 c:/intelfpga_lite/18.1/nios2eds/bin/gnu/h-x86_64-mingw32/bin/../lib/gcc/nios2-elf/5.3.0\libgcc.a(addsf3.o)
                0x0000000000004e40                __addsf3
 .text          0x0000000000005308      0x3fc c:/intelfpga_lite/18.1/nios2eds/bin/gnu/h-x86_64-mingw32/bin/../lib/gcc/nios2-elf/5.3.0\libgcc.a(mulsf3.o)
                0x0000000000005308                __mulsf3
 .text          0x0000000000005704       0x70 c:/intelfpga_lite/18.1/nios2eds/bin/gnu/h-x86_64-mingw32/bin/../lib/gcc/nios2-elf/5.3.0\libgcc.a(fixsfsi.o)
                0x0000000000005704                __fixsfsi
 .text          0x0000000000005774      0x124 c:/intelfpga_lite/18.1/nios2eds/bin/gnu/h-x86_64-mingw32/bin/../lib/gcc/nios2-elf/5.3.0\libgcc.a(floatsisf.o)
                0x0000000000005774                __floatsisf
 .text          0x0000000000005898      0x8ac c:/intelfpga_lite/18.1/nios2eds/bin/gnu/h-x86_64-mingw32/bin/../lib/gcc/nios2-elf/5.3.0\libgcc.a(adddf3.o)
                0x0000000000005898                __adddf3
 .text          0x0000000000006144      0x8e8 c:/intelfpga_lite/18.1/nios2eds/bin/gnu/h-x86_64-mingw32/bin/../lib/gcc/nios2-elf/5.3.0\libgcc.a(divdf3.o)
                0x0000000000006144                __divdf3
 .text          0x0000000000006a2c      0x718 c:/intelfpga_lite/18.1/nios2eds/bin/gnu/h-x86_64-mingw32/bin/../lib/gcc/nios2-elf/5.3.0\libgcc.a(muldf3.o)
                0x0000000000006a2c                __muldf3
 .text          0x0000000000007144       0xdc c:/intelfpga_lite/18.1/nios2eds/bin/gnu/h-x86_64-mingw32/bin/../lib/gcc/nios2-elf/5.3.0\libgcc.a(floatsidf.o)
                0x0000000000007144                __floatsidf
 .text          0x0000000000007220       0xa8 c:/intelfpga_lite/18.1/nios2eds/bin/gnu/h-x86_64-mingw32/bin/../lib/gcc/nios2-elf/5.3.0\libgcc.a(floatunsidf.o)
                0x0000000000007220                __floatunsidf
 .text          0x00000000000072c8      0x110 c:/intelfpga_lite/18.1/nios2eds/bin/gnu/h-x86_64-mingw32/bin/../lib/gcc/nios2-elf/5.3.0\libgcc.a(extendsfdf2.o)
                0x00000000000072c8                __extendsfdf2
 .text          0x00000000000073d8      0x1a8 c:/intelfpga_lite/18.1/nios2eds/bin/gnu/h-x86_64-mingw32/bin/../lib/gcc/nios2-elf/5.3.0\libgcc.a(truncdfsf2.o)
                0x00000000000073d8                __truncdfsf2
 .text          0x0000000000007580       0x64 c:/intelfpga_lite/18.1/nios2eds/bin/gnu/h-x86_64-mingw32/bin/../lib/gcc/nios2-elf/5.3.0\libgcc.a(_clzsi2.o)
                0x0000000000007580                __clzsi2
 .text          0x00000000000075e4      0x1b4 c:/intelfpga_lite/18.1/nios2eds/bin/gnu/h-x86_64-mingw32/bin/../lib/gcc/nios2-elf/5.3.0\libgcc.a(lib2-divmod.o)
                0x00000000000075e4                __divsi3
                0x0000000000007668                __modsi3
                0x00000000000076dc                __udivsi3
                0x0000000000007740                __umodsi3
 .text          0x0000000000007798        0x0 c:/intelfpga_lite/18.1/nios2eds/bin/gnu/h-x86_64-mingw32/bin/../lib/gcc/nios2-elf/5.3.0\libgcc.a(_clz.o)
 .text          0x0000000000007798        0x0 c:/intelfpga_lite/18.1/nios2eds/bin/gnu/h-x86_64-mingw32/bin/../lib/gcc/nios2-elf/5.3.0/../../../../../H-x86_64-mingw32/nios2-elf/lib\libc.a(lib_a-calloc.o)
 .text.calloc   0x0000000000007798       0x18 c:/intelfpga_lite/18.1/nios2eds/bin/gnu/h-x86_64-mingw32/bin/../lib/gcc/nios2-elf/5.3.0/../../../../../H-x86_64-mingw32/nios2-elf/lib\libc.a(lib_a-calloc.o)
                0x0000000000007798                calloc
 .text          0x00000000000077b0        0x0 c:/intelfpga_lite/18.1/nios2eds/bin/gnu/h-x86_64-mingw32/bin/../lib/gcc/nios2-elf/5.3.0/../../../../../H-x86_64-mingw32/nios2-elf/lib\libc.a(lib_a-callocr.o)
 .text._calloc_r
                0x00000000000077b0       0xc4 c:/intelfpga_lite/18.1/nios2eds/bin/gnu/h-x86_64-mingw32/bin/../lib/gcc/nios2-elf/5.3.0/../../../../../H-x86_64-mingw32/nios2-elf/lib\libc.a(lib_a-callocr.o)
                0x00000000000077b0                _calloc_r
 .text          0x0000000000007874        0x0 c:/intelfpga_lite/18.1/nios2eds/bin/gnu/h-x86_64-mingw32/bin/../lib/gcc/nios2-elf/5.3.0/../../../../../H-x86_64-mingw32/nios2-elf/lib\libc.a(lib_a-fprintf.o)
 .text._fprintf_r
                0x0000000000007874       0x28 c:/intelfpga_lite/18.1/nios2eds/bin/gnu/h-x86_64-mingw32/bin/../lib/gcc/nios2-elf/5.3.0/../../../../../H-x86_64-mingw32/nios2-elf/lib\libc.a(lib_a-fprintf.o)
                0x0000000000007874                _fprintf_r
 .text.fprintf  0x000000000000789c       0x24 c:/intelfpga_lite/18.1/nios2eds/bin/gnu/h-x86_64-mingw32/bin/../lib/gcc/nios2-elf/5.3.0/../../../../../H-x86_64-mingw32/nios2-elf/lib\libc.a(lib_a-fprintf.o)
                0x000000000000789c                fprintf
 .text          0x00000000000078c0        0x0 c:/intelfpga_lite/18.1/nios2eds/bin/gnu/h-x86_64-mingw32/bin/../lib/gcc/nios2-elf/5.3.0/../../../../../H-x86_64-mingw32/nios2-elf/lib\libc.a(lib_a-fwrite.o)
 .text._fwrite_r
                0x00000000000078c0       0xcc c:/intelfpga_lite/18.1/nios2eds/bin/gnu/h-x86_64-mingw32/bin/../lib/gcc/nios2-elf/5.3.0/../../../../../H-x86_64-mingw32/nios2-elf/lib\libc.a(lib_a-fwrite.o)
                0x00000000000078c0                _fwrite_r
 .text.fwrite   0x000000000000798c       0x34 c:/intelfpga_lite/18.1/nios2eds/bin/gnu/h-x86_64-mingw32/bin/../lib/gcc/nios2-elf/5.3.0/../../../../../H-x86_64-mingw32/nios2-elf/lib\libc.a(lib_a-fwrite.o)
                0x000000000000798c                fwrite
 .text          0x00000000000079c0        0x0 c:/intelfpga_lite/18.1/nios2eds/bin/gnu/h-x86_64-mingw32/bin/../lib/gcc/nios2-elf/5.3.0/../../../../../H-x86_64-mingw32/nios2-elf/lib\libc.a(lib_a-impure.o)
 .text          0x00000000000079c0        0x0 c:/intelfpga_lite/18.1/nios2eds/bin/gnu/h-x86_64-mingw32/bin/../lib/gcc/nios2-elf/5.3.0/../../../../../H-x86_64-mingw32/nios2-elf/lib\libc.a(lib_a-malloc.o)
 .text.malloc   0x00000000000079c0       0x14 c:/intelfpga_lite/18.1/nios2eds/bin/gnu/h-x86_64-mingw32/bin/../lib/gcc/nios2-elf/5.3.0/../../../../../H-x86_64-mingw32/nios2-elf/lib\libc.a(lib_a-malloc.o)
                0x00000000000079c0                malloc
 .text.free     0x00000000000079d4       0x14 c:/intelfpga_lite/18.1/nios2eds/bin/gnu/h-x86_64-mingw32/bin/../lib/gcc/nios2-elf/5.3.0/../../../../../H-x86_64-mingw32/nios2-elf/lib\libc.a(lib_a-malloc.o)
                0x00000000000079d4                free
 .text          0x00000000000079e8        0x0 c:/intelfpga_lite/18.1/nios2eds/bin/gnu/h-x86_64-mingw32/bin/../lib/gcc/nios2-elf/5.3.0/../../../../../H-x86_64-mingw32/nios2-elf/lib\libc.a(lib_a-mallocr.o)
 .text._malloc_r
                0x00000000000079e8      0x80c c:/intelfpga_lite/18.1/nios2eds/bin/gnu/h-x86_64-mingw32/bin/../lib/gcc/nios2-elf/5.3.0/../../../../../H-x86_64-mingw32/nios2-elf/lib\libc.a(lib_a-mallocr.o)
                0x00000000000079e8                _malloc_r
 .text          0x00000000000081f4        0x0 c:/intelfpga_lite/18.1/nios2eds/bin/gnu/h-x86_64-mingw32/bin/../lib/gcc/nios2-elf/5.3.0/../../../../../H-x86_64-mingw32/nios2-elf/lib\libc.a(lib_a-memcpy.o)
 .text.memcpy   0x00000000000081f4      0x148 c:/intelfpga_lite/18.1/nios2eds/bin/gnu/h-x86_64-mingw32/bin/../lib/gcc/nios2-elf/5.3.0/../../../../../H-x86_64-mingw32/nios2-elf/lib\libc.a(lib_a-memcpy.o)
                0x00000000000081f4                memcpy
 .text          0x000000000000833c        0x0 c:/intelfpga_lite/18.1/nios2eds/bin/gnu/h-x86_64-mingw32/bin/../lib/gcc/nios2-elf/5.3.0/../../../../../H-x86_64-mingw32/nios2-elf/lib\libc.a(lib_a-memset.o)
 .text.memset   0x000000000000833c      0x128 c:/intelfpga_lite/18.1/nios2eds/bin/gnu/h-x86_64-mingw32/bin/../lib/gcc/nios2-elf/5.3.0/../../../../../H-x86_64-mingw32/nios2-elf/lib\libc.a(lib_a-memset.o)
                0x000000000000833c                memset
 .text          0x0000000000008464        0x0 c:/intelfpga_lite/18.1/nios2eds/bin/gnu/h-x86_64-mingw32/bin/../lib/gcc/nios2-elf/5.3.0/../../../../../H-x86_64-mingw32/nios2-elf/lib\libc.a(lib_a-perror.o)
 .text._perror_r
                0x0000000000008464       0x80 c:/intelfpga_lite/18.1/nios2eds/bin/gnu/h-x86_64-mingw32/bin/../lib/gcc/nios2-elf/5.3.0/../../../../../H-x86_64-mingw32/nios2-elf/lib\libc.a(lib_a-perror.o)
                0x0000000000008464                _perror_r
 .text.perror   0x00000000000084e4       0x14 c:/intelfpga_lite/18.1/nios2eds/bin/gnu/h-x86_64-mingw32/bin/../lib/gcc/nios2-elf/5.3.0/../../../../../H-x86_64-mingw32/nios2-elf/lib\libc.a(lib_a-perror.o)
                0x00000000000084e4                perror
 .text          0x00000000000084f8        0x0 c:/intelfpga_lite/18.1/nios2eds/bin/gnu/h-x86_64-mingw32/bin/../lib/gcc/nios2-elf/5.3.0/../../../../../H-x86_64-mingw32/nios2-elf/lib\libc.a(lib_a-printf.o)
 .text._printf_r
                0x00000000000084f8       0x30 c:/intelfpga_lite/18.1/nios2eds/bin/gnu/h-x86_64-mingw32/bin/../lib/gcc/nios2-elf/5.3.0/../../../../../H-x86_64-mingw32/nios2-elf/lib\libc.a(lib_a-printf.o)
                0x00000000000084f8                _printf_r
 .text.printf   0x0000000000008528       0x3c c:/intelfpga_lite/18.1/nios2eds/bin/gnu/h-x86_64-mingw32/bin/../lib/gcc/nios2-elf/5.3.0/../../../../../H-x86_64-mingw32/nios2-elf/lib\libc.a(lib_a-printf.o)
                0x0000000000008528                printf
 .text          0x0000000000008564        0x0 c:/intelfpga_lite/18.1/nios2eds/bin/gnu/h-x86_64-mingw32/bin/../lib/gcc/nios2-elf/5.3.0/../../../../../H-x86_64-mingw32/nios2-elf/lib\libc.a(lib_a-puts.o)
 .text._puts_r  0x0000000000008564       0xc0 c:/intelfpga_lite/18.1/nios2eds/bin/gnu/h-x86_64-mingw32/bin/../lib/gcc/nios2-elf/5.3.0/../../../../../H-x86_64-mingw32/nios2-elf/lib\libc.a(lib_a-puts.o)
                0x0000000000008564                _puts_r
 .text.puts     0x0000000000008624       0x14 c:/intelfpga_lite/18.1/nios2eds/bin/gnu/h-x86_64-mingw32/bin/../lib/gcc/nios2-elf/5.3.0/../../../../../H-x86_64-mingw32/nios2-elf/lib\libc.a(lib_a-puts.o)
                0x0000000000008624                puts
 .text          0x0000000000008638        0x0 c:/intelfpga_lite/18.1/nios2eds/bin/gnu/h-x86_64-mingw32/bin/../lib/gcc/nios2-elf/5.3.0/../../../../../H-x86_64-mingw32/nios2-elf/lib\libc.a(lib_a-sbrkr.o)
 .text._sbrk_r  0x0000000000008638       0x54 c:/intelfpga_lite/18.1/nios2eds/bin/gnu/h-x86_64-mingw32/bin/../lib/gcc/nios2-elf/5.3.0/../../../../../H-x86_64-mingw32/nios2-elf/lib\libc.a(lib_a-sbrkr.o)
                0x0000000000008638                _sbrk_r
 .text          0x000000000000868c        0x0 c:/intelfpga_lite/18.1/nios2eds/bin/gnu/h-x86_64-mingw32/bin/../lib/gcc/nios2-elf/5.3.0/../../../../../H-x86_64-mingw32/nios2-elf/lib\libc.a(lib_a-sprintf.o)
 .text._sprintf_r
                0x000000000000868c       0x58 c:/intelfpga_lite/18.1/nios2eds/bin/gnu/h-x86_64-mingw32/bin/../lib/gcc/nios2-elf/5.3.0/../../../../../H-x86_64-mingw32/nios2-elf/lib\libc.a(lib_a-sprintf.o)
                0x000000000000868c                _sprintf_r
 .text.sprintf  0x00000000000086e4       0x6c c:/intelfpga_lite/18.1/nios2eds/bin/gnu/h-x86_64-mingw32/bin/../lib/gcc/nios2-elf/5.3.0/../../../../../H-x86_64-mingw32/nios2-elf/lib\libc.a(lib_a-sprintf.o)
                0x00000000000086e4                sprintf
 .text          0x0000000000008750        0x0 c:/intelfpga_lite/18.1/nios2eds/bin/gnu/h-x86_64-mingw32/bin/../lib/gcc/nios2-elf/5.3.0/../../../../../H-x86_64-mingw32/nios2-elf/lib\libc.a(lib_a-strchr.o)
 .text.strchr   0x0000000000008750      0x164 c:/intelfpga_lite/18.1/nios2eds/bin/gnu/h-x86_64-mingw32/bin/../lib/gcc/nios2-elf/5.3.0/../../../../../H-x86_64-mingw32/nios2-elf/lib\libc.a(lib_a-strchr.o)
                0x0000000000008750                strchr
 .text          0x00000000000088b4        0x0 c:/intelfpga_lite/18.1/nios2eds/bin/gnu/h-x86_64-mingw32/bin/../lib/gcc/nios2-elf/5.3.0/../../../../../H-x86_64-mingw32/nios2-elf/lib\libc.a(lib_a-strcmp.o)
 .text.strcmp   0x00000000000088b4       0xdc c:/intelfpga_lite/18.1/nios2eds/bin/gnu/h-x86_64-mingw32/bin/../lib/gcc/nios2-elf/5.3.0/../../../../../H-x86_64-mingw32/nios2-elf/lib\libc.a(lib_a-strcmp.o)
                0x00000000000088b4                strcmp
 .text          0x0000000000008990        0x0 c:/intelfpga_lite/18.1/nios2eds/bin/gnu/h-x86_64-mingw32/bin/../lib/gcc/nios2-elf/5.3.0/../../../../../H-x86_64-mingw32/nios2-elf/lib\libc.a(lib_a-strerror.o)
 .text._strerror_r
                0x0000000000008990      0x65c c:/intelfpga_lite/18.1/nios2eds/bin/gnu/h-x86_64-mingw32/bin/../lib/gcc/nios2-elf/5.3.0/../../../../../H-x86_64-mingw32/nios2-elf/lib\libc.a(lib_a-strerror.o)
                0x0000000000008990                _strerror_r
 .text.strerror
                0x0000000000008fec       0x1c c:/intelfpga_lite/18.1/nios2eds/bin/gnu/h-x86_64-mingw32/bin/../lib/gcc/nios2-elf/5.3.0/../../../../../H-x86_64-mingw32/nios2-elf/lib\libc.a(lib_a-strerror.o)
                0x0000000000008fec                strerror
 .text          0x0000000000009008        0x0 c:/intelfpga_lite/18.1/nios2eds/bin/gnu/h-x86_64-mingw32/bin/../lib/gcc/nios2-elf/5.3.0/../../../../../H-x86_64-mingw32/nios2-elf/lib\libc.a(lib_a-strlen.o)
 .text.strlen   0x0000000000009008       0x98 c:/intelfpga_lite/18.1/nios2eds/bin/gnu/h-x86_64-mingw32/bin/../lib/gcc/nios2-elf/5.3.0/../../../../../H-x86_64-mingw32/nios2-elf/lib\libc.a(lib_a-strlen.o)
                0x0000000000009008                strlen
 .text          0x00000000000090a0        0x0 c:/intelfpga_lite/18.1/nios2eds/bin/gnu/h-x86_64-mingw32/bin/../lib/gcc/nios2-elf/5.3.0/../../../../../H-x86_64-mingw32/nios2-elf/lib\libc.a(lib_a-svfprintf.o)
 .text.___svfprintf_internal_r
                0x00000000000090a0     0x21d8 c:/intelfpga_lite/18.1/nios2eds/bin/gnu/h-x86_64-mingw32/bin/../lib/gcc/nios2-elf/5.3.0/../../../../../H-x86_64-mingw32/nios2-elf/lib\libc.a(lib_a-svfprintf.o)
                0x00000000000090a0                ___svfprintf_internal_r
 .text          0x000000000000b278        0x0 c:/intelfpga_lite/18.1/nios2eds/bin/gnu/h-x86_64-mingw32/bin/../lib/gcc/nios2-elf/5.3.0/../../../../../H-x86_64-mingw32/nios2-elf/lib\libc.a(lib_a-u_strerr.o)
 .text._user_strerror
                0x000000000000b278        0x8 c:/intelfpga_lite/18.1/nios2eds/bin/gnu/h-x86_64-mingw32/bin/../lib/gcc/nios2-elf/5.3.0/../../../../../H-x86_64-mingw32/nios2-elf/lib\libc.a(lib_a-u_strerr.o)
                0x000000000000b278                _user_strerror
 .text          0x000000000000b280        0x0 c:/intelfpga_lite/18.1/nios2eds/bin/gnu/h-x86_64-mingw32/bin/../lib/gcc/nios2-elf/5.3.0/../../../../../H-x86_64-mingw32/nios2-elf/lib\libc.a(lib_a-vfprintf.o)
 .text.___vfprintf_internal_r
                0x000000000000b280     0x21f8 c:/intelfpga_lite/18.1/nios2eds/bin/gnu/h-x86_64-mingw32/bin/../lib/gcc/nios2-elf/5.3.0/../../../../../H-x86_64-mingw32/nios2-elf/lib\libc.a(lib_a-vfprintf.o)
                0x000000000000b280                ___vfprintf_internal_r
 .text.__vfprintf_internal
                0x000000000000d478       0x1c c:/intelfpga_lite/18.1/nios2eds/bin/gnu/h-x86_64-mingw32/bin/../lib/gcc/nios2-elf/5.3.0/../../../../../H-x86_64-mingw32/nios2-elf/lib\libc.a(lib_a-vfprintf.o)
                0x000000000000d478                __vfprintf_internal
 .text.__sbprintf
                0x000000000000d494       0xbc c:/intelfpga_lite/18.1/nios2eds/bin/gnu/h-x86_64-mingw32/bin/../lib/gcc/nios2-elf/5.3.0/../../../../../H-x86_64-mingw32/nios2-elf/lib\libc.a(lib_a-vfprintf.o)
 .text          0x000000000000d550        0x0 c:/intelfpga_lite/18.1/nios2eds/bin/gnu/h-x86_64-mingw32/bin/../lib/gcc/nios2-elf/5.3.0/../../../../../H-x86_64-mingw32/nios2-elf/lib\libc.a(lib_a-wsetup.o)
 .text.__swsetup_r
                0x000000000000d550      0x154 c:/intelfpga_lite/18.1/nios2eds/bin/gnu/h-x86_64-mingw32/bin/../lib/gcc/nios2-elf/5.3.0/../../../../../H-x86_64-mingw32/nios2-elf/lib\libc.a(lib_a-wsetup.o)
                0x000000000000d550                __swsetup_r
 .text          0x000000000000d6a4        0x0 c:/intelfpga_lite/18.1/nios2eds/bin/gnu/h-x86_64-mingw32/bin/../lib/gcc/nios2-elf/5.3.0/../../../../../H-x86_64-mingw32/nios2-elf/lib\libc.a(lib_a-dtoa.o)
 .text.quorem   0x000000000000d6a4      0x200 c:/intelfpga_lite/18.1/nios2eds/bin/gnu/h-x86_64-mingw32/bin/../lib/gcc/nios2-elf/5.3.0/../../../../../H-x86_64-mingw32/nios2-elf/lib\libc.a(lib_a-dtoa.o)
 .text._dtoa_r  0x000000000000d8a4     0x1688 c:/intelfpga_lite/18.1/nios2eds/bin/gnu/h-x86_64-mingw32/bin/../lib/gcc/nios2-elf/5.3.0/../../../../../H-x86_64-mingw32/nios2-elf/lib\libc.a(lib_a-dtoa.o)
                0x000000000000d8a4                _dtoa_r
 .text          0x000000000000ef2c        0x0 c:/intelfpga_lite/18.1/nios2eds/bin/gnu/h-x86_64-mingw32/bin/../lib/gcc/nios2-elf/5.3.0/../../../../../H-x86_64-mingw32/nios2-elf/lib\libc.a(lib_a-fflush.o)
 .text.__sflush_r
                0x000000000000ef2c      0x21c c:/intelfpga_lite/18.1/nios2eds/bin/gnu/h-x86_64-mingw32/bin/../lib/gcc/nios2-elf/5.3.0/../../../../../H-x86_64-mingw32/nios2-elf/lib\libc.a(lib_a-fflush.o)
                0x000000000000ef2c                __sflush_r
 .text._fflush_r
                0x000000000000f148       0x5c c:/intelfpga_lite/18.1/nios2eds/bin/gnu/h-x86_64-mingw32/bin/../lib/gcc/nios2-elf/5.3.0/../../../../../H-x86_64-mingw32/nios2-elf/lib\libc.a(lib_a-fflush.o)
                0x000000000000f148                _fflush_r
 .text.fflush   0x000000000000f1a4       0x30 c:/intelfpga_lite/18.1/nios2eds/bin/gnu/h-x86_64-mingw32/bin/../lib/gcc/nios2-elf/5.3.0/../../../../../H-x86_64-mingw32/nios2-elf/lib\libc.a(lib_a-fflush.o)
                0x000000000000f1a4                fflush
 .text          0x000000000000f1d4        0x0 c:/intelfpga_lite/18.1/nios2eds/bin/gnu/h-x86_64-mingw32/bin/../lib/gcc/nios2-elf/5.3.0/../../../../../H-x86_64-mingw32/nios2-elf/lib\libc.a(lib_a-findfp.o)
 .text.__fp_unlock
                0x000000000000f1d4        0x8 c:/intelfpga_lite/18.1/nios2eds/bin/gnu/h-x86_64-mingw32/bin/../lib/gcc/nios2-elf/5.3.0/../../../../../H-x86_64-mingw32/nios2-elf/lib\libc.a(lib_a-findfp.o)
 .text._cleanup_r
                0x000000000000f1dc        0xc c:/intelfpga_lite/18.1/nios2eds/bin/gnu/h-x86_64-mingw32/bin/../lib/gcc/nios2-elf/5.3.0/../../../../../H-x86_64-mingw32/nios2-elf/lib\libc.a(lib_a-findfp.o)
                0x000000000000f1dc                _cleanup_r
 .text.__sinit.part.1
                0x000000000000f1e8      0x19c c:/intelfpga_lite/18.1/nios2eds/bin/gnu/h-x86_64-mingw32/bin/../lib/gcc/nios2-elf/5.3.0/../../../../../H-x86_64-mingw32/nios2-elf/lib\libc.a(lib_a-findfp.o)
 .text.__fp_lock
                0x000000000000f384        0x8 c:/intelfpga_lite/18.1/nios2eds/bin/gnu/h-x86_64-mingw32/bin/../lib/gcc/nios2-elf/5.3.0/../../../../../H-x86_64-mingw32/nios2-elf/lib\libc.a(lib_a-findfp.o)
 .text.__sfmoreglue
                0x000000000000f38c       0x68 c:/intelfpga_lite/18.1/nios2eds/bin/gnu/h-x86_64-mingw32/bin/../lib/gcc/nios2-elf/5.3.0/../../../../../H-x86_64-mingw32/nios2-elf/lib\libc.a(lib_a-findfp.o)
                0x000000000000f38c                __sfmoreglue
 .text.__sfp    0x000000000000f3f4      0x118 c:/intelfpga_lite/18.1/nios2eds/bin/gnu/h-x86_64-mingw32/bin/../lib/gcc/nios2-elf/5.3.0/../../../../../H-x86_64-mingw32/nios2-elf/lib\libc.a(lib_a-findfp.o)
                0x000000000000f3f4                __sfp
 .text._cleanup
                0x000000000000f50c       0x18 c:/intelfpga_lite/18.1/nios2eds/bin/gnu/h-x86_64-mingw32/bin/../lib/gcc/nios2-elf/5.3.0/../../../../../H-x86_64-mingw32/nios2-elf/lib\libc.a(lib_a-findfp.o)
                0x000000000000f50c                _cleanup
 .text.__sinit  0x000000000000f524       0x10 c:/intelfpga_lite/18.1/nios2eds/bin/gnu/h-x86_64-mingw32/bin/../lib/gcc/nios2-elf/5.3.0/../../../../../H-x86_64-mingw32/nios2-elf/lib\libc.a(lib_a-findfp.o)
                0x000000000000f524                __sinit
 .text.__sfp_lock_acquire
                0x000000000000f534        0x4 c:/intelfpga_lite/18.1/nios2eds/bin/gnu/h-x86_64-mingw32/bin/../lib/gcc/nios2-elf/5.3.0/../../../../../H-x86_64-mingw32/nios2-elf/lib\libc.a(lib_a-findfp.o)
                0x000000000000f534                __sfp_lock_acquire
 .text.__sfp_lock_release
                0x000000000000f538        0x4 c:/intelfpga_lite/18.1/nios2eds/bin/gnu/h-x86_64-mingw32/bin/../lib/gcc/nios2-elf/5.3.0/../../../../../H-x86_64-mingw32/nios2-elf/lib\libc.a(lib_a-findfp.o)
                0x000000000000f538                __sfp_lock_release
 .text.__sinit_lock_acquire
                0x000000000000f53c        0x4 c:/intelfpga_lite/18.1/nios2eds/bin/gnu/h-x86_64-mingw32/bin/../lib/gcc/nios2-elf/5.3.0/../../../../../H-x86_64-mingw32/nios2-elf/lib\libc.a(lib_a-findfp.o)
                0x000000000000f53c                __sinit_lock_acquire
 .text.__sinit_lock_release
                0x000000000000f540        0x4 c:/intelfpga_lite/18.1/nios2eds/bin/gnu/h-x86_64-mingw32/bin/../lib/gcc/nios2-elf/5.3.0/../../../../../H-x86_64-mingw32/nios2-elf/lib\libc.a(lib_a-findfp.o)
                0x000000000000f540                __sinit_lock_release
 .text.__fp_lock_all
                0x000000000000f544       0x18 c:/intelfpga_lite/18.1/nios2eds/bin/gnu/h-x86_64-mingw32/bin/../lib/gcc/nios2-elf/5.3.0/../../../../../H-x86_64-mingw32/nios2-elf/lib\libc.a(lib_a-findfp.o)
                0x000000000000f544                __fp_lock_all
 .text.__fp_unlock_all
                0x000000000000f55c       0x18 c:/intelfpga_lite/18.1/nios2eds/bin/gnu/h-x86_64-mingw32/bin/../lib/gcc/nios2-elf/5.3.0/../../../../../H-x86_64-mingw32/nios2-elf/lib\libc.a(lib_a-findfp.o)
                0x000000000000f55c                __fp_unlock_all
 .text          0x000000000000f574        0x0 c:/intelfpga_lite/18.1/nios2eds/bin/gnu/h-x86_64-mingw32/bin/../lib/gcc/nios2-elf/5.3.0/../../../../../H-x86_64-mingw32/nios2-elf/lib\libc.a(lib_a-fputc.o)
 .text._fputc_r
                0x000000000000f574       0x44 c:/intelfpga_lite/18.1/nios2eds/bin/gnu/h-x86_64-mingw32/bin/../lib/gcc/nios2-elf/5.3.0/../../../../../H-x86_64-mingw32/nios2-elf/lib\libc.a(lib_a-fputc.o)
                0x000000000000f574                _fputc_r
 .text.fputc    0x000000000000f5b8       0x5c c:/intelfpga_lite/18.1/nios2eds/bin/gnu/h-x86_64-mingw32/bin/../lib/gcc/nios2-elf/5.3.0/../../../../../H-x86_64-mingw32/nios2-elf/lib\libc.a(lib_a-fputc.o)
                0x000000000000f5b8                fputc
 .text          0x000000000000f614        0x0 c:/intelfpga_lite/18.1/nios2eds/bin/gnu/h-x86_64-mingw32/bin/../lib/gcc/nios2-elf/5.3.0/../../../../../H-x86_64-mingw32/nios2-elf/lib\libc.a(lib_a-fputs.o)
 .text._fputs_r
                0x000000000000f614       0x9c c:/intelfpga_lite/18.1/nios2eds/bin/gnu/h-x86_64-mingw32/bin/../lib/gcc/nios2-elf/5.3.0/../../../../../H-x86_64-mingw32/nios2-elf/lib\libc.a(lib_a-fputs.o)
                0x000000000000f614                _fputs_r
 .text.fputs    0x000000000000f6b0       0x18 c:/intelfpga_lite/18.1/nios2eds/bin/gnu/h-x86_64-mingw32/bin/../lib/gcc/nios2-elf/5.3.0/../../../../../H-x86_64-mingw32/nios2-elf/lib\libc.a(lib_a-fputs.o)
                0x000000000000f6b0                fputs
 .text          0x000000000000f6c8        0x0 c:/intelfpga_lite/18.1/nios2eds/bin/gnu/h-x86_64-mingw32/bin/../lib/gcc/nios2-elf/5.3.0/../../../../../H-x86_64-mingw32/nios2-elf/lib\libc.a(lib_a-freer.o)
 .text._malloc_trim_r
                0x000000000000f6c8      0x124 c:/intelfpga_lite/18.1/nios2eds/bin/gnu/h-x86_64-mingw32/bin/../lib/gcc/nios2-elf/5.3.0/../../../../../H-x86_64-mingw32/nios2-elf/lib\libc.a(lib_a-freer.o)
                0x000000000000f6c8                _malloc_trim_r
 .text._free_r  0x000000000000f7ec      0x310 c:/intelfpga_lite/18.1/nios2eds/bin/gnu/h-x86_64-mingw32/bin/../lib/gcc/nios2-elf/5.3.0/../../../../../H-x86_64-mingw32/nios2-elf/lib\libc.a(lib_a-freer.o)
                0x000000000000f7ec                _free_r
 .text          0x000000000000fafc        0x0 c:/intelfpga_lite/18.1/nios2eds/bin/gnu/h-x86_64-mingw32/bin/../lib/gcc/nios2-elf/5.3.0/../../../../../H-x86_64-mingw32/nios2-elf/lib\libc.a(lib_a-fvwrite.o)
 .text.__sfvwrite_r
                0x000000000000fafc      0x4bc c:/intelfpga_lite/18.1/nios2eds/bin/gnu/h-x86_64-mingw32/bin/../lib/gcc/nios2-elf/5.3.0/../../../../../H-x86_64-mingw32/nios2-elf/lib\libc.a(lib_a-fvwrite.o)
                0x000000000000fafc                __sfvwrite_r
 .text          0x000000000000ffb8        0x0 c:/intelfpga_lite/18.1/nios2eds/bin/gnu/h-x86_64-mingw32/bin/../lib/gcc/nios2-elf/5.3.0/../../../../../H-x86_64-mingw32/nios2-elf/lib\libc.a(lib_a-fwalk.o)
 .text._fwalk   0x000000000000ffb8       0xc4 c:/intelfpga_lite/18.1/nios2eds/bin/gnu/h-x86_64-mingw32/bin/../lib/gcc/nios2-elf/5.3.0/../../../../../H-x86_64-mingw32/nios2-elf/lib\libc.a(lib_a-fwalk.o)
                0x000000000000ffb8                _fwalk
 .text._fwalk_reent
                0x000000000001007c       0xc4 c:/intelfpga_lite/18.1/nios2eds/bin/gnu/h-x86_64-mingw32/bin/../lib/gcc/nios2-elf/5.3.0/../../../../../H-x86_64-mingw32/nios2-elf/lib\libc.a(lib_a-fwalk.o)
                0x000000000001007c                _fwalk_reent
 .text          0x0000000000010140        0x0 c:/intelfpga_lite/18.1/nios2eds/bin/gnu/h-x86_64-mingw32/bin/../lib/gcc/nios2-elf/5.3.0/../../../../../H-x86_64-mingw32/nios2-elf/lib\libc.a(lib_a-int_errno.o)
 .text          0x0000000000010140        0x0 c:/intelfpga_lite/18.1/nios2eds/bin/gnu/h-x86_64-mingw32/bin/../lib/gcc/nios2-elf/5.3.0/../../../../../H-x86_64-mingw32/nios2-elf/lib\libc.a(lib_a-locale.o)
 .text._setlocale_r
                0x0000000000010140       0x7c c:/intelfpga_lite/18.1/nios2eds/bin/gnu/h-x86_64-mingw32/bin/../lib/gcc/nios2-elf/5.3.0/../../../../../H-x86_64-mingw32/nios2-elf/lib\libc.a(lib_a-locale.o)
                0x0000000000010140                _setlocale_r
 .text.__locale_charset
                0x00000000000101bc        0xc c:/intelfpga_lite/18.1/nios2eds/bin/gnu/h-x86_64-mingw32/bin/../lib/gcc/nios2-elf/5.3.0/../../../../../H-x86_64-mingw32/nios2-elf/lib\libc.a(lib_a-locale.o)
                0x00000000000101bc                __locale_charset
 .text.__locale_mb_cur_max
                0x00000000000101c8       0x10 c:/intelfpga_lite/18.1/nios2eds/bin/gnu/h-x86_64-mingw32/bin/../lib/gcc/nios2-elf/5.3.0/../../../../../H-x86_64-mingw32/nios2-elf/lib\libc.a(lib_a-locale.o)
                0x00000000000101c8                __locale_mb_cur_max
 .text.__locale_msgcharset
                0x00000000000101d8        0xc c:/intelfpga_lite/18.1/nios2eds/bin/gnu/h-x86_64-mingw32/bin/../lib/gcc/nios2-elf/5.3.0/../../../../../H-x86_64-mingw32/nios2-elf/lib\libc.a(lib_a-locale.o)
                0x00000000000101d8                __locale_msgcharset
 .text.__locale_cjk_lang
                0x00000000000101e4        0x8 c:/intelfpga_lite/18.1/nios2eds/bin/gnu/h-x86_64-mingw32/bin/../lib/gcc/nios2-elf/5.3.0/../../../../../H-x86_64-mingw32/nios2-elf/lib\libc.a(lib_a-locale.o)
                0x00000000000101e4                __locale_cjk_lang
 .text._localeconv_r
                0x00000000000101ec        0xc c:/intelfpga_lite/18.1/nios2eds/bin/gnu/h-x86_64-mingw32/bin/../lib/gcc/nios2-elf/5.3.0/../../../../../H-x86_64-mingw32/nios2-elf/lib\libc.a(lib_a-locale.o)
                0x00000000000101ec                _localeconv_r
 .text.setlocale
                0x00000000000101f8       0x18 c:/intelfpga_lite/18.1/nios2eds/bin/gnu/h-x86_64-mingw32/bin/../lib/gcc/nios2-elf/5.3.0/../../../../../H-x86_64-mingw32/nios2-elf/lib\libc.a(lib_a-locale.o)
                0x00000000000101f8                setlocale
 .text.localeconv
                0x0000000000010210        0xc c:/intelfpga_lite/18.1/nios2eds/bin/gnu/h-x86_64-mingw32/bin/../lib/gcc/nios2-elf/5.3.0/../../../../../H-x86_64-mingw32/nios2-elf/lib\libc.a(lib_a-locale.o)
                0x0000000000010210                localeconv
 .text          0x000000000001021c        0x0 c:/intelfpga_lite/18.1/nios2eds/bin/gnu/h-x86_64-mingw32/bin/../lib/gcc/nios2-elf/5.3.0/../../../../../H-x86_64-mingw32/nios2-elf/lib\libc.a(lib_a-makebuf.o)
 .text.__smakebuf_r
                0x000000000001021c      0x1bc c:/intelfpga_lite/18.1/nios2eds/bin/gnu/h-x86_64-mingw32/bin/../lib/gcc/nios2-elf/5.3.0/../../../../../H-x86_64-mingw32/nios2-elf/lib\libc.a(lib_a-makebuf.o)
                0x000000000001021c                __smakebuf_r
 .text          0x00000000000103d8        0x0 c:/intelfpga_lite/18.1/nios2eds/bin/gnu/h-x86_64-mingw32/bin/../lib/gcc/nios2-elf/5.3.0/../../../../../H-x86_64-mingw32/nios2-elf/lib\libc.a(lib_a-memchr.o)
 .text.memchr   0x00000000000103d8       0xe4 c:/intelfpga_lite/18.1/nios2eds/bin/gnu/h-x86_64-mingw32/bin/../lib/gcc/nios2-elf/5.3.0/../../../../../H-x86_64-mingw32/nios2-elf/lib\libc.a(lib_a-memchr.o)
                0x00000000000103d8                memchr
 .text          0x00000000000104bc        0x0 c:/intelfpga_lite/18.1/nios2eds/bin/gnu/h-x86_64-mingw32/bin/../lib/gcc/nios2-elf/5.3.0/../../../../../H-x86_64-mingw32/nios2-elf/lib\libc.a(lib_a-memmove.o)
 .text.memmove  0x00000000000104bc      0x15c c:/intelfpga_lite/18.1/nios2eds/bin/gnu/h-x86_64-mingw32/bin/../lib/gcc/nios2-elf/5.3.0/../../../../../H-x86_64-mingw32/nios2-elf/lib\libc.a(lib_a-memmove.o)
                0x00000000000104bc                memmove
 .text          0x0000000000010618        0x0 c:/intelfpga_lite/18.1/nios2eds/bin/gnu/h-x86_64-mingw32/bin/../lib/gcc/nios2-elf/5.3.0/../../../../../H-x86_64-mingw32/nios2-elf/lib\libc.a(lib_a-mprec.o)
 .text._Balloc  0x0000000000010618       0xa8 c:/intelfpga_lite/18.1/nios2eds/bin/gnu/h-x86_64-mingw32/bin/../lib/gcc/nios2-elf/5.3.0/../../../../../H-x86_64-mingw32/nios2-elf/lib\libc.a(lib_a-mprec.o)
                0x0000000000010618                _Balloc
 .text._Bfree   0x00000000000106c0       0x28 c:/intelfpga_lite/18.1/nios2eds/bin/gnu/h-x86_64-mingw32/bin/../lib/gcc/nios2-elf/5.3.0/../../../../../H-x86_64-mingw32/nios2-elf/lib\libc.a(lib_a-mprec.o)
                0x00000000000106c0                _Bfree
 .text.__multadd
                0x00000000000106e8      0x120 c:/intelfpga_lite/18.1/nios2eds/bin/gnu/h-x86_64-mingw32/bin/../lib/gcc/nios2-elf/5.3.0/../../../../../H-x86_64-mingw32/nios2-elf/lib\libc.a(lib_a-mprec.o)
                0x00000000000106e8                __multadd
 .text.__s2b    0x0000000000010808      0x104 c:/intelfpga_lite/18.1/nios2eds/bin/gnu/h-x86_64-mingw32/bin/../lib/gcc/nios2-elf/5.3.0/../../../../../H-x86_64-mingw32/nios2-elf/lib\libc.a(lib_a-mprec.o)
                0x0000000000010808                __s2b
 .text.__hi0bits
                0x000000000001090c       0x68 c:/intelfpga_lite/18.1/nios2eds/bin/gnu/h-x86_64-mingw32/bin/../lib/gcc/nios2-elf/5.3.0/../../../../../H-x86_64-mingw32/nios2-elf/lib\libc.a(lib_a-mprec.o)
                0x000000000001090c                __hi0bits
 .text.__lo0bits
                0x0000000000010974       0xb0 c:/intelfpga_lite/18.1/nios2eds/bin/gnu/h-x86_64-mingw32/bin/../lib/gcc/nios2-elf/5.3.0/../../../../../H-x86_64-mingw32/nios2-elf/lib\libc.a(lib_a-mprec.o)
                0x0000000000010974                __lo0bits
 .text.__i2b    0x0000000000010a24       0x3c c:/intelfpga_lite/18.1/nios2eds/bin/gnu/h-x86_64-mingw32/bin/../lib/gcc/nios2-elf/5.3.0/../../../../../H-x86_64-mingw32/nios2-elf/lib\libc.a(lib_a-mprec.o)
                0x0000000000010a24                __i2b
 .text.__multiply
                0x0000000000010a60      0x1f8 c:/intelfpga_lite/18.1/nios2eds/bin/gnu/h-x86_64-mingw32/bin/../lib/gcc/nios2-elf/5.3.0/../../../../../H-x86_64-mingw32/nios2-elf/lib\libc.a(lib_a-mprec.o)
                0x0000000000010a60                __multiply
 .text.__pow5mult
                0x0000000000010c58      0x140 c:/intelfpga_lite/18.1/nios2eds/bin/gnu/h-x86_64-mingw32/bin/../lib/gcc/nios2-elf/5.3.0/../../../../../H-x86_64-mingw32/nios2-elf/lib\libc.a(lib_a-mprec.o)
                0x0000000000010c58                __pow5mult
 .text.__lshift
                0x0000000000010d98      0x148 c:/intelfpga_lite/18.1/nios2eds/bin/gnu/h-x86_64-mingw32/bin/../lib/gcc/nios2-elf/5.3.0/../../../../../H-x86_64-mingw32/nios2-elf/lib\libc.a(lib_a-mprec.o)
                0x0000000000010d98                __lshift
 .text.__mcmp   0x0000000000010ee0       0x60 c:/intelfpga_lite/18.1/nios2eds/bin/gnu/h-x86_64-mingw32/bin/../lib/gcc/nios2-elf/5.3.0/../../../../../H-x86_64-mingw32/nios2-elf/lib\libc.a(lib_a-mprec.o)
                0x0000000000010ee0                __mcmp
 .text.__mdiff  0x0000000000010f40      0x1fc c:/intelfpga_lite/18.1/nios2eds/bin/gnu/h-x86_64-mingw32/bin/../lib/gcc/nios2-elf/5.3.0/../../../../../H-x86_64-mingw32/nios2-elf/lib\libc.a(lib_a-mprec.o)
                0x0000000000010f40                __mdiff
 .text.__ulp    0x000000000001113c       0x64 c:/intelfpga_lite/18.1/nios2eds/bin/gnu/h-x86_64-mingw32/bin/../lib/gcc/nios2-elf/5.3.0/../../../../../H-x86_64-mingw32/nios2-elf/lib\libc.a(lib_a-mprec.o)
                0x000000000001113c                __ulp
 .text.__b2d    0x00000000000111a0      0x10c c:/intelfpga_lite/18.1/nios2eds/bin/gnu/h-x86_64-mingw32/bin/../lib/gcc/nios2-elf/5.3.0/../../../../../H-x86_64-mingw32/nios2-elf/lib\libc.a(lib_a-mprec.o)
                0x00000000000111a0                __b2d
 .text.__d2b    0x00000000000112ac      0x14c c:/intelfpga_lite/18.1/nios2eds/bin/gnu/h-x86_64-mingw32/bin/../lib/gcc/nios2-elf/5.3.0/../../../../../H-x86_64-mingw32/nios2-elf/lib\libc.a(lib_a-mprec.o)
                0x00000000000112ac                __d2b
 .text.__ratio  0x00000000000113f8       0xa4 c:/intelfpga_lite/18.1/nios2eds/bin/gnu/h-x86_64-mingw32/bin/../lib/gcc/nios2-elf/5.3.0/../../../../../H-x86_64-mingw32/nios2-elf/lib\libc.a(lib_a-mprec.o)
                0x00000000000113f8                __ratio
 .text._mprec_log10
                0x000000000001149c       0x74 c:/intelfpga_lite/18.1/nios2eds/bin/gnu/h-x86_64-mingw32/bin/../lib/gcc/nios2-elf/5.3.0/../../../../../H-x86_64-mingw32/nios2-elf/lib\libc.a(lib_a-mprec.o)
                0x000000000001149c                _mprec_log10
 .text.__copybits
                0x0000000000011510       0x78 c:/intelfpga_lite/18.1/nios2eds/bin/gnu/h-x86_64-mingw32/bin/../lib/gcc/nios2-elf/5.3.0/../../../../../H-x86_64-mingw32/nios2-elf/lib\libc.a(lib_a-mprec.o)
                0x0000000000011510                __copybits
 .text.__any_on
                0x0000000000011588       0x8c c:/intelfpga_lite/18.1/nios2eds/bin/gnu/h-x86_64-mingw32/bin/../lib/gcc/nios2-elf/5.3.0/../../../../../H-x86_64-mingw32/nios2-elf/lib\libc.a(lib_a-mprec.o)
                0x0000000000011588                __any_on
 .text          0x0000000000011614        0x0 c:/intelfpga_lite/18.1/nios2eds/bin/gnu/h-x86_64-mingw32/bin/../lib/gcc/nios2-elf/5.3.0/../../../../../H-x86_64-mingw32/nios2-elf/lib\libc.a(lib_a-putc.o)
 .text._putc_r  0x0000000000011614       0xa0 c:/intelfpga_lite/18.1/nios2eds/bin/gnu/h-x86_64-mingw32/bin/../lib/gcc/nios2-elf/5.3.0/../../../../../H-x86_64-mingw32/nios2-elf/lib\libc.a(lib_a-putc.o)
                0x0000000000011614                _putc_r
 .text.putc     0x00000000000116b4       0xc8 c:/intelfpga_lite/18.1/nios2eds/bin/gnu/h-x86_64-mingw32/bin/../lib/gcc/nios2-elf/5.3.0/../../../../../H-x86_64-mingw32/nios2-elf/lib\libc.a(lib_a-putc.o)
                0x00000000000116b4                putc
 .text          0x000000000001177c        0x0 c:/intelfpga_lite/18.1/nios2eds/bin/gnu/h-x86_64-mingw32/bin/../lib/gcc/nios2-elf/5.3.0/../../../../../H-x86_64-mingw32/nios2-elf/lib\libc.a(lib_a-reallocr.o)
 .text._realloc_r
                0x000000000001177c      0x564 c:/intelfpga_lite/18.1/nios2eds/bin/gnu/h-x86_64-mingw32/bin/../lib/gcc/nios2-elf/5.3.0/../../../../../H-x86_64-mingw32/nios2-elf/lib\libc.a(lib_a-reallocr.o)
                0x000000000001177c                _realloc_r
 .text          0x0000000000011ce0        0x0 c:/intelfpga_lite/18.1/nios2eds/bin/gnu/h-x86_64-mingw32/bin/../lib/gcc/nios2-elf/5.3.0/../../../../../H-x86_64-mingw32/nios2-elf/lib\libc.a(lib_a-s_fpclassify.o)
 .text.__fpclassifyd
                0x0000000000011ce0       0x74 c:/intelfpga_lite/18.1/nios2eds/bin/gnu/h-x86_64-mingw32/bin/../lib/gcc/nios2-elf/5.3.0/../../../../../H-x86_64-mingw32/nios2-elf/lib\libc.a(lib_a-s_fpclassify.o)
                0x0000000000011ce0                __fpclassifyd
 .text          0x0000000000011d54        0x0 c:/intelfpga_lite/18.1/nios2eds/bin/gnu/h-x86_64-mingw32/bin/../lib/gcc/nios2-elf/5.3.0/../../../../../H-x86_64-mingw32/nios2-elf/lib\libc.a(lib_a-stdio.o)
 .text.__sread  0x0000000000011d54       0x54 c:/intelfpga_lite/18.1/nios2eds/bin/gnu/h-x86_64-mingw32/bin/../lib/gcc/nios2-elf/5.3.0/../../../../../H-x86_64-mingw32/nios2-elf/lib\libc.a(lib_a-stdio.o)
                0x0000000000011d54                __sread
 .text.__seofread
                0x0000000000011da8        0x8 c:/intelfpga_lite/18.1/nios2eds/bin/gnu/h-x86_64-mingw32/bin/../lib/gcc/nios2-elf/5.3.0/../../../../../H-x86_64-mingw32/nios2-elf/lib\libc.a(lib_a-stdio.o)
                0x0000000000011da8                __seofread
 .text.__swrite
                0x0000000000011db0       0x7c c:/intelfpga_lite/18.1/nios2eds/bin/gnu/h-x86_64-mingw32/bin/../lib/gcc/nios2-elf/5.3.0/../../../../../H-x86_64-mingw32/nios2-elf/lib\libc.a(lib_a-stdio.o)
                0x0000000000011db0                __swrite
 .text.__sseek  0x0000000000011e2c       0x5c c:/intelfpga_lite/18.1/nios2eds/bin/gnu/h-x86_64-mingw32/bin/../lib/gcc/nios2-elf/5.3.0/../../../../../H-x86_64-mingw32/nios2-elf/lib\libc.a(lib_a-stdio.o)
                0x0000000000011e2c                __sseek
 .text.__sclose
                0x0000000000011e88        0x8 c:/intelfpga_lite/18.1/nios2eds/bin/gnu/h-x86_64-mingw32/bin/../lib/gcc/nios2-elf/5.3.0/../../../../../H-x86_64-mingw32/nios2-elf/lib\libc.a(lib_a-stdio.o)
                0x0000000000011e88                __sclose
 .text          0x0000000000011e90        0x0 c:/intelfpga_lite/18.1/nios2eds/bin/gnu/h-x86_64-mingw32/bin/../lib/gcc/nios2-elf/5.3.0/../../../../../H-x86_64-mingw32/nios2-elf/lib\libc.a(lib_a-svfiprintf.o)
 .text.__ssprint_r
                0x0000000000011e90      0x1d0 c:/intelfpga_lite/18.1/nios2eds/bin/gnu/h-x86_64-mingw32/bin/../lib/gcc/nios2-elf/5.3.0/../../../../../H-x86_64-mingw32/nios2-elf/lib\libc.a(lib_a-svfiprintf.o)
                0x0000000000011e90                __ssprint_r
 .text.___svfiprintf_internal_r
                0x0000000000012060     0x123c c:/intelfpga_lite/18.1/nios2eds/bin/gnu/h-x86_64-mingw32/bin/../lib/gcc/nios2-elf/5.3.0/../../../../../H-x86_64-mingw32/nios2-elf/lib\libc.a(lib_a-svfiprintf.o)
                0x0000000000012060                ___svfiprintf_internal_r
 .text          0x000000000001329c        0x0 c:/intelfpga_lite/18.1/nios2eds/bin/gnu/h-x86_64-mingw32/bin/../lib/gcc/nios2-elf/5.3.0/../../../../../H-x86_64-mingw32/nios2-elf/lib\libc.a(lib_a-vfiprintf.o)
 .text.__sprint_r.part.0
                0x000000000001329c       0xfc c:/intelfpga_lite/18.1/nios2eds/bin/gnu/h-x86_64-mingw32/bin/../lib/gcc/nios2-elf/5.3.0/../../../../../H-x86_64-mingw32/nios2-elf/lib\libc.a(lib_a-vfiprintf.o)
 .text.__sprint_r
                0x0000000000013398       0x18 c:/intelfpga_lite/18.1/nios2eds/bin/gnu/h-x86_64-mingw32/bin/../lib/gcc/nios2-elf/5.3.0/../../../../../H-x86_64-mingw32/nios2-elf/lib\libc.a(lib_a-vfiprintf.o)
                0x0000000000013398                __sprint_r
 .text.___vfiprintf_internal_r
                0x00000000000133b0     0x145c c:/intelfpga_lite/18.1/nios2eds/bin/gnu/h-x86_64-mingw32/bin/../lib/gcc/nios2-elf/5.3.0/../../../../../H-x86_64-mingw32/nios2-elf/lib\libc.a(lib_a-vfiprintf.o)
                0x00000000000133b0                ___vfiprintf_internal_r
 .text.__vfiprintf_internal
                0x000000000001480c       0x1c c:/intelfpga_lite/18.1/nios2eds/bin/gnu/h-x86_64-mingw32/bin/../lib/gcc/nios2-elf/5.3.0/../../../../../H-x86_64-mingw32/nios2-elf/lib\libc.a(lib_a-vfiprintf.o)
                0x000000000001480c                __vfiprintf_internal
 .text.__sbprintf
                0x0000000000014828       0xbc c:/intelfpga_lite/18.1/nios2eds/bin/gnu/h-x86_64-mingw32/bin/../lib/gcc/nios2-elf/5.3.0/../../../../../H-x86_64-mingw32/nios2-elf/lib\libc.a(lib_a-vfiprintf.o)
 .text          0x00000000000148e4        0x0 c:/intelfpga_lite/18.1/nios2eds/bin/gnu/h-x86_64-mingw32/bin/../lib/gcc/nios2-elf/5.3.0/../../../../../H-x86_64-mingw32/nios2-elf/lib\libc.a(lib_a-wbuf.o)
 .text.__swbuf_r
                0x00000000000148e4      0x140 c:/intelfpga_lite/18.1/nios2eds/bin/gnu/h-x86_64-mingw32/bin/../lib/gcc/nios2-elf/5.3.0/../../../../../H-x86_64-mingw32/nios2-elf/lib\libc.a(lib_a-wbuf.o)
                0x00000000000148e4                __swbuf_r
 .text.__swbuf  0x0000000000014a24       0x18 c:/intelfpga_lite/18.1/nios2eds/bin/gnu/h-x86_64-mingw32/bin/../lib/gcc/nios2-elf/5.3.0/../../../../../H-x86_64-mingw32/nios2-elf/lib\libc.a(lib_a-wbuf.o)
                0x0000000000014a24                __swbuf
 .text          0x0000000000014a3c        0x0 c:/intelfpga_lite/18.1/nios2eds/bin/gnu/h-x86_64-mingw32/bin/../lib/gcc/nios2-elf/5.3.0/../../../../../H-x86_64-mingw32/nios2-elf/lib\libc.a(lib_a-writer.o)
 .text._write_r
                0x0000000000014a3c       0x60 c:/intelfpga_lite/18.1/nios2eds/bin/gnu/h-x86_64-mingw32/bin/../lib/gcc/nios2-elf/5.3.0/../../../../../H-x86_64-mingw32/nios2-elf/lib\libc.a(lib_a-writer.o)
                0x0000000000014a3c                _write_r
 .text          0x0000000000014a9c        0x0 c:/intelfpga_lite/18.1/nios2eds/bin/gnu/h-x86_64-mingw32/bin/../lib/gcc/nios2-elf/5.3.0/../../../../../H-x86_64-mingw32/nios2-elf/lib\libc.a(closer.o)
 .text._close_r
                0x0000000000014a9c       0x54 c:/intelfpga_lite/18.1/nios2eds/bin/gnu/h-x86_64-mingw32/bin/../lib/gcc/nios2-elf/5.3.0/../../../../../H-x86_64-mingw32/nios2-elf/lib\libc.a(closer.o)
                0x0000000000014a9c                _close_r
 .text          0x0000000000014af0        0x0 c:/intelfpga_lite/18.1/nios2eds/bin/gnu/h-x86_64-mingw32/bin/../lib/gcc/nios2-elf/5.3.0/../../../../../H-x86_64-mingw32/nios2-elf/lib\libc.a(lib_a-fclose.o)
 .text._fclose_r
                0x0000000000014af0       0xf0 c:/intelfpga_lite/18.1/nios2eds/bin/gnu/h-x86_64-mingw32/bin/../lib/gcc/nios2-elf/5.3.0/../../../../../H-x86_64-mingw32/nios2-elf/lib\libc.a(lib_a-fclose.o)
                0x0000000000014af0                _fclose_r
 .text.fclose   0x0000000000014be0       0x14 c:/intelfpga_lite/18.1/nios2eds/bin/gnu/h-x86_64-mingw32/bin/../lib/gcc/nios2-elf/5.3.0/../../../../../H-x86_64-mingw32/nios2-elf/lib\libc.a(lib_a-fclose.o)
                0x0000000000014be0                fclose
 .text          0x0000000000014bf4        0x0 c:/intelfpga_lite/18.1/nios2eds/bin/gnu/h-x86_64-mingw32/bin/../lib/gcc/nios2-elf/5.3.0/../../../../../H-x86_64-mingw32/nios2-elf/lib\libc.a(lib_a-fputwc.o)
 .text.__fputwc
                0x0000000000014bf4      0x164 c:/intelfpga_lite/18.1/nios2eds/bin/gnu/h-x86_64-mingw32/bin/../lib/gcc/nios2-elf/5.3.0/../../../../../H-x86_64-mingw32/nios2-elf/lib\libc.a(lib_a-fputwc.o)
                0x0000000000014bf4                __fputwc
 .text._fputwc_r
                0x0000000000014d58       0x24 c:/intelfpga_lite/18.1/nios2eds/bin/gnu/h-x86_64-mingw32/bin/../lib/gcc/nios2-elf/5.3.0/../../../../../H-x86_64-mingw32/nios2-elf/lib\libc.a(lib_a-fputwc.o)
                0x0000000000014d58                _fputwc_r
 .text.fputwc   0x0000000000014d7c       0x80 c:/intelfpga_lite/18.1/nios2eds/bin/gnu/h-x86_64-mingw32/bin/../lib/gcc/nios2-elf/5.3.0/../../../../../H-x86_64-mingw32/nios2-elf/lib\libc.a(lib_a-fputwc.o)
                0x0000000000014d7c                fputwc
 .text          0x0000000000014dfc        0x0 c:/intelfpga_lite/18.1/nios2eds/bin/gnu/h-x86_64-mingw32/bin/../lib/gcc/nios2-elf/5.3.0/../../../../../H-x86_64-mingw32/nios2-elf/lib\libc.a(lib_a-fstatr.o)
 .text._fstat_r
                0x0000000000014dfc       0x5c c:/intelfpga_lite/18.1/nios2eds/bin/gnu/h-x86_64-mingw32/bin/../lib/gcc/nios2-elf/5.3.0/../../../../../H-x86_64-mingw32/nios2-elf/lib\libc.a(lib_a-fstatr.o)
                0x0000000000014dfc                _fstat_r
 .text          0x0000000000014e58        0x0 c:/intelfpga_lite/18.1/nios2eds/bin/gnu/h-x86_64-mingw32/bin/../lib/gcc/nios2-elf/5.3.0/../../../../../H-x86_64-mingw32/nios2-elf/lib\libc.a(lib_a-isattyr.o)
 .text._isatty_r
                0x0000000000014e58       0x54 c:/intelfpga_lite/18.1/nios2eds/bin/gnu/h-x86_64-mingw32/bin/../lib/gcc/nios2-elf/5.3.0/../../../../../H-x86_64-mingw32/nios2-elf/lib\libc.a(lib_a-isattyr.o)
                0x0000000000014e58                _isatty_r
 .text          0x0000000000014eac        0x0 c:/intelfpga_lite/18.1/nios2eds/bin/gnu/h-x86_64-mingw32/bin/../lib/gcc/nios2-elf/5.3.0/../../../../../H-x86_64-mingw32/nios2-elf/lib\libc.a(lib_a-lseekr.o)
 .text._lseek_r
                0x0000000000014eac       0x60 c:/intelfpga_lite/18.1/nios2eds/bin/gnu/h-x86_64-mingw32/bin/../lib/gcc/nios2-elf/5.3.0/../../../../../H-x86_64-mingw32/nios2-elf/lib\libc.a(lib_a-lseekr.o)
                0x0000000000014eac                _lseek_r
 .text          0x0000000000014f0c        0x0 c:/intelfpga_lite/18.1/nios2eds/bin/gnu/h-x86_64-mingw32/bin/../lib/gcc/nios2-elf/5.3.0/../../../../../H-x86_64-mingw32/nios2-elf/lib\libc.a(lib_a-readr.o)
 .text._read_r  0x0000000000014f0c       0x60 c:/intelfpga_lite/18.1/nios2eds/bin/gnu/h-x86_64-mingw32/bin/../lib/gcc/nios2-elf/5.3.0/../../../../../H-x86_64-mingw32/nios2-elf/lib\libc.a(lib_a-readr.o)
                0x0000000000014f0c                _read_r
 .text          0x0000000000014f6c        0x0 c:/intelfpga_lite/18.1/nios2eds/bin/gnu/h-x86_64-mingw32/bin/../lib/gcc/nios2-elf/5.3.0/../../../../../H-x86_64-mingw32/nios2-elf/lib\libc.a(lib_a-wcrtomb.o)
 .text._wcrtomb_r
                0x0000000000014f6c       0x9c c:/intelfpga_lite/18.1/nios2eds/bin/gnu/h-x86_64-mingw32/bin/../lib/gcc/nios2-elf/5.3.0/../../../../../H-x86_64-mingw32/nios2-elf/lib\libc.a(lib_a-wcrtomb.o)
                0x0000000000014f6c                _wcrtomb_r
 .text.wcrtomb  0x0000000000015008       0xc0 c:/intelfpga_lite/18.1/nios2eds/bin/gnu/h-x86_64-mingw32/bin/../lib/gcc/nios2-elf/5.3.0/../../../../../H-x86_64-mingw32/nios2-elf/lib\libc.a(lib_a-wcrtomb.o)
                0x0000000000015008                wcrtomb
 .text          0x00000000000150c8        0x0 c:/intelfpga_lite/18.1/nios2eds/bin/gnu/h-x86_64-mingw32/bin/../lib/gcc/nios2-elf/5.3.0/../../../../../H-x86_64-mingw32/nios2-elf/lib\libc.a(lib_a-wctomb_r.o)
 .text.__ascii_wctomb
                0x00000000000150c8       0x30 c:/intelfpga_lite/18.1/nios2eds/bin/gnu/h-x86_64-mingw32/bin/../lib/gcc/nios2-elf/5.3.0/../../../../../H-x86_64-mingw32/nios2-elf/lib\libc.a(lib_a-wctomb_r.o)
                0x00000000000150c8                __ascii_wctomb
 .text._wctomb_r
                0x00000000000150f8       0x5c c:/intelfpga_lite/18.1/nios2eds/bin/gnu/h-x86_64-mingw32/bin/../lib/gcc/nios2-elf/5.3.0/../../../../../H-x86_64-mingw32/nios2-elf/lib\libc.a(lib_a-wctomb_r.o)
                0x00000000000150f8                _wctomb_r
 .text          0x0000000000015154      0x578 c:/intelfpga_lite/18.1/nios2eds/bin/gnu/h-x86_64-mingw32/bin/../lib/gcc/nios2-elf/5.3.0\libgcc.a(_udivdi3.o)
                0x0000000000015154                __udivdi3
 .text          0x00000000000156cc      0x538 c:/intelfpga_lite/18.1/nios2eds/bin/gnu/h-x86_64-mingw32/bin/../lib/gcc/nios2-elf/5.3.0\libgcc.a(_umoddi3.o)
                0x00000000000156cc                __umoddi3
 .text          0x0000000000015c04       0x88 c:/intelfpga_lite/18.1/nios2eds/bin/gnu/h-x86_64-mingw32/bin/../lib/gcc/nios2-elf/5.3.0\libgcc.a(eqdf2.o)
                0x0000000000015c04                __nedf2
                0x0000000000015c04                __eqdf2
 .text          0x0000000000015c8c       0xdc c:/intelfpga_lite/18.1/nios2eds/bin/gnu/h-x86_64-mingw32/bin/../lib/gcc/nios2-elf/5.3.0\libgcc.a(gedf2.o)
                0x0000000000015c8c                __gedf2
                0x0000000000015c8c                __gtdf2
 .text          0x0000000000015d68       0xf4 c:/intelfpga_lite/18.1/nios2eds/bin/gnu/h-x86_64-mingw32/bin/../lib/gcc/nios2-elf/5.3.0\libgcc.a(ledf2.o)
                0x0000000000015d68                __ledf2
                0x0000000000015d68                __ltdf2
 .text          0x0000000000015e5c      0x8fc c:/intelfpga_lite/18.1/nios2eds/bin/gnu/h-x86_64-mingw32/bin/../lib/gcc/nios2-elf/5.3.0\libgcc.a(subdf3.o)
                0x0000000000015e5c                __subdf3
 .text          0x0000000000016758       0x80 c:/intelfpga_lite/18.1/nios2eds/bin/gnu/h-x86_64-mingw32/bin/../lib/gcc/nios2-elf/5.3.0\libgcc.a(fixdfsi.o)
                0x0000000000016758                __fixdfsi
 .text          0x00000000000167d8       0xec ../candy_avb_sss_bsp/\libucosii_bsp.a(alt_fstat.o)
                0x0000000000016814                fstat
 .text          0x00000000000168c4       0xe0 ../candy_avb_sss_bsp/\libucosii_bsp.a(alt_isatty.o)
                0x0000000000016900                isatty
 .text          0x00000000000169a4      0x110 ../candy_avb_sss_bsp/\libucosii_bsp.a(alt_lseek.o)
                0x00000000000169e0                lseek
 .text          0x0000000000016ab4       0xbc ../candy_avb_sss_bsp/\libucosii_bsp.a(alt_main.o)
                0x0000000000016ab4                alt_main
 .text          0x0000000000016b70       0xb0 ../candy_avb_sss_bsp/\libucosii_bsp.a(alt_sbrk.o)
                0x0000000000016b70                sbrk
 .text          0x0000000000016c20      0x114 ../candy_avb_sss_bsp/\libucosii_bsp.a(alt_usleep.o)
                0x0000000000016c20                usleep
 .text          0x0000000000016d34      0x124 ../candy_avb_sss_bsp/\libucosii_bsp.a(alt_env_lock.o)
                0x0000000000016d34                __env_lock
                0x0000000000016df8                __env_unlock
 .text          0x0000000000016e58      0x1ec ../candy_avb_sss_bsp/\libucosii_bsp.a(alt_malloc_lock.o)
                0x0000000000016e58                __malloc_lock
                0x0000000000016f78                __malloc_unlock
 .text          0x0000000000017044     0x2014 ../candy_avb_sss_bsp/\libucosii_bsp.a(os_core.o)
                0x0000000000017044                OSEventNameGet
                0x0000000000017164                OSEventNameSet
                0x00000000000172a4                OSEventPendMulti
                0x00000000000178b4                OSInit
                0x000000000001790c                OSIntEnter
                0x0000000000017958                OSIntExit
                0x0000000000017a50                OSSchedLock
                0x0000000000017adc                OSSchedUnlock
                0x0000000000017bb8                OSStart
                0x0000000000017c28                OSStatInit
                0x0000000000017cd8                OSTimeTick
                0x0000000000017ef8                OSVersion
                0x0000000000017f18                OS_Dummy
                0x0000000000017f38                OS_EventTaskRdy
                0x00000000000180d0                OS_EventTaskWait
                0x00000000000181e0                OS_EventTaskWaitMulti
                0x0000000000018330                OS_EventTaskRemove
                0x00000000000183e8                OS_EventTaskRemoveMulti
                0x00000000000184e8                OS_EventWaitListInit
                0x00000000000188c8                OS_MemClr
                0x000000000001891c                OS_MemCopy
                0x0000000000018984                OS_Sched
                0x0000000000018ac8                OS_StrCopy
                0x0000000000018b3c                OS_StrLen
                0x0000000000018b90                OS_TaskIdle
                0x0000000000018bec                OS_TaskStat
                0x0000000000018cb8                OS_TaskStatStkChk
                0x0000000000018d84                OS_TCBInit
 .text          0x0000000000019058      0x190 ../candy_avb_sss_bsp/\libucosii_bsp.a(os_dbg.o)
                0x0000000000019058                OSDebugInit
 .text          0x00000000000191e8     0x1714 ../candy_avb_sss_bsp/\libucosii_bsp.a(os_flag.o)
                0x00000000000191e8                OSFlagAccept
                0x00000000000194f0                OSFlagCreate
                0x00000000000195f8                OSFlagDel
                0x0000000000019840                OSFlagNameGet
                0x0000000000019968                OSFlagNameSet
                0x0000000000019ab4                OSFlagPend
                0x000000000001a06c                OSFlagPendGetFlagsRdy
                0x000000000001a0cc                OSFlagPost
                0x000000000001a460                OSFlagQuery
                0x000000000001a684                OS_FlagInit
                0x000000000001a858                OS_FlagUnlink
 .text          0x000000000001a8fc      0x754 ../candy_avb_sss_bsp/\libucosii_bsp.a(os_mem.o)
                0x000000000001a8fc                OSMemCreate
                0x000000000001aad0                OSMemGet
                0x000000000001abc0                OSMemNameGet
                0x000000000001acb0                OSMemNameSet
                0x000000000001adc4                OSMemPut
                0x000000000001ae9c                OSMemQuery
                0x000000000001af84                OS_MemInit
 .text          0x000000000001b050     0x1104 ../candy_avb_sss_bsp/\libucosii_bsp.a(os_q.o)
                0x000000000001b050                OSQAccept
                0x000000000001b190                OSQCreate
                0x000000000001b33c                OSQDel
                0x000000000001b5bc                OSQFlush
                0x000000000001b674                OSQPend
                0x000000000001b900                OSQPendAbort
                0x000000000001ba6c                OSQPost
                0x000000000001bbd4                OSQPostFront
                0x000000000001bd44                OSQPostOpt
                0x000000000001bf50                OSQQuery
                0x000000000001c0ac                OS_QInit
 .text          0x000000000001c154      0xa60 ../candy_avb_sss_bsp/\libucosii_bsp.a(os_sem.o)
                0x000000000001c154                OSSemAccept
                0x000000000001c204                OSSemCreate
                0x000000000001c2dc                OSSemDel
                0x000000000001c51c                OSSemPend
                0x000000000001c728                OSSemPendAbort
                0x000000000001c894                OSSemPost
                0x000000000001c9a4                OSSemQuery
                0x000000000001cab4                OSSemSet
 .text          0x000000000001cbb4     0x176c ../candy_avb_sss_bsp/\libucosii_bsp.a(os_task.o)
                0x000000000001cbb4                OSTaskChangePrio
                0x000000000001d0a4                OSTaskCreate
                0x000000000001d250                OSTaskCreateExt
                0x000000000001d434                OSTaskDel
                0x000000000001d778                OSTaskDelReq
                0x000000000001d8c8                OSTaskNameGet
                0x000000000001da60                OSTaskNameSet
                0x000000000001dc14                OSTaskResume
                0x000000000001dde8                OSTaskStkChk
                0x000000000001dfa8                OSTaskSuspend
                0x000000000001e18c                OSTaskQuery
                0x000000000001e2b0                OS_TaskStkClr
 .text          0x000000000001e320      0x4e8 ../candy_avb_sss_bsp/\libucosii_bsp.a(os_time.o)
                0x000000000001e320                OSTimeDly
                0x000000000001e424                OSTimeDlyHMSM
                0x000000000001e578                OSTimeDlyResume
                0x000000000001e74c                OSTimeGet
                0x000000000001e7a8                OSTimeSet
 .text          0x000000000001e808      0x300 ../candy_avb_sss_bsp/\libucosii_bsp.a(alt_sys_init.o)
                0x000000000001e83c                alt_irq_init
                0x000000000001e874                alt_sys_init
 .text          0x000000000001eb08      0x164 ../candy_avb_sss_bsp/\libucosii_bsp.a(altera_avalon_jtag_uart_fd.o)
                0x000000000001eb08                altera_avalon_jtag_uart_read_fd
                0x000000000001eb68                altera_avalon_jtag_uart_write_fd
                0x000000000001ebc8                altera_avalon_jtag_uart_close_fd
                0x000000000001ec18                altera_avalon_jtag_uart_ioctl_fd
 .text          0x000000000001ec6c      0x558 ../candy_avb_sss_bsp/\libucosii_bsp.a(altera_avalon_jtag_uart_init.o)
                0x000000000001ec6c                altera_avalon_jtag_uart_init
                0x000000000001f15c                altera_avalon_jtag_uart_close
 .text          0x000000000001f1c4       0xf0 ../candy_avb_sss_bsp/\libucosii_bsp.a(altera_avalon_jtag_uart_ioctl.o)
                0x000000000001f1c4                altera_avalon_jtag_uart_ioctl
 .text          0x000000000001f2b4      0x2bc ../candy_avb_sss_bsp/\libucosii_bsp.a(altera_avalon_jtag_uart_read.o)
                0x000000000001f2b4                altera_avalon_jtag_uart_read
 .text          0x000000000001f570      0x2c4 ../candy_avb_sss_bsp/\libucosii_bsp.a(altera_avalon_jtag_uart_write.o)
                0x000000000001f570                altera_avalon_jtag_uart_write
 .text          0x000000000001f834       0xf4 ../candy_avb_sss_bsp/\libucosii_bsp.a(altera_avalon_timer_sc.o)
                0x000000000001f8ac                alt_avalon_timer_sc_init
 .text          0x000000000001f928      0x110 ../candy_avb_sss_bsp/\libucosii_bsp.a(altera_avalon_uart_fd.o)
                0x000000000001f928                altera_avalon_uart_read_fd
                0x000000000001f988                altera_avalon_uart_write_fd
                0x000000000001f9e8                altera_avalon_uart_close_fd
 .text          0x000000000001fa38      0x52c ../candy_avb_sss_bsp/\libucosii_bsp.a(altera_avalon_uart_init.o)
                0x000000000001fa38                altera_avalon_uart_init
                0x000000000001ff10                altera_avalon_uart_close
 .text          0x000000000001ff64      0x2a4 ../candy_avb_sss_bsp/\libucosii_bsp.a(altera_avalon_uart_read.o)
                0x000000000001ffa0                altera_avalon_uart_read
 .text          0x0000000000020208      0x274 ../candy_avb_sss_bsp/\libucosii_bsp.a(altera_avalon_uart_write.o)
                0x0000000000020244                altera_avalon_uart_write
 .text          0x000000000002047c      0x56c ../candy_avb_sss_bsp/\libucosii_bsp.a(altera_modular_adc.o)
                0x0000000000020524                alt_adc_word_read
                0x00000000000205d0                altera_modular_adc_init
                0x0000000000020644                alt_adc_register_callback
                0x00000000000206dc                altera_modular_adc_open
                0x000000000002071c                adc_stop
                0x000000000002076c                adc_start
                0x00000000000207a4                adc_set_mode_run_once
                0x00000000000207e4                adc_set_mode_run_continuously
                0x0000000000020820                adc_recalibrate
                0x000000000002089c                adc_interrupt_enable
                0x00000000000208e0                adc_interrupt_disable
                0x0000000000020928                adc_clear_interrupt_status
                0x000000000002096c                adc_interrupt_asserted
                0x00000000000209ac                adc_wait_for_interrupt
 .text          0x00000000000209e8     0x2120 ../candy_avb_sss_bsp/\libucosii_bsp.a(altera_msgdma.o)
                0x0000000000021680                alt_msgdma_construct_standard_st_to_mm_descriptor
                0x00000000000216d8                alt_msgdma_construct_standard_mm_to_st_descriptor
                0x0000000000021730                alt_msgdma_construct_standard_mm_to_mm_descriptor
                0x0000000000021788                alt_msgdma_construct_extended_st_to_mm_descriptor
                0x0000000000021818                alt_msgdma_construct_extended_mm_to_st_descriptor
                0x00000000000218a8                alt_msgdma_construct_extended_mm_to_mm_descriptor
                0x0000000000021b88                alt_msgdma_construct_prefetcher_standard_mm_to_mm_descriptor
                0x0000000000021be0                alt_msgdma_construct_prefetcher_standard_st_to_mm_descriptor
                0x0000000000021c38                alt_msgdma_construct_prefetcher_standard_mm_to_st_descriptor
                0x0000000000021c90                alt_msgdma_construct_prefetcher_extended_st_to_mm_descriptor
                0x0000000000021d30                alt_msgdma_construct_prefetcher_extended_mm_to_st_descriptor
                0x0000000000021dc8                alt_msgdma_construct_prefetcher_extended_mm_to_mm_descriptor
                0x0000000000021e80                alt_msgdma_prefetcher_add_standard_desc_to_list
                0x0000000000021f70                alt_msgdma_prefetcher_add_extended_desc_to_list
                0x0000000000022108                alt_msgdma_prefetcher_set_std_list_own_by_hw_bits
                0x0000000000022214                alt_msgdma_prefetcher_set_extd_list_own_by_hw_bits
                0x0000000000022358                alt_msgdma_start_prefetcher_with_list_addr
                0x0000000000022668                alt_msgdma_start_prefetcher_with_std_desc_list
                0x0000000000022714                alt_msgdma_start_prefetcher_with_extd_desc_list
                0x00000000000227c0                alt_msgdma_open
                0x0000000000022818                alt_msgdma_init
                0x00000000000229c4                alt_msgdma_register_callback
                0x0000000000022a18                alt_msgdma_standard_descriptor_async_transfer
                0x0000000000022a54                alt_msgdma_extended_descriptor_async_transfer
                0x0000000000022a90                alt_msgdma_standard_descriptor_sync_transfer
                0x0000000000022acc                alt_msgdma_extended_descriptor_sync_transfer
 .text          0x0000000000022b08      0xf40 ../candy_avb_sss_bsp/\libucosii_bsp.a(altera_onchip_flash.o)
                0x0000000000022b3c                alt_onchip_flash_read
                0x0000000000022c08                alt_onchip_flash_get_info
                0x0000000000022ca4                alt_onchip_flash_erase_block
                0x0000000000022e0c                alt_onchip_flash_write_block
                0x00000000000230e4                alt_onchip_flash_write
                0x00000000000233bc                altera_onchip_flash_init
                0x0000000000023898                alt_onchip_flash_poll_for_status_to_go_idle
                0x0000000000023928                alt_onchip_flash_poll_for_status_erase_passed
                0x00000000000239b8                alt_onchip_flash_poll_for_status_write_passed
 .text          0x0000000000023a48     0x1bec ../candy_avb_sss_bsp/\libucosii_bsp.a(ins_tse_mac.o)
                0x0000000000023a48                altera_eth_tse_init
                0x0000000000023b98                prep_tse_mac
                0x0000000000023dec                msgdma_reset
                0x0000000000023e68                tse_mac_init
                0x0000000000024a80                tse_msgdma_write_init
                0x0000000000024ba0                tse_mac_raw_send
                0x0000000000024d68                tse_msgdmaRx_isr
                0x0000000000024f1c                tse_msgdmaTx_isr
                0x0000000000024f7c                tse_msgdma_read_init
                0x0000000000025258                allocate_rx_descriptor_chain
                0x000000000002539c                tse_mac_rcv
                0x00000000000254f0                tse_mac_stats
                0x0000000000025530                tse_mac_close
 .text          0x0000000000025634       0x48 ../candy_avb_sss_bsp/\libucosii_bsp.a(alt_iniche_close.o)
                0x0000000000025634                close
 .text          0x000000000002567c      0x148 ../candy_avb_sss_bsp/\libucosii_bsp.a(alt_iniche_dev.o)
                0x000000000002567c                iniche_devices_init
 .text          0x00000000000257c4       0x70 ../candy_avb_sss_bsp/\libucosii_bsp.a(alt_iniche_read.o)
                0x00000000000257c4                read
 .text          0x0000000000025834       0x68 ../candy_avb_sss_bsp/\libucosii_bsp.a(alt_iniche_write.o)
                0x0000000000025834                write
 .text          0x000000000002589c      0xde4 ../candy_avb_sss_bsp/\libucosii_bsp.a(ipnet.o)
                0x000000000002589c                Netinit
                0x0000000000025e84                fixup_subnet_mask
                0x0000000000025fdc                netclose
                0x00000000000260c0                pktdemux
                0x0000000000026464                c_older
                0x00000000000264f4                ip2mac
 .text          0x0000000000026680      0x468 ../candy_avb_sss_bsp/\libucosii_bsp.a(ipstart.o)
                0x0000000000026680                ip_startup
                0x0000000000026924                exit_hook
                0x0000000000026994                ip_exit
                0x0000000000026a64                if_netnumber
 .text          0x0000000000026ae8      0xfa0 ../candy_avb_sss_bsp/\libucosii_bsp.a(igmp_cmn.o)
                0x0000000000026ae8                igmp_init
                0x0000000000026b8c                igmp_input
                0x0000000000026c6c                igmp_fasttimo
                0x0000000000026de4                igmp_send
                0x0000000000027080                igmp_joingroup
                0x00000000000272d4                igmp_leavegroup
                0x0000000000027354                igmp_validate
                0x000000000002766c                igmp_print_stats
 .text          0x0000000000027a88      0xa88 ../candy_avb_sss_bsp/\libucosii_bsp.a(bsdsock.o)
                0x0000000000027a88                bsd_accept
                0x0000000000027bac                bsd_getpeername
                0x0000000000027cd0                bsd_getsockname
                0x0000000000027df4                bsd_i_sockoptlen
                0x0000000000027f30                bsd_getsockopt
                0x000000000002803c                bsd_ioctl
                0x0000000000028130                bsd_inet_ntoa
                0x0000000000028164                bsd_recvfrom
                0x00000000000282ac                bsd_select
                0x0000000000028430                bsd_setsockopt
 .text          0x0000000000028510       0xf8 ../candy_avb_sss_bsp/\libucosii_bsp.a(cksum.o)
                0x0000000000028510                ccksum
                0x00000000000285b4                cksum
 .text          0x0000000000028608      0xa50 ../candy_avb_sss_bsp/\libucosii_bsp.a(in_utils.o)
                0x0000000000028608                do_trap
                0x0000000000028634                nextarg
                0x00000000000286b0                hexdump
                0x00000000000287f4                print_ipad
                0x0000000000028870                print_uptime
                0x00000000000289b0                panic
                0x00000000000289f8                print_eth
                0x0000000000028b4c                uslash
                0x0000000000028bc8                ns_printf
                0x0000000000028d38                std_out
                0x0000000000028d7c                con_page
                0x0000000000028e54                parse_args
 .text          0x0000000000029058      0x1a0 ../candy_avb_sss_bsp/\libucosii_bsp.a(netmain.o)
                0x0000000000029058                netmain
                0x0000000000029138                tk_netmain
                0x00000000000291b0                tk_nettick
 .text          0x00000000000291f8      0x5b4 ../candy_avb_sss_bsp/\libucosii_bsp.a(tk_crnos.o)
                0x00000000000291f8                TK_OSTimeDly
                0x0000000000029228                TK_OSTaskResume
                0x000000000002929c                tcp_sleep
                0x0000000000029410                tcp_wakeup
                0x0000000000029508                TK_OSTaskQuery
                0x0000000000029574                tk_yield
                0x00000000000295a4                tk_stats
 .text          0x00000000000297ac     0x2c28 ../candy_avb_sss_bsp/\libucosii_bsp.a(dhcpclnt.o)
                0x00000000000297ac                dhc_get_srv_ipaddr
                0x0000000000029834                dhc_init
                0x00000000000298e4                dhc_set_callback
                0x000000000002992c                dhc_upcall
                0x000000000002a0dc                dhc_buildheader
                0x000000000002a2c0                dhc_discover
                0x000000000002a768                dhc_rx_offer
                0x000000000002a84c                dhc_request
                0x000000000002b2d0                dhc_setip
                0x000000000002b54c                dhc_resetip
                0x000000000002b630                dhc_decline
                0x000000000002b7e4                dhc_extract_opts
                0x000000000002ba54                dhc_second
                0x000000000002bfa4                dhc_halt
                0x000000000002c024                dhc_reclaim
                0x000000000002c1dc                dhc_state_init
                0x000000000002c234                dhc_alldone
                0x000000000002c2bc                dhc_ifacedone
                0x000000000002c324                dhc_set_state
 .text          0x000000000002c3d4       0xc0 ../candy_avb_sss_bsp/\libucosii_bsp.a(dhcputil.o)
                0x000000000002c3d4                find_opt
 .text          0x000000000002c494      0x774 ../candy_avb_sss_bsp/\libucosii_bsp.a(pktalloc.o)
                0x000000000002c494                pk_init
                0x000000000002c730                pk_alloc
                0x000000000002c7f4                pk_validate
                0x000000000002ca80                pk_free
                0x000000000002cb2c                pk_get_max_intrsafe_buf_len
                0x000000000002cb4c                dump_buf_estats
 .text          0x000000000002cc08      0x268 ../candy_avb_sss_bsp/\libucosii_bsp.a(q.o)
                0x000000000002cc08                getq
                0x000000000002ccc0                putq
                0x000000000002cd70                qdel
 .text          0x000000000002ce70      0x2d4 ../candy_avb_sss_bsp/\libucosii_bsp.a(udp_open.o)
                0x000000000002ce70                udp_open
                0x000000000002d06c                udp_close
 .text          0x000000000002d144      0x194 ../candy_avb_sss_bsp/\libucosii_bsp.a(asm_cksum.o)
                0x000000000002d144                asm_cksum
 .text          0x000000000002d2d8      0x27c ../candy_avb_sss_bsp/\libucosii_bsp.a(brdutils.o)
                0x000000000002d2d8                dtrap
                0x000000000002d30c                kbhit
                0x000000000002d3a0                getch
                0x000000000002d3fc                clock_init
                0x000000000002d434                clock_c
                0x000000000002d454                cticks_hook
                0x000000000002d4b0                irq_Mask
                0x000000000002d510                irq_Unmask
 .text          0x000000000002d554      0x4d0 ../candy_avb_sss_bsp/\libucosii_bsp.a(osportco.o)
                0x000000000002d554                LOCK_NET_RESOURCE
                0x000000000002d618                UNLOCK_NET_RESOURCE
                0x000000000002d6a0                TK_NEWTASK
                0x000000000002d8ec                wait_app_sem
                0x000000000002d9a8                post_app_sem
 .text          0x000000000002da24      0x574 ../candy_avb_sss_bsp/\libucosii_bsp.a(targnios.o)
                0x000000000002da24                alt_iniche_init
                0x000000000002dc20                pre_task_setup
                0x000000000002dc6c                post_task_setup
                0x000000000002dc8c                prep_armintcp
                0x000000000002dcc4                npalloc_base
                0x000000000002ddd0                npfree_base
                0x000000000002deb0                npalloc
                0x000000000002dee4                npfree
                0x000000000002df24                ncpalloc
                0x000000000002df58                ncpfree
 .text          0x000000000002df98     0x181c ../candy_avb_sss_bsp/\libucosii_bsp.a(nptcp.o)
                0x000000000002df98                pffindtype
                0x000000000002e028                pffindproto
                0x000000000002e0ec                m_getnbuf
                0x000000000002e274                m_free
                0x000000000002e37c                m_freem
                0x000000000002e3c0                m_copy
                0x000000000002e6b4                m_adj
                0x000000000002e874                mbuf_len
                0x000000000002e8c8                dtom
                0x000000000002e964                remque
                0x000000000002e9d4                insque
                0x000000000002ea50                nptcp_init
                0x000000000002eb48                tcp_rcv
                0x000000000002ed18                ip_output
                0x000000000002f2c8                in_broadcast
                0x000000000002f300                np_stripoptions
                0x000000000002f3f4                so_icmpdu
                0x000000000002f73c                tcp_tick
 .text          0x000000000002f7b4      0x970 ../candy_avb_sss_bsp/\libucosii_bsp.a(rawsock.o)
                0x000000000002f7b4                rawip_lookup
                0x000000000002f810                rawip_soinput
                0x000000000002f9d8                rawip_usrreq
 .text          0x0000000000030124     0x1654 ../candy_avb_sss_bsp/\libucosii_bsp.a(sockcall.o)
                0x0000000000030124                DOMAIN_CHECK
                0x0000000000030174                t_socket
                0x00000000000301f4                t_bind
                0x0000000000030358                t_listen
                0x0000000000030430                t_accept
                0x0000000000030684                t_connect
                0x00000000000308f0                t_getpeername
                0x0000000000030934                t_getsockname
                0x0000000000030b54                t_setsockopt
                0x0000000000030d14                t_getsockopt
                0x0000000000030ea0                t_recv
                0x0000000000030f80                t_recvfrom
                0x00000000000310c0                t_sendto
                0x00000000000312b4                t_send
                0x00000000000314b8                t_shutdown
                0x0000000000031590                t_socketclose
                0x00000000000316e0                t_errno
 .text          0x0000000000031778     0x2034 ../candy_avb_sss_bsp/\libucosii_bsp.a(socket.o)
                0x0000000000031778                socreate
                0x0000000000031920                sobind
                0x000000000003197c                solisten
                0x0000000000031a4c                sofree
                0x0000000000031b5c                soclose
                0x0000000000031e18                soabort
                0x0000000000031e68                soaccept
                0x0000000000031f00                soconnect
                0x0000000000031fb8                sodisconnect
                0x0000000000032050                sosend
                0x00000000000325a8                soreceive
                0x0000000000032cf4                soshutdown
                0x0000000000032d8c                sorflush
                0x0000000000032e88                sosetopt
                0x00000000000332b8                sogetopt
                0x0000000000033760                sohasoutofband
 .text          0x00000000000337ac     0x128c ../candy_avb_sss_bsp/\libucosii_bsp.a(socket2.o)
                0x00000000000337ac                soisconnecting
                0x000000000003381c                soisconnected
                0x0000000000033920                soisdisconnecting
                0x00000000000339b8                soisdisconnected
                0x0000000000033a7c                sonewconn
                0x0000000000033c7c                soqinsque
                0x0000000000033d28                soqremque
                0x0000000000033e30                socantsendmore
                0x0000000000033e88                socantrcvmore
                0x0000000000033ee0                sbselqueue
                0x0000000000033f1c                sbwait
                0x0000000000033f88                sbwakeup
                0x0000000000034014                soreserve
                0x000000000003409c                sbreserve
                0x00000000000340ec                sbrelease
                0x0000000000034138                sbappend
                0x00000000000341d8                sbappendrecord
                0x00000000000342b0                sbappendaddr
                0x000000000003448c                sbcompress
                0x000000000003466c                sbflush
                0x00000000000346f0                sbdrop
                0x00000000000348a8                sbdropend
                0x00000000000349a8                sbdroprecord
 .text          0x0000000000034a38      0x87c ../candy_avb_sss_bsp/\libucosii_bsp.a(soselect.o)
                0x0000000000034a38                t_select
                0x0000000000034c08                sock_selscan
                0x0000000000034d48                sock_select
                0x0000000000034f2c                in_pcbnotify
                0x0000000000034ff0                tcp_notify
                0x0000000000035070                ifd_clr
                0x0000000000035160                ifd_set
                0x00000000000351d8                ifd_isset
                0x0000000000035250                ifd_get
 .text          0x00000000000352b4     0x2d80 ../candy_avb_sss_bsp/\libucosii_bsp.a(tcp_in.o)
                0x00000000000352b4                tcp_reass
                0x00000000000356c4                tcp_input
                0x00000000000379f4                tcp_dooptions
                0x0000000000037b7c                tcp_pulloutofband
                0x0000000000037ca8                tcp_xmit_timer
                0x0000000000037ef4                ip4_tcpmss
                0x0000000000037f3c                tcp_mss
 .text          0x0000000000038034     0x11cc ../candy_avb_sss_bsp/\libucosii_bsp.a(tcp_out.o)
                0x0000000000038034                tcp_output
                0x0000000000039038                tcp_setpersist
 .text          0x0000000000039200      0x93c ../candy_avb_sss_bsp/\libucosii_bsp.a(tcp_subr.o)
                0x0000000000039200                tcp_init
                0x0000000000039254                tcp_template
                0x000000000003935c                tcp_respond
                0x000000000003975c                tcp_newtcpcb
                0x0000000000039868                tcp_drop
                0x0000000000039914                tcp_close
                0x0000000000039a04                tcp_quench
                0x0000000000039a50                tcp_putseq
                0x0000000000039ac8                tcp_getseq
 .text          0x0000000000039b3c      0x750 ../candy_avb_sss_bsp/\libucosii_bsp.a(tcp_timr.o)
                0x0000000000039b3c                tcp_slowtimo
                0x0000000000039dac                tcp_canceltimers
                0x0000000000039e0c                tcp_timers
 .text          0x000000000003a28c      0x988 ../candy_avb_sss_bsp/\libucosii_bsp.a(tcp_usr.o)
                0x000000000003a28c                tcp_usrreq
                0x000000000003a960                tcp_attach
                0x000000000003aa78                tcp_disconnect
                0x000000000003ab44                tcp_usrclosed
 .text          0x000000000003ac14       0x40 ../candy_avb_sss_bsp/\libucosii_bsp.a(tcpport.o)
                0x000000000003ac14                tcpinit
 .text          0x000000000003ac54      0xbb4 ../candy_avb_sss_bsp/\libucosii_bsp.a(udpsock.o)
                0x000000000003ac54                udp_lookup
                0x000000000003acb0                udp_soinput
                0x000000000003ae50                udp_usrreq
                0x000000000003b08c                udp4_sockbind
                0x000000000003b360                udp4_socksend
                0x000000000003b6e0                udp4_sockaddr
 .text          0x000000000003b808      0x12c ../candy_avb_sss_bsp/\libucosii_bsp.a(alt_alarm_start.o)
                0x000000000003b808                alt_alarm_start
 .text          0x000000000003b934      0x158 ../candy_avb_sss_bsp/\libucosii_bsp.a(alt_busy_sleep.o)
                0x000000000003b934                alt_busy_sleep
 .text          0x000000000003ba8c      0x10c ../candy_avb_sss_bsp/\libucosii_bsp.a(alt_close.o)
                0x000000000003bac8                alt_close
 .text          0x000000000003bb98       0x78 ../candy_avb_sss_bsp/\libucosii_bsp.a(alt_dcache_flush.o)
                0x000000000003bb98                alt_dcache_flush
 .text          0x000000000003bc10       0x2c ../candy_avb_sss_bsp/\libucosii_bsp.a(alt_dev.o)
 .text          0x000000000003bc3c       0xe0 ../candy_avb_sss_bsp/\libucosii_bsp.a(alt_dev_llist_insert.o)
                0x000000000003bc78                alt_dev_llist_insert