Archive member included to satisfy reference by file (symbol)

c:/intelfpga_lite/18.1/nios2eds/bin/gnu/h-x86_64-mingw32/bin/../lib/gcc/nios2-elf/5.3.0\libgcc.a(lib2-divmod.o)
                              obj/default/FreeRTOS/Common_Demo_Tasks/integer.o (__divsi3)
c:/intelfpga_lite/18.1/nios2eds/bin/gnu/h-x86_64-mingw32/bin/../lib/gcc/nios2-elf/5.3.0\libgcc.a(extendsfdf2.o)
                              obj/default/hello_world.o (__extendsfdf2)
c:/intelfpga_lite/18.1/nios2eds/bin/gnu/h-x86_64-mingw32/bin/../lib/gcc/nios2-elf/5.3.0\libgcc.a(_clzsi2.o)
                              c:/intelfpga_lite/18.1/nios2eds/bin/gnu/h-x86_64-mingw32/bin/../lib/gcc/nios2-elf/5.3.0\libgcc.a(extendsfdf2.o) (__clzsi2)
c:/intelfpga_lite/18.1/nios2eds/bin/gnu/h-x86_64-mingw32/bin/../lib/gcc/nios2-elf/5.3.0\libgcc.a(_clz.o)
                              c:/intelfpga_lite/18.1/nios2eds/bin/gnu/h-x86_64-mingw32/bin/../lib/gcc/nios2-elf/5.3.0\libgcc.a(_clzsi2.o) (__clz_tab)
c:/intelfpga_lite/18.1/nios2eds/bin/gnu/h-x86_64-mingw32/bin/../lib/gcc/nios2-elf/5.3.0/../../../../../H-x86_64-mingw32/nios2-elf/lib\libc.a(lib_a-memcpy.o)
                              obj/default/FreeRTOS/Source/queue.o (memcpy)
c:/intelfpga_lite/18.1/nios2eds/bin/gnu/h-x86_64-mingw32/bin/../lib/gcc/nios2-elf/5.3.0/../../../../../H-x86_64-mingw32/nios2-elf/lib\libc.a(lib_a-memset.o)
                              obj/default/FreeRTOS/Source/tasks.o (memset)
c:/intelfpga_lite/18.1/nios2eds/bin/gnu/h-x86_64-mingw32/bin/../lib/gcc/nios2-elf/5.3.0/../../../../../H-x86_64-mingw32/nios2-elf/lib\libc.a(lib_a-printf.o)
                              obj/default/SigmaStudioFW.o (printf)
c:/intelfpga_lite/18.1/nios2eds/bin/gnu/h-x86_64-mingw32/bin/../lib/gcc/nios2-elf/5.3.0/../../../../../H-x86_64-mingw32/nios2-elf/lib\libc.a(lib_a-putchar.o)
                              obj/default/hello_world.o (putchar)
c:/intelfpga_lite/18.1/nios2eds/bin/gnu/h-x86_64-mingw32/bin/../lib/gcc/nios2-elf/5.3.0/../../../../../H-x86_64-mingw32/nios2-elf/lib\libc.a(lib_a-puts.o)
                              obj/default/SigmaStudioFW.o (puts)
c:/intelfpga_lite/18.1/nios2eds/bin/gnu/h-x86_64-mingw32/bin/../lib/gcc/nios2-elf/5.3.0/../../../../../H-x86_64-mingw32/nios2-elf/lib\libc.a(lib_a-strlen.o)
                              c:/intelfpga_lite/18.1/nios2eds/bin/gnu/h-x86_64-mingw32/bin/../lib/gcc/nios2-elf/5.3.0/../../../../../H-x86_64-mingw32/nios2-elf/lib\libc.a(lib_a-puts.o) (strlen)
c:/intelfpga_lite/18.1/nios2eds/bin/gnu/h-x86_64-mingw32/bin/../lib/gcc/nios2-elf/5.3.0/../../../../../H-x86_64-mingw32/nios2-elf/lib\libc.a(lib_a-vfprintf.o)
                              c:/intelfpga_lite/18.1/nios2eds/bin/gnu/h-x86_64-mingw32/bin/../lib/gcc/nios2-elf/5.3.0/../../../../../H-x86_64-mingw32/nios2-elf/lib\libc.a(lib_a-printf.o) (___vfprintf_internal_r)
c:/intelfpga_lite/18.1/nios2eds/bin/gnu/h-x86_64-mingw32/bin/../lib/gcc/nios2-elf/5.3.0/../../../../../H-x86_64-mingw32/nios2-elf/lib\libc.a(lib_a-wsetup.o)
                              c:/intelfpga_lite/18.1/nios2eds/bin/gnu/h-x86_64-mingw32/bin/../lib/gcc/nios2-elf/5.3.0/../../../../../H-x86_64-mingw32/nios2-elf/lib\libc.a(lib_a-vfprintf.o) (__swsetup_r)
c:/intelfpga_lite/18.1/nios2eds/bin/gnu/h-x86_64-mingw32/bin/../lib/gcc/nios2-elf/5.3.0/../../../../../H-x86_64-mingw32/nios2-elf/lib\libc.a(lib_a-dtoa.o)
                              c:/intelfpga_lite/18.1/nios2eds/bin/gnu/h-x86_64-mingw32/bin/../lib/gcc/nios2-elf/5.3.0/../../../../../H-x86_64-mingw32/nios2-elf/lib\libc.a(lib_a-vfprintf.o) (_dtoa_r)
c:/intelfpga_lite/18.1/nios2eds/bin/gnu/h-x86_64-mingw32/bin/../lib/gcc/nios2-elf/5.3.0/../../../../../H-x86_64-mingw32/nios2-elf/lib\libc.a(lib_a-fflush.o)
                              c:/intelfpga_lite/18.1/nios2eds/bin/gnu/h-x86_64-mingw32/bin/../lib/gcc/nios2-elf/5.3.0/../../../../../H-x86_64-mingw32/nios2-elf/lib\libc.a(lib_a-vfprintf.o) (_fflush_r)
c:/intelfpga_lite/18.1/nios2eds/bin/gnu/h-x86_64-mingw32/bin/../lib/gcc/nios2-elf/5.3.0/../../../../../H-x86_64-mingw32/nios2-elf/lib\libc.a(lib_a-findfp.o)
                              c:/intelfpga_lite/18.1/nios2eds/bin/gnu/h-x86_64-mingw32/bin/../lib/gcc/nios2-elf/5.3.0/../../../../../H-x86_64-mingw32/nios2-elf/lib\libc.a(lib_a-puts.o) (__sinit)
c:/intelfpga_lite/18.1/nios2eds/bin/gnu/h-x86_64-mingw32/bin/../lib/gcc/nios2-elf/5.3.0/../../../../../H-x86_64-mingw32/nios2-elf/lib\libc.a(lib_a-freer.o)
                              c:/intelfpga_lite/18.1/nios2eds/bin/gnu/h-x86_64-mingw32/bin/../lib/gcc/nios2-elf/5.3.0/../../../../../H-x86_64-mingw32/nios2-elf/lib\libc.a(lib_a-wsetup.o) (_free_r)
c:/intelfpga_lite/18.1/nios2eds/bin/gnu/h-x86_64-mingw32/bin/../lib/gcc/nios2-elf/5.3.0/../../../../../H-x86_64-mingw32/nios2-elf/lib\libc.a(lib_a-fvwrite.o)
                              c:/intelfpga_lite/18.1/nios2eds/bin/gnu/h-x86_64-mingw32/bin/../lib/gcc/nios2-elf/5.3.0/../../../../../H-x86_64-mingw32/nios2-elf/lib\libc.a(lib_a-puts.o) (__sfvwrite_r)
[...]
Memory Configuration

Name             Origin             Length             Attributes
reset            0x0000000000080000 0x0000000000000020
onchip_flash_0_data 0x0000000000080020 0x000000000002dfe0
new_sdram_controller_0_BEFORE_EXCEPTION 0x0000000001000000 0x0000000000000020
new_sdram_controller_0 0x0000000001000020 0x00000000007fffe0
*default*        0x0000000000000000 0xffffffffffffffff

Linker script and memory map

LOAD ../candy_avb_test_bsp//obj/HAL/src/crt0.o
LOAD obj/default/FreeRTOS/Common_Demo_Tasks/BlockQ.o
LOAD obj/default/FreeRTOS/Common_Demo_Tasks/GenQTest.o
LOAD obj/default/FreeRTOS/Common_Demo_Tasks/PollQ.o
LOAD obj/default/FreeRTOS/Common_Demo_Tasks/QPeek.o
LOAD obj/default/FreeRTOS/Common_Demo_Tasks/blocktim.o
LOAD obj/default/FreeRTOS/Common_Demo_Tasks/comtest.o
LOAD obj/default/FreeRTOS/Common_Demo_Tasks/countsem.o
LOAD obj/default/FreeRTOS/Common_Demo_Tasks/death.o
LOAD obj/default/FreeRTOS/Common_Demo_Tasks/dynamic.o
LOAD obj/default/FreeRTOS/Common_Demo_Tasks/flash.o
LOAD obj/default/FreeRTOS/Common_Demo_Tasks/integer.o
LOAD obj/default/FreeRTOS/Common_Demo_Tasks/recmutex.o
LOAD obj/default/FreeRTOS/Common_Demo_Tasks/semtest.o
LOAD obj/default/FreeRTOS/ParTest/ParTest.o
LOAD obj/default/FreeRTOS/Source/list.o
LOAD obj/default/FreeRTOS/Source/portable/GCC/NiosII/port.o
LOAD obj/default/FreeRTOS/Source/portable/MemMang/heap_2.o
LOAD obj/default/FreeRTOS/Source/queue.o
LOAD obj/default/FreeRTOS/Source/tasks.o
LOAD obj/default/FreeRTOS/serial.o
LOAD obj/default/SigmaStudioFW.o
LOAD obj/default/hello_world.o
LOAD obj/default/FreeRTOS/Source/portable/GCC/NiosII/port_asm.o
LOAD c:/intelfpga_lite/18.1/nios2eds/bin/gnu/h-x86_64-mingw32/bin/../lib/gcc/nios2-elf/5.3.0/../../../../../H-x86_64-mingw32/nios2-elf/lib\libstdc++.a
LOAD c:/intelfpga_lite/18.1/nios2eds/bin/gnu/h-x86_64-mingw32/bin/../lib/gcc/nios2-elf/5.3.0/../../../../../H-x86_64-mingw32/nios2-elf/lib\libm.a
LOAD c:/intelfpga_lite/18.1/nios2eds/bin/gnu/h-x86_64-mingw32/bin/../lib/gcc/nios2-elf/5.3.0\libgcc.a
START GROUP
LOAD c:/intelfpga_lite/18.1/nios2eds/bin/gnu/h-x86_64-mingw32/bin/../lib/gcc/nios2-elf/5.3.0/../../../../../H-x86_64-mingw32/nios2-elf/lib\libc.a
LOAD c:/intelfpga_lite/18.1/nios2eds/bin/gnu/h-x86_64-mingw32/bin/../lib/gcc/nios2-elf/5.3.0\libgcc.a
LOAD ../candy_avb_test_bsp/\libhal_bsp.a
LOAD c:/intelfpga_lite/18.1/nios2eds/bin/gnu/h-x86_64-mingw32/bin/../lib/gcc/nios2-elf/5.3.0/../../../../../H-x86_64-mingw32/nios2-elf/lib\libm.a
END GROUP
LOAD c:/intelfpga_lite/18.1/nios2eds/bin/gnu/h-x86_64-mingw32/bin/../lib/gcc/nios2-elf/5.3.0\libgcc.a
                0x0000000000080000                __alt_mem_onchip_flash_0_data = 0x80000
                0x0000000001000000                __alt_mem_new_sdram_controller_0 = 0x1000000

.entry          0x0000000000080000        0x0
 *(.entry)
 .entry         0x0000000000080000        0x0 ../candy_avb_test_bsp//obj/HAL/src/crt0.o
                0x0000000000080000                __reset

.exceptions     0x0000000001000020      0x230
                [!provide]                        PROVIDE (__ram_exceptions_start, ABSOLUTE (.))
                0x0000000001000020                . = ALIGN (0x20)
 *(.irq)
 *(.exceptions.entry.label)
 *(.exceptions.entry.user)
 *(.exceptions.entry.ecc_fatal)
 *(.exceptions.entry)
 .exceptions.entry
                0x0000000001000020       0x8c obj/default/FreeRTOS/Source/portable/GCC/NiosII/port_asm.o
 *(.exceptions.irqtest.user)
 *(.exceptions.irqtest)
 .exceptions.irqtest
                0x00000000010000ac       0x14 obj/default/FreeRTOS/Source/portable/GCC/NiosII/port_asm.o
 *(.exceptions.irqhandler.user)
 *(.exceptions.irqhandler)
 .exceptions.irqhandler
                0x00000000010000c0        0x4 obj/default/FreeRTOS/Source/portable/GCC/NiosII/port_asm.o
 *(.exceptions.irqreturn.user)
 *(.exceptions.irqreturn)
 .exceptions.irqreturn
                0x00000000010000c4       0x8c obj/default/FreeRTOS/Source/portable/GCC/NiosII/port_asm.o
                0x00000000010000c4                restore_sp_from_pxCurrentTCB
 *(.exceptions.notirq.label)
 *(.exceptions.notirq.user)
 *(.exceptions.notirq)
 *(.exceptions.soft.user)
 *(.exceptions.soft)
 .exceptions.soft
                0x0000000001000150       0x2c obj/default/FreeRTOS/Source/portable/GCC/NiosII/port_asm.o
 *(.exceptions.unknown.user)
 *(.exceptions.unknown)
 *(.exceptions.exit.label)
 *(.exceptions.exit.user)
 *(.exceptions.exit)
 *(.exceptions)
 .exceptions    0x000000000100017c       0xd4 ../candy_avb_test_bsp/\libhal_bsp.a(alt_irq_handler.o)
                0x000000000100017c                alt_irq_handler
                [!provide]                        PROVIDE (__ram_exceptions_end, ABSOLUTE (.))
                [!provide]                        PROVIDE (__flash_exceptions_start, LOADADDR (.exceptions))

.text           0x0000000001000250    0x1a4f4
                [!provide]                        PROVIDE (stext, ABSOLUTE (.))
 *(.interp)
 *(.hash)
 *(.dynsym)
 *(.dynstr)
 *(.gnu.version)
 *(.gnu.version_d)
 *(.gnu.version_r)
 *(.rel.init)
 *(.rela.init)
 *(.rel.text .rel.text.* .rel.gnu.linkonce.t.*)
 *(.rela.text .rela.text.* .rela.gnu.linkonce.t.*)
 *(.rel.fini)
 *(.rela.fini)
 *(.rel.rodata .rel.rodata.* .rel.gnu.linkonce.r.*)
 *(.rela.rodata .rela.rodata.* .rela.gnu.linkonce.r.*)
 *(.rel.data .rel.data.* .rel.gnu.linkonce.d.*)
 *(.rela.data .rela.data.* .rela.gnu.linkonce.d.*)
 *(.rel.tdata .rel.tdata.* .rel.gnu.linkonce.td.*)
 *(.rela.tdata .rela.tdata.* .rela.gnu.linkonce.td.*)
 *(.rel.tbss .rel.tbss.* .rel.gnu.linkonce.tb.*)
 *(.rela.tbss .rela.tbss.* .rela.gnu.linkonce.tb.*)
 *(.rel.ctors)
 *(.rela.ctors)
 *(.rel.dtors)
 *(.rela.dtors)
 *(.rel.got)
 *(.rela.got)
 *(.rel.sdata .rel.sdata.* .rel.gnu.linkonce.s.*)
 *(.rela.sdata .rela.sdata.* .rela.gnu.linkonce.s.*)
 *(.rel.sbss .rel.sbss.* .rel.gnu.linkonce.sb.*)
 *(.rela.sbss .rela.sbss.* .rela.gnu.linkonce.sb.*)
 *(.rel.sdata2 .rel.sdata2.* .rel.gnu.linkonce.s2.*)
 *(.rela.sdata2 .rela.sdata2.* .rela.gnu.linkonce.s2.*)
 *(.rel.sbss2 .rel.sbss2.* .rel.gnu.linkonce.sb2.*)
 *(.rela.sbss2 .rela.sbss2.* .rela.gnu.linkonce.sb2.*)
 *(.rel.bss .rel.bss.* .rel.gnu.linkonce.b.*)
 *(.rela.bss .rela.bss.* .rela.gnu.linkonce.b.*)
 *(.rel.plt)
 *(.rela.plt)
 *(.rel.dyn)
 *(.init)
 *(.plt)
 *(.text .stub .text.* .gnu.linkonce.t.*)
 .text          0x0000000001000250       0x48 ../candy_avb_test_bsp//obj/HAL/src/crt0.o
                0x0000000001000250                _start
 .text          0x0000000001000298      0x4dc obj/default/FreeRTOS/Common_Demo_Tasks/BlockQ.o
                0x0000000001000298                vStartBlockingQueueTasks
                0x000000000100064c                xAreBlockingQueuesStillRunning
 .text          0x0000000001000774      0x9c0 obj/default/FreeRTOS/Common_Demo_Tasks/GenQTest.o
                0x0000000001000774                vStartGenericQueueTasks
                0x00000000010010d4                xAreGenericQueueTasksStillRunning
 .text          0x0000000001001134      0x238 obj/default/FreeRTOS/Common_Demo_Tasks/PollQ.o
                0x0000000001001134                vStartPolledQueueTasks
                0x0000000001001324                xArePollingQueuesStillRunning
 .text          0x000000000100136c      0x554 obj/default/FreeRTOS/Common_Demo_Tasks/QPeek.o
                0x000000000100136c                vStartQueuePeekTasks
                0x000000000100187c                xAreQueuePeekTasksStillRunning
 .text          0x00000000010018c0      0x770 obj/default/FreeRTOS/Common_Demo_Tasks/blocktim.o
                0x00000000010018c0                vCreateBlockTimeTasks
                0x0000000001001fc8                xAreBlockTimeTestTasksStillRunning
 .text          0x0000000001002030      0x2a4 obj/default/FreeRTOS/Common_Demo_Tasks/comtest.o
                0x0000000001002030                vAltStartComTestTasks
                0x0000000001002298                xAreComTestTasksStillRunning
 .text          0x00000000010022d4      0x3e0 obj/default/FreeRTOS/Common_Demo_Tasks/countsem.o
                0x00000000010022d4                vStartCountingSemaphoreTasks
                0x0000000001002628                xAreCountingSemaphoreTasksStillRunning
 .text          0x00000000010026b4      0x20c obj/default/FreeRTOS/Common_Demo_Tasks/death.o
                0x00000000010026b4                vCreateSuicidalTasks
                0x0000000001002838                xIsCreateTaskStillRunning
 .text          0x00000000010028c0      0x3f8 obj/default/FreeRTOS/Common_Demo_Tasks/dynamic.o
                0x00000000010028c0                vStartDynamicPriorityTasks
                0x0000000001002c38                xAreDynamicPriorityTasksStillRunning
 .text          0x0000000001002cb8       0xfc obj/default/FreeRTOS/Common_Demo_Tasks/flash.o
                0x0000000001002cb8                vStartLEDFlashTasks
 .text          0x0000000001002db4      0x194 obj/default/FreeRTOS/Common_Demo_Tasks/integer.o
                0x0000000001002db4                vStartIntegerMathTasks
                0x0000000001002ecc                xAreIntegerMathsTaskStillRunning
 .text          0x0000000001002f48      0x3ac obj/default/FreeRTOS/Common_Demo_Tasks/recmutex.o
                0x0000000001002f48                vStartRecursiveMutexTasks
                0x0000000001003258                xAreRecursiveMutexTasksStillRunning
 .text          0x00000000010032f4      0x414 obj/default/FreeRTOS/Common_Demo_Tasks/semtest.o
                0x00000000010032f4                vStartSemaphoreTasks
                0x0000000001003650                xAreSemaphoreTasksStillRunning
 .text          0x0000000001003708      0x11c obj/default/FreeRTOS/ParTest/ParTest.o
                0x0000000001003708                vParTestInitialise
                0x000000000100372c                vParTestSetLED
                0x00000000010037b8                vParTestToggleLED
 .text          0x0000000001003824      0x290 obj/default/FreeRTOS/Source/list.o
                0x0000000001003824                vListInitialise
                0x000000000100388c                vListInitialiseItem
                0x00000000010038b8                vListInsertEnd
                0x0000000001003944                vListInsert
                0x0000000001003a1c                uxListRemove
 .text          0x0000000001003ab4      0x480 obj/default/FreeRTOS/Source/portable/GCC/NiosII/port.o
                0x0000000001003ab4                prvReadGp
                0x0000000001003adc                pxPortInitialiseStack
                0x0000000001003bbc                xPortStartScheduler
                0x0000000001003bf4                vPortEndScheduler
                0x0000000001003ca4                vPortSysTickHandler
                0x0000000001003ce4                alt_irq_register
                0x0000000001003e54                alt_iic_isr_register
 .text          0x0000000001003f34      0x354 obj/default/FreeRTOS/Source/portable/MemMang/heap_2.o
                0x0000000001003f34                pvPortMalloc
                0x0000000001004108                vPortFree
                0x00000000010041d4                xPortGetFreeHeapSize
                0x00000000010041f4                vPortInitialiseBlocks
 .text          0x0000000001004288     0x10d8 obj/default/FreeRTOS/Source/queue.o
                0x0000000001004288                xQueueGenericReset
                0x000000000100439c                xQueueGenericCreate
                0x0000000001004520                xQueueCreateMutex
                0x000000000100457c                xQueueGiveMutexRecursive
                0x000000000100460c                xQueueTakeMutexRecursive
                0x00000000010046b0                xQueueCreateCountingSemaphore
                0x0000000001004708                xQueueGenericSend
                0x00000000010048bc                xQueueGenericSendFromISR
                0x00000000010049a4                xQueueGiveFromISR
                0x0000000001004a80                xQueueGenericReceive
                0x0000000001004cb4                xQueueReceiveFromISR
                0x0000000001004d98                xQueuePeekFromISR
                0x0000000001004e14                uxQueueMessagesWaiting
                0x0000000001004e54                uxQueueSpacesAvailable
                0x0000000001004ea8                uxQueueMessagesWaitingFromISR
                0x0000000001004ed8                vQueueDelete
                0x0000000001005280                xQueueIsQueueEmptyFromISR
                0x0000000001005318                xQueueIsQueueFullFromISR
 .text          0x0000000001005360     0x22e4 obj/default/FreeRTOS/Source/tasks.o
                0x0000000001005360                xTaskCreate
                0x0000000001005714                vTaskDelete
                0x00000000010057fc                vTaskDelayUntil
                0x00000000010058ec                vTaskDelay
                0x0000000001005948                uxTaskPriorityGet
                0x00000000010059a0                uxTaskPriorityGetFromISR
                0x00000000010059ec                vTaskPrioritySet
                0x0000000001005ba4                vTaskSuspend
                0x0000000001005d18                vTaskResume
                0x0000000001005de4                xTaskResumeFromISR
                0x0000000001005ec4                vTaskStartScheduler
                0x0000000001005f54                vTaskEndScheduler
                0x0000000001005f9c                vTaskSuspendAll
                0x0000000001005fc8                xTaskResumeAll
                0x0000000001006120                xTaskGetTickCount
                0x0000000001006148                xTaskGetTickCountFromISR
                0x0000000001006174                uxTaskGetNumberOfTasks
                0x0000000001006194                pcTaskGetName
                0x00000000010061d4                xTaskIncrementTick
                0x0000000001006398                vTaskSwitchContext
                0x0000000001006470                vTaskPlaceOnEventList
                0x00000000010064c0                vTaskPlaceOnUnorderedEventList
                0x0000000001006524                xTaskRemoveFromEventList
                0x0000000001006618                xTaskRemoveFromUnorderedEventList
                0x00000000010066f0                vTaskSetTimeOutState
                0x000000000100672c                xTaskCheckForTimeOut
                0x0000000001006808                vTaskMissedYield
                0x0000000001006a10                uxTaskGetStackHighWaterMark
                0x0000000001006b1c                xTaskGetCurrentTaskHandle
                0x0000000001006b44                vTaskPriorityInherit
                0x0000000001006c6c                xTaskPriorityDisinherit
                0x0000000001006d68                vTaskEnterCritical
                0x0000000001006dbc                vTaskExitCritical
                0x0000000001006e1c                uxTaskResetEventItemValue
                0x0000000001006e60                pvTaskIncrementMutexHeldCount
                0x0000000001006e98                ulTaskNotifyTake
                0x0000000001006f48                xTaskNotifyWait
                0x000000000100703c                xTaskGenericNotify
                0x00000000010071e0                xTaskGenericNotifyFromISR
                0x00000000010073c0                vTaskNotifyGiveFromISR
                0x00000000010074e4                xTaskNotifyStateClear
 .text          0x0000000001007644      0x408 obj/default/FreeRTOS/serial.o
                0x0000000001007644                xSerialPortInitMinimal
                0x00000000010076f8                vSerialClose
                0x000000000100771c                xSerialGetChar
                0x0000000001007790                xSerialPutChar
                0x0000000001007820                vSerialPutString
 .text          0x0000000001007a4c      0x6f4 obj/default/SigmaStudioFW.o
                0x0000000001007a4c                i2c_setup
                0x0000000001007acc                i2c_start
                0x0000000001007b74                i2c_write_byte
                0x0000000001007c24                i2c_write_byte_stop
                0x0000000001007cb8                i2c_multiple_write
                0x0000000001007e50                SIGMA_WRITE_REGISTER_BLOCK
                0x0000000001007ed4                SIGMA_WRITE_REGISTER_CONTROL
                0x0000000001007f50                SIGMA_SAFELOAD_WRITE_ADDR
                0x0000000001007fdc                SIGMA_SAFELOAD_WRITE_DATA
                0x00000000010080c0                SIGMA_SAFELOAD_WRITE_TRANSFER_BIT
 .text          0x0000000001008140     0x1570 obj/default/hello_world.o
                0x0000000001008140                default_download_IC_1
                0x0000000001008494                default_download_IC_2
                0x00000000010087e8                adc_callback
                0x0000000001008828                adc_init
                0x0000000001008884                main
                0x0000000001008bb4                eth_ocm_set_phy_addr
                0x0000000001008c28                eth_ocm_write_phy_reg
                0x0000000001008ca0                eth_ocm_read_phy_reg
                0x0000000001008d84                init_MAC
 .text          0x00000000010096b0        0x0 obj/default/FreeRTOS/Source/portable/GCC/NiosII/port_asm.o
 .text          0x00000000010096b0      0x1b4 c:/intelfpga_lite/18.1/nios2eds/bin/gnu/h-x86_64-mingw32/bin/../lib/gcc/nios2-elf/5.3.0\libgcc.a(lib2-divmod.o)
                0x00000000010096b0                __divsi3
                0x0000000001009734                __modsi3
                0x00000000010097a8                __udivsi3
                0x000000000100980c                __umodsi3
 .text          0x0000000001009864      0x110 c:/intelfpga_lite/18.1/nios2eds/bin/gnu/h-x86_64-mingw32/bin/../lib/gcc/nios2-elf/5.3.0\libgcc.a(extendsfdf2.o)
                0x0000000001009864                __extendsfdf2
 .text          0x0000000001009974       0x64 c:/intelfpga_lite/18.1/nios2eds/bin/gnu/h-x86_64-mingw32/bin/../lib/gcc/nios2-elf/5.3.0\libgcc.a(_clzsi2.o)
                0x0000000001009974                __clzsi2
 .text          0x00000000010099d8        0x0 c:/intelfpga_lite/18.1/nios2eds/bin/gnu/h-x86_64-mingw32/bin/../lib/gcc/nios2-elf/5.3.0\libgcc.a(_clz.o)
 .text          0x00000000010099d8        0x0 c:/intelfpga_lite/18.1/nios2eds/bin/gnu/h-x86_64-mingw32/bin/../lib/gcc/nios2-elf/5.3.0/../../../../../H-x86_64-mingw32/nios2-elf/lib\libc.a(lib_a-memcpy.o)
 .text.memcpy   0x00000000010099d8      0x148 c:/intelfpga_lite/18.1/nios2eds/bin/gnu/h-x86_64-mingw32/bin/../lib/gcc/nios2-elf/5.3.0/../../../../../H-x86_64-mingw32/nios2-elf/lib\libc.a(lib_a-memcpy.o)
                0x00000000010099d8                memcpy
 .text          0x0000000001009b20        0x0 c:/intelfpga_lite/18.1/nios2eds/bin/gnu/h-x86_64-mingw32/bin/../lib/gcc/nios2-elf/5.3.0/../../../../../H-x86_64-mingw32/nios2-elf/lib\libc.a(lib_a-memset.o)
 .text.memset   0x0000000001009b20      0x128 c:/intelfpga_lite/18.1/nios2eds/bin/gnu/h-x86_64-mingw32/bin/../lib/gcc/nios2-elf/5.3.0/../../../../../H-x86_64-mingw32/nios2-elf/lib\libc.a(lib_a-memset.o)
                0x0000000001009b20                memset
 .text          0x0000000001009c48        0x0 c:/intelfpga_lite/18.1/nios2eds/bin/gnu/h-x86_64-mingw32/bin/../lib/gcc/nios2-elf/5.3.0/../../../../../H-x86_64-mingw32/nios2-elf/lib\libc.a(lib_a-printf.o)
 .text._printf_r
                0x0000000001009c48       0x30 c:/intelfpga_lite/18.1/nios2eds/bin/gnu/h-x86_64-mingw32/bin/../lib/gcc/nios2-elf/5.3.0/../../../../../H-x86_64-mingw32/nios2-elf/lib\libc.a(lib_a-printf.o)
                0x0000000001009c48                _printf_r
 .text.printf   0x0000000001009c78       0x3c c:/intelfpga_lite/18.1/nios2eds/bin/gnu/h-x86_64-mingw32/bin/../lib/gcc/nios2-elf/5.3.0/../../../../../H-x86_64-mingw32/nios2-elf/lib\libc.a(lib_a-printf.o)
                0x0000000001009c78                printf
 .text          0x0000000001009cb4        0x0 c:/intelfpga_lite/18.1/nios2eds/bin/gnu/h-x86_64-mingw32/bin/../lib/gcc/nios2-elf/5.3.0/../../../../../H-x86_64-mingw32/nios2-elf/lib\libc.a(lib_a-putchar.o)
 .text._putchar_r
                0x0000000001009cb4        0x8 c:/intelfpga_lite/18.1/nios2eds/bin/gnu/h-x86_64-mingw32/bin/../lib/gcc/nios2-elf/5.3.0/../../../../../H-x86_64-mingw32/nios2-elf/lib\libc.a(lib_a-putchar.o)
                0x0000000001009cb4                _putchar_r
 .text.putchar  0x0000000001009cbc       0x18 c:/intelfpga_lite/18.1/nios2eds/bin/gnu/h-x86_64-mingw32/bin/../lib/gcc/nios2-elf/5.3.0/../../../../../H-x86_64-mingw32/nios2-elf/lib\libc.a(lib_a-putchar.o)
                0x0000000001009cbc                putchar
 .text          0x0000000001009cd4        0x0 c:/intelfpga_lite/18.1/nios2eds/bin/gnu/h-x86_64-mingw32/bin/../lib/gcc/nios2-elf/5.3.0/../../../../../H-x86_64-mingw32/nios2-elf/lib\libc.a(lib_a-puts.o)
 .text._puts_r  0x0000000001009cd4       0xc0 c:/intelfpga_lite/18.1/nios2eds/bin/gnu/h-x86_64-mingw32/bin/../lib/gcc/nios2-elf/5.3.0/../../../../../H-x86_64-mingw32/nios2-elf/lib\libc.a(lib_a-puts.o)
                0x0000000001009cd4                _puts_r
 .text.puts     0x0000000001009d94       0x14 c:/intelfpga_lite/18.1/nios2eds/bin/gnu/h-x86_64-mingw32/bin/../lib/gcc/nios2-elf/5.3.0/../../../../../H-x86_64-mingw32/nios2-elf/lib\libc.a(lib_a-puts.o)
                0x0000000001009d94                puts
 .text          0x0000000001009da8        0x0 c:/intelfpga_lite/18.1/nios2eds/bin/gnu/h-x86_64-mingw32/bin/../lib/gcc/nios2-elf/5.3.0/../../../../../H-x86_64-mingw32/nios2-elf/lib\libc.a(lib_a-strlen.o)
 .text.strlen   0x0000000001009da8       0x98 c:/intelfpga_lite/18.1/nios2eds/bin/gnu/h-x86_64-mingw32/bin/../lib/gcc/nios2-elf/5.3.0/../../../../../H-x86_64-mingw32/nios2-elf/lib\libc.a(lib_a-strlen.o)
                0x0000000001009da8                strlen
 .text          0x0000000001009e40        0x0 c:/intelfpga_lite/18.1/nios2eds/bin/gnu/h-x86_64-mingw32/bin/../lib/gcc/nios2-elf/5.3.0/../../../../../H-x86_64-mingw32/nios2-elf/lib\libc.a(lib_a-vfprintf.o)
 .text.___vfprintf_internal_r
                0x0000000001009e40     0x21f8 c:/intelfpga_lite/18.1/nios2eds/bin/gnu/h-x86_64-mingw32/bin/../lib/gcc/nios2-elf/5.3.0/../../../../../H-x86_64-mingw32/nios2-elf/lib\libc.a(lib_a-vfprintf.o)
                0x0000000001009e40                ___vfprintf_internal_r
 .text.__vfprintf_internal
                0x000000000100c038       0x1c c:/intelfpga_lite/18.1/nios2eds/bin/gnu/h-x86_64-mingw32/bin/../lib/gcc/nios2-elf/5.3.0/../../../../../H-x86_64-mingw32/nios2-elf/lib\libc.a(lib_a-vfprintf.o)
                0x000000000100c038                __vfprintf_internal
 .text.__sbprintf
                0x000000000100c054       0xbc c:/intelfpga_lite/18.1/nios2eds/bin/gnu/h-x86_64-mingw32/bin/../lib/gcc/nios2-elf/5.3.0/../../../../../H-x86_64-mingw32/nios2-elf/lib\libc.a(lib_a-vfprintf.o)
 .text          0x000000000100c110        0x0 c:/intelfpga_lite/18.1/nios2eds/bin/gnu/h-x86_64-mingw32/bin/../lib/gcc/nios2-elf/5.3.0/../../../../../H-x86_64-mingw32/nios2-elf/lib\libc.a(lib_a-wsetup.o)
 .text.__swsetup_r
                0x000000000100c110      0x154 c:/intelfpga_lite/18.1/nios2eds/bin/gnu/h-x86_64-mingw32/bin/../lib/gcc/nios2-elf/5.3.0/../../../../../H-x86_64-mingw32/nios2-elf/lib\libc.a(lib_a-wsetup.o)
                0x000000000100c110                __swsetup_r
 .text          0x000000000100c264        0x0 c:/intelfpga_lite/18.1/nios2eds/bin/gnu/h-x86_64-mingw32/bin/../lib/gcc/nios2-elf/5.3.0/../../../../../H-x86_64-mingw32/nios2-elf/lib\libc.a(lib_a-dtoa.o)
 .text.quorem   0x000000000100c264      0x200 c:/intelfpga_lite/18.1/nios2eds/bin/gnu/h-x86_64-mingw32/bin/../lib/gcc/nios2-elf/5.3.0/../../../../../H-x86_64-mingw32/nios2-elf/lib\libc.a(lib_a-dtoa.o)
 .text._dtoa_r  0x000000000100c464     0x1688 c:/intelfpga_lite/18.1/nios2eds/bin/gnu/h-x86_64-mingw32/bin/../lib/gcc/nios2-elf/5.3.0/../../../../../H-x86_64-mingw32/nios2-elf/lib\libc.a(lib_a-dtoa.o)
                0x000000000100c464                _dtoa_r
 .text          0x000000000100daec        0x0 c:/intelfpga_lite/18.1/nios2eds/bin/gnu/h-x86_64-mingw32/bin/../lib/gcc/nios2-elf/5.3.0/../../../../../H-x86_64-mingw32/nios2-elf/lib\libc.a(lib_a-fflush.o)
 .text.__sflush_r
                0x000000000100daec      0x21c c:/intelfpga_lite/18.1/nios2eds/bin/gnu/h-x86_64-mingw32/bin/../lib/gcc/nios2-elf/5.3.0/../../../../../H-x86_64-mingw32/nios2-elf/lib\libc.a(lib_a-fflush.o)
                0x000000000100daec                __sflush_r
 .text._fflush_r
                0x000000000100dd08       0x5c c:/intelfpga_lite/18.1/nios2eds/bin/gnu/h-x86_64-mingw32/bin/../lib/gcc/nios2-elf/5.3.0/../../../../../H-x86_64-mingw32/nios2-elf/lib\libc.a(lib_a-fflush.o)
                0x000000000100dd08                _fflush_r
 .text.fflush   0x000000000100dd64       0x30 c:/intelfpga_lite/18.1/nios2eds/bin/gnu/h-x86_64-mingw32/bin/../lib/gcc/nios2-elf/5.3.0/../../../../../H-x86_64-mingw32/nios2-elf/lib\libc.a(lib_a-fflush.o)
                0x000000000100dd64                fflush
 .text          0x000000000100dd94        0x0 c:/intelfpga_lite/18.1/nios2eds/bin/gnu/h-x86_64-mingw32/bin/../lib/gcc/nios2-elf/5.3.0/../../../../../H-x86_64-mingw32/nios2-elf/lib\libc.a(lib_a-findfp.o)
 .text.__fp_unlock
                0x000000000100dd94        0x8 c:/intelfpga_lite/18.1/nios2eds/bin/gnu/h-x86_64-mingw32/bin/../lib/gcc/nios2-elf/5.3.0/../../../../../H-x86_64-mingw32/nios2-elf/lib\libc.a(lib_a-findfp.o)
 .text._cleanup_r
                0x000000000100dd9c        0xc c:/intelfpga_lite/18.1/nios2eds/bin/gnu/h-x86_64-mingw32/bin/../lib/gcc/nios2-elf/5.3.0/../../../../../H-x86_64-mingw32/nios2-elf/lib\libc.a(lib_a-findfp.o)
                0x000000000100dd9c                _cleanup_r
 .text.__sinit.part.1
                0x000000000100dda8      0x19c c:/intelfpga_lite/18.1/nios2eds/bin/gnu/h-x86_64-mingw32/bin/../lib/gcc/nios2-elf/5.3.0/../../../../../H-x86_64-mingw32/nios2-elf/lib\libc.a(lib_a-findfp.o)
 .text.__fp_lock
                0x000000000100df44        0x8 c:/intelfpga_lite/18.1/nios2eds/bin/gnu/h-x86_64-mingw32/bin/../lib/gcc/nios2-elf/5.3.0/../../../../../H-x86_64-mingw32/nios2-elf/lib\libc.a(lib_a-findfp.o)
 .text.__sfmoreglue
                0x000000000100df4c       0x68 c:/intelfpga_lite/18.1/nios2eds/bin/gnu/h-x86_64-mingw32/bin/../lib/gcc/nios2-elf/5.3.0/../../../../../H-x86_64-mingw32/nios2-elf/lib\libc.a(lib_a-findfp.o)
                0x000000000100df4c                __sfmoreglue
 .text.__sfp    0x000000000100dfb4      0x118 c:/intelfpga_lite/18.1/nios2eds/bin/gnu/h-x86_64-mingw32/bin/../lib/gcc/nios2-elf/5.3.0/../../../../../H-x86_64-mingw32/nios2-elf/lib\libc.a(lib_a-findfp.o)
                0x000000000100dfb4                __sfp
 .text._cleanup
                0x000000000100e0cc       0x18 c:/intelfpga_lite/18.1/nios2eds/bin/gnu/h-x86_64-mingw32/bin/../lib/gcc/nios2-elf/5.3.0/../../../../../H-x86_64-mingw32/nios2-elf/lib\libc.a(lib_a-findfp.o)
                0x000000000100e0cc                _cleanup
 .text.__sinit  0x000000000100e0e4       0x10 c:/intelfpga_lite/18.1/nios2eds/bin/gnu/h-x86_64-mingw32/bin/../lib/gcc/nios2-elf/5.3.0/../../../../../H-x86_64-mingw32/nios2-elf/lib\libc.a(lib_a-findfp.o)
                0x000000000100e0e4                __sinit
 .text.__sfp_lock_acquire
                0x000000000100e0f4        0x4 c:/intelfpga_lite/18.1/nios2eds/bin/gnu/h-x86_64-mingw32/bin/../lib/gcc/nios2-elf/5.3.0/../../../../../H-x86_64-mingw32/nios2-elf/lib\libc.a(lib_a-findfp.o)
                0x000000000100e0f4                __sfp_lock_acquire
 .text.__sfp_lock_release
                0x000000000100e0f8        0x4 c:/intelfpga_lite/18.1/nios2eds/bin/gnu/h-x86_64-mingw32/bin/../lib/gcc/nios2-elf/5.3.0/../../../../../H-x86_64-mingw32/nios2-elf/lib\libc.a(lib_a-findfp.o)
                0x000000000100e0f8                __sfp_lock_release
 .text.__sinit_lock_acquire
                0x000000000100e0fc        0x4 c:/intelfpga_lite/18.1/nios2eds/bin/gnu/h-x86_64-mingw32/bin/../lib/gcc/nios2-elf/5.3.0/../../../../../H-x86_64-mingw32/nios2-elf/lib\libc.a(lib_a-findfp.o)
                0x000000000100e0fc                __sinit_lock_acquire
 .text.__sinit_lock_release
                0x000000000100e100        0x4 c:/intelfpga_lite/18.1/nios2eds/bin/gnu/h-x86_64-mingw32/bin/../lib/gcc/nios2-elf/5.3.0/../../../../../H-x86_64-mingw32/nios2-elf/lib\libc.a(lib_a-findfp.o)
                0x000000000100e100                __sinit_lock_release
 .text.__fp_lock_all
                0x000000000100e104       0x18 c:/intelfpga_lite/18.1/nios2eds/bin/gnu/h-x86_64-mingw32/bin/../lib/gcc/nios2-elf/5.3.0/../../../../../H-x86_64-mingw32/nios2-elf/lib\libc.a(lib_a-findfp.o)
                0x000000000100e104                __fp_lock_all
 .text.__fp_unlock_all
                0x000000000100e11c       0x18 c:/intelfpga_lite/18.1/nios2eds/bin/gnu/h-x86_64-mingw32/bin/../lib/gcc/nios2-elf/5.3.0/../../../../../H-x86_64-mingw32/nios2-elf/lib\libc.a(lib_a-findfp.o)
                0x000000000100e11c                __fp_unlock_all
 .text          0x000000000100e134        0x0 c:/intelfpga_lite/18.1/nios2eds/bin/gnu/h-x86_64-mingw32/bin/../lib/gcc/nios2-elf/5.3.0/../../../../../H-x86_64-mingw32/nios2-elf/lib\libc.a(lib_a-freer.o)
 .text._malloc_trim_r
                0x000000000100e134      0x124 c:/intelfpga_lite/18.1/nios2eds/bin/gnu/h-x86_64-mingw32/bin/../lib/gcc/nios2-elf/5.3.0/../../../../../H-x86_64-mingw32/nios2-elf/lib\libc.a(lib_a-freer.o)
                0x000000000100e134                _malloc_trim_r
 .text._free_r  0x000000000100e258      0x310 c:/intelfpga_lite/18.1/nios2eds/bin/gnu/h-x86_64-mingw32/bin/../lib/gcc/nios2-elf/5.3.0/../../../../../H-x86_64-mingw32/nios2-elf/lib\libc.a(lib_a-freer.o)
                0x000000000100e258                _free_r
 .text          0x000000000100e568        0x0 c:/intelfpga_lite/18.1/nios2eds/bin/gnu/h-x86_64-mingw32/bin/../lib/gcc/nios2-elf/5.3.0/../../../../../H-x86_64-mingw32/nios2-elf/lib\libc.a(lib_a-fvwrite.o)
 .text.__sfvwrite_r
                0x000000000100e568      0x4bc c:/intelfpga_lite/18.1/nios2eds/bin/gnu/h-x86_64-mingw32/bin/../lib/gcc/nios2-elf/5.3.0/../../../../../H-x86_64-mingw32/nios2-elf/lib\libc.a(lib_a-fvwrite.o)
                0x000000000100e568                __sfvwrite_r
 .text          0x000000000100ea24        0x0 c:/intelfpga_lite/18.1/nios2eds/bin/gnu/h-x86_64-mingw32/bin/../lib/gcc/nios2-elf/5.3.0/../../../../../H-x86_64-mingw32/nios2-elf/lib\libc.a(lib_a-fwalk.o)
 .text._fwalk   0x000000000100ea24       0xc4 c:/intelfpga_lite/18.1/nios2eds/bin/gnu/h-x86_64-mingw32/bin/../lib/gcc/nios2-elf/5.3.0/../../../../../H-x86_64-mingw32/nios2-elf/lib\libc.a(lib_a-fwalk.o)
                0x000000000100ea24                _fwalk
 .text._fwalk_reent
                0x000000000100eae8       0xc4 c:/intelfpga_lite/18.1/nios2eds/bin/gnu/h-x86_64-mingw32/bin/../lib/gcc/nios2-elf/5.3.0/../../../../../H-x86_64-mingw32/nios2-elf/lib\libc.a(lib_a-fwalk.o)
                0x000000000100eae8                _fwalk_reent
 .text          0x000000000100ebac        0x0 c:/intelfpga_lite/18.1/nios2eds/bin/gnu/h-x86_64-mingw32/bin/../lib/gcc/nios2-elf/5.3.0/../../../../../H-x86_64-mingw32/nios2-elf/lib\libc.a(lib_a-impure.o)
 .text          0x000000000100ebac        0x0 c:/intelfpga_lite/18.1/nios2eds/bin/gnu/h-x86_64-mingw32/bin/../lib/gcc/nios2-elf/5.3.0/../../../../../H-x86_64-mingw32/nios2-elf/lib\libc.a(lib_a-locale.o)
 .text._setlocale_r
                0x000000000100ebac       0x7c c:/intelfpga_lite/18.1/nios2eds/bin/gnu/h-x86_64-mingw32/bin/../lib/gcc/nios2-elf/5.3.0/../../../../../H-x86_64-mingw32/nios2-elf/lib\libc.a(lib_a-locale.o)
                0x000000000100ebac                _setlocale_r
 .text.__locale_charset
                0x000000000100ec28        0xc c:/intelfpga_lite/18.1/nios2eds/bin/gnu/h-x86_64-mingw32/bin/../lib/gcc/nios2-elf/5.3.0/../../../../../H-x86_64-mingw32/nios2-elf/lib\libc.a(lib_a-locale.o)
                0x000000000100ec28                __locale_charset
 .text.__locale_mb_cur_max
                0x000000000100ec34       0x10 c:/intelfpga_lite/18.1/nios2eds/bin/gnu/h-x86_64-mingw32/bin/../lib/gcc/nios2-elf/5.3.0/../../../../../H-x86_64-mingw32/nios2-elf/lib\libc.a(lib_a-locale.o)
                0x000000000100ec34                __locale_mb_cur_max
 .text.__locale_msgcharset
                0x000000000100ec44        0xc c:/intelfpga_lite/18.1/nios2eds/bin/gnu/h-x86_64-mingw32/bin/../lib/gcc/nios2-elf/5.3.0/../../../../../H-x86_64-mingw32/nios2-elf/lib\libc.a(lib_a-locale.o)
                0x000000000100ec44                __locale_msgcharset
 .text.__locale_cjk_lang
                0x000000000100ec50        0x8 c:/intelfpga_lite/18.1/nios2eds/bin/gnu/h-x86_64-mingw32/bin/../lib/gcc/nios2-elf/5.3.0/../../../../../H-x86_64-mingw32/nios2-elf/lib\libc.a(lib_a-locale.o)
                0x000000000100ec50                __locale_cjk_lang
 .text._localeconv_r
                0x000000000100ec58        0xc c:/intelfpga_lite/18.1/nios2eds/bin/gnu/h-x86_64-mingw32/bin/../lib/gcc/nios2-elf/5.3.0/../../../../../H-x86_64-mingw32/nios2-elf/lib\libc.a(lib_a-locale.o)
                0x000000000100ec58                _localeconv_r
 .text.setlocale
                0x000000000100ec64       0x18 c:/intelfpga_lite/18.1/nios2eds/bin/gnu/h-x86_64-mingw32/bin/../lib/gcc/nios2-elf/5.3.0/../../../../../H-x86_64-mingw32/nios2-elf/lib\libc.a(lib_a-locale.o)
                0x000000000100ec64                setlocale
 .text.localeconv
                0x000000000100ec7c        0xc c:/intelfpga_lite/18.1/nios2eds/bin/gnu/h-x86_64-mingw32/bin/../lib/gcc/nios2-elf/5.3.0/../../../../../H-x86_64-mingw32/nios2-elf/lib\libc.a(lib_a-locale.o)
                0x000000000100ec7c                localeconv
 .text          0x000000000100ec88        0x0 c:/intelfpga_lite/18.1/nios2eds/bin/gnu/h-x86_64-mingw32/bin/../lib/gcc/nios2-elf/5.3.0/../../../../../H-x86_64-mingw32/nios2-elf/lib\libc.a(lib_a-makebuf.o)
 .text.__smakebuf_r
                0x000000000100ec88      0x1bc c:/intelfpga_lite/18.1/nios2eds/bin/gnu/h-x86_64-mingw32/bin/../lib/gcc/nios2-elf/5.3.0/../../../../../H-x86_64-mingw32/nios2-elf/lib\libc.a(lib_a-makebuf.o)
                0x000000000100ec88                __smakebuf_r
 .text          0x000000000100ee44        0x0 c:/intelfpga_lite/18.1/nios2eds/bin/gnu/h-x86_64-mingw32/bin/../lib/gcc/nios2-elf/5.3.0/../../../../../H-x86_64-mingw32/nios2-elf/lib\libc.a(lib_a-mallocr.o)
 .text._malloc_r
                0x000000000100ee44      0x80c c:/intelfpga_lite/18.1/nios2eds/bin/gnu/h-x86_64-mingw32/bin/../lib/gcc/nios2-elf/5.3.0/../../../../../H-x86_64-mingw32/nios2-elf/lib\libc.a(lib_a-mallocr.o)
                0x000000000100ee44                _malloc_r
 .text          0x000000000100f650        0x0 c:/intelfpga_lite/18.1/nios2eds/bin/gnu/h-x86_64-mingw32/bin/../lib/gcc/nios2-elf/5.3.0/../../../../../H-x86_64-mingw32/nios2-elf/lib\libc.a(lib_a-memchr.o)
 .text.memchr   0x000000000100f650       0xe4 c:/intelfpga_lite/18.1/nios2eds/bin/gnu/h-x86_64-mingw32/bin/../lib/gcc/nios2-elf/5.3.0/../../../../../H-x86_64-mingw32/nios2-elf/lib\libc.a(lib_a-memchr.o)
                0x000000000100f650                memchr
 .text          0x000000000100f734        0x0 c:/intelfpga_lite/18.1/nios2eds/bin/gnu/h-x86_64-mingw32/bin/../lib/gcc/nios2-elf/5.3.0/../../../../../H-x86_64-mingw32/nios2-elf/lib\libc.a(lib_a-memmove.o)
 .text.memmove  0x000000000100f734      0x15c c:/intelfpga_lite/18.1/nios2eds/bin/gnu/h-x86_64-mingw32/bin/../lib/gcc/nios2-elf/5.3.0/../../../../../H-x86_64-mingw32/nios2-elf/lib\libc.a(lib_a-memmove.o)
                0x000000000100f734                memmove
 .text          0x000000000100f890        0x0 c:/intelfpga_lite/18.1/nios2eds/bin/gnu/h-x86_64-mingw32/bin/../lib/gcc/nios2-elf/5.3.0/../../../../../H-x86_64-mingw32/nios2-elf/lib\libc.a(lib_a-mprec.o)
 .text._Balloc  0x000000000100f890       0xa8 c:/intelfpga_lite/18.1/nios2eds/bin/gnu/h-x86_64-mingw32/bin/../lib/gcc/nios2-elf/5.3.0/../../../../../H-x86_64-mingw32/nios2-elf/lib\libc.a(lib_a-mprec.o)
                0x000000000100f890                _Balloc
 .text._Bfree   0x000000000100f938       0x28 c:/intelfpga_lite/18.1/nios2eds/bin/gnu/h-x86_64-mingw32/bin/../lib/gcc/nios2-elf/5.3.0/../../../../../H-x86_64-mingw32/nios2-elf/lib\libc.a(lib_a-mprec.o)
                0x000000000100f938                _Bfree
 .text.__multadd
                0x000000000100f960      0x120 c:/intelfpga_lite/18.1/nios2eds/bin/gnu/h-x86_64-mingw32/bin/../lib/gcc/nios2-elf/5.3.0/../../../../../H-x86_64-mingw32/nios2-elf/lib\libc.a(lib_a-mprec.o)
                0x000000000100f960                __multadd
 .text.__s2b    0x000000000100fa80      0x104 c:/intelfpga_lite/18.1/nios2eds/bin/gnu/h-x86_64-mingw32/bin/../lib/gcc/nios2-elf/5.3.0/../../../../../H-x86_64-mingw32/nios2-elf/lib\libc.a(lib_a-mprec.o)
                0x000000000100fa80                __s2b
 .text.__hi0bits
                0x000000000100fb84       0x68 c:/intelfpga_lite/18.1/nios2eds/bin/gnu/h-x86_64-mingw32/bin/../lib/gcc/nios2-elf/5.3.0/../../../../../H-x86_64-mingw32/nios2-elf/lib\libc.a(lib_a-mprec.o)
                0x000000000100fb84                __hi0bits
 .text.__lo0bits
                0x000000000100fbec       0xb0 c:/intelfpga_lite/18.1/nios2eds/bin/gnu/h-x86_64-mingw32/bin/../lib/gcc/nios2-elf/5.3.0/../../../../../H-x86_64-mingw32/nios2-elf/lib\libc.a(lib_a-mprec.o)
                0x000000000100fbec                __lo0bits
 .text.__i2b    0x000000000100fc9c       0x3c c:/intelfpga_lite/18.1/nios2eds/bin/gnu/h-x86_64-mingw32/bin/../lib/gcc/nios2-elf/5.3.0/../../../../../H-x86_64-mingw32/nios2-elf/lib\libc.a(lib_a-mprec.o)
                0x000000000100fc9c                __i2b
 .text.__multiply
                0x000000000100fcd8      0x1f8 c:/intelfpga_lite/18.1/nios2eds/bin/gnu/h-x86_64-mingw32/bin/../lib/gcc/nios2-elf/5.3.0/../../../../../H-x86_64-mingw32/nios2-elf/lib\libc.a(lib_a-mprec.o)
                0x000000000100fcd8                __multiply
 .text.__pow5mult
                0x000000000100fed0      0x140 c:/intelfpga_lite/18.1/nios2eds/bin/gnu/h-x86_64-mingw32/bin/../lib/gcc/nios2-elf/5.3.0/../../../../../H-x86_64-mingw32/nios2-elf/lib\libc.a(lib_a-mprec.o)
                0x000000000100fed0                __pow5mult
 .text.__lshift
                0x0000000001010010      0x148 c:/intelfpga_lite/18.1/nios2eds/bin/gnu/h-x86_64-mingw32/bin/../lib/gcc/nios2-elf/5.3.0/../../../../../H-x86_64-mingw32/nios2-elf/lib\libc.a(lib_a-mprec.o)
                0x0000000001010010                __lshift
 .text.__mcmp   0x0000000001010158       0x60 c:/intelfpga_lite/18.1/nios2eds/bin/gnu/h-x86_64-mingw32/bin/../lib/gcc/nios2-elf/5.3.0/../../../../../H-x86_64-mingw32/nios2-elf/lib\libc.a(lib_a-mprec.o)
                0x0000000001010158                __mcmp
 .text.__mdiff  0x00000000010101b8      0x1fc c:/intelfpga_lite/18.1/nios2eds/bin/gnu/h-x86_64-mingw32/bin/../lib/gcc/nios2-elf/5.3.0/../../../../../H-x86_64-mingw32/nios2-elf/lib\libc.a(lib_a-mprec.o)
                0x00000000010101b8                __mdiff
 .text.__ulp    0x00000000010103b4       0x64 c:/intelfpga_lite/18.1/nios2eds/bin/gnu/h-x86_64-mingw32/bin/../lib/gcc/nios2-elf/5.3.0/../../../../../H-x86_64-mingw32/nios2-elf/lib\libc.a(lib_a-mprec.o)
                0x00000000010103b4                __ulp
 .text.__b2d    0x0000000001010418      0x10c c:/intelfpga_lite/18.1/nios2eds/bin/gnu/h-x86_64-mingw32/bin/../lib/gcc/nios2-elf/5.3.0/../../../../../H-x86_64-mingw32/nios2-elf/lib\libc.a(lib_a-mprec.o)
                0x0000000001010418                __b2d
 .text.__d2b    0x0000000001010524      0x14c c:/intelfpga_lite/18.1/nios2eds/bin/gnu/h-x86_64-mingw32/bin/../lib/gcc/nios2-elf/5.3.0/../../../../../H-x86_64-mingw32/nios2-elf/lib\libc.a(lib_a-mprec.o)
                0x0000000001010524                __d2b
 .text.__ratio  0x0000000001010670       0xa4 c:/intelfpga_lite/18.1/nios2eds/bin/gnu/h-x86_64-mingw32/bin/../lib/gcc/nios2-elf/5.3.0/../../../../../H-x86_64-mingw32/nios2-elf/lib\libc.a(lib_a-mprec.o)
                0x0000000001010670                __ratio
 .text._mprec_log10
                0x0000000001010714       0x74 c:/intelfpga_lite/18.1/nios2eds/bin/gnu/h-x86_64-mingw32/bin/../lib/gcc/nios2-elf/5.3.0/../../../../../H-x86_64-mingw32/nios2-elf/lib\libc.a(lib_a-mprec.o)
                0x0000000001010714                _mprec_log10
 .text.__copybits
                0x0000000001010788       0x78 c:/intelfpga_lite/18.1/nios2eds/bin/gnu/h-x86_64-mingw32/bin/../lib/gcc/nios2-elf/5.3.0/../../../../../H-x86_64-mingw32/nios2-elf/lib\libc.a(lib_a-mprec.o)
                0x0000000001010788                __copybits
 .text.__any_on
                0x0000000001010800       0x8c c:/intelfpga_lite/18.1/nios2eds/bin/gnu/h-x86_64-mingw32/bin/../lib/gcc/nios2-elf/5.3.0/../../../../../H-x86_64-mingw32/nios2-elf/lib\libc.a(lib_a-mprec.o)
                0x0000000001010800                __any_on
 .text          0x000000000101088c        0x0 c:/intelfpga_lite/18.1/nios2eds/bin/gnu/h-x86_64-mingw32/bin/../lib/gcc/nios2-elf/5.3.0/../../../../../H-x86_64-mingw32/nios2-elf/lib\libc.a(lib_a-putc.o)
 .text._putc_r  0x000000000101088c       0xa0 c:/intelfpga_lite/18.1/nios2eds/bin/gnu/h-x86_64-mingw32/bin/../lib/gcc/nios2-elf/5.3.0/../../../../../H-x86_64-mingw32/nios2-elf/lib\libc.a(lib_a-putc.o)
                0x000000000101088c                _putc_r
 .text.putc     0x000000000101092c       0xc8 c:/intelfpga_lite/18.1/nios2eds/bin/gnu/h-x86_64-mingw32/bin/../lib/gcc/nios2-elf/5.3.0/../../../../../H-x86_64-mingw32/nios2-elf/lib\libc.a(lib_a-putc.o)
                0x000000000101092c                putc
 .text          0x00000000010109f4        0x0 c:/intelfpga_lite/18.1/nios2eds/bin/gnu/h-x86_64-mingw32/bin/../lib/gcc/nios2-elf/5.3.0/../../../../../H-x86_64-mingw32/nios2-elf/lib\libc.a(lib_a-reallocr.o)
 .text._realloc_r
                0x00000000010109f4      0x564 c:/intelfpga_lite/18.1/nios2eds/bin/gnu/h-x86_64-mingw32/bin/../lib/gcc/nios2-elf/5.3.0/../../../../../H-x86_64-mingw32/nios2-elf/lib\libc.a(lib_a-reallocr.o)
                0x00000000010109f4                _realloc_r
 .text          0x0000000001010f58        0x0 c:/intelfpga_lite/18.1/nios2eds/bin/gnu/h-x86_64-mingw32/bin/../lib/gcc/nios2-elf/5.3.0/../../../../../H-x86_64-mingw32/nios2-elf/lib\libc.a(lib_a-s_fpclassify.o)
 .text.__fpclassifyd
                0x0000000001010f58       0x74 c:/intelfpga_lite/18.1/nios2eds/bin/gnu/h-x86_64-mingw32/bin/../lib/gcc/nios2-elf/5.3.0/../../../../../H-x86_64-mingw32/nios2-elf/lib\libc.a(lib_a-s_fpclassify.o)
                0x0000000001010f58                __fpclassifyd
 .text          0x0000000001010fcc        0x0 c:/intelfpga_lite/18.1/nios2eds/bin/gnu/h-x86_64-mingw32/bin/../lib/gcc/nios2-elf/5.3.0/../../../../../H-x86_64-mingw32/nios2-elf/lib\libc.a(lib_a-sbrkr.o)
 .text._sbrk_r  0x0000000001010fcc       0x54 c:/intelfpga_lite/18.1/nios2eds/bin/gnu/h-x86_64-mingw32/bin/../lib/gcc/nios2-elf/5.3.0/../../../../../H-x86_64-mingw32/nios2-elf/lib\libc.a(lib_a-sbrkr.o)
                0x0000000001010fcc                _sbrk_r
 .text          0x0000000001011020        0x0 c:/intelfpga_lite/18.1/nios2eds/bin/gnu/h-x86_64-mingw32/bin/../lib/gcc/nios2-elf/5.3.0/../../../../../H-x86_64-mingw32/nios2-elf/lib\libc.a(lib_a-stdio.o)
 .text.__sread  0x0000000001011020       0x54 c:/intelfpga_lite/18.1/nios2eds/bin/gnu/h-x86_64-mingw32/bin/../lib/gcc/nios2-elf/5.3.0/../../../../../H-x86_64-mingw32/nios2-elf/lib\libc.a(lib_a-stdio.o)
                0x0000000001011020                __sread
 .text.__seofread
                0x0000000001011074        0x8 c:/intelfpga_lite/18.1/nios2eds/bin/gnu/h-x86_64-mingw32/bin/../lib/gcc/nios2-elf/5.3.0/../../../../../H-x86_64-mingw32/nios2-elf/lib\libc.a(lib_a-stdio.o)
                0x0000000001011074                __seofread
 .text.__swrite
                0x000000000101107c       0x7c c:/intelfpga_lite/18.1/nios2eds/bin/gnu/h-x86_64-mingw32/bin/../lib/gcc/nios2-elf/5.3.0/../../../../../H-x86_64-mingw32/nios2-elf/lib\libc.a(lib_a-stdio.o)
                0x000000000101107c                __swrite
 .text.__sseek  0x00000000010110f8       0x5c c:/intelfpga_lite/18.1/nios2eds/bin/gnu/h-x86_64-mingw32/bin/../lib/gcc/nios2-elf/5.3.0/../../../../../H-x86_64-mingw32/nios2-elf/lib\libc.a(lib_a-stdio.o)
                0x00000000010110f8                __sseek
 .text.__sclose
                0x0000000001011154        0x8 c:/intelfpga_lite/18.1/nios2eds/bin/gnu/h-x86_64-mingw32/bin/../lib/gcc/nios2-elf/5.3.0/../../../../../H-x86_64-mingw32/nios2-elf/lib\libc.a(lib_a-stdio.o)
                0x0000000001011154                __sclose
 .text          0x000000000101115c        0x0 c:/intelfpga_lite/18.1/nios2eds/bin/gnu/h-x86_64-mingw32/bin/../lib/gcc/nios2-elf/5.3.0/../../../../../H-x86_64-mingw32/nios2-elf/lib\libc.a(lib_a-strcmp.o)
 .text.strcmp   0x000000000101115c       0xdc c:/intelfpga_lite/18.1/nios2eds/bin/gnu/h-x86_64-mingw32/bin/../lib/gcc/nios2-elf/5.3.0/../../../../../H-x86_64-mingw32/nios2-elf/lib\libc.a(lib_a-strcmp.o)
                0x000000000101115c                strcmp
 .text          0x0000000001011238        0x0 c:/intelfpga_lite/18.1/nios2eds/bin/gnu/h-x86_64-mingw32/bin/../lib/gcc/nios2-elf/5.3.0/../../../../../H-x86_64-mingw32/nios2-elf/lib\libc.a(lib_a-vfiprintf.o)
 .text.__sprint_r.part.0
                0x0000000001011238       0xfc c:/intelfpga_lite/18.1/nios2eds/bin/gnu/h-x86_64-mingw32/bin/../lib/gcc/nios2-elf/5.3.0/../../../../../H-x86_64-mingw32/nios2-elf/lib\libc.a(lib_a-vfiprintf.o)
 .text.__sprint_r
                0x0000000001011334       0x18 c:/intelfpga_lite/18.1/nios2eds/bin/gnu/h-x86_64-mingw32/bin/../lib/gcc/nios2-elf/5.3.0/../../../../../H-x86_64-mingw32/nios2-elf/lib\libc.a(lib_a-vfiprintf.o)
                0x0000000001011334                __sprint_r
 .text.___vfiprintf_internal_r
                0x000000000101134c     0x145c c:/intelfpga_lite/18.1/nios2eds/bin/gnu/h-x86_64-mingw32/bin/../lib/gcc/nios2-elf/5.3.0/../../../../../H-x86_64-mingw32/nios2-elf/lib\libc.a(lib_a-vfiprintf.o)
                0x000000000101134c                ___vfiprintf_internal_r
 .text.__vfiprintf_internal
                0x00000000010127a8       0x1c c:/intelfpga_lite/18.1/nios2eds/bin/gnu/h-x86_64-mingw32/bin/../lib/gcc/nios2-elf/5.3.0/../../../../../H-x86_64-mingw32/nios2-elf/lib\libc.a(lib_a-vfiprintf.o)
                0x00000000010127a8                __vfiprintf_internal
 .text.__sbprintf
                0x00000000010127c4       0xbc c:/intelfpga_lite/18.1/nios2eds/bin/gnu/h-x86_64-mingw32/bin/../lib/gcc/nios2-elf/5.3.0/../../../../../H-x86_64-mingw32/nios2-elf/lib\libc.a(lib_a-vfiprintf.o)
 .text          0x0000000001012880        0x0 c:/intelfpga_lite/18.1/nios2eds/bin/gnu/h-x86_64-mingw32/bin/../lib/gcc/nios2-elf/5.3.0/../../../../../H-x86_64-mingw32/nios2-elf/lib\libc.a(lib_a-wbuf.o)
 .text.__swbuf_r
                0x0000000001012880      0x140 c:/intelfpga_lite/18.1/nios2eds/bin/gnu/h-x86_64-mingw32/bin/../lib/gcc/nios2-elf/5.3.0/../../../../../H-x86_64-mingw32/nios2-elf/lib\libc.a(lib_a-wbuf.o)
                0x0000000001012880                __swbuf_r
 .text.__swbuf  0x00000000010129c0       0x18 c:/intelfpga_lite/18.1/nios2eds/bin/gnu/h-x86_64-mingw32/bin/../lib/gcc/nios2-elf/5.3.0/../../../../../H-x86_64-mingw32/nios2-elf/lib\libc.a(lib_a-wbuf.o)
                0x00000000010129c0                __swbuf
 .text          0x00000000010129d8        0x0 c:/intelfpga_lite/18.1/nios2eds/bin/gnu/h-x86_64-mingw32/bin/../lib/gcc/nios2-elf/5.3.0/../../../../../H-x86_64-mingw32/nios2-elf/lib\libc.a(lib_a-writer.o)
 .text._write_r
                0x00000000010129d8       0x60 c:/intelfpga_lite/18.1/nios2eds/bin/gnu/h-x86_64-mingw32/bin/../lib/gcc/nios2-elf/5.3.0/../../../../../H-x86_64-mingw32/nios2-elf/lib\libc.a(lib_a-writer.o)
                0x00000000010129d8                _write_r
 .text          0x0000000001012a38        0x0 c:/intelfpga_lite/18.1/nios2eds/bin/gnu/h-x86_64-mingw32/bin/../lib/gcc/nios2-elf/5.3.0/../../../../../H-x86_64-mingw32/nios2-elf/lib\libc.a(closer.o)
 .text._close_r
                0x0000000001012a38       0x54 c:/intelfpga_lite/18.1/nios2eds/bin/gnu/h-x86_64-mingw32/bin/../lib/gcc/nios2-elf/5.3.0/../../../../../H-x86_64-mingw32/nios2-elf/lib\libc.a(closer.o)
                0x0000000001012a38                _close_r
 .text          0x0000000001012a8c        0x0 c:/intelfpga_lite/18.1/nios2eds/bin/gnu/h-x86_64-mingw32/bin/../lib/gcc/nios2-elf/5.3.0/../../../../../H-x86_64-mingw32/nios2-elf/lib\libc.a(lib_a-callocr.o)
 .text._calloc_r
                0x0000000001012a8c       0xc4 c:/intelfpga_lite/18.1/nios2eds/bin/gnu/h-x86_64-mingw32/bin/../lib/gcc/nios2-elf/5.3.0/../../../../../H-x86_64-mingw32/nios2-elf/lib\libc.a(lib_a-callocr.o)
                0x0000000001012a8c                _calloc_r
 .text          0x0000000001012b50        0x0 c:/intelfpga_lite/18.1/nios2eds/bin/gnu/h-x86_64-mingw32/bin/../lib/gcc/nios2-elf/5.3.0/../../../../../H-x86_64-mingw32/nios2-elf/lib\libc.a(lib_a-fclose.o)
 .text._fclose_r
                0x0000000001012b50       0xf0 c:/intelfpga_lite/18.1/nios2eds/bin/gnu/h-x86_64-mingw32/bin/../lib/gcc/nios2-elf/5.3.0/../../../../../H-x86_64-mingw32/nios2-elf/lib\libc.a(lib_a-fclose.o)
                0x0000000001012b50                _fclose_r
 .text.fclose   0x0000000001012c40       0x14 c:/intelfpga_lite/18.1/nios2eds/bin/gnu/h-x86_64-mingw32/bin/../lib/gcc/nios2-elf/5.3.0/../../../../../H-x86_64-mingw32/nios2-elf/lib\libc.a(lib_a-fclose.o)
                0x0000000001012c40                fclose
 .text          0x0000000001012c54        0x0 c:/intelfpga_lite/18.1/nios2eds/bin/gnu/h-x86_64-mingw32/bin/../lib/gcc/nios2-elf/5.3.0/../../../../../H-x86_64-mingw32/nios2-elf/lib\libc.a(lib_a-fputwc.o)
 .text.__fputwc
                0x0000000001012c54      0x164 c:/intelfpga_lite/18.1/nios2eds/bin/gnu/h-x86_64-mingw32/bin/../lib/gcc/nios2-elf/5.3.0/../../../../../H-x86_64-mingw32/nios2-elf/lib\libc.a(lib_a-fputwc.o)
                0x0000000001012c54                __fputwc
 .text._fputwc_r
                0x0000000001012db8       0x24 c:/intelfpga_lite/18.1/nios2eds/bin/gnu/h-x86_64-mingw32/bin/../lib/gcc/nios2-elf/5.3.0/../../../../../H-x86_64-mingw32/nios2-elf/lib\libc.a(lib_a-fputwc.o)
                0x0000000001012db8                _fputwc_r
 .text.fputwc   0x0000000001012ddc       0x80 c:/intelfpga_lite/18.1/nios2eds/bin/gnu/h-x86_64-mingw32/bin/../lib/gcc/nios2-elf/5.3.0/../../../../../H-x86_64-mingw32/nios2-elf/lib\libc.a(lib_a-fputwc.o)
                0x0000000001012ddc                fputwc
 .text          0x0000000001012e5c        0x0 c:/intelfpga_lite/18.1/nios2eds/bin/gnu/h-x86_64-mingw32/bin/../lib/gcc/nios2-elf/5.3.0/../../../../../H-x86_64-mingw32/nios2-elf/lib\libc.a(lib_a-fstatr.o)
 .text._fstat_r
                0x0000000001012e5c       0x5c c:/intelfpga_lite/18.1/nios2eds/bin/gnu/h-x86_64-mingw32/bin/../lib/gcc/nios2-elf/5.3.0/../../../../../H-x86_64-mingw32/nios2-elf/lib\libc.a(lib_a-fstatr.o)
                0x0000000001012e5c                _fstat_r
 .text          0x0000000001012eb8        0x0 c:/intelfpga_lite/18.1/nios2eds/bin/gnu/h-x86_64-mingw32/bin/../lib/gcc/nios2-elf/5.3.0/../../../../../H-x86_64-mingw32/nios2-elf/lib\libc.a(lib_a-int_errno.o)
 .text          0x0000000001012eb8        0x0 c:/intelfpga_lite/18.1/nios2eds/bin/gnu/h-x86_64-mingw32/bin/../lib/gcc/nios2-elf/5.3.0/../../../../../H-x86_64-mingw32/nios2-elf/lib\libc.a(lib_a-isattyr.o)
 .text._isatty_r
                0x0000000001012eb8       0x54 c:/intelfpga_lite/18.1/nios2eds/bin/gnu/h-x86_64-mingw32/bin/../lib/gcc/nios2-elf/5.3.0/../../../../../H-x86_64-mingw32/nios2-elf/lib\libc.a(lib_a-isattyr.o)
                0x0000000001012eb8                _isatty_r
 .text          0x0000000001012f0c        0x0 c:/intelfpga_lite/18.1/nios2eds/bin/gnu/h-x86_64-mingw32/bin/../lib/gcc/nios2-elf/5.3.0/../../../../../H-x86_64-mingw32/nios2-elf/lib\libc.a(lib_a-lseekr.o)
 .text._lseek_r
                0x0000000001012f0c       0x60 c:/intelfpga_lite/18.1/nios2eds/bin/gnu/h-x86_64-mingw32/bin/../lib/gcc/nios2-elf/5.3.0/../../../../../H-x86_64-mingw32/nios2-elf/lib\libc.a(lib_a-lseekr.o)
                0x0000000001012f0c                _lseek_r
 .text          0x0000000001012f6c        0x0 c:/intelfpga_lite/18.1/nios2eds/bin/gnu/h-x86_64-mingw32/bin/../lib/gcc/nios2-elf/5.3.0/../../../../../H-x86_64-mingw32/nios2-elf/lib\libc.a(lib_a-readr.o)
 .text._read_r  0x0000000001012f6c       0x60 c:/intelfpga_lite/18.1/nios2eds/bin/gnu/h-x86_64-mingw32/bin/../lib/gcc/nios2-elf/5.3.0/../../../../../H-x86_64-mingw32/nios2-elf/lib\libc.a(lib_a-readr.o)
                0x0000000001012f6c                _read_r
 .text          0x0000000001012fcc        0x0 c:/intelfpga_lite/18.1/nios2eds/bin/gnu/h-x86_64-mingw32/bin/../lib/gcc/nios2-elf/5.3.0/../../../../../H-x86_64-mingw32/nios2-elf/lib\libc.a(lib_a-wcrtomb.o)
 .text._wcrtomb_r
                0x0000000001012fcc       0x9c c:/intelfpga_lite/18.1/nios2eds/bin/gnu/h-x86_64-mingw32/bin/../lib/gcc/nios2-elf/5.3.0/../../../../../H-x86_64-mingw32/nios2-elf/lib\libc.a(lib_a-wcrtomb.o)
                0x0000000001012fcc                _wcrtomb_r
 .text.wcrtomb  0x0000000001013068       0xc0 c:/intelfpga_lite/18.1/nios2eds/bin/gnu/h-x86_64-mingw32/bin/../lib/gcc/nios2-elf/5.3.0/../../../../../H-x86_64-mingw32/nios2-elf/lib\libc.a(lib_a-wcrtomb.o)
                0x0000000001013068                wcrtomb
 .text          0x0000000001013128        0x0 c:/intelfpga_lite/18.1/nios2eds/bin/gnu/h-x86_64-mingw32/bin/../lib/gcc/nios2-elf/5.3.0/../../../../../H-x86_64-mingw32/nios2-elf/lib\libc.a(lib_a-wctomb_r.o)
 .text.__ascii_wctomb
                0x0000000001013128       0x30 c:/intelfpga_lite/18.1/nios2eds/bin/gnu/h-x86_64-mingw32/bin/../lib/gcc/nios2-elf/5.3.0/../../../../../H-x86_64-mingw32/nios2-elf/lib\libc.a(lib_a-wctomb_r.o)
                0x0000000001013128                __ascii_wctomb
 .text._wctomb_r
                0x0000000001013158       0x5c c:/intelfpga_lite/18.1/nios2eds/bin/gnu/h-x86_64-mingw32/bin/../lib/gcc/nios2-elf/5.3.0/../../../../../H-x86_64-mingw32/nios2-elf/lib\libc.a(lib_a-wctomb_r.o)
                0x0000000001013158                _wctomb_r
 .text          0x00000000010131b4      0x578 c:/intelfpga_lite/18.1/nios2eds/bin/gnu/h-x86_64-mingw32/bin/../lib/gcc/nios2-elf/5.3.0\libgcc.a(_udivdi3.o)
                0x00000000010131b4                __udivdi3
 .text          0x000000000101372c      0x538 c:/intelfpga_lite/18.1/nios2eds/bin/gnu/h-x86_64-mingw32/bin/../lib/gcc/nios2-elf/5.3.0\libgcc.a(_umoddi3.o)
                0x000000000101372c                __umoddi3
 .text          0x0000000001013c64      0x8ac c:/intelfpga_lite/18.1/nios2eds/bin/gnu/h-x86_64-mingw32/bin/../lib/gcc/nios2-elf/5.3.0\libgcc.a(adddf3.o)
                0x0000000001013c64                __adddf3
 .text          0x0000000001014510      0x8e8 c:/intelfpga_lite/18.1/nios2eds/bin/gnu/h-x86_64-mingw32/bin/../lib/gcc/nios2-elf/5.3.0\libgcc.a(divdf3.o)
                0x0000000001014510                __divdf3
 .text          0x0000000001014df8       0x88 c:/intelfpga_lite/18.1/nios2eds/bin/gnu/h-x86_64-mingw32/bin/../lib/gcc/nios2-elf/5.3.0\libgcc.a(eqdf2.o)
                0x0000000001014df8                __nedf2
                0x0000000001014df8                __eqdf2
 .text          0x0000000001014e80       0xdc c:/intelfpga_lite/18.1/nios2eds/bin/gnu/h-x86_64-mingw32/bin/../lib/gcc/nios2-elf/5.3.0\libgcc.a(gedf2.o)
                0x0000000001014e80                __gedf2
                0x0000000001014e80                __gtdf2
 .text          0x0000000001014f5c       0xf4 c:/intelfpga_lite/18.1/nios2eds/bin/gnu/h-x86_64-mingw32/bin/../lib/gcc/nios2-elf/5.3.0\libgcc.a(ledf2.o)
                0x0000000001014f5c                __ledf2
                0x0000000001014f5c                __ltdf2
 .text          0x0000000001015050      0x718 c:/intelfpga_lite/18.1/nios2eds/bin/gnu/h-x86_64-mingw32/bin/../lib/gcc/nios2-elf/5.3.0\libgcc.a(muldf3.o)
                0x0000000001015050                __muldf3
 .text          0x0000000001015768      0x8fc c:/intelfpga_lite/18.1/nios2eds/bin/gnu/h-x86_64-mingw32/bin/../lib/gcc/nios2-elf/5.3.0\libgcc.a(subdf3.o)
                0x0000000001015768                __subdf3
 .text          0x0000000001016064       0x80 c:/intelfpga_lite/18.1/nios2eds/bin/gnu/h-x86_64-mingw32/bin/../lib/gcc/nios2-elf/5.3.0\libgcc.a(fixdfsi.o)
                0x0000000001016064                __fixdfsi
 .text          0x00000000010160e4       0xdc c:/intelfpga_lite/18.1/nios2eds/bin/gnu/h-x86_64-mingw32/bin/../lib/gcc/nios2-elf/5.3.0\libgcc.a(floatsidf.o)
                0x00000000010160e4                __floatsidf
 .text          0x00000000010161c0       0xa8 c:/intelfpga_lite/18.1/nios2eds/bin/gnu/h-x86_64-mingw32/bin/../lib/gcc/nios2-elf/5.3.0\libgcc.a(floatunsidf.o)
                0x00000000010161c0                __floatunsidf
 .text          0x0000000001016268      0x10c ../candy_avb_test_bsp/\libhal_bsp.a(alt_close.o)
                0x00000000010162a4                close
 .text          0x0000000001016374       0x2c ../candy_avb_test_bsp/\libhal_bsp.a(alt_dev.o)
 .text          0x00000000010163a0        0x0 ../candy_avb_test_bsp/\libhal_bsp.a(alt_errno.o)
 .text          0x00000000010163a0       0xec ../candy_avb_test_bsp/\libhal_bsp.a(alt_fstat.o)
                0x00000000010163dc                fstat
 .text          0x000000000101648c      0x1b0 ../candy_avb_test_bsp/\libhal_bsp.a(alt_iic.o)
                0x000000000101648c                alt_ic_isr_register
                0x00000000010164dc                alt_ic_irq_enable
                0x0000000001016564                alt_ic_irq_disable
                0x00000000010165f0                alt_ic_irq_enabled
 .text          0x000000000101663c        0x0 ../candy_avb_test_bsp/\libhal_bsp.a(alt_irq_handler.o)
 .text          0x000000000101663c        0x0 ../candy_avb_test_bsp/\libhal_bsp.a(alt_irq_vars.o)
 .text          0x000000000101663c       0xe0 ../candy_avb_test_bsp/\libhal_bsp.a(alt_isatty.o)
                0x0000000001016678                isatty
 .text          0x000000000101671c      0x110 ../candy_avb_test_bsp/\libhal_bsp.a(alt_lseek.o)
                0x0000000001016758                lseek
 .text          0x000000000101682c       0x7c ../candy_avb_test_bsp/\libhal_bsp.a(alt_main.o)
                0x000000000101682c                alt_main
 .text          0x00000000010168a8       0x48 ../candy_avb_test_bsp/\libhal_bsp.a(alt_malloc_lock.o)
                0x00000000010168a8                __malloc_lock
                0x00000000010168cc                __malloc_unlock
 .text          0x00000000010168f0      0x138 ../candy_avb_test_bsp/\libhal_bsp.a(alt_read.o)
                0x000000000101692c                read
 .text          0x0000000001016a28       0x64 ../candy_avb_test_bsp/\libhal_bsp.a(alt_release_fd.o)
                0x0000000001016a28                alt_release_fd
 .text          0x0000000001016a8c       0x34 ../candy_avb_test_bsp/\libhal_bsp.a(alt_remap_cached.o)
                0x0000000001016a8c                alt_remap_cached
 .text          0x0000000001016ac0       0xb0 ../candy_avb_test_bsp/\libhal_bsp.a(alt_sbrk.o)
                0x0000000001016ac0                sbrk
 .text          0x0000000001016b70       0x30 ../candy_avb_test_bsp/\libhal_bsp.a(alt_usleep.o)
                0x0000000001016b70                usleep
 .text          0x0000000001016ba0      0x134 ../candy_avb_test_bsp/\libhal_bsp.a(alt_write.o)
                0x0000000001016bdc                write
 .text          0x0000000001016cd4      0x10c ../candy_avb_test_bsp/\libhal_bsp.a(alt_sys_init.o)
                0x0000000001016d08                alt_irq_init
                0x0000000001016d40                alt_sys_init
 .text          0x0000000001016de0      0x164 ../candy_avb_test_bsp/\libhal_bsp.a(altera_avalon_jtag_uart_fd.o)
                0x0000000001016de0                altera_avalon_jtag_uart_read_fd
                0x0000000001016e40                altera_avalon_jtag_uart_write_fd
                0x0000000001016ea0                altera_avalon_jtag_uart_close_fd
                0x0000000001016ef0                altera_avalon_jtag_uart_ioctl_fd
 .text          0x0000000001016f44      0x3d4 ../candy_avb_test_bsp/\libhal_bsp.a(altera_avalon_jtag_uart_init.o)
                0x0000000001016f44                altera_avalon_jtag_uart_init
                0x00000000010172b0                altera_avalon_jtag_uart_close
 .text          0x0000000001017318       0xf0 ../candy_avb_test_bsp/\libhal_bsp.a(altera_avalon_jtag_uart_ioctl.o)
                0x0000000001017318                altera_avalon_jtag_uart_ioctl
 .text          0x0000000001017408      0x21c ../candy_avb_test_bsp/\libhal_bsp.a(altera_avalon_jtag_uart_read.o)
                0x0000000001017408                altera_avalon_jtag_uart_read
 .text          0x0000000001017624      0x224 ../candy_avb_test_bsp/\libhal_bsp.a(altera_avalon_jtag_uart_write.o)
                0x0000000001017624                altera_avalon_jtag_uart_write
 .text          0x0000000001017848       0xf4 ../candy_avb_test_bsp/\libhal_bsp.a(altera_avalon_timer_sc.o)
                0x00000000010178c0                alt_avalon_timer_sc_init
 .text          0x000000000101793c      0x110 ../candy_avb_test_bsp/\libhal_bsp.a(altera_avalon_uart_fd.o)
                0x000000000101793c                altera_avalon_uart_read_fd
                0x000000000101799c                altera_avalon_uart_write_fd
                0x00000000010179fc                altera_avalon_uart_close_fd
 .text          0x0000000001017a4c      0x3c8 ../candy_avb_test_bsp/\libhal_bsp.a(altera_avalon_uart_init.o)
                0x0000000001017a4c                altera_avalon_uart_init
                0x0000000001017dc0                altera_avalon_uart_close
 .text          0x0000000001017e14      0x218 ../candy_avb_test_bsp/\libhal_bsp.a(altera_avalon_uart_read.o)
                0x0000000001017e50                altera_avalon_uart_read
 .text          0x000000000101802c      0x1e8 ../candy_avb_test_bsp/\libhal_bsp.a(altera_avalon_uart_write.o)
                0x0000000001018068                altera_avalon_uart_write
 .text          0x0000000001018214      0x56c ../candy_avb_test_bsp/\libhal_bsp.a(altera_modular_adc.o)
                0x00000000010182bc                alt_adc_word_read
                0x0000000001018368                altera_modular_adc_init
                0x00000000010183dc                alt_adc_register_callback
                0x0000000001018474                altera_modular_adc_open
                0x00000000010184b4                adc_stop
                0x0000000001018504                adc_start
                0x000000000101853c                adc_set_mode_run_once
                0x000000000101857c                adc_set_mode_run_continuously
                0x00000000010185b8                adc_recalibrate
                0x0000000001018634                adc_interrupt_enable
                0x0000000001018678                adc_interrupt_disable
                0x00000000010186c0                adc_clear_interrupt_status
                0x0000000001018704                adc_interrupt_asserted
                0x0000000001018744                adc_wait_for_interrupt
 .text          0x0000000001018780      0xf40 ../candy_avb_test_bsp/\libhal_bsp.a(altera_onchip_flash.o)
                0x00000000010187b4                alt_onchip_flash_read
                0x0000000001018880                alt_onchip_flash_get_info
                0x000000000101891c                alt_onchip_flash_erase_block
                0x0000000001018a84                alt_onchip_flash_write_block
                0x0000000001018d5c                alt_onchip_flash_write
                0x0000000001019034                altera_onchip_flash_init
                0x0000000001019510                alt_onchip_flash_poll_for_status_to_go_idle
                0x00000000010195a0                alt_onchip_flash_poll_for_status_erase_passed
                0x0000000001019630                alt_onchip_flash_poll_for_status_write_passed
 .text          0x00000000010196c0      0x12c ../candy_avb_test_bsp/\libhal_bsp.a(alt_alarm_start.o)
                0x00000000010196c0                alt_alarm_start
 .text          0x00000000010197ec      0x158 ../candy_avb_test_bsp/\libhal_bsp.a(alt_busy_sleep.o)
                0x00000000010197ec                alt_busy_sleep
 .text          0x0000000001019944       0x78 ../candy_avb_test_bsp/\libhal_bsp.a(alt_dcache_flush.o)
                0x0000000001019944                alt_dcache_flush
 .text          0x00000000010199bc       0xe0 ../candy_avb_test_bsp/\libhal_bsp.a(alt_dev_llist_insert.o)
                0x00000000010199f8                alt_dev_llist_insert
 .text          0x0000000001019a9c       0x60 ../candy_avb_test_bsp/\libhal_bsp.a(alt_do_ctors.o)
                0x0000000001019a9c                _do_ctors
 .text          0x0000000001019afc       0x60 ../candy_avb_test_bsp/\libhal_bsp.a(alt_do_dtors.o)
                0x0000000001019afc                _do_dtors
 .text          0x0000000001019b5c       0x90 ../candy_avb_test_bsp/\libhal_bsp.a(alt_find_dev.o)
                0x0000000001019b5c                alt_find_dev
 .text          0x0000000001019bec       0xbc ../candy_avb_test_bsp/\libhal_bsp.a(alt_flash_dev.o)
                0x0000000001019bec                alt_flash_open_dev
                0x0000000001019c54                alt_flash_close_dev
 .text          0x0000000001019ca8      0x140 ../candy_avb_test_bsp/\libhal_bsp.a(alt_io_redirect.o)
                0x0000000001019d6c                alt_io_redirect
 .text          0x0000000001019de8      0x254 ../candy_avb_test_bsp/\libhal_bsp.a(alt_open.o)
                0x0000000001019ee8                open
 .text          0x000000000101a03c      0x1a4 ../candy_avb_test_bsp/\libhal_bsp.a(alt_tick.o)
                0x000000000101a03c                alt_alarm_stop
                0x000000000101a0d8                alt_tick
 .text          0x000000000101a1e0       0x24 ../candy_avb_test_bsp/\libhal_bsp.a(altera_nios2_gen2_irq.o)
                0x000000000101a1e0                altera_nios2_gen2_irq_init
 .text          0x000000000101a204      0x108 ../candy_avb_test_bsp/\libhal_bsp.a(alt_find_file.o)
                0x000000000101a204                alt_find_file
 .text          0x000000000101a30c       0xa4 ../candy_avb_test_bsp/\libhal_bsp.a(alt_get_fd.o)
                0x000000000101a30c                alt_get_fd
 .text          0x000000000101a3b0        0x0 c:/intelfpga_lite/18.1/nios2eds/bin/gnu/h-x86_64-mingw32/bin/../lib/gcc/nios2-elf/5.3.0/../../../../../H-x86_64-mingw32/nios2-elf/lib\libc.a(lib_a-atexit.o)
 .text.atexit   0x000000000101a3b0       0x14 c:/intelfpga_lite/18.1/nios2eds/bin/gnu/h-x86_64-mingw32/bin/../lib/gcc/nios2-elf/5.3.0/../../../../../H-x86_64-mingw32/nios2-elf/lib\libc.a(lib_a-atexit.o)
                0x000000000101a3b0                atexit
 .text          0x000000000101a3c4        0x0 c:/intelfpga_lite/18.1/nios2eds/bin/gnu/h-x86_64-mingw32/bin/../lib/gcc/nios2-elf/5.3.0/../../../../../H-x86_64-mingw32/nios2-elf/lib\libc.a(lib_a-exit.o)
 .text.exit     0x000000000101a3c4       0x38 c:/intelfpga_lite/18.1/nios2eds/bin/gnu/h-x86_64-mingw32/bin/../lib/gcc/nios2-elf/5.3.0/../../../../../H-x86_64-mingw32/nios2-elf/lib\libc.a(lib_a-exit.o)
                0x000000000101a3c4                exit
 .text          0x000000000101a3fc        0x0 c:/intelfpga_lite/18.1/nios2eds/bin/gnu/h-x86_64-mingw32/bin/../lib/gcc/nios2-elf/5.3.0/../../../../../H-x86_64-mingw32/nios2-elf/lib\libc.a(lib_a-memcmp.o)
 .text.memcmp   0x000000000101a3fc       0x7c c:/intelfpga_lite/18.1/nios2eds/bin/gnu/h-x86_64-mingw32/bin/../lib/gcc/nios2-elf/5.3.0/../../../../../H-x86_64-mingw32/nios2-elf/lib\libc.a(lib_a-memcmp.o)
                0x000000000101a3fc                memcmp
 .text          0x000000000101a478        0x0 c:/intelfpga_lite/18.1/nios2eds/bin/gnu/h-x86_64-mingw32/bin/../lib/gcc/nios2-elf/5.3.0/../../../../../H-x86_64-mingw32/nios2-elf/lib\libc.a(lib_a-__atexit.o)
 .text.__register_exitproc
                0x000000000101a478      0x118 c:/intelfpga_lite/18.1/nios2eds/bin/gnu/h-x86_64-mingw32/bin/../lib/gcc/nios2-elf/5.3.0/../../../../../H-x86_64-mingw32/nios2-elf/lib\libc.a(lib_a-__atexit.o)
                0x000000000101a478                __register_exitproc
 .text          0x000000000101a590        0x0 c:/intelfpga_lite/18.1/nios2eds/bin/gnu/h-x86_64-mingw32/bin/../lib/gcc/nios2-elf/5.3.0/../../../../../H-x86_64-mingw32/nios2-elf/lib\libc.a(lib_a-__call_atexit.o)
 .text.__call_exitprocs
                0x000000000101a590      0x180 c:/intelfpga_lite/18.1/nios2eds/bin/gnu/h-x86_64-mingw32/bin/../lib/gcc/nios2-elf/5.3.0/../../../../../H-x86_64-mingw32/nios2-elf/lib\libc.a(lib_a-__call_atexit.o)
                0x000000000101a590                __call_exitprocs
 .text          0x000000000101a710       0x34 ../candy_avb_test_bsp/\libhal_bsp.a(alt_exit.o)
                0x000000000101a710                _exit
 *(.gnu.warning.*)
 *(.fini)
                [!provide]                        PROVIDE (__etext, ABSOLUTE (.))
                [!provide]                        PROVIDE (_etext, ABSOLUTE (.))
                [!provide]                        PROVIDE (etext, ABSOLUTE (.))
 *(.eh_frame_hdr)
                0x000000000101a744                . = ALIGN (0x4)
                [!provide]                        PROVIDE (__preinit_array_start, ABSOLUTE (.))
 *(.preinit_array)
                [!provide]                        PROVIDE (__preinit_array_end, ABSOLUTE (.))
                [!provide]                        PROVIDE (__init_array_start, ABSOLUTE (.))
 *(.init_array)
                [!provide]                        PROVIDE (__init_array_end, ABSOLUTE (.))
                [!provide]                        PROVIDE (__fini_array_start, ABSOLUTE (.))
 *(.fini_array)
                [!provide]                        PROVIDE (__fini_array_end, ABSOLUTE (.))
 *(.eh_frame)
 *(.gcc_except_table .gcc_except_table.*)
 *(.dynamic)
                0x000000000101a744                PROVIDE (__CTOR_LIST__, ABSOLUTE (.))
 *(.ctors)
 *(SORT(.ctors.*))
                0x000000000101a744                PROVIDE (__CTOR_END__, ABSOLUTE (.))
                0x000000000101a744                PROVIDE (__DTOR_LIST__, ABSOLUTE (.))
 *(.dtors)
 *(SORT(.dtors.*))
                0x000000000101a744                PROVIDE (__DTOR_END__, ABSOLUTE (.))
 *(.jcr)
                0x000000000101a744                . = ALIGN (0x4)

.rodata         0x000000000101a744      0x6d4
                [!provide]                        PROVIDE (__ram_rodata_start, ABSOLUTE (.))
                0x000000000101a744                . = ALIGN (0x4)
 *(.rodata .rodata.* .gnu.linkonce.r.*)
 .rodata        0x000000000101a744       0x30 obj/default/FreeRTOS/Common_Demo_Tasks/BlockQ.o
 .rodata        0x000000000101a774       0x1f obj/default/FreeRTOS/Common_Demo_Tasks/GenQTest.o
 *fill*         0x000000000101a793        0x1 
 .rodata        0x000000000101a794       0x10 obj/default/FreeRTOS/Common_Demo_Tasks/PollQ.o
 .rodata        0x000000000101a7a4       0x1f obj/default/FreeRTOS/Common_Demo_Tasks/QPeek.o
 *fill*         0x000000000101a7c3        0x1 
 .rodata        0x000000000101a7c4        0xf obj/default/FreeRTOS/Common_Demo_Tasks/blocktim.o
 *fill*         0x000000000101a7d3        0x1 
 .rodata        0x000000000101a7d4        0xe obj/default/FreeRTOS/Common_Demo_Tasks/comtest.o
 *fill*         0x000000000101a7e2        0x2 
 .rodata        0x000000000101a7e4        0xd obj/default/FreeRTOS/Common_Demo_Tasks/countsem.o
 *fill*         0x000000000101a7f1        0x3 
 .rodata        0x000000000101a7f4       0x18 obj/default/FreeRTOS/Common_Demo_Tasks/death.o
 .rodata        0x000000000101a80c       0x28 obj/default/FreeRTOS/Common_Demo_Tasks/dynamic.o
 .rodata        0x000000000101a834        0x5 obj/default/FreeRTOS/Common_Demo_Tasks/flash.o
 *fill*         0x000000000101a839        0x3 
 .rodata        0x000000000101a83c        0x8 obj/default/FreeRTOS/Common_Demo_Tasks/integer.o
 .rodata        0x000000000101a844       0x15 obj/default/FreeRTOS/Common_Demo_Tasks/recmutex.o
 *fill*         0x000000000101a859        0x3 
 .rodata        0x000000000101a85c       0x20 obj/default/FreeRTOS/Common_Demo_Tasks/semtest.o
 .rodata        0x000000000101a87c        0x5 obj/default/FreeRTOS/Source/tasks.o
 *fill*         0x000000000101a881        0x3 
 .rodata        0x000000000101a884       0x88 obj/default/SigmaStudioFW.o
 .rodata        0x000000000101a90c      0x1c7 obj/default/hello_world.o
 .rodata        0x000000000101aad3      0x100 c:/intelfpga_lite/18.1/nios2eds/bin/gnu/h-x86_64-mingw32/bin/../lib/gcc/nios2-elf/5.3.0\libgcc.a(_clz.o)
                0x000000000101aad3                __clz_tab
 *fill*         0x000000000101abd3        0x1 
 .rodata.str1.4
                0x000000000101abd4        0x2 c:/intelfpga_lite/18.1/nios2eds/bin/gnu/h-x86_64-mingw32/bin/../lib/gcc/nios2-elf/5.3.0/../../../../../H-x86_64-mingw32/nios2-elf/lib\libc.a(lib_a-puts.o)
 *fill*         0x000000000101abd6        0x2 
 .rodata.str1.4
                0x000000000101abd8       0x42 c:/intelfpga_lite/18.1/nios2eds/bin/gnu/h-x86_64-mingw32/bin/../lib/gcc/nios2-elf/5.3.0/../../../../../H-x86_64-mingw32/nios2-elf/lib\libc.a(lib_a-vfprintf.o)
 .rodata.zeroes.4404
                0x000000000101ac1a       0x10 c:/intelfpga_lite/18.1/nios2eds/bin/gnu/h-x86_64-mingw32/bin/../lib/gcc/nios2-elf/5.3.0/../../../../../H-x86_64-mingw32/nios2-elf/lib\libc.a(lib_a-vfprintf.o)
 .rodata.blanks.4403
                0x000000000101ac2a       0x10 c:/intelfpga_lite/18.1/nios2eds/bin/gnu/h-x86_64-mingw32/bin/../lib/gcc/nios2-elf/5.3.0/../../../../../H-x86_64-mingw32/nios2-elf/lib\libc.a(lib_a-vfprintf.o)
 *fill*         0x000000000101ac3a        0x2 
 .rodata.str1.4
                0x000000000101ac3c       0x10 c:/intelfpga_lite/18.1/nios2eds/bin/gnu/h-x86_64-mingw32/bin/../lib/gcc/nios2-elf/5.3.0/../../../../../H-x86_64-mingw32/nios2-elf/lib\libc.a(lib_a-dtoa.o)
                                         0x12 (size before relaxing)
 .rodata.str1.4
                0x000000000101ac4c        0x2 c:/intelfpga_lite/18.1/nios2eds/bin/gnu/h-x86_64-mingw32/bin/../lib/gcc/nios2-elf/5.3.0/../../../../../H-x86_64-mingw32/nios2-elf/lib\libc.a(lib_a-impure.o)
 *fill*         0x000000000101ac4e        0x2 
 .rodata.str1.4
                0x000000000101ac50        0xc c:/intelfpga_lite/18.1/nios2eds/bin/gnu/h-x86_64-mingw32/bin/../lib/gcc/nios2-elf/5.3.0/../../../../../H-x86_64-mingw32/nios2-elf/lib\libc.a(lib_a-locale.o)
                                         0x12 (size before relaxing)
 .rodata.p05.2768
                0x000000000101ac5c        0xc c:/intelfpga_lite/18.1/nios2eds/bin/gnu/h-x86_64-mingw32/bin/../lib/gcc/nios2-elf/5.3.0/../../../../../H-x86_64-mingw32/nios2-elf/lib\libc.a(lib_a-mprec.o)
 .rodata.__mprec_tinytens
                0x000000000101ac68       0x28 c:/intelfpga_lite/18.1/nios2eds/bin/gnu/h-x86_64-mingw32/bin/../lib/gcc/nios2-elf/5.3.0/../../../../../H-x86_64-mingw32/nios2-elf/lib\libc.a(lib_a-mprec.o)
                0x000000000101ac68                __mprec_tinytens
 .rodata.__mprec_bigtens
                0x000000000101ac90       0x28 c:/intelfpga_lite/18.1/nios2eds/bin/gnu/h-x86_64-mingw32/bin/../lib/gcc/nios2-elf/5.3.0/../../../../../H-x86_64-mingw32/nios2-elf/lib\libc.a(lib_a-mprec.o)
                0x000000000101ac90                __mprec_bigtens
 .rodata.__mprec_tens
                0x000000000101acb8       0xc8 c:/intelfpga_lite/18.1/nios2eds/bin/gnu/h-x86_64-mingw32/bin/../lib/gcc/nios2-elf/5.3.0/../../../../../H-x86_64-mingw32/nios2-elf/lib\libc.a(lib_a-mprec.o)
                0x000000000101acb8                __mprec_tens
 .rodata.str1.4
                0x000000000101ad80       0x2f c:/intelfpga_lite/18.1/nios2eds/bin/gnu/h-x86_64-mingw32/bin/../lib/gcc/nios2-elf/5.3.0/../../../../../H-x86_64-mingw32/nios2-elf/lib\libc.a(lib_a-vfiprintf.o)
 .rodata.zeroes.4349
                0x000000000101ad80       0x10 c:/intelfpga_lite/18.1/nios2eds/bin/gnu/h-x86_64-mingw32/bin/../lib/gcc/nios2-elf/5.3.0/../../../../../H-x86_64-mingw32/nios2-elf/lib\libc.a(lib_a-vfiprintf.o)
 .rodata.blanks.4348
                0x000000000101ad90       0x10 c:/intelfpga_lite/18.1/nios2eds/bin/gnu/h-x86_64-mingw32/bin/../lib/gcc/nios2-elf/5.3.0/../../../../../H-x86_64-mingw32/nios2-elf/lib\libc.a(lib_a-vfiprintf.o)
 .rodata        0x000000000101ada0        0xa ../candy_avb_test_bsp/\libhal_bsp.a(alt_dev.o)
 *fill*         0x000000000101adaa        0x2 
 .rodata        0x000000000101adac       0x10 ../candy_avb_test_bsp/\libhal_bsp.a(alt_main.o)
 .rodata        0x000000000101adbc       0x59 ../candy_avb_test_bsp/\libhal_bsp.a(alt_sys_init.o)
 *(.rodata1)
                0x000000000101ae18                . = ALIGN (0x4)
 *fill*         0x000000000101ae15        0x3 
                [!provide]                        PROVIDE (__ram_rodata_end, ABSOLUTE (.))
                [!provide]                        PROVIDE (__flash_rodata_start, LOADADDR (.rodata))

.rwdata         0x000000000101ae18     0x20ac
                [!provide]                        PROVIDE (__ram_rwdata_start, ABSOLUTE (.))
                0x000000000101ae18                . = ALIGN (0x4)
 *(.got.plt)
 *(.got)
 *(.data1)
 *(.data .data.* .gnu.linkonce.d.*)
 .data          0x000000000101ae18        0x0 ../candy_avb_test_bsp//obj/HAL/src/crt0.o
 .data          0x000000000101ae18        0x0 obj/default/FreeRTOS/Common_Demo_Tasks/BlockQ.o
 .data          0x000000000101ae18        0x0 obj/default/FreeRTOS/Common_Demo_Tasks/GenQTest.o
 .data          0x000000000101ae18        0x0 obj/default/FreeRTOS/Common_Demo_Tasks/PollQ.o
 .data          0x000000000101ae18        0x0 obj/default/FreeRTOS/Common_Demo_Tasks/QPeek.o
 .data          0x000000000101ae18        0x0 obj/default/FreeRTOS/Common_Demo_Tasks/blocktim.o
 .data          0x000000000101ae18        0x0 obj/default/FreeRTOS/Common_Demo_Tasks/comtest.o
 .data          0x000000000101ae18        0x0 obj/default/FreeRTOS/Common_Demo_Tasks/countsem.o
 .data          0x000000000101ae18        0x0 obj/default/FreeRTOS/Common_Demo_Tasks/death.o
 .data          0x000000000101ae18        0x0 obj/default/FreeRTOS/Common_Demo_Tasks/dynamic.o
 .data          0x000000000101ae18        0x0 obj/default/FreeRTOS/Common_Demo_Tasks/flash.o
 .data          0x000000000101ae18        0x0 obj/default/FreeRTOS/Common_Demo_Tasks/integer.o
 .data          0x000000000101ae18        0x0 obj/default/FreeRTOS/Common_Demo_Tasks/recmutex.o
 .data          0x000000000101ae18        0x0 obj/default/FreeRTOS/Common_Demo_Tasks/semtest.o
 .data          0x000000000101ae18        0x0 obj/default/FreeRTOS/ParTest/ParTest.o
 .data          0x000000000101ae18        0x0 obj/default/FreeRTOS/Source/list.o
 .data          0x000000000101ae18        0x0 obj/default/FreeRTOS/Source/portable/GCC/NiosII/port.o
 .data          0x000000000101ae18        0x0 obj/default/FreeRTOS/Source/portable/MemMang/heap_2.o
 .data          0x000000000101ae18        0x0 obj/default/FreeRTOS/Source/queue.o
 .data          0x000000000101ae18        0x0 obj/default/FreeRTOS/Source/tasks.o
 .data          0x000000000101ae18        0x0 obj/default/FreeRTOS/serial.o
 .data          0x000000000101ae18        0x0 obj/default/SigmaStudioFW.o
 .data          0x000000000101ae18      0x306 obj/default/hello_world.o
                0x000000000101ae18                Program_Data_IC_1
                0x000000000101af5d                Param_Data_IC_1
                0x000000000101af8d                R10_PLAYBACK_OUTPUT_SIGNAL_PATH_REGISTERS_IC_1_Default
                0x000000000101af9b                Program_Data_IC_2
                0x000000000101b0e0                Param_Data_IC_2
                0x000000000101b110                R10_PLAYBACK_OUTPUT_SIGNAL_PATH_REGISTERS_IC_2_Default
 .data          0x000000000101b11e        0x0 obj/default/FreeRTOS/Source/portable/GCC/NiosII/port_asm.o
 .data          0x000000000101b11e        0x0 c:/intelfpga_lite/18.1/nios2eds/bin/gnu/h-x86_64-mingw32/bin/../lib/gcc/nios2-elf/5.3.0\libgcc.a(lib2-divmod.o)
 .data          0x000000000101b11e        0x0 c:/intelfpga_lite/18.1/nios2eds/bin/gnu/h-x86_64-mingw32/bin/../lib/gcc/nios2-elf/5.3.0\libgcc.a(extendsfdf2.o)
 .data          0x000000000101b11e        0x0 c:/intelfpga_lite/18.1/nios2eds/bin/gnu/h-x86_64-mingw32/bin/../lib/gcc/nios2-elf/5.3.0\libgcc.a(_clzsi2.o)
 .data          0x000000000101b11e        0x0 c:/intelfpga_lite/18.1/nios2eds/bin/gnu/h-x86_64-mingw32/bin/../lib/gcc/nios2-elf/5.3.0\libgcc.a(_clz.o)
 .data          0x000000000101b11e        0x0 c:/intelfpga_lite/18.1/nios2eds/bin/gnu/h-x86_64-mingw32/bin/../lib/gcc/nios2-elf/5.3.0/../../../../../H-x86_64-mingw32/nios2-elf/lib\libc.a(lib_a-memcpy.o)
 .data          0x000000000101b11e        0x0 c:/intelfpga_lite/18.1/nios2eds/bin/gnu/h-x86_64-mingw32/bin/../lib/gcc/nios2-elf/5.3.0/../../../../../H-x86_64-mingw32/nios2-elf/lib\libc.a(lib_a-memset.o)
 .data          0x000000000101b11e        0x0 c:/intelfpga_lite/18.1/nios2eds/bin/gnu/h-x86_64-mingw32/bin/../lib/gcc/nios2-elf/5.3.0/../../../../../H-x86_64-mingw32/nios2-elf/lib\libc.a(lib_a-printf.o)
 .data          0x000000000101b11e        0x0 c:/intelfpga_lite/18.1/nios2eds/bin/gnu/h-x86_64-mingw32/bin/../lib/gcc/nios2-elf/5.3.0/../../../../../H-x86_64-mingw32/nios2-elf/lib\libc.a(lib_a-putchar.o)
 .data          0x000000000101b11e        0x0 c:/intelfpga_lite/18.1/nios2eds/bin/gnu/h-x86_64-mingw32/bin/../lib/gcc/nios2-elf/5.3.0/../../../../../H-x86_64-mingw32/nios2-elf/lib\libc.a(lib_a-puts.o)
 .data          0x000000000101b11e        0x0 c:/intelfpga_lite/18.1/nios2eds/bin/gnu/h-x86_64-mingw32/bin/../lib/gcc/nios2-elf/5.3.0/../../../../../H-x86_64-mingw32/nios2-elf/lib\libc.a(lib_a-strlen.o)
 .data          0x000000000101b11e        0x0 c:/intelfpga_lite/18.1/nios2eds/bin/gnu/h-x86_64-mingw32/bin/../lib/gcc/nios2-elf/5.3.0/../../../../../H-x86_64-mingw32/nios2-elf/lib\libc.a(lib_a-vfprintf.o)
 .data          0x000000000101b11e        0x0 c:/intelfpga_lite/18.1/nios2eds/bin/gnu/h-x86_64-mingw32/bin/../lib/gcc/nios2-elf/5.3.0/../../../../../H-x86_64-mingw32/nios2-elf/lib\libc.a(lib_a-wsetup.o)
 .data          0x000000000101b11e        0x0 c:/intelfpga_lite/18.1/nios2eds/bin/gnu/h-x86_64-mingw32/bin/../lib/gcc/nios2-elf/5.3.0/../../../../../H-x86_64-mingw32/nios2-elf/lib\libc.a(lib_a-dtoa.o)
 .data          0x000000000101b11e        0x0 c:/intelfpga_lite/18.1/nios2eds/bin/gnu/h-x86_64-mingw32/bin/../lib/gcc/nios2-elf/5.3.0/../../../../../H-x86_64-mingw32/nios2-elf/lib\libc.a(lib_a-fflush.o)
 .data          0x000000000101b11e        0x0 c:/intelfpga_lite/18.1/nios2eds/bin/gnu/h-x86_64-mingw32/bin/../lib/gcc/nios2-elf/5.3.0/../../../../../H-x86_64-mingw32/nios2-elf/lib\libc.a(lib_a-findfp.o)
 .data          0x000000000101b11e        0x0 c:/intelfpga_lite/18.1/nios2eds/bin/gnu/h-x86_64-mingw32/bin/../lib/gcc/nios2-elf/5.3.0/../../../../../H-x86_64-mingw32/nios2-elf/lib\libc.a(lib_a-freer.o)
 .data          0x000000000101b11e        0x0 c:/intelfpga_lite/18.1/nios2eds/bin/gnu/h-x86_64-mingw32/bin/../lib/gcc/nios2-elf/5.3.0/../../../../../H-x86_64-mingw32/nios2-elf/lib\libc.a(lib_a-fvwrite.o)
 .data          0x000000000101b11e        0x0 c:/intelfpga_lite/18.1/nios2eds/bin/gnu/h-x86_64-mingw32/bin/../lib/gcc/nios2-elf/5.3.0/../../../../../H-x86_64-mingw32/nios2-elf/lib\libc.a(lib_a-fwalk.o)
 .data          0x000000000101b11e        0x0 c:/intelfpga_lite/18.1/nios2eds/bin/gnu/h-x86_64-mingw32/bin/../lib/gcc/nios2-elf/5.3.0/../../../../../H-x86_64-mingw32/nios2-elf/lib\libc.a(lib_a-impure.o)
 *fill*         0x000000000101b11e        0x2 
 .data.impure_data
                0x000000000101b120      0x424 c:/intelfpga_lite/18.1/nios2eds/bin/gnu/h-x86_64-mingw32/bin/../lib/gcc/nios2-elf/5.3.0/../../../../../H-x86_64-mingw32/nios2-elf/lib\libc.a(lib_a-impure.o)
 .data          0x000000000101b544        0x0 c:/intelfpga_lite/18.1/nios2eds/bin/gnu/h-x86_64-mingw32/bin/../lib/gcc/nios2-elf/5.3.0/../../../../../H-x86_64-mingw32/nios2-elf/lib\libc.a(lib_a-locale.o)
 .data.lc_message_charset
                0x000000000101b544       0x20 c:/intelfpga_lite/18.1/nios2eds/bin/gnu/h-x86_64-mingw32/bin/../lib/gcc/nios2-elf/5.3.0/../../../../../H-x86_64-mingw32/nios2-elf/lib\libc.a(lib_a-locale.o)
 .data.lc_ctype_charset
                0x000000000101b564       0x20 c:/intelfpga_lite/18.1/nios2eds/bin/gnu/h-x86_64-mingw32/bin/../lib/gcc/nios2-elf/5.3.0/../../../../../H-x86_64-mingw32/nios2-elf/lib\libc.a(lib_a-locale.o)
 .data.lconv    0x000000000101b584       0x38 c:/intelfpga_lite/18.1/nios2eds/bin/gnu/h-x86_64-mingw32/bin/../lib/gcc/nios2-elf/5.3.0/../../../../../H-x86_64-mingw32/nios2-elf/lib\libc.a(lib_a-locale.o)
 .data          0x000000000101b5bc        0x0 c:/intelfpga_lite/18.1/nios2eds/bin/gnu/h-x86_64-mingw32/bin/../lib/gcc/nios2-elf/5.3.0/../../../../../H-x86_64-mingw32/nios2-elf/lib\libc.a(lib_a-makebuf.o)
 .data          0x000000000101b5bc        0x0 c:/intelfpga_lite/18.1/nios2eds/bin/gnu/h-x86_64-mingw32/bin/../lib/gcc/nios2-elf/5.3.0/../../../../../H-x86_64-mingw32/nios2-elf/lib\libc.a(lib_a-mallocr.o)
 .data.__malloc_av_
                0x000000000101b5bc      0x408 c:/intelfpga_lite/18.1/nios2eds/bin/gnu/h-x86_64-mingw32/bin/../lib/gcc/nios2-elf/5.3.0/../../../../../H-x86_64-mingw32/nios2-elf/lib\libc.a(lib_a-mallocr.o)
                0x000000000101b5bc                __malloc_av_
 .data          0x000000000101b9c4        0x0 c:/intelfpga_lite/18.1/nios2eds/bin/gnu/h-x86_64-mingw32/bin/../lib/gcc/nios2-elf/5.3.0/../../../../../H-x86_64-mingw32/nios2-elf/lib\libc.a(lib_a-memchr.o)
 .data          0x000000000101b9c4        0x0 c:/intelfpga_lite/18.1/nios2eds/bin/gnu/h-x86_64-mingw32/bin/../lib/gcc/nios2-elf/5.3.0/../../../../../H-x86_64-mingw32/nios2-elf/lib\libc.a(lib_a-memmove.o)
 .data          0x000000000101b9c4        0x0 c:/intelfpga_lite/18.1/nios2eds/bin/gnu/h-x86_64-mingw32/bin/../lib/gcc/nios2-elf/5.3.0/../../../../../H-x86_64-mingw32/nios2-elf/lib\libc.a(lib_a-mprec.o)
 .data          0x000000000101b9c4        0x0 c:/intelfpga_lite/18.1/nios2eds/bin/gnu/h-x86_64-mingw32/bin/../lib/gcc/nios2-elf/5.3.0/../../../../../H-x86_64-mingw32/nios2-elf/lib\libc.a(lib_a-putc.o)
 .data          0x000000000101b9c4        0x0 c:/intelfpga_lite/18.1/nios2eds/bin/gnu/h-x86_64-mingw32/bin/../lib/gcc/nios2-elf/5.3.0/../../../../../H-x86_64-mingw32/nios2-elf/lib\libc.a(lib_a-reallocr.o)
 .data          0x000000000101b9c4        0x0 c:/intelfpga_lite/18.1/nios2eds/bin/gnu/h-x86_64-mingw32/bin/../lib/gcc/nios2-elf/5.3.0/../../../../../H-x86_64-mingw32/nios2-elf/lib\libc.a(lib_a-s_fpclassify.o)
 .data          0x000000000101b9c4        0x0 c:/intelfpga_lite/18.1/nios2eds/bin/gnu/h-x86_64-mingw32/bin/../lib/gcc/nios2-elf/5.3.0/../../../../../H-x86_64-mingw32/nios2-elf/lib\libc.a(lib_a-sbrkr.o)
 .data          0x000000000101b9c4        0x0 c:/intelfpga_lite/18.1/nios2eds/bin/gnu/h-x86_64-mingw32/bin/../lib/gcc/nios2-elf/5.3.0/../../../../../H-x86_64-mingw32/nios2-elf/lib\libc.a(lib_a-stdio.o)
 .data          0x000000000101b9c4        0x0 c:/intelfpga_lite/18.1/nios2eds/bin/gnu/h-x86_64-mingw32/bin/../lib/gcc/nios2-elf/5.3.0/../../../../../H-x86_64-mingw32/nios2-elf/lib\libc.a(lib_a-strcmp.o)
 .data          0x000000000101b9c4        0x0 c:/intelfpga_lite/18.1/nios2eds/bin/gnu/h-x86_64-mingw32/bin/../lib/gcc/nios2-elf/5.3.0/../../../../../H-x86_64-mingw32/nios2-elf/lib\libc.a(lib_a-vfiprintf.o)
 .data          0x000000000101b9c4        0x0 c:/intelfpga_lite/18.1/nios2eds/bin/gnu/h-x86_64-mingw32/bin/../lib/gcc/nios2-elf/5.3.0/../../../../../H-x86_64-mingw32/nios2-elf/lib\libc.a(lib_a-wbuf.o)
 .data          0x000000000101b9c4        0x0 c:/intelfpga_lite/18.1/nios2eds/bin/gnu/h-x86_64-mingw32/bin/../lib/gcc/nios2-elf/5.3.0/../../../../../H-x86_64-mingw32/nios2-elf/lib\libc.a(lib_a-writer.o)
 .data          0x000000000101b9c4        0x0 c:/intelfpga_lite/18.1/nios2eds/bin/gnu/h-x86_64-mingw32/bin/../lib/gcc/nios2-elf/5.3.0/../../../../../H-x86_64-mingw32/nios2-elf/lib\libc.a(closer.o)
 .data          0x000000000101b9c4        0x0 c:/intelfpga_lite/18.1/nios2eds/bin/gnu/h-x86_64-mingw32/bin/../lib/gcc/nios2-elf/5.3.0/../../../../../H-x86_64-mingw32/nios2-elf/lib\libc.a(lib_a-callocr.o)
 .data          0x000000000101b9c4        0x0 c:/intelfpga_lite/18.1/nios2eds/bin/gnu/h-x86_64-mingw32/bin/../lib/gcc/nios2-elf/5.3.0/../../../../../H-x86_64-mingw32/nios2-elf/lib\libc.a(lib_a-fclose.o)
 .data          0x000000000101b9c4        0x0 c:/intelfpga_lite/18.1/nios2eds/bin/gnu/h-x86_64-mingw32/bin/../lib/gcc/nios2-elf/5.3.0/../../../../../H-x86_64-mingw32/nios2-elf/lib\libc.a(lib_a-fputwc.o)
 .data          0x000000000101b9c4        0x0 c:/intelfpga_lite/18.1/nios2eds/bin/gnu/h-x86_64-mingw32/bin/../lib/gcc/nios2-elf/5.3.0/../../../../../H-x86_64-mingw32/nios2-elf/lib\libc.a(lib_a-fstatr.o)
 .data          0x000000000101b9c4        0x0 c:/intelfpga_lite/18.1/nios2eds/bin/gnu/h-x86_64-mingw32/bin/../lib/gcc/nios2-elf/5.3.0/../../../../../H-x86_64-mingw32/nios2-elf/lib\libc.a(lib_a-int_errno.o)
 .data          0x000000000101b9c4        0x0 c:/intelfpga_lite/18.1/nios2eds/bin/gnu/h-x86_64-mingw32/bin/../lib/gcc/nios2-elf/5.3.0/../../../../../H-x86_64-mingw32/nios2-elf/lib\libc.a(lib_a-isattyr.o)
 .data          0x000000000101b9c4        0x0 c:/intelfpga_lite/18.1/nios2eds/bin/gnu/h-x86_64-mingw32/bin/../lib/gcc/nios2-elf/5.3.0/../../../../../H-x86_64-mingw32/nios2-elf/lib\libc.a(lib_a-lseekr.o)
 .data          0x000000000101b9c4        0x0 c:/intelfpga_lite/18.1/nios2eds/bin/gnu/h-x86_64-mingw32/bin/../lib/gcc/nios2-elf/5.3.0/../../../../../H-x86_64-mingw32/nios2-elf/lib\libc.a(lib_a-readr.o)
 .data          0x000000000101b9c4        0x0 c:/intelfpga_lite/18.1/nios2eds/bin/gnu/h-x86_64-mingw32/bin/../lib/gcc/nios2-elf/5.3.0/../../../../../H-x86_64-mingw32/nios2-elf/lib\libc.a(lib_a-wcrtomb.o)
 .data          0x000000000101b9c4        0x0 c:/intelfpga_lite/18.1/nios2eds/bin/gnu/h-x86_64-mingw32/bin/../lib/gcc/nios2-elf/5.3.0/../../../../../H-x86_64-mingw32/nios2-elf/lib\libc.a(lib_a-wctomb_r.o)
 .data          0x000000000101b9c4        0x0 c:/intelfpga_lite/18.1/nios2eds/bin/gnu/h-x86_64-mingw32/bin/../lib/gcc/nios2-elf/5.3.0\libgcc.a(_udivdi3.o)
 .data          0x000000000101b9c4        0x0 c:/intelfpga_lite/18.1/nios2eds/bin/gnu/h-x86_64-mingw32/bin/../lib/gcc/nios2-elf/5.3.0\libgcc.a(_umoddi3.o)
 .data          0x000000000101b9c4        0x0 c:/intelfpga_lite/18.1/nios2eds/bin/gnu/h-x86_64-mingw32/bin/../lib/gcc/nios2-elf/5.3.0\libgcc.a(adddf3.o)
 .data          0x000000000101b9c4        0x0 c:/intelfpga_lite/18.1/nios2eds/bin/gnu/h-x86_64-mingw32/bin/../lib/gcc/nios2-elf/5.3.0\libgcc.a(divdf3.o)
 .data          0x000000000101b9c4        0x0 c:/intelfpga_lite/18.1/nios2eds/bin/gnu/h-x86_64-mingw32/bin/../lib/gcc/nios2-elf/5.3.0\libgcc.a(eqdf2.o)
 .data          0x000000000101b9c4        0x0 c:/intelfpga_lite/18.1/nios2eds/bin/gnu/h-x86_64-mingw32/bin/../lib/gcc/nios2-elf/5.3.0\libgcc.a(gedf2.o)
 .data          0x000000000101b9c4        0x0 c:/intelfpga_lite/18.1/nios2eds/bin/gnu/h-x86_64-mingw32/bin/../lib/gcc/nios2-elf/5.3.0\libgcc.a(ledf2.o)
 .data          0x000000000101b9c4        0x0 c:/intelfpga_lite/18.1/nios2eds/bin/gnu/h-x86_64-mingw32/bin/../lib/gcc/nios2-elf/5.3.0\libgcc.a(muldf3.o)
 .data          0x000000000101b9c4        0x0 c:/intelfpga_lite/18.1/nios2eds/bin/gnu/h-x86_64-mingw32/bin/../lib/gcc/nios2-elf/5.3.0\libgcc.a(subdf3.o)
 .data          0x000000000101b9c4        0x0 c:/intelfpga_lite/18.1/nios2eds/bin/gnu/h-x86_64-mingw32/bin/../lib/gcc/nios2-elf/5.3.0\libgcc.a(fixdfsi.o)
 .data          0x000000000101b9c4        0x0 c:/intelfpga_lite/18.1/nios2eds/bin/gnu/h-x86_64-mingw32/bin/../lib/gcc/nios2-elf/5.3.0\libgcc.a(floatsidf.o)
 .data          0x000000000101b9c4        0x0 c:/intelfpga_lite/18.1/nios2eds/bin/gnu/h-x86_64-mingw32/bin/../lib/gcc/nios2-elf/5.3.0\libgcc.a(floatunsidf.o)
 .data          0x000000000101b9c4        0x0 ../candy_avb_test_bsp/\libhal_bsp.a(alt_close.o)
 .data          0x000000000101b9c4      0x1a8 ../candy_avb_test_bsp/\libhal_bsp.a(alt_dev.o)
                0x000000000101b9c4                alt_dev_null
                0x000000000101b9ec                alt_fd_list
 .data          0x000000000101bb6c        0x0 ../candy_avb_test_bsp/\libhal_bsp.a(alt_errno.o)
 .data          0x000000000101bb6c        0x0 ../candy_avb_test_bsp/\libhal_bsp.a(alt_fstat.o)
 .data          0x000000000101bb6c        0x0 ../candy_avb_test_bsp/\libhal_bsp.a(alt_iic.o)
 .data          0x000000000101bb6c        0x0 ../candy_avb_test_bsp/\libhal_bsp.a(alt_irq_handler.o)
 .data          0x000000000101bb6c        0x0 ../candy_avb_test_bsp/\libhal_bsp.a(alt_irq_vars.o)
 .data          0x000000000101bb6c        0x0 ../candy_avb_test_bsp/\libhal_bsp.a(alt_isatty.o)
 .data          0x000000000101bb6c        0x0 ../candy_avb_test_bsp/\libhal_bsp.a(alt_lseek.o)
 .data          0x000000000101bb6c        0x0 ../candy_avb_test_bsp/\libhal_bsp.a(alt_main.o)
 .data          0x000000000101bb6c        0x0 ../candy_avb_test_bsp/\libhal_bsp.a(alt_malloc_lock.o)
 .data          0x000000000101bb6c        0x0 ../candy_avb_test_bsp/\libhal_bsp.a(alt_read.o)
 .data          0x000000000101bb6c        0x0 ../candy_avb_test_bsp/\libhal_bsp.a(alt_release_fd.o)
 .data          0x000000000101bb6c        0x0 ../candy_avb_test_bsp/\libhal_bsp.a(alt_remap_cached.o)
 .data          0x000000000101bb6c        0x0 ../candy_avb_test_bsp/\libhal_bsp.a(alt_sbrk.o)
 .data          0x000000000101bb6c        0x0 ../candy_avb_test_bsp/\libhal_bsp.a(alt_usleep.o)
 .data          0x000000000101bb6c        0x0 ../candy_avb_test_bsp/\libhal_bsp.a(alt_write.o)
 .data          0x000000000101bb6c     0x127c ../candy_avb_test_bsp/\libhal_bsp.a(alt_sys_init.o)
                0x000000000101cdcc                eth_ocm_0
 .data          0x000000000101cde8        0x0 ../candy_avb_test_bsp/\libhal_bsp.a(altera_avalon_jtag_uart_fd.o)
 .data          0x000000000101cde8        0x0 ../candy_avb_test_bsp/\libhal_bsp.a(altera_avalon_jtag_uart_init.o)
 .data          0x000000000101cde8        0x0 ../candy_avb_test_bsp/\libhal_bsp.a(altera_avalon_jtag_uart_ioctl.o)