------------------------------------------------------------
Timing Analyzer Summary
------------------------------------------------------------

Type  : Slow 1200mV 85C Model Setup 'u0|altpll_0|sd1|pll7|clk[0]'
Slack : -2.051
TNS   : -163.086

Type  : Slow 1200mV 85C Model Setup 'ETH_TX_CLK'
Slack : 3.493
TNS   : 0.000

Type  : Slow 1200mV 85C Model Setup 'ETH_RX_CLK'
Slack : 15.780
TNS   : 0.000

Type  : Slow 1200mV 85C Model Setup 'CLK'
Slack : 17.388
TNS   : 0.000

Type  : Slow 1200mV 85C Model Setup 'u0|altpll_0|sd1|pll7|clk[4]'
Slack : 24.559
TNS   : 0.000

Type  : Slow 1200mV 85C Model Setup 'altera_reserved_tck'
Slack : 44.294
TNS   : 0.000

Type  : Slow 1200mV 85C Model Hold 'u0|altpll_0|sd1|pll7|clk[0]'
Slack : 0.256
TNS   : 0.000

Type  : Slow 1200mV 85C Model Hold 'u0|altpll_0|sd1|pll7|clk[4]'
Slack : 0.290
TNS   : 0.000

Type  : Slow 1200mV 85C Model Hold 'CLK'
Slack : 0.363
TNS   : 0.000

Type  : Slow 1200mV 85C Model Hold 'altera_reserved_tck'
Slack : 0.363
TNS   : 0.000

Type  : Slow 1200mV 85C Model Hold 'ETH_RX_CLK'
Slack : 0.371
TNS   : 0.000

Type  : Slow 1200mV 85C Model Hold 'ETH_TX_CLK'
Slack : 0.384
TNS   : 0.000

Type  : Slow 1200mV 85C Model Recovery 'u0|altpll_0|sd1|pll7|clk[0]'
Slack : 4.862
TNS   : 0.000

Type  : Slow 1200mV 85C Model Recovery 'CLK'
Slack : 18.811
TNS   : 0.000

Type  : Slow 1200mV 85C Model Recovery 'ETH_TX_CLK'
Slack : 34.812
TNS   : 0.000

Type  : Slow 1200mV 85C Model Recovery 'u0|altpll_0|sd1|pll7|clk[4]'
Slack : 35.310
TNS   : 0.000

Type  : Slow 1200mV 85C Model Recovery 'ETH_RX_CLK'
Slack : 35.920
TNS   : 0.000

Type  : Slow 1200mV 85C Model Recovery 'altera_reserved_tck'
Slack : 47.861
TNS   : 0.000

Type  : Slow 1200mV 85C Model Removal 'CLK'
Slack : 1.005
TNS   : 0.000

Type  : Slow 1200mV 85C Model Removal 'altera_reserved_tck'
Slack : 1.147
TNS   : 0.000

Type  : Slow 1200mV 85C Model Removal 'u0|altpll_0|sd1|pll7|clk[4]'
Slack : 1.500
TNS   : 0.000

Type  : Slow 1200mV 85C Model Removal 'u0|altpll_0|sd1|pll7|clk[0]'
Slack : 2.249
TNS   : 0.000

Type  : Slow 1200mV 85C Model Removal 'ETH_RX_CLK'
Slack : 2.268
TNS   : 0.000

Type  : Slow 1200mV 85C Model Removal 'ETH_TX_CLK'
Slack : 3.202
TNS   : 0.000

Type  : Slow 1200mV 85C Model Minimum Pulse Width 'u0|altpll_0|sd1|pll7|clk[0]'
Slack : 2.773
TNS   : 0.000

Type  : Slow 1200mV 85C Model Minimum Pulse Width 'CLK'
Slack : 10.148
TNS   : 0.000

Type  : Slow 1200mV 85C Model Minimum Pulse Width 'ETH_TX_CLK'
Slack : 19.610
TNS   : 0.000

Type  : Slow 1200mV 85C Model Minimum Pulse Width 'ETH_RX_CLK'
Slack : 19.642
TNS   : 0.000

Type  : Slow 1200mV 85C Model Minimum Pulse Width 'u0|altpll_0|sd1|pll7|clk[4]'
Slack : 19.670
TNS   : 0.000

Type  : Slow 1200mV 85C Model Minimum Pulse Width 'altera_reserved_tck'
Slack : 49.664
TNS   : 0.000

Type  : Slow 1200mV 85C Model Minimum Pulse Width 'u0|onchip_flash_0|altera_onchip_flash_block|ufm_block|osc'
Slack : 90.674
TNS   : 0.000

Type  : Slow 1200mV 0C Model Setup 'u0|altpll_0|sd1|pll7|clk[0]'
Slack : -1.244
TNS   : -50.701

Type  : Slow 1200mV 0C Model Setup 'ETH_TX_CLK'
Slack : 3.732
TNS   : 0.000

Type  : Slow 1200mV 0C Model Setup 'ETH_RX_CLK'
Slack : 15.775
TNS   : 0.000

Type  : Slow 1200mV 0C Model Setup 'CLK'
Slack : 17.605
TNS   : 0.000

Type  : Slow 1200mV 0C Model Setup 'u0|altpll_0|sd1|pll7|clk[4]'
Slack : 25.522
TNS   : 0.000

Type  : Slow 1200mV 0C Model Setup 'altera_reserved_tck'
Slack : 44.504
TNS   : 0.000

Type  : Slow 1200mV 0C Model Hold 'u0|altpll_0|sd1|pll7|clk[0]'
Slack : 0.232
TNS   : 0.000

Type  : Slow 1200mV 0C Model Hold 'u0|altpll_0|sd1|pll7|clk[4]'
Slack : 0.264
TNS   : 0.000

Type  : Slow 1200mV 0C Model Hold 'ETH_TX_CLK'
Slack : 0.291
TNS   : 0.000

Type  : Slow 1200mV 0C Model Hold 'ETH_RX_CLK'
Slack : 0.313
TNS   : 0.000

Type  : Slow 1200mV 0C Model Hold 'altera_reserved_tck'
Slack : 0.324
TNS   : 0.000

Type  : Slow 1200mV 0C Model Hold 'CLK'
Slack : 0.325
TNS   : 0.000

Type  : Slow 1200mV 0C Model Recovery 'u0|altpll_0|sd1|pll7|clk[0]'
Slack : 5.181
TNS   : 0.000

Type  : Slow 1200mV 0C Model Recovery 'CLK'
Slack : 18.921
TNS   : 0.000

Type  : Slow 1200mV 0C Model Recovery 'ETH_TX_CLK'
Slack : 35.147
TNS   : 0.000

Type  : Slow 1200mV 0C Model Recovery 'u0|altpll_0|sd1|pll7|clk[4]'
Slack : 35.631
TNS   : 0.000

Type  : Slow 1200mV 0C Model Recovery 'ETH_RX_CLK'
Slack : 36.227
TNS   : 0.000

Type  : Slow 1200mV 0C Model Recovery 'altera_reserved_tck'
Slack : 47.971
TNS   : 0.000

Type  : Slow 1200mV 0C Model Removal 'CLK'
Slack : 0.921
TNS   : 0.000

Type  : Slow 1200mV 0C Model Removal 'altera_reserved_tck'
Slack : 1.071
TNS   : 0.000

Type  : Slow 1200mV 0C Model Removal 'u0|altpll_0|sd1|pll7|clk[4]'
Slack : 1.384
TNS   : 0.000

Type  : Slow 1200mV 0C Model Removal 'u0|altpll_0|sd1|pll7|clk[0]'
Slack : 2.008
TNS   : 0.000

Type  : Slow 1200mV 0C Model Removal 'ETH_RX_CLK'
Slack : 2.016
TNS   : 0.000

Type  : Slow 1200mV 0C Model Removal 'ETH_TX_CLK'
Slack : 2.814
TNS   : 0.000

Type  : Slow 1200mV 0C Model Minimum Pulse Width 'u0|altpll_0|sd1|pll7|clk[0]'
Slack : 2.687
TNS   : 0.000

Type  : Slow 1200mV 0C Model Minimum Pulse Width 'CLK'
Slack : 10.162
TNS   : 0.000

Type  : Slow 1200mV 0C Model Minimum Pulse Width 'ETH_TX_CLK'
Slack : 19.430
TNS   : 0.000

Type  : Slow 1200mV 0C Model Minimum Pulse Width 'ETH_RX_CLK'
Slack : 19.500
TNS   : 0.000

Type  : Slow 1200mV 0C Model Minimum Pulse Width 'u0|altpll_0|sd1|pll7|clk[4]'
Slack : 19.672
TNS   : 0.000

Type  : Slow 1200mV 0C Model Minimum Pulse Width 'altera_reserved_tck'
Slack : 49.693
TNS   : 0.000

Type  : Slow 1200mV 0C Model Minimum Pulse Width 'u0|onchip_flash_0|altera_onchip_flash_block|ufm_block|osc'
Slack : 90.692
TNS   : 0.000

Type  : Fast 1200mV 0C Model Setup 'u0|altpll_0|sd1|pll7|clk[0]'
Slack : 1.992
TNS   : 0.000

Type  : Fast 1200mV 0C Model Setup 'ETH_TX_CLK'
Slack : 5.626
TNS   : 0.000

Type  : Fast 1200mV 0C Model Setup 'ETH_RX_CLK'
Slack : 15.421
TNS   : 0.000

Type  : Fast 1200mV 0C Model Setup 'CLK'
Slack : 19.514
TNS   : 0.000

Type  : Fast 1200mV 0C Model Setup 'u0|altpll_0|sd1|pll7|clk[4]'
Slack : 33.616
TNS   : 0.000

Type  : Fast 1200mV 0C Model Setup 'altera_reserved_tck'
Slack : 47.923
TNS   : 0.000

Type  : Fast 1200mV 0C Model Hold 'u0|altpll_0|sd1|pll7|clk[0]'
Slack : 0.073
TNS   : 0.000

Type  : Fast 1200mV 0C Model Hold 'u0|altpll_0|sd1|pll7|clk[4]'
Slack : 0.101
TNS   : 0.000

Type  : Fast 1200mV 0C Model Hold 'ETH_RX_CLK'
Slack : 0.124
TNS   : 0.000

Type  : Fast 1200mV 0C Model Hold 'ETH_TX_CLK'
Slack : 0.134
TNS   : 0.000

Type  : Fast 1200mV 0C Model Hold 'altera_reserved_tck'
Slack : 0.152
TNS   : 0.000

Type  : Fast 1200mV 0C Model Hold 'CLK'
Slack : 0.153
TNS   : 0.000

Type  : Fast 1200mV 0C Model Recovery 'u0|altpll_0|sd1|pll7|clk[0]'
Slack : 7.715
TNS   : 0.000

Type  : Fast 1200mV 0C Model Recovery 'CLK'
Slack : 19.931
TNS   : 0.000

Type  : Fast 1200mV 0C Model Recovery 'ETH_TX_CLK'
Slack : 37.607
TNS   : 0.000

Type  : Fast 1200mV 0C Model Recovery 'u0|altpll_0|sd1|pll7|clk[4]'
Slack : 37.780
TNS   : 0.000

Type  : Fast 1200mV 0C Model Recovery 'ETH_RX_CLK'
Slack : 38.135
TNS   : 0.000

Type  : Fast 1200mV 0C Model Recovery 'altera_reserved_tck'
Slack : 49.309
TNS   : 0.000

Type  : Fast 1200mV 0C Model Removal 'CLK'
Slack : 0.418
TNS   : 0.000

Type  : Fast 1200mV 0C Model Removal 'altera_reserved_tck'
Slack : 0.470
TNS   : 0.000

Type  : Fast 1200mV 0C Model Removal 'u0|altpll_0|sd1|pll7|clk[4]'
Slack : 0.590
TNS   : 0.000

Type  : Fast 1200mV 0C Model Removal 'u0|altpll_0|sd1|pll7|clk[0]'
Slack : 1.058
TNS   : 0.000

Type  : Fast 1200mV 0C Model Removal 'ETH_RX_CLK'
Slack : 1.085
TNS   : 0.000

Type  : Fast 1200mV 0C Model Removal 'ETH_TX_CLK'
Slack : 1.470
TNS   : 0.000

Type  : Fast 1200mV 0C Model Minimum Pulse Width 'u0|altpll_0|sd1|pll7|clk[0]'
Slack : 2.939
TNS   : 0.000

Type  : Fast 1200mV 0C Model Minimum Pulse Width 'CLK'
Slack : 9.741
TNS   : 0.000

Type  : Fast 1200mV 0C Model Minimum Pulse Width 'ETH_TX_CLK'
Slack : 19.199
TNS   : 0.000

Type  : Fast 1200mV 0C Model Minimum Pulse Width 'ETH_RX_CLK'
Slack : 19.212
TNS   : 0.000

Type  : Fast 1200mV 0C Model Minimum Pulse Width 'u0|altpll_0|sd1|pll7|clk[4]'
Slack : 19.705
TNS   : 0.000

Type  : Fast 1200mV 0C Model Minimum Pulse Width 'altera_reserved_tck'
Slack : 49.427
TNS   : 0.000

Type  : Fast 1200mV 0C Model Minimum Pulse Width 'u0|onchip_flash_0|altera_onchip_flash_block|ufm_block|osc'
Slack : 90.688
TNS   : 0.000

------------------------------------------------------------
