------------------------------------------------------------
Timing Analyzer Summary
------------------------------------------------------------

Type  : Slow 1200mV 85C Model Setup 'u0|altpll_0|sd1|pll7|clk[0]'
Slack : -1.673
TNS   : -97.918

Type  : Slow 1200mV 85C Model Setup 'ETH_TX_CLK'
Slack : 1.874
TNS   : 0.000

Type  : Slow 1200mV 85C Model Setup 'ETH_RX_CLK'
Slack : 14.447
TNS   : 0.000

Type  : Slow 1200mV 85C Model Setup 'CLK'
Slack : 16.040
TNS   : 0.000

Type  : Slow 1200mV 85C Model Setup 'u0|altpll_0|sd1|pll7|clk[4]'
Slack : 23.805
TNS   : 0.000

Type  : Slow 1200mV 85C Model Setup 'altera_reserved_tck'
Slack : 46.030
TNS   : 0.000

Type  : Slow 1200mV 85C Model Hold 'ETH_RX_CLK'
Slack : 0.273
TNS   : 0.000

Type  : Slow 1200mV 85C Model Hold 'u0|altpll_0|sd1|pll7|clk[0]'
Slack : 0.291
TNS   : 0.000

Type  : Slow 1200mV 85C Model Hold 'ETH_TX_CLK'
Slack : 0.326
TNS   : 0.000

Type  : Slow 1200mV 85C Model Hold 'u0|altpll_0|sd1|pll7|clk[4]'
Slack : 0.341
TNS   : 0.000

Type  : Slow 1200mV 85C Model Hold 'altera_reserved_tck'
Slack : 0.362
TNS   : 0.000

Type  : Slow 1200mV 85C Model Hold 'CLK'
Slack : 0.363
TNS   : 0.000

Type  : Slow 1200mV 85C Model Recovery 'u0|altpll_0|sd1|pll7|clk[0]'
Slack : 4.461
TNS   : 0.000

Type  : Slow 1200mV 85C Model Recovery 'CLK'
Slack : 17.011
TNS   : 0.000

Type  : Slow 1200mV 85C Model Recovery 'u0|altpll_0|sd1|pll7|clk[4]'
Slack : 34.766
TNS   : 0.000

Type  : Slow 1200mV 85C Model Recovery 'ETH_TX_CLK'
Slack : 35.281
TNS   : 0.000

Type  : Slow 1200mV 85C Model Recovery 'ETH_RX_CLK'
Slack : 36.267
TNS   : 0.000

Type  : Slow 1200mV 85C Model Recovery 'altera_reserved_tck'
Slack : 47.863
TNS   : 0.000

Type  : Slow 1200mV 85C Model Removal 'CLK'
Slack : 1.179
TNS   : 0.000

Type  : Slow 1200mV 85C Model Removal 'u0|altpll_0|sd1|pll7|clk[0]'
Slack : 1.375
TNS   : 0.000

Type  : Slow 1200mV 85C Model Removal 'altera_reserved_tck'
Slack : 1.532
TNS   : 0.000

Type  : Slow 1200mV 85C Model Removal 'u0|altpll_0|sd1|pll7|clk[4]'
Slack : 2.071
TNS   : 0.000

Type  : Slow 1200mV 85C Model Removal 'ETH_RX_CLK'
Slack : 2.218
TNS   : 0.000

Type  : Slow 1200mV 85C Model Removal 'ETH_TX_CLK'
Slack : 2.860
TNS   : 0.000

Type  : Slow 1200mV 85C Model Minimum Pulse Width 'u0|altpll_0|sd1|pll7|clk[0]'
Slack : 2.737
TNS   : 0.000

Type  : Slow 1200mV 85C Model Minimum Pulse Width 'CLK'
Slack : 10.146
TNS   : 0.000

Type  : Slow 1200mV 85C Model Minimum Pulse Width 'ETH_RX_CLK'
Slack : 19.543
TNS   : 0.000

Type  : Slow 1200mV 85C Model Minimum Pulse Width 'ETH_TX_CLK'
Slack : 19.644
TNS   : 0.000

Type  : Slow 1200mV 85C Model Minimum Pulse Width 'u0|altpll_0|sd1|pll7|clk[4]'
Slack : 19.672
TNS   : 0.000

Type  : Slow 1200mV 85C Model Minimum Pulse Width 'altera_reserved_tck'
Slack : 49.617
TNS   : 0.000

Type  : Slow 1200mV 85C Model Minimum Pulse Width 'u0|onchip_flash_0|altera_onchip_flash_block|ufm_block|osc'
Slack : 90.684
TNS   : 0.000

Type  : Slow 1200mV 0C Model Setup 'u0|altpll_0|sd1|pll7|clk[0]'
Slack : -1.066
TNS   : -38.056

Type  : Slow 1200mV 0C Model Setup 'ETH_TX_CLK'
Slack : 2.128
TNS   : 0.000

Type  : Slow 1200mV 0C Model Setup 'ETH_RX_CLK'
Slack : 14.412
TNS   : 0.000

Type  : Slow 1200mV 0C Model Setup 'CLK'
Slack : 16.249
TNS   : 0.000

Type  : Slow 1200mV 0C Model Setup 'u0|altpll_0|sd1|pll7|clk[4]'
Slack : 24.970
TNS   : 0.000

Type  : Slow 1200mV 0C Model Setup 'altera_reserved_tck'
Slack : 46.303
TNS   : 0.000

Type  : Slow 1200mV 0C Model Hold 'ETH_RX_CLK'
Slack : 0.249
TNS   : 0.000

Type  : Slow 1200mV 0C Model Hold 'u0|altpll_0|sd1|pll7|clk[0]'
Slack : 0.263
TNS   : 0.000

Type  : Slow 1200mV 0C Model Hold 'u0|altpll_0|sd1|pll7|clk[4]'
Slack : 0.304
TNS   : 0.000

Type  : Slow 1200mV 0C Model Hold 'ETH_TX_CLK'
Slack : 0.308
TNS   : 0.000

Type  : Slow 1200mV 0C Model Hold 'altera_reserved_tck'
Slack : 0.324
TNS   : 0.000

Type  : Slow 1200mV 0C Model Hold 'CLK'
Slack : 0.326
TNS   : 0.000

Type  : Slow 1200mV 0C Model Recovery 'u0|altpll_0|sd1|pll7|clk[0]'
Slack : 4.809
TNS   : 0.000

Type  : Slow 1200mV 0C Model Recovery 'CLK'
Slack : 17.198
TNS   : 0.000

Type  : Slow 1200mV 0C Model Recovery 'u0|altpll_0|sd1|pll7|clk[4]'
Slack : 35.114
TNS   : 0.000

Type  : Slow 1200mV 0C Model Recovery 'ETH_TX_CLK'
Slack : 35.609
TNS   : 0.000

Type  : Slow 1200mV 0C Model Recovery 'ETH_RX_CLK'
Slack : 36.579
TNS   : 0.000

Type  : Slow 1200mV 0C Model Recovery 'altera_reserved_tck'
Slack : 47.996
TNS   : 0.000

Type  : Slow 1200mV 0C Model Removal 'CLK'
Slack : 1.056
TNS   : 0.000

Type  : Slow 1200mV 0C Model Removal 'u0|altpll_0|sd1|pll7|clk[0]'
Slack : 1.223
TNS   : 0.000

Type  : Slow 1200mV 0C Model Removal 'altera_reserved_tck'
Slack : 1.376
TNS   : 0.000

Type  : Slow 1200mV 0C Model Removal 'u0|altpll_0|sd1|pll7|clk[4]'
Slack : 1.885
TNS   : 0.000

Type  : Slow 1200mV 0C Model Removal 'ETH_RX_CLK'
Slack : 1.984
TNS   : 0.000

Type  : Slow 1200mV 0C Model Removal 'ETH_TX_CLK'
Slack : 2.559
TNS   : 0.000

Type  : Slow 1200mV 0C Model Minimum Pulse Width 'u0|altpll_0|sd1|pll7|clk[0]'
Slack : 2.590
TNS   : 0.000

Type  : Slow 1200mV 0C Model Minimum Pulse Width 'CLK'
Slack : 10.163
TNS   : 0.000

Type  : Slow 1200mV 0C Model Minimum Pulse Width 'ETH_TX_CLK'
Slack : 19.521
TNS   : 0.000

Type  : Slow 1200mV 0C Model Minimum Pulse Width 'ETH_RX_CLK'
Slack : 19.565
TNS   : 0.000

Type  : Slow 1200mV 0C Model Minimum Pulse Width 'u0|altpll_0|sd1|pll7|clk[4]'
Slack : 19.671
TNS   : 0.000

Type  : Slow 1200mV 0C Model Minimum Pulse Width 'altera_reserved_tck'
Slack : 49.636
TNS   : 0.000

Type  : Slow 1200mV 0C Model Minimum Pulse Width 'u0|onchip_flash_0|altera_onchip_flash_block|ufm_block|osc'
Slack : 90.686
TNS   : 0.000

Type  : Fast 1200mV 0C Model Setup 'u0|altpll_0|sd1|pll7|clk[0]'
Slack : 1.903
TNS   : 0.000

Type  : Fast 1200mV 0C Model Setup 'ETH_TX_CLK'
Slack : 5.020
TNS   : 0.000

Type  : Fast 1200mV 0C Model Setup 'ETH_RX_CLK'
Slack : 15.041
TNS   : 0.000

Type  : Fast 1200mV 0C Model Setup 'CLK'
Slack : 18.681
TNS   : 0.000

Type  : Fast 1200mV 0C Model Setup 'u0|altpll_0|sd1|pll7|clk[4]'
Slack : 33.130
TNS   : 0.000

Type  : Fast 1200mV 0C Model Setup 'altera_reserved_tck'
Slack : 48.869
TNS   : 0.000

Type  : Fast 1200mV 0C Model Hold 'ETH_TX_CLK'
Slack : 0.070
TNS   : 0.000

Type  : Fast 1200mV 0C Model Hold 'ETH_RX_CLK'
Slack : 0.092
TNS   : 0.000

Type  : Fast 1200mV 0C Model Hold 'u0|altpll_0|sd1|pll7|clk[0]'
Slack : 0.097
TNS   : 0.000

Type  : Fast 1200mV 0C Model Hold 'u0|altpll_0|sd1|pll7|clk[4]'
Slack : 0.135
TNS   : 0.000

Type  : Fast 1200mV 0C Model Hold 'altera_reserved_tck'
Slack : 0.152
TNS   : 0.000

Type  : Fast 1200mV 0C Model Hold 'CLK'
Slack : 0.153
TNS   : 0.000

Type  : Fast 1200mV 0C Model Recovery 'u0|altpll_0|sd1|pll7|clk[0]'
Slack : 7.558
TNS   : 0.000

Type  : Fast 1200mV 0C Model Recovery 'CLK'
Slack : 19.015
TNS   : 0.000

Type  : Fast 1200mV 0C Model Recovery 'u0|altpll_0|sd1|pll7|clk[4]'
Slack : 37.540
TNS   : 0.000

Type  : Fast 1200mV 0C Model Recovery 'ETH_TX_CLK'
Slack : 37.853
TNS   : 0.000

Type  : Fast 1200mV 0C Model Recovery 'ETH_RX_CLK'
Slack : 38.214
TNS   : 0.000

Type  : Fast 1200mV 0C Model Recovery 'altera_reserved_tck'
Slack : 49.438
TNS   : 0.000

Type  : Fast 1200mV 0C Model Removal 'CLK'
Slack : 0.480
TNS   : 0.000

Type  : Fast 1200mV 0C Model Removal 'u0|altpll_0|sd1|pll7|clk[0]'
Slack : 0.564
TNS   : 0.000

Type  : Fast 1200mV 0C Model Removal 'altera_reserved_tck'
Slack : 0.619
TNS   : 0.000

Type  : Fast 1200mV 0C Model Removal 'u0|altpll_0|sd1|pll7|clk[4]'
Slack : 0.882
TNS   : 0.000

Type  : Fast 1200mV 0C Model Removal 'ETH_RX_CLK'
Slack : 1.050
TNS   : 0.000

Type  : Fast 1200mV 0C Model Removal 'ETH_TX_CLK'
Slack : 1.301
TNS   : 0.000

Type  : Fast 1200mV 0C Model Minimum Pulse Width 'u0|altpll_0|sd1|pll7|clk[0]'
Slack : 2.902
TNS   : 0.000

Type  : Fast 1200mV 0C Model Minimum Pulse Width 'CLK'
Slack : 9.742
TNS   : 0.000

Type  : Fast 1200mV 0C Model Minimum Pulse Width 'ETH_TX_CLK'
Slack : 19.211
TNS   : 0.000

Type  : Fast 1200mV 0C Model Minimum Pulse Width 'ETH_RX_CLK'
Slack : 19.259
TNS   : 0.000

Type  : Fast 1200mV 0C Model Minimum Pulse Width 'u0|altpll_0|sd1|pll7|clk[4]'
Slack : 19.705
TNS   : 0.000

Type  : Fast 1200mV 0C Model Minimum Pulse Width 'altera_reserved_tck'
Slack : 49.280
TNS   : 0.000

Type  : Fast 1200mV 0C Model Minimum Pulse Width 'u0|onchip_flash_0|altera_onchip_flash_block|ufm_block|osc'
Slack : 90.689
TNS   : 0.000

------------------------------------------------------------
